2025-09-18 14:59:53,437 - INFO - Loaded skip configuration: 0 files to skip entirely, 35364 files with partial record skips
2025-09-18 14:59:54,258 - INFO - Processing /viper/ptmp/arego/RC4K1/3776.h5
2025-09-18 14:59:54,758 - INFO - Processing /viper/ptmp/arego/RC4K1/10376.h5
2025-09-18 14:59:55,052 - INFO - File 3776: Filtered 682958 hits and 4 records
2025-09-18 14:59:55,275 - INFO - File 10376: Filtered 1645104 hits and 8 records
2025-09-18 14:59:55,300 - INFO - Processing /viper/ptmp/arego/RC4K1/14380.h5
2025-09-18 14:59:55,858 - INFO - Processing /viper/ptmp/arego/RC4K1/4904.h5
2025-09-18 14:59:55,939 - INFO - File 14380: Filtered 2161409 hits and 11 records
2025-09-18 14:59:56,411 - INFO - Processing /viper/ptmp/arego/RC4K1/24247.h5
2025-09-18 14:59:56,518 - INFO - File 4904: Filtered 883975 hits and 7 records
2025-09-18 14:59:56,973 - INFO - Processing /viper/ptmp/arego/RC4K1/15557.h5
2025-09-18 14:59:57,106 - INFO - File 24247: Filtered 1807207 hits and 9 records
2025-09-18 14:59:57,543 - INFO - Processing /viper/ptmp/arego/RC4K1/26372.h5
2025-09-18 14:59:57,579 - INFO - Completed /viper/ptmp/arego/RC4K1_EN_100/10376.h5 in 2.82 seconds
2025-09-18 14:59:57,724 - INFO - File 15557: Filtered 1552795 hits and 5 records
2025-09-18 14:59:58,114 - INFO - Processing /viper/ptmp/arego/RC4K1/2305.h5
2025-09-18 14:59:58,364 - INFO - File 26372: Filtered 2085280 hits and 8 records
2025-09-18 14:59:58,690 - INFO - Processing /viper/ptmp/arego/RC4K1/14284.h5
2025-09-18 14:59:58,903 - INFO - File 2305: Filtered 1769257 hits and 5 records
2025-09-18 14:59:59,492 - INFO - Completed /viper/ptmp/arego/RC4K1_EN_100/14380.h5 in 4.19 seconds
2025-09-18 14:59:59,548 - INFO - File 14284: Filtered 3031499 hits and 5 records
2025-09-18 14:59:59,664 - INFO - Processing /viper/ptmp/arego/RC4K1/12938.h5
2025-09-18 15:00:00,468 - INFO - File 12938: Filtered 1816423 hits and 7 records
2025-09-18 15:00:00,610 - INFO - Completed /viper/ptmp/arego/RC4K1_EN_100/3776.h5 in 6.35 seconds
2025-09-18 15:00:00,784 - INFO - Processing /viper/ptmp/arego/RC4K1/5661.h5
2025-09-18 15:00:01,617 - INFO - File 5661: Filtered 2031625 hits and 4 records
2025-09-18 15:00:02,753 - INFO - Completed /viper/ptmp/arego/RC4K1_EN_100/14284.h5 in 4.06 seconds
2025-09-18 15:00:02,909 - INFO - Processing /viper/ptmp/arego/RC4K1/19473.h5
2025-09-18 15:00:02,913 - INFO - Completed /viper/ptmp/arego/RC4K1_EN_100/24247.h5 in 6.50 seconds
2025-09-18 15:00:03,619 - INFO - Processing /viper/ptmp/arego/RC4K1/24166.h5
2025-09-18 15:00:03,736 - INFO - File 19473: Filtered 2921033 hits and 10 records
2025-09-18 15:00:04,551 - INFO - File 24166: Filtered 1535100 hits and 4 records
2025-09-18 15:00:04,805 - INFO - Completed /viper/ptmp/arego/RC4K1_EN_100/4904.h5 in 8.95 seconds
2025-09-18 15:00:04,846 - INFO - Completed /viper/ptmp/arego/RC4K1_EN_100/26372.h5 in 7.30 seconds
2025-09-18 15:00:05,005 - INFO - Processing /viper/ptmp/arego/RC4K1/27498.h5
2025-09-18 15:00:05,594 - INFO - Processing /viper/ptmp/arego/RC4K1/3463.h5
2025-09-18 15:00:05,735 - INFO - Completed /viper/ptmp/arego/RC4K1_EN_100/15557.h5 in 8.76 seconds
2025-09-18 15:00:05,866 - INFO - File 27498: Filtered 1862831 hits and 5 records
2025-09-18 15:00:06,298 - INFO - Processing /viper/ptmp/arego/RC4K1/19770.h5
2025-09-18 15:00:06,303 - INFO - Completed /viper/ptmp/arego/RC4K1_EN_100/2305.h5 in 8.19 seconds
2025-09-18 15:00:06,514 - INFO - File 3463: Filtered 1519708 hits and 4 records
2025-09-18 15:00:06,936 - INFO - Processing /viper/ptmp/arego/RC4K1/5969.h5
2025-09-18 15:00:07,187 - INFO - File 19770: Filtered 4089119 hits and 6 records
2025-09-18 15:00:07,915 - INFO - File 5969: Filtered 2741430 hits and 9 records
2025-09-18 15:00:09,111 - INFO - Completed /viper/ptmp/arego/RC4K1_EN_100/19770.h5 in 2.81 seconds
2025-09-18 15:00:09,173 - INFO - Completed /viper/ptmp/arego/RC4K1_EN_100/19473.h5 in 6.26 seconds
2025-09-18 15:00:09,270 - INFO - Processing /viper/ptmp/arego/RC4K1/8691.h5
2025-09-18 15:00:09,420 - INFO - Completed /viper/ptmp/arego/RC4K1_EN_100/12938.h5 in 9.76 seconds
2025-09-18 15:00:09,860 - INFO - Completed /viper/ptmp/arego/RC4K1_EN_100/5661.h5 in 9.08 seconds
2025-09-18 15:00:09,874 - INFO - Processing /viper/ptmp/arego/RC4K1/16211.h5
2025-09-18 15:00:10,171 - INFO - File 8691: Filtered 3932374 hits and 5 records
2025-09-18 15:00:10,428 - INFO - Processing /viper/ptmp/arego/RC4K1/8448.h5
2025-09-18 15:00:10,826 - INFO - File 16211: Filtered 2283833 hits and 6 records
2025-09-18 15:00:11,053 - INFO - Processing /viper/ptmp/arego/RC4K1/10930.h5
2025-09-18 15:00:11,417 - INFO - File 8448: Filtered 3474642 hits and 7 records
2025-09-18 15:00:12,044 - INFO - File 10930: Filtered 2440827 hits and 4 records
2025-09-18 15:00:13,695 - INFO - Completed /viper/ptmp/arego/RC4K1_EN_100/8691.h5 in 4.43 seconds
2025-09-18 15:00:13,891 - INFO - Processing /viper/ptmp/arego/RC4K1/11426.h5
2025-09-18 15:00:14,982 - INFO - File 11426: Filtered 1421765 hits and 3 records
2025-09-18 15:00:15,436 - INFO - Completed /viper/ptmp/arego/RC4K1_EN_100/24166.h5 in 11.82 seconds
2025-09-18 15:00:15,576 - INFO - Completed /viper/ptmp/arego/RC4K1_EN_100/27498.h5 in 10.57 seconds
2025-09-18 15:00:15,594 - INFO - Processing /viper/ptmp/arego/RC4K1/13133.h5
2025-09-18 15:00:16,182 - INFO - Completed /viper/ptmp/arego/RC4K1_EN_100/5969.h5 in 9.25 seconds
2025-09-18 15:00:16,198 - INFO - Processing /viper/ptmp/arego/RC4K1/3126.h5
2025-09-18 15:00:16,613 - INFO - File 13133: Filtered 4362624 hits and 9 records
2025-09-18 15:00:16,780 - INFO - Processing /viper/ptmp/arego/RC4K1/29065.h5
2025-09-18 15:00:17,304 - INFO - Completed /viper/ptmp/arego/RC4K1_EN_100/8448.h5 in 6.88 seconds
2025-09-18 15:00:17,311 - INFO - File 3126: Filtered 2187668 hits and 5 records
2025-09-18 15:00:17,834 - INFO - Processing /viper/ptmp/arego/RC4K1/1164.h5
2025-09-18 15:00:18,007 - INFO - File 29065: Filtered 2749788 hits and 8 records
2025-09-18 15:00:18,035 - INFO - Completed /viper/ptmp/arego/RC4K1_EN_100/3463.h5 in 12.44 seconds
2025-09-18 15:00:18,386 - INFO - Processing /viper/ptmp/arego/RC4K1/28859.h5
2025-09-18 15:00:19,090 - INFO - File 1164: Filtered 2871208 hits and 7 records
2025-09-18 15:00:19,653 - INFO - File 28859: Filtered 3958125 hits and 8 records
2025-09-18 15:00:20,438 - INFO - Completed /viper/ptmp/arego/RC4K1_EN_100/13133.h5 in 4.84 seconds
2025-09-18 15:00:20,621 - INFO - Processing /viper/ptmp/arego/RC4K1/1117.h5
2025-09-18 15:00:21,582 - INFO - Completed /viper/ptmp/arego/RC4K1_EN_100/16211.h5 in 11.71 seconds
2025-09-18 15:00:21,760 - INFO - Processing /viper/ptmp/arego/RC4K1/3710.h5
2025-09-18 15:00:21,850 - INFO - File 1117: Filtered 2442233 hits and 7 records
2025-09-18 15:00:22,201 - INFO - Completed /viper/ptmp/arego/RC4K1_EN_100/10930.h5 in 11.15 seconds
2025-09-18 15:00:22,517 - INFO - Processing /viper/ptmp/arego/RC4K1/6519.h5
2025-09-18 15:00:22,991 - INFO - File 3710: Filtered 2592035 hits and 7 records
2025-09-18 15:00:23,838 - INFO - File 6519: Filtered 3797237 hits and 11 records
2025-09-18 15:00:27,562 - INFO - Completed /viper/ptmp/arego/RC4K1_EN_100/28859.h5 in 9.18 seconds
2025-09-18 15:00:27,757 - INFO - Processing /viper/ptmp/arego/RC4K1/23200.h5
2025-09-18 15:00:28,937 - INFO - File 23200: Filtered 3983777 hits and 7 records
2025-09-18 15:00:29,666 - INFO - Completed /viper/ptmp/arego/RC4K1_EN_100/3126.h5 in 13.47 seconds
2025-09-18 15:00:29,864 - INFO - Completed /viper/ptmp/arego/RC4K1_EN_100/29065.h5 in 13.08 seconds
2025-09-18 15:00:29,866 - INFO - Processing /viper/ptmp/arego/RC4K1/19712.h5
2025-09-18 15:00:30,038 - INFO - Completed /viper/ptmp/arego/RC4K1_EN_100/11426.h5 in 16.15 seconds
2025-09-18 15:00:30,501 - INFO - Processing /viper/ptmp/arego/RC4K1/12159.h5
2025-09-18 15:00:30,906 - INFO - Completed /viper/ptmp/arego/RC4K1_EN_100/1164.h5 in 13.07 seconds
2025-09-18 15:00:31,075 - INFO - Processing /viper/ptmp/arego/RC4K1/3305.h5
2025-09-18 15:00:31,116 - INFO - File 19712: Filtered 1008740 hits and 4 records
2025-09-18 15:00:31,748 - INFO - File 12159: Filtered 4896250 hits and 6 records
2025-09-18 15:00:31,778 - INFO - Processing /viper/ptmp/arego/RC4K1/5156.h5
2025-09-18 15:00:32,417 - INFO - File 3305: Filtered 1709811 hits and 4 records
2025-09-18 15:00:33,130 - INFO - File 5156: Filtered 5637948 hits and 7 records
2025-09-18 15:00:33,790 - INFO - Completed /viper/ptmp/arego/RC4K1_EN_100/6519.h5 in 11.27 seconds
2025-09-18 15:00:33,954 - INFO - Processing /viper/ptmp/arego/RC4K1/9691.h5
2025-09-18 15:00:35,209 - INFO - File 9691: Filtered 5583229 hits and 8 records
2025-09-18 15:00:35,966 - INFO - Completed /viper/ptmp/arego/RC4K1_EN_100/1117.h5 in 15.34 seconds
2025-09-18 15:00:36,134 - INFO - Processing /viper/ptmp/arego/RC4K1/10249.h5
2025-09-18 15:00:37,228 - INFO - Completed /viper/ptmp/arego/RC4K1_EN_100/3710.h5 in 15.47 seconds
2025-09-18 15:00:37,405 - INFO - Processing /viper/ptmp/arego/RC4K1/4897.h5
2025-09-18 15:00:37,493 - INFO - File 10249: Filtered 3268921 hits and 7 records
2025-09-18 15:00:37,819 - INFO - Completed /viper/ptmp/arego/RC4K1_EN_100/5156.h5 in 6.04 seconds
2025-09-18 15:00:38,244 - INFO - Processing /viper/ptmp/arego/RC4K1/19355.h5
2025-09-18 15:00:38,334 - INFO - Completed /viper/ptmp/arego/RC4K1_EN_100/12159.h5 in 7.83 seconds
2025-09-18 15:00:38,678 - INFO - File 4897: Filtered 5469103 hits and 6 records
2025-09-18 15:00:38,697 - INFO - Completed /viper/ptmp/arego/RC4K1_EN_100/23200.h5 in 10.94 seconds
2025-09-18 15:00:38,805 - INFO - Processing /viper/ptmp/arego/RC4K1/23615.h5
2025-09-18 15:00:39,414 - INFO - Processing /viper/ptmp/arego/RC4K1/14349.h5
2025-09-18 15:00:39,532 - INFO - File 19355: Filtered 5103340 hits and 9 records
2025-09-18 15:00:40,271 - INFO - File 23615: Filtered 3311767 hits and 6 records
2025-09-18 15:00:40,655 - INFO - Completed /viper/ptmp/arego/RC4K1_EN_100/9691.h5 in 6.70 seconds
2025-09-18 15:00:40,827 - INFO - Processing /viper/ptmp/arego/RC4K1/13379.h5
2025-09-18 15:00:40,953 - INFO - File 14349: Filtered 6005060 hits and 7 records
2025-09-18 15:00:42,255 - INFO - File 13379: Filtered 3939554 hits and 4 records
2025-09-18 15:00:43,535 - INFO - Completed /viper/ptmp/arego/RC4K1_EN_100/4897.h5 in 6.13 seconds
2025-09-18 15:00:43,688 - INFO - Processing /viper/ptmp/arego/RC4K1/23106.h5
2025-09-18 15:00:45,159 - INFO - File 23106: Filtered 6554698 hits and 8 records
2025-09-18 15:00:46,903 - INFO - Completed /viper/ptmp/arego/RC4K1_EN_100/19355.h5 in 8.66 seconds
2025-09-18 15:00:47,048 - INFO - Processing /viper/ptmp/arego/RC4K1/2032.h5
2025-09-18 15:00:47,301 - INFO - Completed /viper/ptmp/arego/RC4K1_EN_100/14349.h5 in 7.89 seconds
2025-09-18 15:00:47,814 - INFO - Processing /viper/ptmp/arego/RC4K1/27186.h5
2025-09-18 15:00:48,572 - INFO - File 2032: Filtered 988998 hits and 4 records
2025-09-18 15:00:49,362 - INFO - File 27186: Filtered 6674505 hits and 4 records
2025-09-18 15:00:49,978 - INFO - Completed /viper/ptmp/arego/RC4K1_EN_100/23106.h5 in 6.29 seconds
2025-09-18 15:00:50,131 - INFO - Processing /viper/ptmp/arego/RC4K1/14071.h5
2025-09-18 15:00:51,441 - INFO - Completed /viper/ptmp/arego/RC4K1_EN_100/19712.h5 in 21.57 seconds
2025-09-18 15:00:51,471 - INFO - Completed /viper/ptmp/arego/RC4K1_EN_100/3305.h5 in 20.40 seconds
2025-09-18 15:00:51,606 - INFO - Processing /viper/ptmp/arego/RC4K1/4536.h5
2025-09-18 15:00:52,130 - INFO - File 14071: Filtered 6196991 hits and 7 records
2025-09-18 15:00:52,282 - INFO - Processing /viper/ptmp/arego/RC4K1/21841.h5
2025-09-18 15:00:52,565 - INFO - Completed /viper/ptmp/arego/RC4K1_EN_100/10249.h5 in 16.43 seconds
2025-09-18 15:00:52,791 - INFO - Processing /viper/ptmp/arego/RC4K1/17417.h5
2025-09-18 15:00:53,299 - INFO - File 4536: Filtered 3487411 hits and 5 records
2025-09-18 15:00:54,102 - INFO - File 21841: Filtered 3806159 hits and 7 records
2025-09-18 15:00:54,662 - INFO - File 17417: Filtered 2151959 hits and 5 records
2025-09-18 15:00:55,026 - INFO - Completed /viper/ptmp/arego/RC4K1_EN_100/23615.h5 in 16.22 seconds
2025-09-18 15:00:55,106 - INFO - Completed /viper/ptmp/arego/RC4K1_EN_100/27186.h5 in 7.29 seconds
2025-09-18 15:00:55,192 - INFO - Processing /viper/ptmp/arego/RC4K1/29249.h5
2025-09-18 15:00:55,790 - INFO - Processing /viper/ptmp/arego/RC4K1/333.h5
2025-09-18 15:00:56,824 - INFO - File 29249: Filtered 3675561 hits and 7 records
2025-09-18 15:00:57,043 - INFO - Completed /viper/ptmp/arego/RC4K1_EN_100/13379.h5 in 16.22 seconds
2025-09-18 15:00:57,239 - INFO - Processing /viper/ptmp/arego/RC4K1/16760.h5
2025-09-18 15:00:57,566 - INFO - File 333: Filtered 3820509 hits and 10 records
2025-09-18 15:00:58,892 - INFO - File 16760: Filtered 6196766 hits and 5 records
2025-09-18 15:01:00,787 - INFO - Completed /viper/ptmp/arego/RC4K1_EN_100/14071.h5 in 10.66 seconds
2025-09-18 15:01:00,959 - INFO - Processing /viper/ptmp/arego/RC4K1/22277.h5
2025-09-18 15:01:02,687 - INFO - File 22277: Filtered 5009055 hits and 8 records
2025-09-18 15:01:09,953 - INFO - Completed /viper/ptmp/arego/RC4K1_EN_100/16760.h5 in 12.71 seconds
2025-09-18 15:01:10,152 - INFO - Processing /viper/ptmp/arego/RC4K1/1532.h5
2025-09-18 15:01:11,489 - INFO - Completed /viper/ptmp/arego/RC4K1_EN_100/4536.h5 in 19.88 seconds
2025-09-18 15:01:11,674 - INFO - Processing /viper/ptmp/arego/RC4K1/27786.h5
2025-09-18 15:01:11,863 - INFO - File 1532: Filtered 6911495 hits and 7 records
2025-09-18 15:01:12,352 - INFO - Completed /viper/ptmp/arego/RC4K1_EN_100/21841.h5 in 20.07 seconds
2025-09-18 15:01:12,512 - INFO - Processing /viper/ptmp/arego/RC4K1/5177.h5
2025-09-18 15:01:13,718 - INFO - File 27786: Filtered 2094508 hits and 8 records
2025-09-18 15:01:14,495 - INFO - File 5177: Filtered 5844954 hits and 8 records
2025-09-18 15:01:16,023 - INFO - Completed /viper/ptmp/arego/RC4K1_EN_100/2032.h5 in 28.98 seconds
2025-09-18 15:01:16,219 - INFO - Processing /viper/ptmp/arego/RC4K1/1484.h5
2025-09-18 15:01:16,723 - INFO - Completed /viper/ptmp/arego/RC4K1_EN_100/29249.h5 in 21.53 seconds
2025-09-18 15:01:16,886 - INFO - Processing /viper/ptmp/arego/RC4K1/12785.h5
2025-09-18 15:01:17,001 - INFO - Completed /viper/ptmp/arego/RC4K1_EN_100/333.h5 in 21.21 seconds
2025-09-18 15:01:17,636 - INFO - Processing /viper/ptmp/arego/RC4K1/7768.h5
2025-09-18 15:01:18,205 - INFO - File 1484: Filtered 3032403 hits and 4 records
2025-09-18 15:01:18,909 - INFO - File 12785: Filtered 7260279 hits and 8 records
2025-09-18 15:01:19,218 - INFO - Completed /viper/ptmp/arego/RC4K1_EN_100/17417.h5 in 26.43 seconds
2025-09-18 15:01:19,429 - INFO - Processing /viper/ptmp/arego/RC4K1/23141.h5
2025-09-18 15:01:19,817 - INFO - Completed /viper/ptmp/arego/RC4K1_EN_100/22277.h5 in 18.86 seconds
2025-09-18 15:01:19,923 - INFO - File 7768: Filtered 4445112 hits and 5 records
2025-09-18 15:01:20,337 - INFO - Processing /viper/ptmp/arego/RC4K1/11335.h5
2025-09-18 15:01:21,426 - INFO - File 23141: Filtered 4363936 hits and 6 records
2025-09-18 15:01:22,251 - INFO - Completed /viper/ptmp/arego/RC4K1_EN_100/1532.h5 in 12.10 seconds
2025-09-18 15:01:22,430 - INFO - Processing /viper/ptmp/arego/RC4K1/25662.h5
2025-09-18 15:01:22,441 - INFO - File 11335: Filtered 4626283 hits and 7 records
2025-09-18 15:01:24,352 - INFO - File 25662: Filtered 6092283 hits and 8 records
2025-09-18 15:01:30,269 - INFO - Completed /viper/ptmp/arego/RC4K1_EN_100/5177.h5 in 17.76 seconds
2025-09-18 15:01:30,459 - INFO - Processing /viper/ptmp/arego/RC4K1/21285.h5
2025-09-18 15:01:30,722 - INFO - Completed /viper/ptmp/arego/RC4K1_EN_100/12785.h5 in 13.84 seconds
2025-09-18 15:01:31,115 - INFO - Processing /viper/ptmp/arego/RC4K1/9123.h5
2025-09-18 15:01:32,445 - INFO - File 21285: Filtered 6882390 hits and 9 records
2025-09-18 15:01:33,239 - INFO - File 9123: Filtered 5486254 hits and 9 records
2025-09-18 15:01:42,767 - INFO - Completed /viper/ptmp/arego/RC4K1_EN_100/25662.h5 in 20.34 seconds
2025-09-18 15:01:42,921 - INFO - Processing /viper/ptmp/arego/RC4K1/22343.h5
2025-09-18 15:01:43,508 - INFO - Completed /viper/ptmp/arego/RC4K1_EN_100/27786.h5 in 31.83 seconds
2025-09-18 15:01:43,687 - INFO - Processing /viper/ptmp/arego/RC4K1/16567.h5
2025-09-18 15:01:43,722 - INFO - Completed /viper/ptmp/arego/RC4K1_EN_100/7768.h5 in 26.09 seconds
2025-09-18 15:01:44,380 - INFO - Processing /viper/ptmp/arego/RC4K1/14012.h5
2025-09-18 15:01:44,989 - INFO - File 22343: Filtered 6418158 hits and 5 records
2025-09-18 15:01:45,203 - INFO - Completed /viper/ptmp/arego/RC4K1_EN_100/1484.h5 in 28.98 seconds
2025-09-18 15:01:45,414 - INFO - Processing /viper/ptmp/arego/RC4K1/9758.h5
2025-09-18 15:01:45,842 - INFO - File 16567: Filtered 10770677 hits and 6 records
2025-09-18 15:01:46,102 - INFO - Completed /viper/ptmp/arego/RC4K1_EN_100/11335.h5 in 25.76 seconds
2025-09-18 15:01:46,277 - INFO - Processing /viper/ptmp/arego/RC4K1/24675.h5
2025-09-18 15:01:46,596 - INFO - Completed /viper/ptmp/arego/RC4K1_EN_100/23141.h5 in 27.17 seconds
2025-09-18 15:01:46,712 - INFO - File 14012: Filtered 4855565 hits and 5 records
2025-09-18 15:01:47,164 - INFO - Processing /viper/ptmp/arego/RC4K1/920.h5
2025-09-18 15:01:47,688 - INFO - File 9758: Filtered 10527910 hits and 5 records
2025-09-18 15:01:48,583 - INFO - Completed /viper/ptmp/arego/RC4K1_EN_100/21285.h5 in 18.12 seconds
2025-09-18 15:01:48,597 - INFO - File 24675: Filtered 1791658 hits and 4 records
2025-09-18 15:01:48,765 - INFO - Processing /viper/ptmp/arego/RC4K1/20621.h5
2025-09-18 15:01:49,248 - INFO - Completed /viper/ptmp/arego/RC4K1_EN_100/16567.h5 in 5.56 seconds
2025-09-18 15:01:49,786 - INFO - Processing /viper/ptmp/arego/RC4K1/10773.h5
2025-09-18 15:01:49,840 - INFO - File 920: Filtered 7020564 hits and 8 records
2025-09-18 15:01:51,078 - INFO - File 20621: Filtered 7035855 hits and 7 records
2025-09-18 15:01:52,145 - INFO - File 10773: Filtered 6619369 hits and 7 records
2025-09-18 15:01:53,559 - INFO - Completed /viper/ptmp/arego/RC4K1_EN_100/9758.h5 in 8.14 seconds
2025-09-18 15:01:53,703 - INFO - Processing /viper/ptmp/arego/RC4K1/14006.h5
2025-09-18 15:01:56,138 - INFO - File 14006: Filtered 3468294 hits and 7 records
2025-09-18 15:01:56,423 - INFO - Completed /viper/ptmp/arego/RC4K1_EN_100/9123.h5 in 25.31 seconds
2025-09-18 15:01:56,590 - INFO - Processing /viper/ptmp/arego/RC4K1/26509.h5
2025-09-18 15:01:58,888 - INFO - File 26509: Filtered 6282238 hits and 5 records
2025-09-18 15:02:04,107 - INFO - Completed /viper/ptmp/arego/RC4K1_EN_100/22343.h5 in 21.19 seconds
2025-09-18 15:02:04,271 - INFO - Processing /viper/ptmp/arego/RC4K1/23050.h5
2025-09-18 15:02:06,445 - INFO - File 23050: Filtered 9009200 hits and 8 records
2025-09-18 15:02:09,729 - INFO - Completed /viper/ptmp/arego/RC4K1_EN_100/920.h5 in 22.57 seconds
2025-09-18 15:02:09,889 - INFO - Processing /viper/ptmp/arego/RC4K1/4556.h5
2025-09-18 15:02:11,250 - INFO - Completed /viper/ptmp/arego/RC4K1_EN_100/20621.h5 in 22.49 seconds
2025-09-18 15:02:11,430 - INFO - Processing /viper/ptmp/arego/RC4K1/29237.h5
2025-09-18 15:02:12,122 - INFO - File 4556: Filtered 5401969 hits and 6 records
2025-09-18 15:02:13,749 - INFO - File 29237: Filtered 9080171 hits and 5 records
2025-09-18 15:02:13,783 - INFO - Completed /viper/ptmp/arego/RC4K1_EN_100/10773.h5 in 24.00 seconds
2025-09-18 15:02:13,962 - INFO - Processing /viper/ptmp/arego/RC4K1/3487.h5
2025-09-18 15:02:14,315 - INFO - Completed /viper/ptmp/arego/RC4K1_EN_100/14012.h5 in 29.94 seconds
2025-09-18 15:02:14,756 - INFO - Processing /viper/ptmp/arego/RC4K1/10417.h5
2025-09-18 15:02:16,236 - INFO - File 3487: Filtered 10030988 hits and 9 records
2025-09-18 15:02:17,281 - INFO - File 10417: Filtered 3421733 hits and 5 records
2025-09-18 15:02:20,119 - INFO - Completed /viper/ptmp/arego/RC4K1_EN_100/23050.h5 in 15.85 seconds
2025-09-18 15:02:20,326 - INFO - Processing /viper/ptmp/arego/RC4K1/5860.h5
2025-09-18 15:02:21,851 - INFO - Completed /viper/ptmp/arego/RC4K1_EN_100/26509.h5 in 25.26 seconds
2025-09-18 15:02:22,027 - INFO - Processing /viper/ptmp/arego/RC4K1/15225.h5
2025-09-18 15:02:22,751 - INFO - File 5860: Filtered 6613120 hits and 6 records
2025-09-18 15:02:24,358 - INFO - Completed /viper/ptmp/arego/RC4K1_EN_100/24675.h5 in 38.08 seconds
2025-09-18 15:02:24,529 - INFO - Processing /viper/ptmp/arego/RC4K1/19635.h5
2025-09-18 15:02:24,649 - INFO - File 15225: Filtered 4671810 hits and 10 records
2025-09-18 15:02:26,930 - INFO - File 19635: Filtered 8136580 hits and 7 records
2025-09-18 15:02:27,137 - INFO - Completed /viper/ptmp/arego/RC4K1_EN_100/29237.h5 in 15.71 seconds
2025-09-18 15:02:27,144 - INFO - Completed /viper/ptmp/arego/RC4K1_EN_100/3487.h5 in 13.18 seconds
2025-09-18 15:02:27,299 - INFO - Processing /viper/ptmp/arego/RC4K1/5157.h5
2025-09-18 15:02:27,921 - INFO - Processing /viper/ptmp/arego/RC4K1/1491.h5
2025-09-18 15:02:29,796 - INFO - File 5157: Filtered 9029802 hits and 8 records
2025-09-18 15:02:30,530 - INFO - File 1491: Filtered 11745533 hits and 9 records
2025-09-18 15:02:30,917 - INFO - Completed /viper/ptmp/arego/RC4K1_EN_100/14006.h5 in 37.21 seconds
2025-09-18 15:02:31,082 - INFO - Processing /viper/ptmp/arego/RC4K1/6467.h5
2025-09-18 15:02:33,575 - INFO - File 6467: Filtered 4497752 hits and 5 records
2025-09-18 15:02:39,472 - INFO - Completed /viper/ptmp/arego/RC4K1_EN_100/1491.h5 in 11.55 seconds
2025-09-18 15:02:39,636 - INFO - Processing /viper/ptmp/arego/RC4K1/24304.h5
2025-09-18 15:02:39,986 - INFO - Completed /viper/ptmp/arego/RC4K1_EN_100/4556.h5 in 30.10 seconds
2025-09-18 15:02:40,315 - INFO - Processing /viper/ptmp/arego/RC4K1/9613.h5
2025-09-18 15:02:42,127 - INFO - File 24304: Filtered 10832446 hits and 7 records
2025-09-18 15:02:43,045 - INFO - File 9613: Filtered 5939090 hits and 7 records
2025-09-18 15:02:46,469 - INFO - Completed /viper/ptmp/arego/RC4K1_EN_100/19635.h5 in 21.94 seconds
2025-09-18 15:02:46,522 - INFO - Completed /viper/ptmp/arego/RC4K1_EN_100/5860.h5 in 26.20 seconds
2025-09-18 15:02:46,618 - INFO - Processing /viper/ptmp/arego/RC4K1/26206.h5
2025-09-18 15:02:47,238 - INFO - Processing /viper/ptmp/arego/RC4K1/28565.h5
2025-09-18 15:02:47,530 - INFO - Completed /viper/ptmp/arego/RC4K1_EN_100/5157.h5 in 20.23 seconds
2025-09-18 15:02:47,786 - INFO - Processing /viper/ptmp/arego/RC4K1/28856.h5
2025-09-18 15:02:49,124 - INFO - File 26206: Filtered 8074288 hits and 4 records
2025-09-18 15:02:50,183 - INFO - File 28565: Filtered 9257932 hits and 7 records
2025-09-18 15:02:50,632 - INFO - File 28856: Filtered 6706074 hits and 4 records
2025-09-18 15:02:53,022 - INFO - Completed /viper/ptmp/arego/RC4K1_EN_100/24304.h5 in 13.39 seconds
2025-09-18 15:02:53,169 - INFO - Processing /viper/ptmp/arego/RC4K1/3041.h5
2025-09-18 15:02:54,121 - INFO - Completed /viper/ptmp/arego/RC4K1_EN_100/10417.h5 in 39.37 seconds
2025-09-18 15:02:54,280 - INFO - Processing /viper/ptmp/arego/RC4K1/27321.h5
2025-09-18 15:02:55,732 - INFO - File 3041: Filtered 5414160 hits and 6 records
2025-09-18 15:02:56,819 - INFO - File 27321: Filtered 11405855 hits and 5 records
2025-09-18 15:02:56,997 - INFO - Completed /viper/ptmp/arego/RC4K1_EN_100/15225.h5 in 34.97 seconds
2025-09-18 15:02:57,171 - INFO - Processing /viper/ptmp/arego/RC4K1/19164.h5
2025-09-18 15:02:59,826 - INFO - File 19164: Filtered 6587642 hits and 7 records
2025-09-18 15:03:07,502 - INFO - Completed /viper/ptmp/arego/RC4K1_EN_100/27321.h5 in 13.22 seconds
2025-09-18 15:03:07,655 - INFO - Processing /viper/ptmp/arego/RC4K1/3988.h5
2025-09-18 15:03:08,403 - INFO - Completed /viper/ptmp/arego/RC4K1_EN_100/28565.h5 in 21.16 seconds
2025-09-18 15:03:08,610 - INFO - Processing /viper/ptmp/arego/RC4K1/22808.h5
2025-09-18 15:03:09,255 - INFO - Completed /viper/ptmp/arego/RC4K1_EN_100/6467.h5 in 38.17 seconds
2025-09-18 15:03:09,434 - INFO - Processing /viper/ptmp/arego/RC4K1/7892.h5
2025-09-18 15:03:10,203 - INFO - File 3988: Filtered 5908155 hits and 4 records
2025-09-18 15:03:10,435 - INFO - Completed /viper/ptmp/arego/RC4K1_EN_100/26206.h5 in 23.82 seconds
2025-09-18 15:03:10,629 - INFO - Processing /viper/ptmp/arego/RC4K1/6911.h5
2025-09-18 15:03:11,707 - INFO - File 22808: Filtered 3122846 hits and 5 records
2025-09-18 15:03:12,372 - INFO - File 7892: Filtered 6183703 hits and 7 records
2025-09-18 15:03:13,161 - INFO - Completed /viper/ptmp/arego/RC4K1_EN_100/9613.h5 in 32.85 seconds
2025-09-18 15:03:13,364 - INFO - Processing /viper/ptmp/arego/RC4K1/24928.h5
2025-09-18 15:03:13,893 - INFO - File 6911: Filtered 8032994 hits and 9 records
2025-09-18 15:03:16,283 - INFO - File 24928: Filtered 6467540 hits and 8 records
2025-09-18 15:03:18,761 - INFO - Completed /viper/ptmp/arego/RC4K1_EN_100/28856.h5 in 30.98 seconds
2025-09-18 15:03:18,920 - INFO - Processing /viper/ptmp/arego/RC4K1/2380.h5
2025-09-18 15:03:21,701 - INFO - File 2380: Filtered 9041654 hits and 8 records
2025-09-18 15:03:28,585 - INFO - Completed /viper/ptmp/arego/RC4K1_EN_100/3041.h5 in 35.42 seconds
2025-09-18 15:03:28,743 - INFO - Processing /viper/ptmp/arego/RC4K1/7929.h5
2025-09-18 15:03:29,796 - INFO - Completed /viper/ptmp/arego/RC4K1_EN_100/19164.h5 in 32.63 seconds
2025-09-18 15:03:29,951 - INFO - Processing /viper/ptmp/arego/RC4K1/9485.h5
2025-09-18 15:03:31,690 - INFO - File 7929: Filtered 10759665 hits and 7 records
2025-09-18 15:03:32,946 - INFO - File 9485: Filtered 8896858 hits and 7 records
2025-09-18 15:03:41,581 - INFO - Completed /viper/ptmp/arego/RC4K1_EN_100/6911.h5 in 30.95 seconds
2025-09-18 15:03:41,769 - INFO - Processing /viper/ptmp/arego/RC4K1/29970.h5
2025-09-18 15:03:41,961 - INFO - Completed /viper/ptmp/arego/RC4K1_EN_100/3988.h5 in 34.31 seconds
2025-09-18 15:03:42,441 - INFO - Processing /viper/ptmp/arego/RC4K1/629.h5
2025-09-18 15:03:44,840 - INFO - File 29970: Filtered 7506477 hits and 6 records
2025-09-18 15:03:45,543 - INFO - File 629: Filtered 6240511 hits and 8 records
2025-09-18 15:03:45,571 - INFO - Completed /viper/ptmp/arego/RC4K1_EN_100/7892.h5 in 36.14 seconds
2025-09-18 15:03:45,741 - INFO - Processing /viper/ptmp/arego/RC4K1/6091.h5
2025-09-18 15:03:46,789 - INFO - Completed /viper/ptmp/arego/RC4K1_EN_100/2380.h5 in 27.87 seconds
2025-09-18 15:03:46,991 - INFO - Processing /viper/ptmp/arego/RC4K1/15745.h5
2025-09-18 15:03:48,751 - INFO - File 6091: Filtered 7551132 hits and 6 records
2025-09-18 15:03:50,228 - INFO - File 15745: Filtered 7478638 hits and 8 records
2025-09-18 15:03:50,439 - INFO - Completed /viper/ptmp/arego/RC4K1_EN_100/22808.h5 in 41.83 seconds
2025-09-18 15:03:50,608 - INFO - Processing /viper/ptmp/arego/RC4K1/29014.h5
2025-09-18 15:03:51,110 - INFO - Completed /viper/ptmp/arego/RC4K1_EN_100/7929.h5 in 22.37 seconds
2025-09-18 15:03:51,527 - INFO - Processing /viper/ptmp/arego/RC4K1/13796.h5
2025-09-18 15:03:53,216 - INFO - Completed /viper/ptmp/arego/RC4K1_EN_100/24928.h5 in 39.85 seconds
2025-09-18 15:03:53,382 - INFO - Processing /viper/ptmp/arego/RC4K1/7140.h5
2025-09-18 15:03:53,679 - INFO - File 29014: Filtered 8555997 hits and 9 records
2025-09-18 15:03:54,856 - INFO - File 13796: Filtered 6694869 hits and 8 records
2025-09-18 15:03:56,571 - INFO - File 7140: Filtered 11080549 hits and 9 records
2025-09-18 15:04:01,407 - INFO - Completed /viper/ptmp/arego/RC4K1_EN_100/9485.h5 in 31.46 seconds
2025-09-18 15:04:01,572 - INFO - Processing /viper/ptmp/arego/RC4K1/7165.h5
2025-09-18 15:04:04,625 - INFO - File 7165: Filtered 14888294 hits and 7 records
2025-09-18 15:04:14,704 - INFO - Completed /viper/ptmp/arego/RC4K1_EN_100/7165.h5 in 13.13 seconds
2025-09-18 15:04:14,895 - INFO - Processing /viper/ptmp/arego/RC4K1/21584.h5
2025-09-18 15:04:18,047 - INFO - File 21584: Filtered 13328074 hits and 12 records
2025-09-18 15:04:18,479 - INFO - Completed /viper/ptmp/arego/RC4K1_EN_100/29970.h5 in 36.71 seconds
2025-09-18 15:04:18,654 - INFO - Processing /viper/ptmp/arego/RC4K1/18680.h5
2025-09-18 15:04:20,388 - INFO - Completed /viper/ptmp/arego/RC4K1_EN_100/7140.h5 in 27.01 seconds
2025-09-18 15:04:20,544 - INFO - Processing /viper/ptmp/arego/RC4K1/22164.h5
2025-09-18 15:04:20,858 - INFO - Completed /viper/ptmp/arego/RC4K1_EN_100/629.h5 in 38.42 seconds
2025-09-18 15:04:21,346 - INFO - Processing /viper/ptmp/arego/RC4K1/23611.h5
2025-09-18 15:04:21,796 - INFO - File 18680: Filtered 12295171 hits and 5 records
2025-09-18 15:04:22,553 - INFO - Completed /viper/ptmp/arego/RC4K1_EN_100/6091.h5 in 36.81 seconds
2025-09-18 15:04:22,808 - INFO - Processing /viper/ptmp/arego/RC4K1/710.h5
2025-09-18 15:04:23,920 - INFO - File 22164: Filtered 8559162 hits and 8 records
2025-09-18 15:04:25,018 - INFO - File 23611: Filtered 5026722 hits and 6 records
2025-09-18 15:04:26,331 - INFO - File 710: Filtered 13320522 hits and 8 records
2025-09-18 15:04:26,732 - INFO - Completed /viper/ptmp/arego/RC4K1_EN_100/29014.h5 in 36.12 seconds
2025-09-18 15:04:26,905 - INFO - Processing /viper/ptmp/arego/RC4K1/217.h5
2025-09-18 15:04:29,781 - INFO - Completed /viper/ptmp/arego/RC4K1_EN_100/15745.h5 in 42.79 seconds
2025-09-18 15:04:29,958 - INFO - Processing /viper/ptmp/arego/RC4K1/8074.h5
2025-09-18 15:04:30,204 - INFO - File 217: Filtered 11617498 hits and 9 records
2025-09-18 15:04:33,152 - INFO - File 8074: Filtered 11715306 hits and 8 records
2025-09-18 15:04:35,919 - INFO - Completed /viper/ptmp/arego/RC4K1_EN_100/21584.h5 in 21.02 seconds
2025-09-18 15:04:36,072 - INFO - Processing /viper/ptmp/arego/RC4K1/1994.h5
2025-09-18 15:04:36,226 - INFO - Completed /viper/ptmp/arego/RC4K1_EN_100/13796.h5 in 44.70 seconds
2025-09-18 15:04:36,749 - INFO - Processing /viper/ptmp/arego/RC4K1/5652.h5
2025-09-18 15:04:39,734 - INFO - File 1994: Filtered 9409692 hits and 9 records
2025-09-18 15:04:40,506 - INFO - File 5652: Filtered 9887995 hits and 5 records
2025-09-18 15:04:44,172 - INFO - Completed /viper/ptmp/arego/RC4K1_EN_100/18680.h5 in 25.52 seconds
2025-09-18 15:04:44,321 - INFO - Processing /viper/ptmp/arego/RC4K1/26917.h5
2025-09-18 15:04:45,905 - INFO - Completed /viper/ptmp/arego/RC4K1_EN_100/710.h5 in 23.10 seconds
2025-09-18 15:04:46,069 - INFO - Processing /viper/ptmp/arego/RC4K1/8440.h5
2025-09-18 15:04:48,028 - INFO - File 26917: Filtered 6600288 hits and 5 records
2025-09-18 15:04:49,876 - INFO - File 8440: Filtered 8715537 hits and 6 records
2025-09-18 15:04:55,197 - INFO - Completed /viper/ptmp/arego/RC4K1_EN_100/217.h5 in 28.29 seconds
2025-09-18 15:04:55,343 - INFO - Processing /viper/ptmp/arego/RC4K1/18691.h5
2025-09-18 15:04:58,349 - INFO - Completed /viper/ptmp/arego/RC4K1_EN_100/8074.h5 in 28.39 seconds
2025-09-18 15:04:58,530 - INFO - Processing /viper/ptmp/arego/RC4K1/28908.h5
2025-09-18 15:04:59,031 - INFO - File 18691: Filtered 10551688 hits and 10 records
2025-09-18 15:05:01,759 - INFO - Completed /viper/ptmp/arego/RC4K1_EN_100/22164.h5 in 41.22 seconds
2025-09-18 15:05:01,969 - INFO - Processing /viper/ptmp/arego/RC4K1/8420.h5
2025-09-18 15:05:02,282 - INFO - File 28908: Filtered 6360802 hits and 6 records
2025-09-18 15:05:05,686 - INFO - File 8420: Filtered 14496686 hits and 5 records
2025-09-18 15:05:14,315 - INFO - Completed /viper/ptmp/arego/RC4K1_EN_100/5652.h5 in 37.57 seconds
2025-09-18 15:05:14,471 - INFO - Processing /viper/ptmp/arego/RC4K1/14194.h5
2025-09-18 15:05:16,676 - INFO - Completed /viper/ptmp/arego/RC4K1_EN_100/23611.h5 in 55.33 seconds
2025-09-18 15:05:16,867 - INFO - Processing /viper/ptmp/arego/RC4K1/16969.h5
2025-09-18 15:05:17,441 - INFO - Completed /viper/ptmp/arego/RC4K1_EN_100/1994.h5 in 41.37 seconds
2025-09-18 15:05:17,629 - INFO - Processing /viper/ptmp/arego/RC4K1/24754.h5
2025-09-18 15:05:18,281 - INFO - File 14194: Filtered 13020944 hits and 7 records
2025-09-18 15:05:21,100 - INFO - File 16969: Filtered 12606694 hits and 9 records
2025-09-18 15:05:21,605 - INFO - File 24754: Filtered 16722809 hits and 6 records
2025-09-18 15:05:27,570 - INFO - Completed /viper/ptmp/arego/RC4K1_EN_100/8420.h5 in 25.60 seconds
2025-09-18 15:05:27,728 - INFO - Processing /viper/ptmp/arego/RC4K1/11734.h5
2025-09-18 15:05:30,400 - INFO - Completed /viper/ptmp/arego/RC4K1_EN_100/26917.h5 in 46.08 seconds
2025-09-18 15:05:30,459 - INFO - Completed /viper/ptmp/arego/RC4K1_EN_100/8440.h5 in 44.39 seconds
2025-09-18 15:05:30,586 - INFO - Processing /viper/ptmp/arego/RC4K1/27505.h5
2025-09-18 15:05:31,263 - INFO - Processing /viper/ptmp/arego/RC4K1/22294.h5
2025-09-18 15:05:31,621 - INFO - File 11734: Filtered 10020402 hits and 8 records
2025-09-18 15:05:33,787 - INFO - Completed /viper/ptmp/arego/RC4K1_EN_100/18691.h5 in 38.44 seconds
2025-09-18 15:05:34,026 - INFO - Processing /viper/ptmp/arego/RC4K1/11390.h5
2025-09-18 15:05:34,741 - INFO - File 27505: Filtered 9710596 hits and 6 records
2025-09-18 15:05:34,993 - INFO - Completed /viper/ptmp/arego/RC4K1_EN_100/24754.h5 in 17.36 seconds
2025-09-18 15:05:35,182 - INFO - Processing /viper/ptmp/arego/RC4K1/8235.h5
2025-09-18 15:05:35,557 - INFO - File 22294: Filtered 9617409 hits and 10 records
2025-09-18 15:05:38,323 - INFO - File 11390: Filtered 7407836 hits and 8 records
2025-09-18 15:05:39,318 - INFO - File 8235: Filtered 11556731 hits and 9 records
2025-09-18 15:05:44,157 - INFO - Completed /viper/ptmp/arego/RC4K1_EN_100/14194.h5 in 29.69 seconds
2025-09-18 15:05:44,314 - INFO - Processing /viper/ptmp/arego/RC4K1/15896.h5
2025-09-18 15:05:48,190 - INFO - File 15896: Filtered 10947728 hits and 10 records
2025-09-18 15:05:50,274 - INFO - Completed /viper/ptmp/arego/RC4K1_EN_100/16969.h5 in 33.41 seconds
2025-09-18 15:05:50,437 - INFO - Processing /viper/ptmp/arego/RC4K1/13917.h5
2025-09-18 15:05:54,415 - INFO - File 13917: Filtered 6990833 hits and 6 records
2025-09-18 15:05:57,834 - INFO - Completed /viper/ptmp/arego/RC4K1_EN_100/28908.h5 in 59.30 seconds
2025-09-18 15:05:58,052 - INFO - Processing /viper/ptmp/arego/RC4K1/18830.h5
2025-09-18 15:06:02,094 - INFO - File 18830: Filtered 9292347 hits and 5 records
2025-09-18 15:06:08,631 - INFO - Completed /viper/ptmp/arego/RC4K1_EN_100/11734.h5 in 40.90 seconds
2025-09-18 15:06:08,801 - INFO - Processing /viper/ptmp/arego/RC4K1/3040.h5
2025-09-18 15:06:11,216 - INFO - Completed /viper/ptmp/arego/RC4K1_EN_100/27505.h5 in 40.63 seconds
2025-09-18 15:06:11,365 - INFO - Processing /viper/ptmp/arego/RC4K1/8575.h5
2025-09-18 15:06:12,809 - INFO - File 3040: Filtered 8262596 hits and 9 records
2025-09-18 15:06:13,924 - INFO - Completed /viper/ptmp/arego/RC4K1_EN_100/8235.h5 in 38.74 seconds
2025-09-18 15:06:14,095 - INFO - Processing /viper/ptmp/arego/RC4K1/12704.h5
2025-09-18 15:06:14,806 - INFO - Completed /viper/ptmp/arego/RC4K1_EN_100/22294.h5 in 43.54 seconds
2025-09-18 15:06:15,122 - INFO - Processing /viper/ptmp/arego/RC4K1/27705.h5
2025-09-18 15:06:15,522 - INFO - File 8575: Filtered 7679720 hits and 7 records
2025-09-18 15:06:18,216 - INFO - File 12704: Filtered 8930509 hits and 7 records
2025-09-18 15:06:19,405 - INFO - File 27705: Filtered 11903981 hits and 8 records
2025-09-18 15:06:25,135 - INFO - Completed /viper/ptmp/arego/RC4K1_EN_100/15896.h5 in 40.82 seconds
2025-09-18 15:06:25,317 - INFO - Processing /viper/ptmp/arego/RC4K1/10523.h5
2025-09-18 15:06:29,404 - INFO - File 10523: Filtered 19180903 hits and 10 records
2025-09-18 15:06:30,936 - INFO - Completed /viper/ptmp/arego/RC4K1_EN_100/11390.h5 in 56.91 seconds
2025-09-18 15:06:31,103 - INFO - Processing /viper/ptmp/arego/RC4K1/23707.h5
2025-09-18 15:06:35,143 - INFO - File 23707: Filtered 13684861 hits and 9 records
2025-09-18 15:06:39,131 - INFO - Completed /viper/ptmp/arego/RC4K1_EN_100/10523.h5 in 13.81 seconds
2025-09-18 15:06:39,294 - INFO - Processing /viper/ptmp/arego/RC4K1/20225.h5
2025-09-18 15:06:43,445 - INFO - File 20225: Filtered 13196820 hits and 7 records
2025-09-18 15:06:45,539 - INFO - Completed /viper/ptmp/arego/RC4K1_EN_100/18830.h5 in 47.49 seconds
2025-09-18 15:06:45,701 - INFO - Processing /viper/ptmp/arego/RC4K1/1088.h5
2025-09-18 15:06:47,572 - INFO - Completed /viper/ptmp/arego/RC4K1_EN_100/13917.h5 in 57.13 seconds
2025-09-18 15:06:47,789 - INFO - Processing /viper/ptmp/arego/RC4K1/11133.h5
2025-09-18 15:06:49,959 - INFO - File 1088: Filtered 12750623 hits and 8 records
2025-09-18 15:06:52,391 - INFO - File 11133: Filtered 5407070 hits and 5 records
2025-09-18 15:06:55,307 - INFO - Completed /viper/ptmp/arego/RC4K1_EN_100/27705.h5 in 40.18 seconds
2025-09-18 15:06:55,488 - INFO - Processing /viper/ptmp/arego/RC4K1/7722.h5
2025-09-18 15:06:59,733 - INFO - File 7722: Filtered 10089539 hits and 8 records
2025-09-18 15:07:03,754 - INFO - Completed /viper/ptmp/arego/RC4K1_EN_100/12704.h5 in 49.66 seconds
2025-09-18 15:07:03,914 - INFO - Processing /viper/ptmp/arego/RC4K1/28227.h5
2025-09-18 15:07:04,776 - INFO - Completed /viper/ptmp/arego/RC4K1_EN_100/3040.h5 in 55.97 seconds
2025-09-18 15:07:04,940 - INFO - Processing /viper/ptmp/arego/RC4K1/5492.h5
2025-09-18 15:07:06,483 - INFO - Completed /viper/ptmp/arego/RC4K1_EN_100/23707.h5 in 35.38 seconds
2025-09-18 15:07:06,650 - INFO - Processing /viper/ptmp/arego/RC4K1/16764.h5
2025-09-18 15:07:08,335 - INFO - File 28227: Filtered 14148611 hits and 10 records
2025-09-18 15:07:09,620 - INFO - File 5492: Filtered 12281406 hits and 6 records
2025-09-18 15:07:10,770 - INFO - Completed /viper/ptmp/arego/RC4K1_EN_100/8575.h5 in 59.41 seconds
2025-09-18 15:07:10,948 - INFO - Processing /viper/ptmp/arego/RC4K1/22254.h5
2025-09-18 15:07:11,300 - INFO - File 16764: Filtered 12515836 hits and 7 records
2025-09-18 15:07:15,342 - INFO - File 22254: Filtered 7845229 hits and 9 records
2025-09-18 15:07:18,635 - INFO - Completed /viper/ptmp/arego/RC4K1_EN_100/20225.h5 in 39.34 seconds
2025-09-18 15:07:18,784 - INFO - Processing /viper/ptmp/arego/RC4K1/10396.h5
2025-09-18 15:07:22,946 - INFO - File 10396: Filtered 18072111 hits and 9 records
2025-09-18 15:07:25,977 - INFO - Completed /viper/ptmp/arego/RC4K1_EN_100/1088.h5 in 40.28 seconds
2025-09-18 15:07:26,137 - INFO - Processing /viper/ptmp/arego/RC4K1/26516.h5
2025-09-18 15:07:30,477 - INFO - File 26516: Filtered 8983915 hits and 7 records
2025-09-18 15:07:41,782 - INFO - Completed /viper/ptmp/arego/RC4K1_EN_100/28227.h5 in 37.87 seconds
2025-09-18 15:07:42,052 - INFO - Processing /viper/ptmp/arego/RC4K1/14138.h5
2025-09-18 15:07:42,154 - INFO - Completed /viper/ptmp/arego/RC4K1_EN_100/10396.h5 in 23.37 seconds
2025-09-18 15:07:42,661 - INFO - Processing /viper/ptmp/arego/RC4K1/22615.h5
2025-09-18 15:07:46,675 - INFO - File 14138: Filtered 7906023 hits and 8 records
2025-09-18 15:07:47,583 - INFO - Completed /viper/ptmp/arego/RC4K1_EN_100/7722.h5 in 52.10 seconds
2025-09-18 15:07:47,770 - INFO - Processing /viper/ptmp/arego/RC4K1/7976.h5
2025-09-18 15:07:48,639 - INFO - File 22615: Filtered 484872 hits and 3 records
2025-09-18 15:07:49,762 - INFO - Completed /viper/ptmp/arego/RC4K1_EN_100/5492.h5 in 44.82 seconds
2025-09-18 15:07:49,771 - INFO - Completed /viper/ptmp/arego/RC4K1_EN_100/16764.h5 in 43.12 seconds
2025-09-18 15:07:49,936 - INFO - Processing /viper/ptmp/arego/RC4K1/26131.h5
2025-09-18 15:07:50,567 - INFO - Processing /viper/ptmp/arego/RC4K1/12304.h5
2025-09-18 15:07:52,445 - INFO - File 7976: Filtered 5693609 hits and 4 records
2025-09-18 15:07:54,863 - INFO - File 26131: Filtered 17070317 hits and 7 records
2025-09-18 15:07:55,499 - INFO - File 12304: Filtered 23477148 hits and 8 records
2025-09-18 15:07:57,187 - INFO - Completed /viper/ptmp/arego/RC4K1_EN_100/12304.h5 in 6.62 seconds
2025-09-18 15:07:57,436 - INFO - Processing /viper/ptmp/arego/RC4K1/26901.h5
2025-09-18 15:08:02,039 - INFO - File 26901: Filtered 10606352 hits and 9 records
2025-09-18 15:08:03,582 - INFO - Completed /viper/ptmp/arego/RC4K1_EN_100/11133.h5 in 75.79 seconds
2025-09-18 15:08:03,753 - INFO - Processing /viper/ptmp/arego/RC4K1/15621.h5
2025-09-18 15:08:08,323 - INFO - File 15621: Filtered 12552315 hits and 8 records
2025-09-18 15:08:14,179 - INFO - Completed /viper/ptmp/arego/RC4K1_EN_100/22254.h5 in 63.23 seconds
2025-09-18 15:08:14,383 - INFO - Processing /viper/ptmp/arego/RC4K1/14494.h5
2025-09-18 15:08:18,861 - INFO - File 14494: Filtered 16763264 hits and 11 records
2025-09-18 15:08:20,259 - INFO - Completed /viper/ptmp/arego/RC4K1_EN_100/26131.h5 in 30.32 seconds
2025-09-18 15:08:20,406 - INFO - Processing /viper/ptmp/arego/RC4K1/21913.h5
2025-09-18 15:08:24,996 - INFO - File 21913: Filtered 11741721 hits and 8 records
2025-09-18 15:08:25,917 - INFO - Completed /viper/ptmp/arego/RC4K1_EN_100/26516.h5 in 59.78 seconds
2025-09-18 15:08:26,129 - INFO - Processing /viper/ptmp/arego/RC4K1/20314.h5
2025-09-18 15:08:30,616 - INFO - File 20314: Filtered 14041462 hits and 7 records
2025-09-18 15:08:46,482 - INFO - Completed /viper/ptmp/arego/RC4K1_EN_100/14138.h5 in 64.43 seconds
2025-09-18 15:08:46,497 - INFO - Completed /viper/ptmp/arego/RC4K1_EN_100/14494.h5 in 32.11 seconds
2025-09-18 15:08:46,632 - INFO - Processing /viper/ptmp/arego/RC4K1/28733.h5
2025-09-18 15:08:47,243 - INFO - Processing /viper/ptmp/arego/RC4K1/12746.h5
2025-09-18 15:08:48,551 - INFO - Completed /viper/ptmp/arego/RC4K1_EN_100/15621.h5 in 44.80 seconds
2025-09-18 15:08:48,711 - INFO - Processing /viper/ptmp/arego/RC4K1/13141.h5
2025-09-18 15:08:50,126 - INFO - Completed /viper/ptmp/arego/RC4K1_EN_100/26901.h5 in 52.69 seconds
2025-09-18 15:08:50,314 - INFO - Processing /viper/ptmp/arego/RC4K1/2517.h5
2025-09-18 15:08:51,499 - INFO - File 28733: Filtered 12067343 hits and 6 records
2025-09-18 15:08:52,590 - INFO - File 12746: Filtered 16234422 hits and 6 records
2025-09-18 15:08:53,933 - INFO - File 13141: Filtered 19388418 hits and 5 records
2025-09-18 15:08:55,613 - INFO - File 2517: Filtered 8221542 hits and 5 records
2025-09-18 15:09:08,416 - INFO - Completed /viper/ptmp/arego/RC4K1_EN_100/7976.h5 in 80.65 seconds
2025-09-18 15:09:08,576 - INFO - Processing /viper/ptmp/arego/RC4K1/15519.h5
2025-09-18 15:09:10,778 - INFO - Completed /viper/ptmp/arego/RC4K1_EN_100/20314.h5 in 44.65 seconds
2025-09-18 15:09:11,000 - INFO - Processing /viper/ptmp/arego/RC4K1/5884.h5
2025-09-18 15:09:13,219 - INFO - File 15519: Filtered 19198420 hits and 7 records
2025-09-18 15:09:15,645 - INFO - Completed /viper/ptmp/arego/RC4K1_EN_100/13141.h5 in 26.93 seconds
2025-09-18 15:09:15,686 - INFO - File 5884: Filtered 17195212 hits and 8 records
2025-09-18 15:09:15,837 - INFO - Processing /viper/ptmp/arego/RC4K1/11427.h5
2025-09-18 15:09:17,817 - INFO - Completed /viper/ptmp/arego/RC4K1_EN_100/21913.h5 in 57.41 seconds
2025-09-18 15:09:18,023 - INFO - Processing /viper/ptmp/arego/RC4K1/19935.h5
2025-09-18 15:09:20,549 - INFO - File 11427: Filtered 14997123 hits and 6 records
2025-09-18 15:09:22,904 - INFO - File 19935: Filtered 20823432 hits and 12 records
2025-09-18 15:09:26,345 - INFO - Completed /viper/ptmp/arego/RC4K1_EN_100/12746.h5 in 39.10 seconds
2025-09-18 15:09:26,491 - INFO - Processing /viper/ptmp/arego/RC4K1/15211.h5
2025-09-18 15:09:31,335 - INFO - File 15211: Filtered 13140331 hits and 9 records
2025-09-18 15:09:35,386 - INFO - Completed /viper/ptmp/arego/RC4K1_EN_100/15519.h5 in 26.81 seconds
2025-09-18 15:09:35,533 - INFO - Processing /viper/ptmp/arego/RC4K1/21676.h5
2025-09-18 15:09:40,550 - INFO - File 21676: Filtered 13286914 hits and 9 records
2025-09-18 15:09:40,804 - INFO - Completed /viper/ptmp/arego/RC4K1_EN_100/19935.h5 in 22.78 seconds
2025-09-18 15:09:40,990 - INFO - Processing /viper/ptmp/arego/RC4K1/10057.h5
2025-09-18 15:09:41,179 - INFO - Completed /viper/ptmp/arego/RC4K1_EN_100/28733.h5 in 54.55 seconds
2025-09-18 15:09:41,704 - INFO - Processing /viper/ptmp/arego/RC4K1/20008.h5
2025-09-18 15:09:43,218 - INFO - Completed /viper/ptmp/arego/RC4K1_EN_100/22615.h5 in 120.56 seconds
2025-09-18 15:09:43,403 - INFO - Processing /viper/ptmp/arego/RC4K1/21516.h5
2025-09-18 15:09:45,337 - INFO - Completed /viper/ptmp/arego/RC4K1_EN_100/5884.h5 in 34.34 seconds
2025-09-18 15:09:45,548 - INFO - Processing /viper/ptmp/arego/RC4K1/26049.h5
2025-09-18 15:09:46,232 - INFO - File 10057: Filtered 9729098 hits and 7 records
2025-09-18 15:09:47,411 - INFO - File 20008: Filtered 8691982 hits and 6 records
2025-09-18 15:09:49,012 - INFO - File 21516: Filtered 11178576 hits and 8 records
2025-09-18 15:09:51,115 - INFO - File 26049: Filtered 20168478 hits and 8 records
2025-09-18 15:09:58,627 - INFO - Completed /viper/ptmp/arego/RC4K1_EN_100/11427.h5 in 42.79 seconds
2025-09-18 15:09:58,795 - INFO - Processing /viper/ptmp/arego/RC4K1/26671.h5
2025-09-18 15:10:03,780 - INFO - File 26671: Filtered 15577302 hits and 7 records
2025-09-18 15:10:05,537 - INFO - Completed /viper/ptmp/arego/RC4K1_EN_100/2517.h5 in 75.22 seconds
2025-09-18 15:10:05,755 - INFO - Processing /viper/ptmp/arego/RC4K1/4035.h5
2025-09-18 15:10:10,912 - INFO - File 4035: Filtered 11852674 hits and 5 records
2025-09-18 15:10:15,607 - INFO - Completed /viper/ptmp/arego/RC4K1_EN_100/26049.h5 in 30.06 seconds
2025-09-18 15:10:15,758 - INFO - Processing /viper/ptmp/arego/RC4K1/6835.h5
2025-09-18 15:10:20,649 - INFO - File 6835: Filtered 17906736 hits and 7 records
2025-09-18 15:10:20,905 - INFO - Completed /viper/ptmp/arego/RC4K1_EN_100/15211.h5 in 54.41 seconds
2025-09-18 15:10:21,080 - INFO - Processing /viper/ptmp/arego/RC4K1/10187.h5
2025-09-18 15:10:26,127 - INFO - File 10187: Filtered 20773251 hits and 13 records
2025-09-18 15:10:28,666 - INFO - Completed /viper/ptmp/arego/RC4K1_EN_100/21676.h5 in 53.13 seconds
2025-09-18 15:10:28,864 - INFO - Processing /viper/ptmp/arego/RC4K1/8159.h5
2025-09-18 15:10:33,920 - INFO - File 8159: Filtered 13538207 hits and 6 records
2025-09-18 15:10:44,574 - INFO - Completed /viper/ptmp/arego/RC4K1_EN_100/26671.h5 in 45.78 seconds
2025-09-18 15:10:44,742 - INFO - Processing /viper/ptmp/arego/RC4K1/21012.h5
2025-09-18 15:10:48,238 - INFO - Completed /viper/ptmp/arego/RC4K1_EN_100/21516.h5 in 64.83 seconds
2025-09-18 15:10:48,428 - INFO - Processing /viper/ptmp/arego/RC4K1/3975.h5
2025-09-18 15:10:49,693 - INFO - File 21012: Filtered 22819514 hits and 11 records
2025-09-18 15:10:49,753 - INFO - Completed /viper/ptmp/arego/RC4K1_EN_100/10187.h5 in 28.67 seconds
2025-09-18 15:10:49,909 - INFO - Processing /viper/ptmp/arego/RC4K1/25326.h5
2025-09-18 15:10:53,714 - INFO - File 3975: Filtered 12119720 hits and 7 records
2025-09-18 15:10:54,643 - INFO - Completed /viper/ptmp/arego/RC4K1_EN_100/6835.h5 in 38.89 seconds
2025-09-18 15:10:54,858 - INFO - Processing /viper/ptmp/arego/RC4K1/21865.h5
2025-09-18 15:10:55,348 - INFO - Completed /viper/ptmp/arego/RC4K1_EN_100/10057.h5 in 74.36 seconds
2025-09-18 15:10:55,501 - INFO - File 25326: Filtered 13414120 hits and 10 records
2025-09-18 15:10:55,615 - INFO - Processing /viper/ptmp/arego/RC4K1/1556.h5
2025-09-18 15:11:00,276 - INFO - File 21865: Filtered 17841668 hits and 11 records
2025-09-18 15:11:01,161 - INFO - File 1556: Filtered 17693927 hits and 9 records
2025-09-18 15:11:03,493 - INFO - Completed /viper/ptmp/arego/RC4K1_EN_100/20008.h5 in 81.79 seconds
2025-09-18 15:11:03,657 - INFO - Processing /viper/ptmp/arego/RC4K1/3648.h5
2025-09-18 15:11:06,332 - INFO - Completed /viper/ptmp/arego/RC4K1_EN_100/21012.h5 in 21.59 seconds
2025-09-18 15:11:06,490 - INFO - Processing /viper/ptmp/arego/RC4K1/26354.h5
2025-09-18 15:11:08,827 - INFO - File 3648: Filtered 14796842 hits and 9 records
2025-09-18 15:11:11,867 - INFO - File 26354: Filtered 15456444 hits and 6 records
2025-09-18 15:11:15,347 - INFO - Completed /viper/ptmp/arego/RC4K1_EN_100/4035.h5 in 69.59 seconds
2025-09-18 15:11:15,507 - INFO - Processing /viper/ptmp/arego/RC4K1/16498.h5
2025-09-18 15:11:20,752 - INFO - File 16498: Filtered 14304278 hits and 7 records
2025-09-18 15:11:30,958 - INFO - Completed /viper/ptmp/arego/RC4K1_EN_100/8159.h5 in 62.09 seconds
2025-09-18 15:11:31,123 - INFO - Processing /viper/ptmp/arego/RC4K1/17826.h5
2025-09-18 15:11:36,657 - INFO - File 17826: Filtered 5067786 hits and 5 records
2025-09-18 15:11:36,997 - INFO - Completed /viper/ptmp/arego/RC4K1_EN_100/1556.h5 in 41.38 seconds
2025-09-18 15:11:37,165 - INFO - Processing /viper/ptmp/arego/RC4K1/15927.h5
2025-09-18 15:11:38,073 - INFO - Completed /viper/ptmp/arego/RC4K1_EN_100/21865.h5 in 43.21 seconds
2025-09-18 15:11:38,220 - INFO - Processing /viper/ptmp/arego/RC4K1/23463.h5
2025-09-18 15:11:43,051 - INFO - File 15927: Filtered 11473017 hits and 9 records
2025-09-18 15:11:44,124 - INFO - File 23463: Filtered 17561422 hits and 5 records
2025-09-18 15:11:55,411 - INFO - Completed /viper/ptmp/arego/RC4K1_EN_100/25326.h5 in 65.50 seconds
2025-09-18 15:11:55,610 - INFO - Processing /viper/ptmp/arego/RC4K1/16744.h5
2025-09-18 15:11:56,131 - INFO - Completed /viper/ptmp/arego/RC4K1_EN_100/3975.h5 in 67.70 seconds
2025-09-18 15:11:56,293 - INFO - Processing /viper/ptmp/arego/RC4K1/78.h5
2025-09-18 15:12:01,017 - INFO - Completed /viper/ptmp/arego/RC4K1_EN_100/3648.h5 in 57.36 seconds
2025-09-18 15:12:01,206 - INFO - Processing /viper/ptmp/arego/RC4K1/18569.h5
2025-09-18 15:12:01,789 - INFO - File 16744: Filtered 14730895 hits and 7 records
2025-09-18 15:12:02,519 - INFO - File 78: Filtered 13759033 hits and 9 records
2025-09-18 15:12:04,337 - INFO - Completed /viper/ptmp/arego/RC4K1_EN_100/26354.h5 in 57.85 seconds
2025-09-18 15:12:04,508 - INFO - Processing /viper/ptmp/arego/RC4K1/6228.h5
2025-09-18 15:12:06,892 - INFO - File 18569: Filtered 16168687 hits and 8 records
2025-09-18 15:12:15,592 - INFO - Completed /viper/ptmp/arego/RC4K1_EN_100/16498.h5 in 60.09 seconds
2025-09-18 15:12:15,757 - INFO - Processing /viper/ptmp/arego/RC4K1/6800.h5
2025-09-18 15:12:21,989 - INFO - File 6800: Filtered 13124841 hits and 9 records
2025-09-18 15:12:30,263 - INFO - File 6228: Filtered 29121152 hits and 6 records
2025-09-18 15:12:32,396 - INFO - Completed /viper/ptmp/arego/RC4K1_EN_100/23463.h5 in 54.18 seconds
2025-09-18 15:12:32,632 - INFO - Processing /viper/ptmp/arego/RC4K1/869.h5
2025-09-18 15:12:38,681 - INFO - File 869: Filtered 26130745 hits and 10 records
2025-09-18 15:12:56,054 - INFO - Completed /viper/ptmp/arego/RC4K1_EN_100/869.h5 in 23.42 seconds
2025-09-18 15:12:56,205 - INFO - Processing /viper/ptmp/arego/RC4K1/26833.h5
2025-09-18 15:13:02,009 - INFO - Completed /viper/ptmp/arego/RC4K1_EN_100/15927.h5 in 84.84 seconds
2025-09-18 15:13:02,081 - INFO - File 26833: Filtered 16009566 hits and 8 records
2025-09-18 15:13:02,177 - INFO - Processing /viper/ptmp/arego/RC4K1/20785.h5
2025-09-18 15:13:04,396 - INFO - Completed /viper/ptmp/arego/RC4K1_EN_100/18569.h5 in 63.19 seconds
2025-09-18 15:13:04,554 - INFO - Processing /viper/ptmp/arego/RC4K1/14441.h5
2025-09-18 15:13:06,294 - INFO - Completed /viper/ptmp/arego/RC4K1_EN_100/16744.h5 in 70.68 seconds
2025-09-18 15:13:06,489 - INFO - Processing /viper/ptmp/arego/RC4K1/2440.h5
2025-09-18 15:13:08,214 - INFO - File 20785: Filtered 13825393 hits and 8 records
2025-09-18 15:13:10,692 - INFO - File 14441: Filtered 24799747 hits and 8 records
2025-09-18 15:13:12,462 - INFO - Completed /viper/ptmp/arego/RC4K1_EN_100/78.h5 in 76.17 seconds
2025-09-18 15:13:12,639 - INFO - Processing /viper/ptmp/arego/RC4K1/13872.h5
2025-09-18 15:13:12,830 - INFO - File 2440: Filtered 16549712 hits and 11 records
2025-09-18 15:13:18,397 - INFO - File 13872: Filtered 26402816 hits and 10 records
2025-09-18 15:13:21,417 - INFO - Completed /viper/ptmp/arego/RC4K1_EN_100/17826.h5 in 110.29 seconds
2025-09-18 15:13:21,582 - INFO - Processing /viper/ptmp/arego/RC4K1/26992.h5
2025-09-18 15:13:27,537 - INFO - File 26992: Filtered 12677418 hits and 8 records
2025-09-18 15:13:35,552 - INFO - Completed /viper/ptmp/arego/RC4K1_EN_100/6800.h5 in 79.80 seconds
2025-09-18 15:13:35,708 - INFO - Processing /viper/ptmp/arego/RC4K1/12480.h5
2025-09-18 15:13:36,283 - INFO - Completed /viper/ptmp/arego/RC4K1_EN_100/14441.h5 in 31.73 seconds
2025-09-18 15:13:36,478 - INFO - Processing /viper/ptmp/arego/RC4K1/19523.h5
2025-09-18 15:13:38,489 - INFO - Completed /viper/ptmp/arego/RC4K1_EN_100/13872.h5 in 25.85 seconds
2025-09-18 15:13:38,648 - INFO - Processing /viper/ptmp/arego/RC4K1/12355.h5
2025-09-18 15:13:42,310 - INFO - File 12480: Filtered 21698891 hits and 8 records
2025-09-18 15:13:43,084 - INFO - File 19523: Filtered 12492309 hits and 7 records
2025-09-18 15:13:45,518 - INFO - File 12355: Filtered 14086780 hits and 7 records
2025-09-18 15:14:05,384 - INFO - Completed /viper/ptmp/arego/RC4K1_EN_100/26833.h5 in 69.18 seconds
2025-09-18 15:14:05,548 - INFO - Processing /viper/ptmp/arego/RC4K1/691.h5
2025-09-18 15:14:11,661 - INFO - File 691: Filtered 28781158 hits and 9 records
2025-09-18 15:14:13,380 - INFO - Completed /viper/ptmp/arego/RC4K1_EN_100/2440.h5 in 66.89 seconds
2025-09-18 15:14:13,544 - INFO - Processing /viper/ptmp/arego/RC4K1/22706.h5
2025-09-18 15:14:19,405 - INFO - Completed /viper/ptmp/arego/RC4K1_EN_100/12480.h5 in 43.70 seconds
2025-09-18 15:14:19,620 - INFO - Processing /viper/ptmp/arego/RC4K1/13026.h5
2025-09-18 15:14:19,915 - INFO - File 22706: Filtered 18748875 hits and 9 records
2025-09-18 15:14:22,612 - INFO - Completed /viper/ptmp/arego/RC4K1_EN_100/20785.h5 in 80.43 seconds
2025-09-18 15:14:22,775 - INFO - Processing /viper/ptmp/arego/RC4K1/7137.h5
2025-09-18 15:14:26,031 - INFO - File 13026: Filtered 17554730 hits and 6 records
2025-09-18 15:14:29,288 - INFO - File 7137: Filtered 15257291 hits and 5 records
2025-09-18 15:14:29,527 - INFO - Completed /viper/ptmp/arego/RC4K1_EN_100/691.h5 in 23.98 seconds
2025-09-18 15:14:29,684 - INFO - Processing /viper/ptmp/arego/RC4K1/27098.h5
2025-09-18 15:14:36,056 - INFO - File 27098: Filtered 13475647 hits and 6 records
2025-09-18 15:14:47,295 - INFO - Completed /viper/ptmp/arego/RC4K1_EN_100/26992.h5 in 85.71 seconds
2025-09-18 15:14:47,517 - INFO - Processing /viper/ptmp/arego/RC4K1/9980.h5
2025-09-18 15:14:53,952 - INFO - File 9980: Filtered 17043739 hits and 7 records
2025-09-18 15:15:03,203 - INFO - Completed /viper/ptmp/arego/RC4K1_EN_100/19523.h5 in 86.73 seconds
2025-09-18 15:15:03,366 - INFO - Processing /viper/ptmp/arego/RC4K1/12539.h5
2025-09-18 15:15:03,895 - INFO - Completed /viper/ptmp/arego/RC4K1_EN_100/12355.h5 in 85.25 seconds
2025-09-18 15:15:04,051 - INFO - Processing /viper/ptmp/arego/RC4K1/26501.h5
2025-09-18 15:15:10,459 - INFO - File 12539: Filtered 15987507 hits and 5 records
2025-09-18 15:15:11,185 - INFO - File 26501: Filtered 16123790 hits and 8 records
2025-09-18 15:15:13,045 - INFO - Completed /viper/ptmp/arego/RC4K1_EN_100/22706.h5 in 59.50 seconds
2025-09-18 15:15:13,210 - INFO - Processing /viper/ptmp/arego/RC4K1/29783.h5
2025-09-18 15:15:19,693 - INFO - File 29783: Filtered 17423911 hits and 7 records
2025-09-18 15:15:27,053 - INFO - Completed /viper/ptmp/arego/RC4K1_EN_100/13026.h5 in 67.43 seconds
2025-09-18 15:15:27,215 - INFO - Processing /viper/ptmp/arego/RC4K1/28319.h5
2025-09-18 15:15:40,616 - INFO - File 28319: Filtered 13970080 hits and 6 records
2025-09-18 15:15:49,053 - INFO - Completed /viper/ptmp/arego/RC4K1_EN_100/7137.h5 in 86.28 seconds
2025-09-18 15:15:49,260 - INFO - Processing /viper/ptmp/arego/RC4K1/23815.h5
2025-09-18 15:15:55,941 - INFO - File 23815: Filtered 17042018 hits and 7 records
2025-09-18 15:16:01,234 - INFO - Completed /viper/ptmp/arego/RC4K1_EN_100/27098.h5 in 91.55 seconds
2025-09-18 15:16:01,394 - INFO - Processing /viper/ptmp/arego/RC4K1/25377.h5
2025-09-18 15:16:07,977 - INFO - File 25377: Filtered 22493108 hits and 7 records
2025-09-18 15:16:12,297 - INFO - Completed /viper/ptmp/arego/RC4K1_EN_100/9980.h5 in 84.78 seconds
2025-09-18 15:16:12,454 - INFO - Processing /viper/ptmp/arego/RC4K1/26250.h5
2025-09-18 15:16:19,028 - INFO - File 26250: Filtered 20865402 hits and 8 records
2025-09-18 15:16:27,745 - INFO - Completed /viper/ptmp/arego/RC4K1_EN_100/26501.h5 in 83.69 seconds
2025-09-18 15:16:27,940 - INFO - Processing /viper/ptmp/arego/RC4K1/19980.h5
2025-09-18 15:16:32,012 - INFO - Completed /viper/ptmp/arego/RC4K1_EN_100/12539.h5 in 88.65 seconds
2025-09-18 15:16:32,175 - INFO - Processing /viper/ptmp/arego/RC4K1/18927.h5
2025-09-18 15:16:34,709 - INFO - File 19980: Filtered 22150450 hits and 9 records
2025-09-18 15:16:38,955 - INFO - File 18927: Filtered 24088588 hits and 9 records
2025-09-18 15:16:39,157 - INFO - Completed /viper/ptmp/arego/RC4K1_EN_100/29783.h5 in 85.95 seconds
2025-09-18 15:16:39,348 - INFO - Processing /viper/ptmp/arego/RC4K1/16517.h5
2025-09-18 15:16:52,410 - INFO - File 16517: Filtered 9460870 hits and 6 records
2025-09-18 15:16:57,115 - INFO - Completed /viper/ptmp/arego/RC4K1_EN_100/25377.h5 in 55.72 seconds
2025-09-18 15:16:57,334 - INFO - Processing /viper/ptmp/arego/RC4K1/1660.h5
2025-09-18 15:17:04,309 - INFO - File 1660: Filtered 15399787 hits and 9 records
2025-09-18 15:17:07,195 - INFO - Completed /viper/ptmp/arego/RC4K1_EN_100/28319.h5 in 99.98 seconds
2025-09-18 15:17:07,357 - INFO - Processing /viper/ptmp/arego/RC4K1/13005.h5
2025-09-18 15:17:14,454 - INFO - File 13005: Filtered 20110794 hits and 8 records
2025-09-18 15:17:16,762 - INFO - Completed /viper/ptmp/arego/RC4K1_EN_100/23815.h5 in 87.50 seconds
2025-09-18 15:17:16,928 - INFO - Processing /viper/ptmp/arego/RC4K1/11782.h5
2025-09-18 15:17:18,312 - INFO - Completed /viper/ptmp/arego/RC4K1_EN_100/26250.h5 in 65.86 seconds
2025-09-18 15:17:18,467 - INFO - Processing /viper/ptmp/arego/RC4K1/4072.h5
2025-09-18 15:17:24,479 - INFO - File 11782: Filtered 7767542 hits and 8 records
2025-09-18 15:17:25,021 - INFO - Completed /viper/ptmp/arego/RC4K1_EN_100/18927.h5 in 52.85 seconds
2025-09-18 15:17:25,260 - INFO - Processing /viper/ptmp/arego/RC4K1/8562.h5
2025-09-18 15:17:26,022 - INFO - File 4072: Filtered 19112371 hits and 4 records
2025-09-18 15:17:28,101 - INFO - Completed /viper/ptmp/arego/RC4K1_EN_100/19980.h5 in 60.16 seconds
2025-09-18 15:17:28,291 - INFO - Processing /viper/ptmp/arego/RC4K1/27041.h5
2025-09-18 15:17:32,555 - INFO - File 8562: Filtered 21498107 hits and 8 records
2025-09-18 15:17:35,572 - INFO - File 27041: Filtered 16080582 hits and 7 records
2025-09-18 15:18:24,060 - INFO - Completed /viper/ptmp/arego/RC4K1_EN_100/13005.h5 in 76.70 seconds
2025-09-18 15:18:24,219 - INFO - Processing /viper/ptmp/arego/RC4K1/8731.h5
2025-09-18 15:18:30,614 - INFO - Completed /viper/ptmp/arego/RC4K1_EN_100/1660.h5 in 93.28 seconds
2025-09-18 15:18:30,903 - INFO - Processing /viper/ptmp/arego/RC4K1/22680.h5
2025-09-18 15:18:31,696 - INFO - File 8731: Filtered 13678770 hits and 6 records
2025-09-18 15:18:38,134 - INFO - File 22680: Filtered 26240096 hits and 10 records
2025-09-18 15:18:39,951 - INFO - Completed /viper/ptmp/arego/RC4K1_EN_100/8562.h5 in 74.69 seconds
2025-09-18 15:18:40,112 - INFO - Processing /viper/ptmp/arego/RC4K1/21084.h5
2025-09-18 15:18:41,028 - INFO - Completed /viper/ptmp/arego/RC4K1_EN_100/4072.h5 in 82.56 seconds
2025-09-18 15:18:41,224 - INFO - Processing /viper/ptmp/arego/RC4K1/3808.h5
2025-09-18 15:18:47,675 - INFO - File 21084: Filtered 31722715 hits and 10 records
2025-09-18 15:18:49,083 - INFO - File 3808: Filtered 24031172 hits and 9 records
2025-09-18 15:19:04,721 - INFO - Completed /viper/ptmp/arego/RC4K1_EN_100/27041.h5 in 96.43 seconds
2025-09-18 15:19:04,881 - INFO - Processing /viper/ptmp/arego/RC4K1/8943.h5
2025-09-18 15:19:12,233 - INFO - File 8943: Filtered 25508224 hits and 9 records
2025-09-18 15:19:13,189 - INFO - Completed /viper/ptmp/arego/RC4K1_EN_100/21084.h5 in 33.08 seconds
2025-09-18 15:19:13,357 - INFO - Processing /viper/ptmp/arego/RC4K1/6556.h5
2025-09-18 15:19:15,824 - INFO - Completed /viper/ptmp/arego/RC4K1_EN_100/6228.h5 in 431.32 seconds
2025-09-18 15:19:15,992 - INFO - Processing /viper/ptmp/arego/RC4K1/16622.h5
2025-09-18 15:19:20,732 - INFO - File 6556: Filtered 27727118 hits and 9 records
2025-09-18 15:19:20,834 - INFO - Completed /viper/ptmp/arego/RC4K1_EN_100/22680.h5 in 49.93 seconds
2025-09-18 15:19:21,035 - INFO - Processing /viper/ptmp/arego/RC4K1/9957.h5
2025-09-18 15:19:23,600 - INFO - File 16622: Filtered 21652857 hits and 7 records
2025-09-18 15:19:28,233 - INFO - Completed /viper/ptmp/arego/RC4K1_EN_100/11782.h5 in 131.30 seconds
2025-09-18 15:19:28,407 - INFO - Processing /viper/ptmp/arego/RC4K1/24077.h5
2025-09-18 15:19:28,856 - INFO - File 9957: Filtered 24890987 hits and 7 records
2025-09-18 15:19:35,924 - INFO - File 24077: Filtered 19971759 hits and 7 records
2025-09-18 15:19:47,920 - INFO - Completed /viper/ptmp/arego/RC4K1_EN_100/3808.h5 in 66.70 seconds
2025-09-18 15:19:48,080 - INFO - Processing /viper/ptmp/arego/RC4K1/25862.h5
2025-09-18 15:19:55,667 - INFO - File 25862: Filtered 22255321 hits and 9 records
2025-09-18 15:20:07,680 - INFO - Completed /viper/ptmp/arego/RC4K1_EN_100/8943.h5 in 62.80 seconds
2025-09-18 15:20:07,897 - INFO - Processing /viper/ptmp/arego/RC4K1/7433.h5
2025-09-18 15:20:09,986 - INFO - Completed /viper/ptmp/arego/RC4K1_EN_100/6556.h5 in 56.63 seconds
2025-09-18 15:20:10,185 - INFO - Processing /viper/ptmp/arego/RC4K1/7510.h5
2025-09-18 15:20:15,971 - INFO - File 7433: Filtered 17825208 hits and 7 records
2025-09-18 15:20:18,668 - INFO - File 7510: Filtered 20229143 hits and 8 records
2025-09-18 15:20:18,884 - INFO - Completed /viper/ptmp/arego/RC4K1_EN_100/8731.h5 in 114.67 seconds
2025-09-18 15:20:19,110 - INFO - Processing /viper/ptmp/arego/RC4K1/15476.h5
2025-09-18 15:20:26,986 - INFO - File 15476: Filtered 23270414 hits and 7 records
2025-09-18 15:20:27,394 - INFO - Completed /viper/ptmp/arego/RC4K1_EN_100/9957.h5 in 66.36 seconds
2025-09-18 15:20:27,599 - INFO - Processing /viper/ptmp/arego/RC4K1/25695.h5
2025-09-18 15:20:35,154 - INFO - Completed /viper/ptmp/arego/RC4K1_EN_100/16622.h5 in 79.16 seconds
2025-09-18 15:20:35,374 - INFO - Processing /viper/ptmp/arego/RC4K1/16851.h5
2025-09-18 15:20:35,646 - INFO - File 25695: Filtered 23870193 hits and 10 records
2025-09-18 15:20:37,273 - INFO - Completed /viper/ptmp/arego/RC4K1_EN_100/16517.h5 in 237.93 seconds
2025-09-18 15:20:37,508 - INFO - Processing /viper/ptmp/arego/RC4K1/21679.h5
2025-09-18 15:20:43,534 - INFO - File 16851: Filtered 21001299 hits and 9 records
2025-09-18 15:20:46,025 - INFO - File 21679: Filtered 19396369 hits and 7 records
2025-09-18 15:21:00,751 - INFO - Completed /viper/ptmp/arego/RC4K1_EN_100/24077.h5 in 92.34 seconds
2025-09-18 15:21:00,913 - INFO - Processing /viper/ptmp/arego/RC4K1/20586.h5
2025-09-18 15:21:09,025 - INFO - File 20586: Filtered 23099005 hits and 8 records
2025-09-18 15:21:12,680 - INFO - Completed /viper/ptmp/arego/RC4K1_EN_100/25862.h5 in 84.60 seconds
2025-09-18 15:21:12,841 - INFO - Processing /viper/ptmp/arego/RC4K1/10216.h5
2025-09-18 15:21:43,854 - INFO - Completed /viper/ptmp/arego/RC4K1_EN_100/15476.h5 in 84.74 seconds
2025-09-18 15:21:44,026 - INFO - Processing /viper/ptmp/arego/RC4K1/27474.h5
2025-09-18 15:21:49,269 - INFO - File 10216: Filtered 74891978 hits and 4 records
2025-09-18 15:21:52,766 - INFO - File 27474: Filtered 17652101 hits and 7 records
2025-09-18 15:21:52,968 - INFO - Completed /viper/ptmp/arego/RC4K1_EN_100/7433.h5 in 105.07 seconds
2025-09-18 15:21:53,207 - INFO - Processing /viper/ptmp/arego/RC4K1/22815.h5
2025-09-18 15:21:56,032 - INFO - Completed /viper/ptmp/arego/RC4K1_EN_100/7510.h5 in 105.85 seconds
2025-09-18 15:21:56,231 - INFO - Processing /viper/ptmp/arego/RC4K1/18568.h5
2025-09-18 15:21:56,845 - INFO - Completed /viper/ptmp/arego/RC4K1_EN_100/25695.h5 in 89.25 seconds
2025-09-18 15:21:57,070 - INFO - Processing /viper/ptmp/arego/RC4K1/2542.h5
2025-09-18 15:22:02,200 - INFO - File 22815: Filtered 18259371 hits and 9 records
2025-09-18 15:22:06,898 - INFO - File 18568: Filtered 18545974 hits and 8 records
2025-09-18 15:22:07,544 - INFO - File 2542: Filtered 17894604 hits and 5 records
2025-09-18 15:22:10,866 - INFO - Completed /viper/ptmp/arego/RC4K1_EN_100/16851.h5 in 95.49 seconds
2025-09-18 15:22:11,103 - INFO - Processing /viper/ptmp/arego/RC4K1/10472.h5
2025-09-18 15:22:19,562 - INFO - File 10472: Filtered 17319525 hits and 10 records
2025-09-18 15:22:21,559 - INFO - Completed /viper/ptmp/arego/RC4K1_EN_100/21679.h5 in 104.05 seconds
2025-09-18 15:22:21,729 - INFO - Processing /viper/ptmp/arego/RC4K1/22620.h5
2025-09-18 15:22:30,275 - INFO - File 22620: Filtered 34581027 hits and 8 records
2025-09-18 15:22:33,436 - INFO - Completed /viper/ptmp/arego/RC4K1_EN_100/20586.h5 in 92.52 seconds
2025-09-18 15:22:33,593 - INFO - Processing /viper/ptmp/arego/RC4K1/8363.h5
2025-09-18 15:22:42,320 - INFO - File 8363: Filtered 14545055 hits and 6 records
2025-09-18 15:23:10,640 - INFO - Completed /viper/ptmp/arego/RC4K1_EN_100/22620.h5 in 48.91 seconds
2025-09-18 15:23:10,840 - INFO - Processing /viper/ptmp/arego/RC4K1/6845.h5
2025-09-18 15:23:19,724 - INFO - File 6845: Filtered 29461023 hits and 6 records
2025-09-18 15:23:45,156 - INFO - Completed /viper/ptmp/arego/RC4K1_EN_100/27474.h5 in 121.13 seconds
2025-09-18 15:23:45,320 - INFO - Processing /viper/ptmp/arego/RC4K1/25271.h5
2025-09-18 15:23:49,571 - INFO - Completed /viper/ptmp/arego/RC4K1_EN_100/22815.h5 in 116.36 seconds
2025-09-18 15:23:49,734 - INFO - Processing /viper/ptmp/arego/RC4K1/17987.h5
2025-09-18 15:23:53,164 - INFO - Completed /viper/ptmp/arego/RC4K1_EN_100/18568.h5 in 116.93 seconds
2025-09-18 15:23:53,340 - INFO - Processing /viper/ptmp/arego/RC4K1/21623.h5
2025-09-18 15:23:54,288 - INFO - File 25271: Filtered 24272093 hits and 8 records
2025-09-18 15:23:59,060 - INFO - File 17987: Filtered 31798940 hits and 9 records
2025-09-18 15:24:00,544 - INFO - Completed /viper/ptmp/arego/RC4K1_EN_100/2542.h5 in 123.47 seconds
2025-09-18 15:24:00,818 - INFO - Processing /viper/ptmp/arego/RC4K1/7607.h5
2025-09-18 15:24:02,979 - INFO - File 21623: Filtered 24116971 hits and 7 records
2025-09-18 15:24:10,297 - INFO - File 7607: Filtered 33845015 hits and 10 records
2025-09-18 15:24:14,265 - INFO - Completed /viper/ptmp/arego/RC4K1_EN_100/10472.h5 in 123.16 seconds
2025-09-18 15:24:14,426 - INFO - Processing /viper/ptmp/arego/RC4K1/6822.h5
2025-09-18 15:24:23,758 - INFO - File 6822: Filtered 29282218 hits and 7 records
2025-09-18 15:24:33,820 - INFO - Completed /viper/ptmp/arego/RC4K1_EN_100/6845.h5 in 82.98 seconds
2025-09-18 15:24:33,982 - INFO - Processing /viper/ptmp/arego/RC4K1/15387.h5
2025-09-18 15:24:43,719 - INFO - File 15387: Filtered 9094843 hits and 7 records
2025-09-18 15:25:02,180 - INFO - Completed /viper/ptmp/arego/RC4K1_EN_100/8363.h5 in 148.59 seconds
2025-09-18 15:25:02,398 - INFO - Processing /viper/ptmp/arego/RC4K1/25516.h5
2025-09-18 15:25:06,120 - INFO - Completed /viper/ptmp/arego/RC4K1_EN_100/17987.h5 in 76.39 seconds
2025-09-18 15:25:06,283 - INFO - Processing /viper/ptmp/arego/RC4K1/16245.h5
2025-09-18 15:25:08,962 - INFO - Completed /viper/ptmp/arego/RC4K1_EN_100/7607.h5 in 68.14 seconds
2025-09-18 15:25:09,146 - INFO - Processing /viper/ptmp/arego/RC4K1/14768.h5
2025-09-18 15:25:12,068 - INFO - File 25516: Filtered 19178437 hits and 6 records
2025-09-18 15:25:16,665 - INFO - File 16245: Filtered 41606263 hits and 10 records
2025-09-18 15:25:19,878 - INFO - File 14768: Filtered 28060774 hits and 10 records
2025-09-18 15:25:29,994 - INFO - Completed /viper/ptmp/arego/RC4K1_EN_100/25271.h5 in 104.67 seconds
2025-09-18 15:25:30,156 - INFO - Processing /viper/ptmp/arego/RC4K1/2131.h5
2025-09-18 15:25:40,310 - INFO - File 2131: Filtered 16595563 hits and 6 records
2025-09-18 15:25:47,727 - INFO - Completed /viper/ptmp/arego/RC4K1_EN_100/6822.h5 in 93.30 seconds
2025-09-18 15:25:47,888 - INFO - Processing /viper/ptmp/arego/RC4K1/2711.h5
2025-09-18 15:25:50,574 - INFO - Completed /viper/ptmp/arego/RC4K1_EN_100/21623.h5 in 117.23 seconds
2025-09-18 15:25:50,730 - INFO - Processing /viper/ptmp/arego/RC4K1/17046.h5
2025-09-18 15:25:57,350 - INFO - Completed /viper/ptmp/arego/RC4K1_EN_100/16245.h5 in 51.07 seconds
2025-09-18 15:25:57,548 - INFO - Processing /viper/ptmp/arego/RC4K1/13833.h5
2025-09-18 15:25:58,222 - INFO - File 2711: Filtered 33085069 hits and 7 records
2025-09-18 15:26:01,255 - INFO - File 17046: Filtered 32028959 hits and 8 records
2025-09-18 15:26:08,129 - INFO - File 13833: Filtered 25705713 hits and 11 records
2025-09-18 15:27:03,177 - INFO - Completed /viper/ptmp/arego/RC4K1_EN_100/14768.h5 in 114.03 seconds
2025-09-18 15:27:03,384 - INFO - Processing /viper/ptmp/arego/RC4K1/12279.h5
2025-09-18 15:27:14,142 - INFO - File 12279: Filtered 28901335 hits and 10 records
2025-09-18 15:27:23,240 - INFO - Completed /viper/ptmp/arego/RC4K1_EN_100/2711.h5 in 95.35 seconds
2025-09-18 15:27:23,405 - INFO - Processing /viper/ptmp/arego/RC4K1/4864.h5
2025-09-18 15:27:27,155 - INFO - Completed /viper/ptmp/arego/RC4K1_EN_100/25516.h5 in 144.76 seconds
2025-09-18 15:27:27,357 - INFO - Processing /viper/ptmp/arego/RC4K1/4403.h5
2025-09-18 15:27:31,917 - INFO - Completed /viper/ptmp/arego/RC4K1_EN_100/17046.h5 in 101.19 seconds
2025-09-18 15:27:32,104 - INFO - Processing /viper/ptmp/arego/RC4K1/6750.h5
2025-09-18 15:27:34,276 - INFO - File 4864: Filtered 20990459 hits and 9 records
2025-09-18 15:27:38,942 - INFO - File 4403: Filtered 26149619 hits and 11 records
2025-09-18 15:27:42,986 - INFO - Completed /viper/ptmp/arego/RC4K1_EN_100/15387.h5 in 189.00 seconds
2025-09-18 15:27:43,175 - INFO - Processing /viper/ptmp/arego/RC4K1/24004.h5
2025-09-18 15:27:43,822 - INFO - File 6750: Filtered 25550354 hits and 8 records
2025-09-18 15:27:54,132 - INFO - File 24004: Filtered 31514143 hits and 8 records
2025-09-18 15:28:09,553 - INFO - Completed /viper/ptmp/arego/RC4K1_EN_100/13833.h5 in 132.01 seconds
2025-09-18 15:28:09,756 - INFO - Processing /viper/ptmp/arego/RC4K1/1371.h5
2025-09-18 15:28:11,067 - INFO - Completed /viper/ptmp/arego/RC4K1_EN_100/2131.h5 in 160.91 seconds
2025-09-18 15:28:11,286 - INFO - Processing /viper/ptmp/arego/RC4K1/5123.h5
2025-09-18 15:28:21,586 - INFO - File 1371: Filtered 25427905 hits and 9 records
2025-09-18 15:28:23,463 - INFO - File 5123: Filtered 25624670 hits and 8 records
2025-09-18 15:29:09,931 - INFO - Completed /viper/ptmp/arego/RC4K1_EN_100/10216.h5 in 477.09 seconds
2025-09-18 15:29:10,144 - INFO - Processing /viper/ptmp/arego/RC4K1/9800.h5
2025-09-18 15:29:11,205 - INFO - Completed /viper/ptmp/arego/RC4K1_EN_100/12279.h5 in 127.82 seconds
2025-09-18 15:29:11,364 - INFO - Processing /viper/ptmp/arego/RC4K1/26558.h5
2025-09-18 15:29:22,686 - INFO - File 9800: Filtered 31514723 hits and 10 records
2025-09-18 15:29:24,150 - INFO - File 26558: Filtered 23931311 hits and 7 records
2025-09-18 15:29:49,416 - INFO - Completed /viper/ptmp/arego/RC4K1_EN_100/4403.h5 in 142.06 seconds
2025-09-18 15:29:49,593 - INFO - Processing /viper/ptmp/arego/RC4K1/22649.h5
2025-09-18 15:29:52,315 - INFO - Completed /viper/ptmp/arego/RC4K1_EN_100/24004.h5 in 129.14 seconds
2025-09-18 15:29:52,479 - INFO - Processing /viper/ptmp/arego/RC4K1/11799.h5
2025-09-18 15:30:01,550 - INFO - File 22649: Filtered 50402658 hits and 10 records
2025-09-18 15:30:05,455 - INFO - File 11799: Filtered 22992605 hits and 9 records
2025-09-18 15:30:06,707 - INFO - Completed /viper/ptmp/arego/RC4K1_EN_100/6750.h5 in 154.60 seconds
2025-09-18 15:30:06,870 - INFO - Processing /viper/ptmp/arego/RC4K1/20356.h5
2025-09-18 15:30:13,367 - INFO - Completed /viper/ptmp/arego/RC4K1_EN_100/4864.h5 in 169.96 seconds
2025-09-18 15:30:13,529 - INFO - Processing /viper/ptmp/arego/RC4K1/5363.h5
2025-09-18 15:30:19,137 - INFO - File 20356: Filtered 33520631 hits and 6 records
2025-09-18 15:30:26,579 - INFO - File 5363: Filtered 40501519 hits and 10 records
2025-09-18 15:30:47,041 - INFO - Completed /viper/ptmp/arego/RC4K1_EN_100/1371.h5 in 157.29 seconds
2025-09-18 15:30:47,207 - INFO - Processing /viper/ptmp/arego/RC4K1/6870.h5
2025-09-18 15:30:51,854 - INFO - Completed /viper/ptmp/arego/RC4K1_EN_100/5123.h5 in 160.57 seconds
2025-09-18 15:30:52,020 - INFO - Processing /viper/ptmp/arego/RC4K1/1299.h5
2025-09-18 15:30:55,490 - INFO - Completed /viper/ptmp/arego/RC4K1_EN_100/22649.h5 in 65.90 seconds
2025-09-18 15:30:55,652 - INFO - Processing /viper/ptmp/arego/RC4K1/24140.h5
2025-09-18 15:31:00,392 - INFO - File 6870: Filtered 38468062 hits and 10 records
2025-09-18 15:31:06,242 - INFO - File 1299: Filtered 38280446 hits and 8 records
2025-09-18 15:31:10,154 - INFO - File 24140: Filtered 25949069 hits and 7 records
2025-09-18 15:31:33,073 - INFO - Completed /viper/ptmp/arego/RC4K1_EN_100/9800.h5 in 142.93 seconds
2025-09-18 15:31:33,268 - INFO - Processing /viper/ptmp/arego/RC4K1/28257.h5
2025-09-18 15:31:46,936 - INFO - File 28257: Filtered 39526230 hits and 8 records
2025-09-18 15:32:06,531 - INFO - Completed /viper/ptmp/arego/RC4K1_EN_100/26558.h5 in 175.17 seconds
2025-09-18 15:32:06,694 - INFO - Processing /viper/ptmp/arego/RC4K1/2420.h5
2025-09-18 15:32:20,357 - INFO - File 2420: Filtered 39035504 hits and 6 records
2025-09-18 15:32:21,982 - INFO - Completed /viper/ptmp/arego/RC4K1_EN_100/5363.h5 in 128.45 seconds
2025-09-18 15:32:22,203 - INFO - Processing /viper/ptmp/arego/RC4K1/13960.h5
2025-09-18 15:32:36,222 - INFO - File 13960: Filtered 36225197 hits and 9 records
2025-09-18 15:32:37,666 - INFO - Completed /viper/ptmp/arego/RC4K1_EN_100/20356.h5 in 150.80 seconds
2025-09-18 15:32:37,885 - INFO - Processing /viper/ptmp/arego/RC4K1/4247.h5
2025-09-18 15:32:52,365 - INFO - File 4247: Filtered 26834169 hits and 8 records
2025-09-18 15:33:09,898 - INFO - Completed /viper/ptmp/arego/RC4K1_EN_100/11799.h5 in 197.42 seconds
2025-09-18 15:33:10,062 - INFO - Processing /viper/ptmp/arego/RC4K1/20009.h5
2025-09-18 15:33:16,767 - INFO - Completed /viper/ptmp/arego/RC4K1_EN_100/6870.h5 in 149.56 seconds
2025-09-18 15:33:16,987 - INFO - Processing /viper/ptmp/arego/RC4K1/15269.h5
2025-09-18 15:33:24,651 - INFO - File 20009: Filtered 35173922 hits and 5 records
2025-09-18 15:33:32,495 - INFO - Completed /viper/ptmp/arego/RC4K1_EN_100/1299.h5 in 160.47 seconds
2025-09-18 15:33:32,663 - INFO - Processing /viper/ptmp/arego/RC4K1/22361.h5
2025-09-18 15:33:32,831 - INFO - File 15269: Filtered 56762637 hits and 12 records
2025-09-18 15:33:48,482 - INFO - File 22361: Filtered 53419996 hits and 6 records
2025-09-18 15:34:12,208 - INFO - Completed /viper/ptmp/arego/RC4K1_EN_100/28257.h5 in 158.94 seconds
2025-09-18 15:34:12,369 - INFO - Processing /viper/ptmp/arego/RC4K1/17160.h5
2025-09-18 15:34:28,491 - INFO - File 17160: Filtered 46160135 hits and 7 records
2025-09-18 15:34:31,957 - INFO - Completed /viper/ptmp/arego/RC4K1_EN_100/24140.h5 in 216.30 seconds
2025-09-18 15:34:32,128 - INFO - Processing /viper/ptmp/arego/RC4K1/11418.h5
2025-09-18 15:34:47,876 - INFO - Completed /viper/ptmp/arego/RC4K1_EN_100/2420.h5 in 161.18 seconds
2025-09-18 15:34:48,045 - INFO - Processing /viper/ptmp/arego/RC4K1/18421.h5
2025-09-18 15:34:48,160 - INFO - File 11418: Filtered 55632476 hits and 9 records
2025-09-18 15:35:05,447 - INFO - File 18421: Filtered 34184727 hits and 9 records
2025-09-18 15:35:18,756 - INFO - Completed /viper/ptmp/arego/RC4K1_EN_100/15269.h5 in 121.77 seconds
2025-09-18 15:35:18,916 - INFO - Processing /viper/ptmp/arego/RC4K1/23235.h5
2025-09-18 15:35:22,063 - INFO - Completed /viper/ptmp/arego/RC4K1_EN_100/13960.h5 in 179.86 seconds
2025-09-18 15:35:22,229 - INFO - Processing /viper/ptmp/arego/RC4K1/27125.h5
2025-09-18 15:35:36,733 - INFO - File 23235: Filtered 52279071 hits and 10 records
2025-09-18 15:35:40,425 - INFO - File 27125: Filtered 44032640 hits and 9 records
2025-09-18 15:36:05,012 - INFO - Completed /viper/ptmp/arego/RC4K1_EN_100/22361.h5 in 152.35 seconds
2025-09-18 15:36:05,176 - INFO - Processing /viper/ptmp/arego/RC4K1/25562.h5
2025-09-18 15:36:22,487 - INFO - File 25562: Filtered 49215014 hits and 10 records
2025-09-18 15:36:24,562 - INFO - Completed /viper/ptmp/arego/RC4K1_EN_100/20009.h5 in 194.50 seconds
2025-09-18 15:36:24,740 - INFO - Processing /viper/ptmp/arego/RC4K1/22936.h5
2025-09-18 15:36:28,219 - INFO - Completed /viper/ptmp/arego/RC4K1_EN_100/4247.h5 in 230.33 seconds
2025-09-18 15:36:28,386 - INFO - Processing /viper/ptmp/arego/RC4K1/15680.h5
2025-09-18 15:36:47,897 - INFO - File 22936: Filtered 43112302 hits and 9 records
2025-09-18 15:36:51,323 - INFO - File 15680: Filtered 21321691 hits and 7 records
2025-09-18 15:37:04,574 - INFO - Completed /viper/ptmp/arego/RC4K1_EN_100/11418.h5 in 152.45 seconds
2025-09-18 15:37:04,738 - INFO - Processing /viper/ptmp/arego/RC4K1/20142.h5
2025-09-18 15:37:26,795 - INFO - File 20142: Filtered 78427337 hits and 10 records
2025-09-18 15:37:27,708 - INFO - Completed /viper/ptmp/arego/RC4K1_EN_100/17160.h5 in 195.34 seconds
2025-09-18 15:37:27,883 - INFO - Processing /viper/ptmp/arego/RC4K1/6188.h5
2025-09-18 15:38:01,845 - INFO - File 6188: Filtered 48952793 hits and 7 records
2025-09-18 15:38:27,975 - INFO - Completed /viper/ptmp/arego/RC4K1_EN_100/23235.h5 in 189.06 seconds
2025-09-18 15:38:28,131 - INFO - Processing /viper/ptmp/arego/RC4K1/1010.h5
2025-09-18 15:38:57,361 - INFO - File 1010: Filtered 69817283 hits and 8 records
2025-09-18 15:39:12,111 - INFO - Completed /viper/ptmp/arego/RC4K1_EN_100/27125.h5 in 229.88 seconds
2025-09-18 15:39:14,571 - INFO - Completed /viper/ptmp/arego/RC4K1_EN_100/18421.h5 in 266.53 seconds
2025-09-18 15:39:33,378 - INFO - Completed /viper/ptmp/arego/RC4K1_EN_100/25562.h5 in 208.20 seconds
2025-09-18 15:40:15,588 - INFO - Completed /viper/ptmp/arego/RC4K1_EN_100/20142.h5 in 190.85 seconds
2025-09-18 15:41:13,131 - INFO - Completed /viper/ptmp/arego/RC4K1_EN_100/22936.h5 in 288.39 seconds
2025-09-18 15:43:13,227 - INFO - Completed /viper/ptmp/arego/RC4K1_EN_100/15680.h5 in 404.84 seconds
2025-09-18 15:44:55,079 - INFO - Completed /viper/ptmp/arego/RC4K1_EN_100/1010.h5 in 386.95 seconds
2025-09-18 15:46:16,217 - INFO - Completed /viper/ptmp/arego/RC4K1_EN_100/6188.h5 in 528.33 seconds
