2025-09-19 05:01:19,321 - INFO - Loaded skip configuration: 0 files to skip entirely, 35364 files with partial record skips
2025-09-19 05:01:20,333 - INFO - Processing /viper/ptmp/arego/RC4K1/26563.h5
2025-09-19 05:01:20,828 - INFO - File 26563: Filtered 1049046 hits and 6 records
2025-09-19 05:01:21,034 - INFO - Processing /viper/ptmp/arego/RC4K1/15893.h5
2025-09-19 05:01:21,161 - INFO - Completed /viper/ptmp/arego/RC4K1_1/26563.h5 in 0.83 seconds
2025-09-19 05:01:21,704 - INFO - File 15893: Filtered 1068389 hits and 5 records
2025-09-19 05:01:21,707 - INFO - Processing /viper/ptmp/arego/RC4K1/14610.h5
2025-09-19 05:01:22,450 - INFO - File 14610: Filtered 1612132 hits and 5 records
2025-09-19 05:01:22,481 - INFO - Completed /viper/ptmp/arego/RC4K1_1/15893.h5 in 1.45 seconds
2025-09-19 05:01:22,518 - INFO - Processing /viper/ptmp/arego/RC4K1/28966.h5
2025-09-19 05:01:22,990 - INFO - Completed /viper/ptmp/arego/RC4K1_1/14610.h5 in 1.28 seconds
2025-09-19 05:01:23,298 - INFO - Processing /viper/ptmp/arego/RC4K1/12190.h5
2025-09-19 05:01:23,308 - INFO - File 28966: Filtered 2057831 hits and 8 records
2025-09-19 05:01:23,800 - INFO - Completed /viper/ptmp/arego/RC4K1_1/28966.h5 in 1.28 seconds
2025-09-19 05:01:24,017 - INFO - Processing /viper/ptmp/arego/RC4K1/8234.h5
2025-09-19 05:01:24,439 - INFO - File 12190: Filtered 426488 hits and 2 records
2025-09-19 05:01:24,803 - INFO - Processing /viper/ptmp/arego/RC4K1/7614.h5
2025-09-19 05:01:25,098 - INFO - File 8234: Filtered 3031183 hits and 5 records
2025-09-19 05:01:25,615 - INFO - Processing /viper/ptmp/arego/RC4K1/10387.h5
2025-09-19 05:01:25,821 - INFO - Completed /viper/ptmp/arego/RC4K1_1/8234.h5 in 1.80 seconds
2025-09-19 05:01:25,910 - INFO - Completed /viper/ptmp/arego/RC4K1_1/12190.h5 in 2.61 seconds
2025-09-19 05:01:26,085 - INFO - File 7614: Filtered 4021813 hits and 8 records
2025-09-19 05:01:26,542 - INFO - Completed /viper/ptmp/arego/RC4K1_1/7614.h5 in 1.74 seconds
2025-09-19 05:01:26,564 - INFO - Processing /viper/ptmp/arego/RC4K1/22740.h5
2025-09-19 05:01:27,312 - INFO - File 10387: Filtered 3535952 hits and 6 records
2025-09-19 05:01:27,772 - INFO - Processing /viper/ptmp/arego/RC4K1/27444.h5
2025-09-19 05:01:28,099 - INFO - Completed /viper/ptmp/arego/RC4K1_1/10387.h5 in 2.48 seconds
2025-09-19 05:01:28,281 - INFO - File 22740: Filtered 2596953 hits and 6 records
2025-09-19 05:01:28,915 - INFO - Processing /viper/ptmp/arego/RC4K1/19913.h5
2025-09-19 05:01:29,334 - INFO - Completed /viper/ptmp/arego/RC4K1_1/22740.h5 in 2.77 seconds
2025-09-19 05:01:29,416 - INFO - File 27444: Filtered 2339378 hits and 6 records
2025-09-19 05:01:30,013 - INFO - Processing /viper/ptmp/arego/RC4K1/14612.h5
2025-09-19 05:01:30,484 - INFO - File 19913: Filtered 2780021 hits and 6 records
2025-09-19 05:01:30,544 - INFO - Completed /viper/ptmp/arego/RC4K1_1/27444.h5 in 2.77 seconds
2025-09-19 05:01:31,083 - INFO - Processing /viper/ptmp/arego/RC4K1/21025.h5
2025-09-19 05:01:31,403 - INFO - Completed /viper/ptmp/arego/RC4K1_1/19913.h5 in 2.49 seconds
2025-09-19 05:01:31,611 - INFO - File 14612: Filtered 4329488 hits and 4 records
2025-09-19 05:01:31,962 - INFO - Processing /viper/ptmp/arego/RC4K1/29964.h5
2025-09-19 05:01:32,327 - INFO - Completed /viper/ptmp/arego/RC4K1_1/14612.h5 in 2.31 seconds
2025-09-19 05:01:32,758 - INFO - File 21025: Filtered 1501497 hits and 7 records
2025-09-19 05:01:32,865 - INFO - Processing /viper/ptmp/arego/RC4K1/24488.h5
2025-09-19 05:01:33,641 - INFO - File 29964: Filtered 2594957 hits and 7 records
2025-09-19 05:01:33,754 - INFO - Processing /viper/ptmp/arego/RC4K1/21178.h5
2025-09-19 05:01:34,497 - INFO - File 24488: Filtered 1156194 hits and 5 records
2025-09-19 05:01:34,580 - INFO - Processing /viper/ptmp/arego/RC4K1/18305.h5
2025-09-19 05:01:35,104 - INFO - Completed /viper/ptmp/arego/RC4K1_1/29964.h5 in 3.14 seconds
2025-09-19 05:01:35,199 - INFO - Completed /viper/ptmp/arego/RC4K1_1/21025.h5 in 4.12 seconds
2025-09-19 05:01:35,610 - INFO - Processing /viper/ptmp/arego/RC4K1/1855.h5
2025-09-19 05:01:35,672 - INFO - File 21178: Filtered 5141607 hits and 5 records
2025-09-19 05:01:36,440 - INFO - Completed /viper/ptmp/arego/RC4K1_1/21178.h5 in 2.69 seconds
2025-09-19 05:01:36,536 - INFO - Processing /viper/ptmp/arego/RC4K1/16330.h5
2025-09-19 05:01:36,543 - INFO - File 18305: Filtered 4497119 hits and 7 records
2025-09-19 05:01:36,808 - INFO - Completed /viper/ptmp/arego/RC4K1_1/24488.h5 in 3.94 seconds
2025-09-19 05:01:37,399 - INFO - File 1855: Filtered 4449861 hits and 6 records
2025-09-19 05:01:37,624 - INFO - Completed /viper/ptmp/arego/RC4K1_1/18305.h5 in 3.04 seconds
2025-09-19 05:01:37,679 - INFO - Processing /viper/ptmp/arego/RC4K1/3731.h5
2025-09-19 05:01:38,299 - INFO - File 16330: Filtered 2708682 hits and 8 records
2025-09-19 05:01:38,364 - INFO - Completed /viper/ptmp/arego/RC4K1_1/1855.h5 in 2.75 seconds
2025-09-19 05:01:38,661 - INFO - Processing /viper/ptmp/arego/RC4K1/27895.h5
2025-09-19 05:01:39,364 - INFO - Processing /viper/ptmp/arego/RC4K1/8504.h5
2025-09-19 05:01:39,936 - INFO - Completed /viper/ptmp/arego/RC4K1_1/16330.h5 in 3.40 seconds
2025-09-19 05:01:40,269 - INFO - Processing /viper/ptmp/arego/RC4K1/22713.h5
2025-09-19 05:01:40,423 - INFO - File 3731: Filtered 5221772 hits and 6 records
2025-09-19 05:01:40,582 - INFO - File 27895: Filtered 5058919 hits and 8 records
2025-09-19 05:01:41,149 - INFO - Processing /viper/ptmp/arego/RC4K1/13495.h5
2025-09-19 05:01:41,495 - INFO - File 8504: Filtered 3379801 hits and 7 records
2025-09-19 05:01:41,728 - INFO - Completed /viper/ptmp/arego/RC4K1_1/27895.h5 in 3.07 seconds
2025-09-19 05:01:41,730 - INFO - Completed /viper/ptmp/arego/RC4K1_1/3731.h5 in 4.05 seconds
2025-09-19 05:01:42,363 - INFO - Processing /viper/ptmp/arego/RC4K1/4950.h5
2025-09-19 05:01:42,791 - INFO - File 22713: Filtered 6043535 hits and 6 records
2025-09-19 05:01:43,472 - INFO - Processing /viper/ptmp/arego/RC4K1/13088.h5
2025-09-19 05:01:43,605 - INFO - Completed /viper/ptmp/arego/RC4K1_1/8504.h5 in 4.24 seconds
2025-09-19 05:01:43,941 - INFO - File 13495: Filtered 6061402 hits and 9 records
2025-09-19 05:01:43,986 - INFO - Completed /viper/ptmp/arego/RC4K1_1/22713.h5 in 3.72 seconds
2025-09-19 05:01:44,570 - INFO - Processing /viper/ptmp/arego/RC4K1/17319.h5
2025-09-19 05:01:44,877 - INFO - Completed /viper/ptmp/arego/RC4K1_1/13495.h5 in 3.73 seconds
2025-09-19 05:01:44,996 - INFO - File 4950: Filtered 4672861 hits and 6 records
2025-09-19 05:01:45,852 - INFO - Processing /viper/ptmp/arego/RC4K1/16379.h5
2025-09-19 05:01:45,998 - INFO - File 13088: Filtered 4612419 hits and 4 records
2025-09-19 05:01:46,455 - INFO - Completed /viper/ptmp/arego/RC4K1_1/4950.h5 in 4.09 seconds
2025-09-19 05:01:46,957 - INFO - Processing /viper/ptmp/arego/RC4K1/16652.h5
2025-09-19 05:01:47,696 - INFO - Completed /viper/ptmp/arego/RC4K1_1/13088.h5 in 4.22 seconds
2025-09-19 05:01:48,924 - INFO - Processing /viper/ptmp/arego/RC4K1/10948.h5
2025-09-19 05:01:49,158 - INFO - File 17319: Filtered 7025233 hits and 7 records
2025-09-19 05:01:49,980 - INFO - File 16652: Filtered 4957471 hits and 5 records
2025-09-19 05:01:50,090 - INFO - Completed /viper/ptmp/arego/RC4K1_1/17319.h5 in 5.52 seconds
2025-09-19 05:01:50,175 - INFO - Processing /viper/ptmp/arego/RC4K1/8358.h5
2025-09-19 05:01:50,936 - INFO - Processing /viper/ptmp/arego/RC4K1/27827.h5
2025-09-19 05:01:51,551 - INFO - Completed /viper/ptmp/arego/RC4K1_1/16652.h5 in 4.59 seconds
2025-09-19 05:01:51,719 - INFO - File 16379: Filtered 4883915 hits and 6 records
2025-09-19 05:01:51,812 - INFO - Processing /viper/ptmp/arego/RC4K1/19731.h5
2025-09-19 05:01:52,593 - INFO - File 8358: Filtered 7108469 hits and 5 records
2025-09-19 05:01:52,798 - INFO - Processing /viper/ptmp/arego/RC4K1/8112.h5
2025-09-19 05:01:53,122 - INFO - File 10948: Filtered 4926209 hits and 9 records
2025-09-19 05:01:53,602 - INFO - Completed /viper/ptmp/arego/RC4K1_1/16379.h5 in 7.75 seconds
2025-09-19 05:01:53,628 - INFO - File 27827: Filtered 4117346 hits and 4 records
2025-09-19 05:01:53,713 - INFO - Completed /viper/ptmp/arego/RC4K1_1/8358.h5 in 3.54 seconds
2025-09-19 05:01:53,831 - INFO - Processing /viper/ptmp/arego/RC4K1/20286.h5
2025-09-19 05:01:54,818 - INFO - File 19731: Filtered 2694812 hits and 4 records
2025-09-19 05:01:54,881 - INFO - Processing /viper/ptmp/arego/RC4K1/18075.h5
2025-09-19 05:01:55,376 - INFO - Completed /viper/ptmp/arego/RC4K1_1/10948.h5 in 6.45 seconds
2025-09-19 05:01:55,977 - INFO - File 8112: Filtered 3879639 hits and 6 records
2025-09-19 05:01:55,988 - INFO - Completed /viper/ptmp/arego/RC4K1_1/27827.h5 in 5.05 seconds
2025-09-19 05:01:56,037 - INFO - Processing /viper/ptmp/arego/RC4K1/15886.h5
2025-09-19 05:01:56,966 - INFO - Processing /viper/ptmp/arego/RC4K1/21515.h5
2025-09-19 05:01:57,187 - INFO - File 20286: Filtered 6291932 hits and 6 records
2025-09-19 05:01:57,873 - INFO - File 18075: Filtered 5263234 hits and 5 records
2025-09-19 05:01:57,934 - INFO - Completed /viper/ptmp/arego/RC4K1_1/19731.h5 in 6.12 seconds
2025-09-19 05:01:58,117 - INFO - Processing /viper/ptmp/arego/RC4K1/3936.h5
2025-09-19 05:01:58,604 - INFO - Completed /viper/ptmp/arego/RC4K1_1/8112.h5 in 5.81 seconds
2025-09-19 05:01:58,661 - INFO - Completed /viper/ptmp/arego/RC4K1_1/20286.h5 in 4.83 seconds
2025-09-19 05:01:59,088 - INFO - Processing /viper/ptmp/arego/RC4K1/19091.h5
2025-09-19 05:01:59,208 - INFO - File 15886: Filtered 3924075 hits and 5 records
2025-09-19 05:01:59,777 - INFO - Completed /viper/ptmp/arego/RC4K1_1/18075.h5 in 4.90 seconds
2025-09-19 05:01:59,802 - INFO - File 21515: Filtered 6395259 hits and 9 records
2025-09-19 05:02:00,162 - INFO - Processing /viper/ptmp/arego/RC4K1/20494.h5
2025-09-19 05:02:01,358 - INFO - File 3936: Filtered 8156313 hits and 6 records
2025-09-19 05:02:01,364 - INFO - Processing /viper/ptmp/arego/RC4K1/14417.h5
2025-09-19 05:02:01,546 - INFO - Completed /viper/ptmp/arego/RC4K1_1/21515.h5 in 4.58 seconds
2025-09-19 05:02:02,125 - INFO - Completed /viper/ptmp/arego/RC4K1_1/15886.h5 in 6.09 seconds
2025-09-19 05:02:02,485 - INFO - Processing /viper/ptmp/arego/RC4K1/26072.h5
2025-09-19 05:02:02,575 - INFO - Completed /viper/ptmp/arego/RC4K1_1/3936.h5 in 4.46 seconds
2025-09-19 05:02:03,098 - INFO - File 19091: Filtered 4561613 hits and 8 records
2025-09-19 05:02:03,536 - INFO - Processing /viper/ptmp/arego/RC4K1/6816.h5
2025-09-19 05:02:04,285 - INFO - File 20494: Filtered 6752079 hits and 6 records
2025-09-19 05:02:04,661 - INFO - Processing /viper/ptmp/arego/RC4K1/19601.h5
2025-09-19 05:02:05,713 - INFO - Processing /viper/ptmp/arego/RC4K1/6698.h5
2025-09-19 05:02:06,118 - INFO - Completed /viper/ptmp/arego/RC4K1_1/19091.h5 in 7.03 seconds
2025-09-19 05:02:06,803 - INFO - File 14417: Filtered 6430013 hits and 8 records
2025-09-19 05:02:06,835 - INFO - Completed /viper/ptmp/arego/RC4K1_1/20494.h5 in 6.67 seconds
2025-09-19 05:02:06,896 - INFO - Processing /viper/ptmp/arego/RC4K1/28433.h5
2025-09-19 05:02:07,449 - INFO - File 26072: Filtered 7887503 hits and 7 records
2025-09-19 05:02:07,986 - INFO - Processing /viper/ptmp/arego/RC4K1/2269.h5
2025-09-19 05:02:08,553 - INFO - File 6816: Filtered 7301890 hits and 8 records
2025-09-19 05:02:09,303 - INFO - Processing /viper/ptmp/arego/RC4K1/3442.h5
2025-09-19 05:02:09,467 - INFO - Completed /viper/ptmp/arego/RC4K1_1/14417.h5 in 8.10 seconds
2025-09-19 05:02:10,262 - INFO - Completed /viper/ptmp/arego/RC4K1_1/26072.h5 in 7.78 seconds
2025-09-19 05:02:10,474 - INFO - Processing /viper/ptmp/arego/RC4K1/18347.h5
2025-09-19 05:02:10,978 - INFO - File 19601: Filtered 6701677 hits and 7 records
2025-09-19 05:02:11,305 - INFO - Completed /viper/ptmp/arego/RC4K1_1/6816.h5 in 7.77 seconds
2025-09-19 05:02:11,479 - INFO - Processing /viper/ptmp/arego/RC4K1/12821.h5
2025-09-19 05:02:12,212 - INFO - Processing /viper/ptmp/arego/RC4K1/14520.h5
2025-09-19 05:02:13,350 - INFO - File 6698: Filtered 5970054 hits and 6 records
2025-09-19 05:02:14,427 - INFO - File 28433: Filtered 7631621 hits and 7 records
2025-09-19 05:02:15,299 - INFO - Completed /viper/ptmp/arego/RC4K1_1/19601.h5 in 10.64 seconds
2025-09-19 05:02:15,816 - INFO - File 3442: Filtered 5930027 hits and 8 records
2025-09-19 05:02:16,053 - INFO - Processing /viper/ptmp/arego/RC4K1/28549.h5
2025-09-19 05:02:16,132 - INFO - File 2269: Filtered 8667988 hits and 8 records
2025-09-19 05:02:17,205 - INFO - Completed /viper/ptmp/arego/RC4K1_1/6698.h5 in 11.49 seconds
2025-09-19 05:02:17,632 - INFO - File 18347: Filtered 10015459 hits and 7 records
2025-09-19 05:02:17,844 - INFO - Processing /viper/ptmp/arego/RC4K1/9028.h5
2025-09-19 05:02:18,174 - INFO - File 12821: Filtered 6612981 hits and 6 records
2025-09-19 05:02:18,330 - INFO - Completed /viper/ptmp/arego/RC4K1_1/2269.h5 in 10.34 seconds
2025-09-19 05:02:18,550 - INFO - File 14520: Filtered 11577985 hits and 8 records
2025-09-19 05:02:18,612 - INFO - Completed /viper/ptmp/arego/RC4K1_1/28433.h5 in 11.72 seconds
2025-09-19 05:02:19,080 - INFO - Processing /viper/ptmp/arego/RC4K1/1041.h5
2025-09-19 05:02:19,358 - INFO - Completed /viper/ptmp/arego/RC4K1_1/18347.h5 in 8.88 seconds
2025-09-19 05:02:19,725 - INFO - Completed /viper/ptmp/arego/RC4K1_1/14520.h5 in 7.51 seconds
2025-09-19 05:02:20,003 - INFO - Processing /viper/ptmp/arego/RC4K1/24994.h5
2025-09-19 05:02:20,264 - INFO - Completed /viper/ptmp/arego/RC4K1_1/3442.h5 in 10.96 seconds
2025-09-19 05:02:21,087 - INFO - File 28549: Filtered 10901781 hits and 10 records
2025-09-19 05:02:21,199 - INFO - Completed /viper/ptmp/arego/RC4K1_1/12821.h5 in 9.72 seconds
2025-09-19 05:02:21,217 - INFO - Processing /viper/ptmp/arego/RC4K1/1427.h5
2025-09-19 05:02:22,274 - INFO - Processing /viper/ptmp/arego/RC4K1/3525.h5
2025-09-19 05:02:22,451 - INFO - File 9028: Filtered 1944496 hits and 3 records
2025-09-19 05:02:22,567 - INFO - Completed /viper/ptmp/arego/RC4K1_1/28549.h5 in 6.51 seconds
2025-09-19 05:02:23,557 - INFO - Processing /viper/ptmp/arego/RC4K1/4332.h5
2025-09-19 05:02:23,991 - INFO - File 1041: Filtered 9646615 hits and 8 records
2025-09-19 05:02:24,667 - INFO - Processing /viper/ptmp/arego/RC4K1/28808.h5
2025-09-19 05:02:26,734 - INFO - File 24994: Filtered 6603987 hits and 8 records
2025-09-19 05:02:26,777 - INFO - Processing /viper/ptmp/arego/RC4K1/29889.h5
2025-09-19 05:02:27,159 - INFO - Completed /viper/ptmp/arego/RC4K1_1/1041.h5 in 8.08 seconds
2025-09-19 05:02:28,151 - INFO - Processing /viper/ptmp/arego/RC4K1/26937.h5
2025-09-19 05:02:28,363 - INFO - File 1427: Filtered 7444068 hits and 6 records
2025-09-19 05:02:28,640 - INFO - Completed /viper/ptmp/arego/RC4K1_1/9028.h5 in 10.80 seconds
2025-09-19 05:02:29,692 - INFO - File 3525: Filtered 8497766 hits and 5 records
2025-09-19 05:02:29,953 - INFO - Processing /viper/ptmp/arego/RC4K1/12079.h5
2025-09-19 05:02:30,616 - INFO - File 4332: Filtered 9975678 hits and 7 records
2025-09-19 05:02:30,639 - INFO - Completed /viper/ptmp/arego/RC4K1_1/24994.h5 in 10.64 seconds
2025-09-19 05:02:31,566 - INFO - Processing /viper/ptmp/arego/RC4K1/2351.h5
2025-09-19 05:02:32,126 - INFO - Completed /viper/ptmp/arego/RC4K1_1/1427.h5 in 10.91 seconds
2025-09-19 05:02:33,231 - INFO - File 28808: Filtered 4738074 hits and 6 records
2025-09-19 05:02:33,237 - INFO - Processing /viper/ptmp/arego/RC4K1/28468.h5
2025-09-19 05:02:33,345 - INFO - Completed /viper/ptmp/arego/RC4K1_1/3525.h5 in 11.07 seconds
2025-09-19 05:02:34,081 - INFO - Completed /viper/ptmp/arego/RC4K1_1/4332.h5 in 10.52 seconds
2025-09-19 05:02:34,427 - INFO - File 29889: Filtered 12044335 hits and 6 records
2025-09-19 05:02:34,498 - INFO - Processing /viper/ptmp/arego/RC4K1/198.h5
2025-09-19 05:02:34,851 - INFO - File 26937: Filtered 8191720 hits and 5 records
2025-09-19 05:02:35,632 - INFO - Processing /viper/ptmp/arego/RC4K1/28076.h5
2025-09-19 05:02:35,932 - INFO - Completed /viper/ptmp/arego/RC4K1_1/29889.h5 in 9.15 seconds
2025-09-19 05:02:36,750 - INFO - Processing /viper/ptmp/arego/RC4K1/19949.h5
2025-09-19 05:02:36,834 - INFO - File 12079: Filtered 13210443 hits and 6 records
2025-09-19 05:02:37,839 - INFO - File 2351: Filtered 11254010 hits and 8 records
2025-09-19 05:02:38,129 - INFO - Completed /viper/ptmp/arego/RC4K1_1/12079.h5 in 8.18 seconds
2025-09-19 05:02:38,562 - INFO - Processing /viper/ptmp/arego/RC4K1/21890.h5
2025-09-19 05:02:38,596 - INFO - Completed /viper/ptmp/arego/RC4K1_1/26937.h5 in 10.44 seconds
2025-09-19 05:02:38,651 - INFO - Completed /viper/ptmp/arego/RC4K1_1/28808.h5 in 13.98 seconds
2025-09-19 05:02:39,260 - INFO - File 28468: Filtered 11992344 hits and 8 records
2025-09-19 05:02:39,718 - INFO - Processing /viper/ptmp/arego/RC4K1/27861.h5
2025-09-19 05:02:39,949 - INFO - Completed /viper/ptmp/arego/RC4K1_1/2351.h5 in 8.38 seconds
2025-09-19 05:02:40,855 - INFO - File 198: Filtered 7454224 hits and 9 records
2025-09-19 05:02:41,146 - INFO - Completed /viper/ptmp/arego/RC4K1_1/28468.h5 in 7.91 seconds
2025-09-19 05:02:41,638 - INFO - Processing /viper/ptmp/arego/RC4K1/13694.h5
2025-09-19 05:02:42,369 - INFO - File 28076: Filtered 4342976 hits and 2 records
2025-09-19 05:02:42,775 - INFO - File 19949: Filtered 11120499 hits and 5 records
2025-09-19 05:02:42,953 - INFO - Processing /viper/ptmp/arego/RC4K1/20156.h5
2025-09-19 05:02:43,858 - INFO - Processing /viper/ptmp/arego/RC4K1/1144.h5
2025-09-19 05:02:44,570 - INFO - Completed /viper/ptmp/arego/RC4K1_1/198.h5 in 10.07 seconds
2025-09-19 05:02:45,489 - INFO - Processing /viper/ptmp/arego/RC4K1/6303.h5
2025-09-19 05:02:45,913 - INFO - File 21890: Filtered 11737999 hits and 7 records
2025-09-19 05:02:47,325 - INFO - Completed /viper/ptmp/arego/RC4K1_1/19949.h5 in 10.57 seconds
2025-09-19 05:02:47,678 - INFO - File 27861: Filtered 6698664 hits and 6 records
2025-09-19 05:02:47,693 - INFO - Completed /viper/ptmp/arego/RC4K1_1/28076.h5 in 12.06 seconds
2025-09-19 05:02:48,105 - INFO - Processing /viper/ptmp/arego/RC4K1/28362.h5
2025-09-19 05:02:49,298 - INFO - Completed /viper/ptmp/arego/RC4K1_1/21890.h5 in 10.74 seconds
2025-09-19 05:02:49,844 - INFO - File 13694: Filtered 6815133 hits and 7 records
2025-09-19 05:02:50,038 - INFO - Processing /viper/ptmp/arego/RC4K1/25529.h5
2025-09-19 05:02:51,108 - INFO - File 20156: Filtered 8927540 hits and 9 records
2025-09-19 05:02:52,049 - INFO - Processing /viper/ptmp/arego/RC4K1/29294.h5
2025-09-19 05:02:52,506 - INFO - File 1144: Filtered 7797801 hits and 8 records
2025-09-19 05:02:53,739 - INFO - Completed /viper/ptmp/arego/RC4K1_1/27861.h5 in 14.02 seconds
2025-09-19 05:02:54,111 - INFO - File 6303: Filtered 8897259 hits and 7 records
2025-09-19 05:02:54,603 - INFO - Processing /viper/ptmp/arego/RC4K1/21595.h5
2025-09-19 05:02:55,085 - INFO - Completed /viper/ptmp/arego/RC4K1_1/13694.h5 in 13.45 seconds
2025-09-19 05:02:55,587 - INFO - Completed /viper/ptmp/arego/RC4K1_1/20156.h5 in 12.63 seconds
2025-09-19 05:02:56,017 - INFO - Processing /viper/ptmp/arego/RC4K1/5552.h5
2025-09-19 05:02:57,438 - INFO - Processing /viper/ptmp/arego/RC4K1/3647.h5
2025-09-19 05:02:57,477 - INFO - File 28362: Filtered 12766415 hits and 8 records
2025-09-19 05:02:58,770 - INFO - Completed /viper/ptmp/arego/RC4K1_1/1144.h5 in 14.91 seconds
2025-09-19 05:02:58,976 - INFO - Completed /viper/ptmp/arego/RC4K1_1/6303.h5 in 13.49 seconds
2025-09-19 05:02:59,351 - INFO - File 25529: Filtered 10796072 hits and 7 records
2025-09-19 05:02:59,630 - INFO - Processing /viper/ptmp/arego/RC4K1/15912.h5
2025-09-19 05:03:00,655 - INFO - Completed /viper/ptmp/arego/RC4K1_1/28362.h5 in 12.55 seconds
2025-09-19 05:03:00,905 - INFO - Processing /viper/ptmp/arego/RC4K1/23158.h5
2025-09-19 05:03:01,247 - INFO - File 29294: Filtered 8189150 hits and 7 records
2025-09-19 05:03:01,423 - INFO - File 21595: Filtered 12777299 hits and 8 records
2025-09-19 05:03:02,032 - INFO - Processing /viper/ptmp/arego/RC4K1/21852.h5
2025-09-19 05:03:03,321 - INFO - Completed /viper/ptmp/arego/RC4K1_1/25529.h5 in 13.28 seconds
2025-09-19 05:03:04,158 - INFO - Processing /viper/ptmp/arego/RC4K1/3529.h5
2025-09-19 05:03:04,172 - INFO - Completed /viper/ptmp/arego/RC4K1_1/21595.h5 in 9.57 seconds
2025-09-19 05:03:05,476 - INFO - Processing /viper/ptmp/arego/RC4K1/5766.h5
2025-09-19 05:03:05,930 - INFO - File 3647: Filtered 9743311 hits and 4 records
2025-09-19 05:03:05,944 - INFO - File 5552: Filtered 6037848 hits and 4 records
2025-09-19 05:03:05,969 - INFO - Completed /viper/ptmp/arego/RC4K1_1/29294.h5 in 13.92 seconds
2025-09-19 05:03:06,897 - INFO - Processing /viper/ptmp/arego/RC4K1/10453.h5
2025-09-19 05:03:07,507 - INFO - File 15912: Filtered 8785357 hits and 8 records
2025-09-19 05:03:10,276 - INFO - File 3529: Filtered 12668081 hits and 6 records
2025-09-19 05:03:10,430 - INFO - Completed /viper/ptmp/arego/RC4K1_1/3647.h5 in 12.99 seconds
2025-09-19 05:03:10,897 - INFO - File 23158: Filtered 8411836 hits and 7 records
2025-09-19 05:03:11,355 - INFO - Processing /viper/ptmp/arego/RC4K1/14383.h5
2025-09-19 05:03:11,531 - INFO - Completed /viper/ptmp/arego/RC4K1_1/5552.h5 in 15.51 seconds
2025-09-19 05:03:11,610 - INFO - File 5766: Filtered 10059831 hits and 8 records
2025-09-19 05:03:12,279 - INFO - Completed /viper/ptmp/arego/RC4K1_1/15912.h5 in 12.65 seconds
2025-09-19 05:03:12,657 - INFO - File 21852: Filtered 6699070 hits and 7 records
2025-09-19 05:03:12,750 - INFO - Processing /viper/ptmp/arego/RC4K1/3271.h5
2025-09-19 05:03:12,999 - INFO - File 10453: Filtered 9319539 hits and 6 records
2025-09-19 05:03:13,026 - INFO - Completed /viper/ptmp/arego/RC4K1_1/3529.h5 in 8.87 seconds
2025-09-19 05:03:14,116 - INFO - Processing /viper/ptmp/arego/RC4K1/5080.h5
2025-09-19 05:03:15,064 - INFO - Processing /viper/ptmp/arego/RC4K1/7079.h5
2025-09-19 05:03:15,240 - INFO - Completed /viper/ptmp/arego/RC4K1_1/5766.h5 in 9.76 seconds
2025-09-19 05:03:16,610 - INFO - Processing /viper/ptmp/arego/RC4K1/11318.h5
2025-09-19 05:03:16,944 - INFO - Completed /viper/ptmp/arego/RC4K1_1/10453.h5 in 10.05 seconds
2025-09-19 05:03:17,690 - INFO - File 14383: Filtered 11112834 hits and 6 records
2025-09-19 05:03:17,770 - INFO - Completed /viper/ptmp/arego/RC4K1_1/23158.h5 in 16.86 seconds
2025-09-19 05:03:17,804 - INFO - Completed /viper/ptmp/arego/RC4K1_1/21852.h5 in 15.77 seconds
2025-09-19 05:03:18,442 - INFO - Processing /viper/ptmp/arego/RC4K1/15313.h5
2025-09-19 05:03:19,565 - INFO - File 3271: Filtered 11359342 hits and 6 records
2025-09-19 05:03:19,858 - INFO - Processing /viper/ptmp/arego/RC4K1/11020.h5
2025-09-19 05:03:21,235 - INFO - Processing /viper/ptmp/arego/RC4K1/24559.h5
2025-09-19 05:03:21,302 - INFO - Completed /viper/ptmp/arego/RC4K1_1/14383.h5 in 9.95 seconds
2025-09-19 05:03:22,095 - INFO - Processing /viper/ptmp/arego/RC4K1/4637.h5
2025-09-19 05:03:23,116 - INFO - File 5080: Filtered 9466296 hits and 7 records
2025-09-19 05:03:23,606 - INFO - Completed /viper/ptmp/arego/RC4K1_1/3271.h5 in 10.86 seconds
2025-09-19 05:03:24,206 - INFO - File 7079: Filtered 14505291 hits and 8 records
2025-09-19 05:03:24,397 - INFO - Processing /viper/ptmp/arego/RC4K1/80.h5
2025-09-19 05:03:26,219 - INFO - Completed /viper/ptmp/arego/RC4K1_1/7079.h5 in 11.15 seconds
2025-09-19 05:03:26,470 - INFO - File 11318: Filtered 11825664 hits and 9 records
2025-09-19 05:03:27,343 - INFO - Processing /viper/ptmp/arego/RC4K1/7857.h5
2025-09-19 05:03:27,845 - INFO - Completed /viper/ptmp/arego/RC4K1_1/5080.h5 in 13.73 seconds
2025-09-19 05:03:28,705 - INFO - Processing /viper/ptmp/arego/RC4K1/14628.h5
2025-09-19 05:03:28,790 - INFO - File 24559: Filtered 10755803 hits and 10 records
2025-09-19 05:03:28,932 - INFO - File 15313: Filtered 11952837 hits and 9 records
2025-09-19 05:03:30,008 - INFO - File 11020: Filtered 10110167 hits and 8 records
2025-09-19 05:03:30,108 - ERROR - Error processing /viper/ptmp/arego/RC4K1/11318.h5: low >= high
2025-09-19 05:03:30,922 - INFO - Processing /viper/ptmp/arego/RC4K1/987.h5
2025-09-19 05:03:32,559 - INFO - Completed /viper/ptmp/arego/RC4K1_1/15313.h5 in 14.12 seconds
2025-09-19 05:03:33,102 - INFO - File 4637: Filtered 9117229 hits and 8 records
2025-09-19 05:03:33,288 - INFO - Processing /viper/ptmp/arego/RC4K1/649.h5
2025-09-19 05:03:33,389 - INFO - File 80: Filtered 5879968 hits and 7 records
2025-09-19 05:03:34,403 - INFO - Completed /viper/ptmp/arego/RC4K1_1/11020.h5 in 14.55 seconds
2025-09-19 05:03:34,535 - INFO - Completed /viper/ptmp/arego/RC4K1_1/24559.h5 in 13.30 seconds
2025-09-19 05:03:35,408 - INFO - Processing /viper/ptmp/arego/RC4K1/19287.h5
2025-09-19 05:03:36,308 - INFO - File 7857: Filtered 8797671 hits and 6 records
2025-09-19 05:03:36,492 - INFO - Processing /viper/ptmp/arego/RC4K1/13420.h5
2025-09-19 05:03:38,377 - INFO - Completed /viper/ptmp/arego/RC4K1_1/4637.h5 in 16.28 seconds
2025-09-19 05:03:39,216 - INFO - Processing /viper/ptmp/arego/RC4K1/1433.h5
2025-09-19 05:03:39,555 - INFO - File 14628: Filtered 9602605 hits and 7 records
2025-09-19 05:03:41,087 - INFO - File 987: Filtered 8967937 hits and 7 records
2025-09-19 05:03:41,613 - INFO - Completed /viper/ptmp/arego/RC4K1_1/80.h5 in 17.22 seconds
2025-09-19 05:03:41,811 - INFO - Completed /viper/ptmp/arego/RC4K1_1/7857.h5 in 14.47 seconds
2025-09-19 05:03:42,748 - INFO - Processing /viper/ptmp/arego/RC4K1/13365.h5
2025-09-19 05:03:43,793 - INFO - Processing /viper/ptmp/arego/RC4K1/28170.h5
2025-09-19 05:03:44,256 - INFO - Completed /viper/ptmp/arego/RC4K1_1/14628.h5 in 15.55 seconds
2025-09-19 05:03:44,772 - INFO - File 13420: Filtered 11340404 hits and 8 records
2025-09-19 05:03:44,993 - INFO - Processing /viper/ptmp/arego/RC4K1/18326.h5
2025-09-19 05:03:44,999 - INFO - File 649: Filtered 14307715 hits and 9 records
2025-09-19 05:03:46,027 - INFO - Completed /viper/ptmp/arego/RC4K1_1/987.h5 in 15.10 seconds
2025-09-19 05:03:46,484 - INFO - File 1433: Filtered 8349115 hits and 4 records
2025-09-19 05:03:46,801 - INFO - Processing /viper/ptmp/arego/RC4K1/6070.h5
2025-09-19 05:03:48,098 - INFO - Completed /viper/ptmp/arego/RC4K1_1/649.h5 in 14.81 seconds
2025-09-19 05:03:48,538 - INFO - Completed /viper/ptmp/arego/RC4K1_1/13420.h5 in 12.05 seconds
2025-09-19 05:03:48,851 - INFO - Processing /viper/ptmp/arego/RC4K1/16608.h5
2025-09-19 05:03:49,409 - INFO - File 19287: Filtered 12475260 hits and 7 records
2025-09-19 05:03:50,190 - INFO - Processing /viper/ptmp/arego/RC4K1/18472.h5
2025-09-19 05:03:50,492 - INFO - File 13365: Filtered 9349330 hits and 6 records
2025-09-19 05:03:51,838 - INFO - Completed /viper/ptmp/arego/RC4K1_1/1433.h5 in 12.62 seconds
2025-09-19 05:03:52,642 - INFO - File 28170: Filtered 12411677 hits and 8 records
2025-09-19 05:03:52,947 - INFO - Processing /viper/ptmp/arego/RC4K1/23181.h5
2025-09-19 05:03:53,725 - INFO - Completed /viper/ptmp/arego/RC4K1_1/19287.h5 in 18.32 seconds
2025-09-19 05:03:54,152 - INFO - File 18326: Filtered 16560661 hits and 4 records
2025-09-19 05:03:54,960 - INFO - Processing /viper/ptmp/arego/RC4K1/29472.h5
2025-09-19 05:03:56,611 - INFO - File 6070: Filtered 7789316 hits and 8 records
2025-09-19 05:03:56,646 - INFO - Completed /viper/ptmp/arego/RC4K1_1/18326.h5 in 11.65 seconds
2025-09-19 05:03:56,971 - INFO - Completed /viper/ptmp/arego/RC4K1_1/13365.h5 in 14.22 seconds
2025-09-19 05:03:57,258 - INFO - Processing /viper/ptmp/arego/RC4K1/11312.h5
2025-09-19 05:03:58,168 - INFO - Completed /viper/ptmp/arego/RC4K1_1/28170.h5 in 14.37 seconds
2025-09-19 05:03:58,287 - INFO - File 16608: Filtered 13180721 hits and 9 records
2025-09-19 05:03:59,590 - INFO - Processing /viper/ptmp/arego/RC4K1/28606.h5
2025-09-19 05:04:00,161 - INFO - File 18472: Filtered 11498378 hits and 8 records
2025-09-19 05:04:01,612 - INFO - Processing /viper/ptmp/arego/RC4K1/15169.h5
2025-09-19 05:04:02,110 - INFO - Completed /viper/ptmp/arego/RC4K1_1/16608.h5 in 13.26 seconds
2025-09-19 05:04:02,240 - INFO - Completed /viper/ptmp/arego/RC4K1_1/6070.h5 in 15.44 seconds
2025-09-19 05:04:02,313 - INFO - File 23181: Filtered 18119800 hits and 10 records
2025-09-19 05:04:03,618 - INFO - Processing /viper/ptmp/arego/RC4K1/19597.h5
2025-09-19 05:04:04,150 - INFO - File 29472: Filtered 13352179 hits and 6 records
2025-09-19 05:04:04,783 - INFO - Completed /viper/ptmp/arego/RC4K1_1/23181.h5 in 11.84 seconds
2025-09-19 05:04:05,447 - INFO - Processing /viper/ptmp/arego/RC4K1/24084.h5
2025-09-19 05:04:05,833 - INFO - Completed /viper/ptmp/arego/RC4K1_1/18472.h5 in 15.64 seconds
2025-09-19 05:04:06,161 - INFO - File 11312: Filtered 16225501 hits and 5 records
2025-09-19 05:04:06,407 - INFO - Processing /viper/ptmp/arego/RC4K1/29270.h5
2025-09-19 05:04:07,371 - INFO - Processing /viper/ptmp/arego/RC4K1/22225.h5
2025-09-19 05:04:07,472 - INFO - File 28606: Filtered 9074279 hits and 6 records
2025-09-19 05:04:07,994 - INFO - Completed /viper/ptmp/arego/RC4K1_1/29472.h5 in 13.03 seconds
2025-09-19 05:04:08,512 - INFO - Completed /viper/ptmp/arego/RC4K1_1/11312.h5 in 11.25 seconds
2025-09-19 05:04:08,659 - INFO - Processing /viper/ptmp/arego/RC4K1/1149.h5
2025-09-19 05:04:09,975 - INFO - Processing /viper/ptmp/arego/RC4K1/14573.h5
2025-09-19 05:04:12,362 - INFO - File 19597: Filtered 11860286 hits and 11 records
2025-09-19 05:04:12,948 - INFO - Completed /viper/ptmp/arego/RC4K1_1/28606.h5 in 13.36 seconds
2025-09-19 05:04:13,352 - INFO - File 15169: Filtered 16969003 hits and 9 records
2025-09-19 05:04:13,962 - INFO - Processing /viper/ptmp/arego/RC4K1/5781.h5
2025-09-19 05:04:14,978 - INFO - File 29270: Filtered 16114250 hits and 8 records
2025-09-19 05:04:16,120 - INFO - Completed /viper/ptmp/arego/RC4K1_1/15169.h5 in 14.51 seconds
2025-09-19 05:04:16,639 - INFO - Processing /viper/ptmp/arego/RC4K1/17463.h5
2025-09-19 05:04:17,319 - INFO - Completed /viper/ptmp/arego/RC4K1_1/19597.h5 in 13.70 seconds
2025-09-19 05:04:18,173 - INFO - File 24084: Filtered 11669996 hits and 9 records
2025-09-19 05:04:18,364 - INFO - Completed /viper/ptmp/arego/RC4K1_1/29270.h5 in 11.96 seconds
2025-09-19 05:04:18,473 - INFO - Processing /viper/ptmp/arego/RC4K1/28311.h5
2025-09-19 05:04:18,856 - INFO - File 1149: Filtered 13657564 hits and 8 records
2025-09-19 05:04:18,984 - INFO - File 22225: Filtered 15160394 hits and 8 records
2025-09-19 05:04:19,595 - INFO - Processing /viper/ptmp/arego/RC4K1/28412.h5
2025-09-19 05:04:20,549 - INFO - File 14573: Filtered 15010043 hits and 12 records
2025-09-19 05:04:22,929 - INFO - Completed /viper/ptmp/arego/RC4K1_1/22225.h5 in 15.56 seconds
2025-09-19 05:04:23,344 - INFO - Completed /viper/ptmp/arego/RC4K1_1/1149.h5 in 14.69 seconds
2025-09-19 05:04:23,812 - INFO - Processing /viper/ptmp/arego/RC4K1/6275.h5
2025-09-19 05:04:24,226 - INFO - File 5781: Filtered 11107760 hits and 9 records
2025-09-19 05:04:24,435 - INFO - Completed /viper/ptmp/arego/RC4K1_1/14573.h5 in 14.46 seconds
2025-09-19 05:04:24,780 - INFO - Completed /viper/ptmp/arego/RC4K1_1/24084.h5 in 19.33 seconds
2025-09-19 05:04:25,472 - INFO - Processing /viper/ptmp/arego/RC4K1/13422.h5
2025-09-19 05:04:27,140 - INFO - Processing /viper/ptmp/arego/RC4K1/9390.h5
2025-09-19 05:04:28,359 - INFO - Processing /viper/ptmp/arego/RC4K1/7770.h5
2025-09-19 05:04:29,809 - INFO - Completed /viper/ptmp/arego/RC4K1_1/5781.h5 in 15.85 seconds
2025-09-19 05:04:30,029 - INFO - File 28412: Filtered 13432948 hits and 8 records
2025-09-19 05:04:30,776 - INFO - Processing /viper/ptmp/arego/RC4K1/2203.h5
2025-09-19 05:04:31,074 - INFO - File 28311: Filtered 18505405 hits and 8 records
2025-09-19 05:04:33,049 - INFO - File 17463: Filtered 7107993 hits and 4 records
2025-09-19 05:04:33,527 - INFO - Completed /viper/ptmp/arego/RC4K1_1/28311.h5 in 15.05 seconds
2025-09-19 05:04:34,380 - INFO - Processing /viper/ptmp/arego/RC4K1/11070.h5
2025-09-19 05:04:35,367 - INFO - Completed /viper/ptmp/arego/RC4K1_1/28412.h5 in 15.77 seconds
2025-09-19 05:04:35,871 - INFO - File 6275: Filtered 14643647 hits and 6 records
2025-09-19 05:04:37,293 - INFO - Processing /viper/ptmp/arego/RC4K1/6100.h5
2025-09-19 05:04:39,271 - INFO - File 13422: Filtered 16808370 hits and 9 records
2025-09-19 05:04:40,809 - INFO - File 9390: Filtered 8707534 hits and 7 records
2025-09-19 05:04:40,998 - INFO - Completed /viper/ptmp/arego/RC4K1_1/6275.h5 in 17.19 seconds
2025-09-19 05:04:41,757 - INFO - File 7770: Filtered 2168610 hits and 3 records
2025-09-19 05:04:41,955 - INFO - Processing /viper/ptmp/arego/RC4K1/8843.h5
2025-09-19 05:04:43,599 - INFO - File 2203: Filtered 12803156 hits and 9 records
2025-09-19 05:04:44,776 - INFO - Completed /viper/ptmp/arego/RC4K1_1/13422.h5 in 19.30 seconds
2025-09-19 05:04:45,450 - INFO - Processing /viper/ptmp/arego/RC4K1/28152.h5
2025-09-19 05:04:48,147 - INFO - File 11070: Filtered 16969516 hits and 8 records
2025-09-19 05:04:49,049 - INFO - Completed /viper/ptmp/arego/RC4K1_1/9390.h5 in 21.91 seconds
2025-09-19 05:04:49,536 - INFO - Completed /viper/ptmp/arego/RC4K1_1/2203.h5 in 18.76 seconds
2025-09-19 05:04:49,992 - INFO - Processing /viper/ptmp/arego/RC4K1/13931.h5
2025-09-19 05:04:50,152 - INFO - File 6100: Filtered 10880963 hits and 10 records
2025-09-19 05:04:50,685 - INFO - Completed /viper/ptmp/arego/RC4K1_1/17463.h5 in 34.05 seconds
2025-09-19 05:04:50,964 - INFO - Processing /viper/ptmp/arego/RC4K1/17598.h5
2025-09-19 05:04:51,798 - INFO - Completed /viper/ptmp/arego/RC4K1_1/11070.h5 in 17.42 seconds
2025-09-19 05:04:52,378 - INFO - Completed /viper/ptmp/arego/RC4K1_1/7770.h5 in 24.02 seconds
2025-09-19 05:04:52,430 - INFO - Processing /viper/ptmp/arego/RC4K1/17361.h5
2025-09-19 05:04:53,187 - INFO - Processing /viper/ptmp/arego/RC4K1/9683.h5
2025-09-19 05:04:53,353 - INFO - File 8843: Filtered 16587225 hits and 6 records
2025-09-19 05:04:54,083 - INFO - Processing /viper/ptmp/arego/RC4K1/21.h5
2025-09-19 05:04:55,445 - INFO - File 28152: Filtered 13885640 hits and 8 records
2025-09-19 05:04:55,871 - INFO - Completed /viper/ptmp/arego/RC4K1_1/6100.h5 in 18.58 seconds
2025-09-19 05:04:57,069 - INFO - Processing /viper/ptmp/arego/RC4K1/17877.h5
2025-09-19 05:04:57,328 - INFO - Completed /viper/ptmp/arego/RC4K1_1/8843.h5 in 15.37 seconds
2025-09-19 05:05:00,366 - INFO - Completed /viper/ptmp/arego/RC4K1_1/28152.h5 in 14.92 seconds
2025-09-19 05:05:00,502 - INFO - Processing /viper/ptmp/arego/RC4K1/7668.h5
2025-09-19 05:05:01,060 - INFO - File 13931: Filtered 15056344 hits and 9 records
2025-09-19 05:05:02,469 - INFO - Processing /viper/ptmp/arego/RC4K1/26256.h5
2025-09-19 05:05:03,602 - INFO - File 17598: Filtered 6423198 hits and 4 records
2025-09-19 05:05:05,520 - INFO - File 17361: Filtered 14148776 hits and 8 records
2025-09-19 05:05:05,756 - INFO - File 21: Filtered 12308402 hits and 7 records
2025-09-19 05:05:06,290 - INFO - File 9683: Filtered 16286208 hits and 11 records
2025-09-19 05:05:08,462 - INFO - Completed /viper/ptmp/arego/RC4K1_1/13931.h5 in 18.47 seconds
2025-09-19 05:05:08,917 - INFO - File 17877: Filtered 19668529 hits and 7 records
2025-09-19 05:05:09,439 - INFO - Processing /viper/ptmp/arego/RC4K1/13745.h5
2025-09-19 05:05:11,091 - ERROR - Error processing /viper/ptmp/arego/RC4K1/9683.h5: low >= high
2025-09-19 05:05:11,221 - INFO - Completed /viper/ptmp/arego/RC4K1_1/17361.h5 in 18.79 seconds
2025-09-19 05:05:11,746 - INFO - Processing /viper/ptmp/arego/RC4K1/11783.h5
2025-09-19 05:05:12,375 - INFO - Processing /viper/ptmp/arego/RC4K1/14297.h5
2025-09-19 05:05:12,465 - INFO - Completed /viper/ptmp/arego/RC4K1_1/17877.h5 in 15.40 seconds
2025-09-19 05:05:12,895 - INFO - Completed /viper/ptmp/arego/RC4K1_1/17598.h5 in 21.93 seconds
2025-09-19 05:05:13,411 - INFO - File 26256: Filtered 8728398 hits and 7 records
2025-09-19 05:05:13,417 - INFO - Completed /viper/ptmp/arego/RC4K1_1/21.h5 in 19.33 seconds
2025-09-19 05:05:13,537 - INFO - Processing /viper/ptmp/arego/RC4K1/1909.h5
2025-09-19 05:05:14,370 - INFO - File 7668: Filtered 15365354 hits and 8 records
2025-09-19 05:05:14,869 - INFO - Processing /viper/ptmp/arego/RC4K1/16581.h5
2025-09-19 05:05:16,000 - INFO - Processing /viper/ptmp/arego/RC4K1/9306.h5
2025-09-19 05:05:20,307 - INFO - File 13745: Filtered 12248303 hits and 9 records
2025-09-19 05:05:20,485 - INFO - Completed /viper/ptmp/arego/RC4K1_1/7668.h5 in 19.98 seconds
2025-09-19 05:05:21,709 - INFO - Processing /viper/ptmp/arego/RC4K1/27281.h5
2025-09-19 05:05:22,408 - INFO - Completed /viper/ptmp/arego/RC4K1_1/26256.h5 in 19.94 seconds
2025-09-19 05:05:23,717 - INFO - Processing /viper/ptmp/arego/RC4K1/25116.h5
2025-09-19 05:05:23,874 - INFO - File 11783: Filtered 24841217 hits and 8 records
2025-09-19 05:05:24,729 - INFO - File 14297: Filtered 18827802 hits and 8 records
2025-09-19 05:05:25,753 - INFO - Completed /viper/ptmp/arego/RC4K1_1/11783.h5 in 14.01 seconds
2025-09-19 05:05:26,108 - INFO - Processing /viper/ptmp/arego/RC4K1/7325.h5
2025-09-19 05:05:26,825 - INFO - File 16581: Filtered 17483986 hits and 8 records
2025-09-19 05:05:26,872 - INFO - File 9306: Filtered 15318892 hits and 6 records
2025-09-19 05:05:27,994 - INFO - File 1909: Filtered 15288674 hits and 10 records
2025-09-19 05:05:28,169 - INFO - Completed /viper/ptmp/arego/RC4K1_1/13745.h5 in 18.73 seconds
2025-09-19 05:05:28,803 - INFO - Completed /viper/ptmp/arego/RC4K1_1/14297.h5 in 16.43 seconds
2025-09-19 05:05:29,182 - INFO - Processing /viper/ptmp/arego/RC4K1/25845.h5
2025-09-19 05:05:30,398 - INFO - Processing /viper/ptmp/arego/RC4K1/27507.h5
2025-09-19 05:05:31,469 - INFO - Completed /viper/ptmp/arego/RC4K1_1/16581.h5 in 16.60 seconds
2025-09-19 05:05:32,207 - INFO - Processing /viper/ptmp/arego/RC4K1/25706.h5
2025-09-19 05:05:33,240 - INFO - Completed /viper/ptmp/arego/RC4K1_1/9306.h5 in 17.24 seconds
2025-09-19 05:05:33,944 - INFO - Processing /viper/ptmp/arego/RC4K1/26763.h5
2025-09-19 05:05:34,007 - INFO - File 25116: Filtered 20487867 hits and 9 records
2025-09-19 05:05:34,638 - INFO - Completed /viper/ptmp/arego/RC4K1_1/1909.h5 in 21.10 seconds
2025-09-19 05:05:35,813 - INFO - File 27281: Filtered 12190067 hits and 8 records
2025-09-19 05:05:36,171 - INFO - Processing /viper/ptmp/arego/RC4K1/22540.h5
2025-09-19 05:05:38,159 - INFO - Completed /viper/ptmp/arego/RC4K1_1/25116.h5 in 14.44 seconds
2025-09-19 05:05:38,679 - INFO - File 7325: Filtered 6211475 hits and 7 records
2025-09-19 05:05:38,722 - INFO - Processing /viper/ptmp/arego/RC4K1/14369.h5
2025-09-19 05:05:40,472 - INFO - File 25845: Filtered 15343524 hits and 6 records
2025-09-19 05:05:42,051 - INFO - File 27507: Filtered 19076651 hits and 8 records
2025-09-19 05:05:44,666 - INFO - Completed /viper/ptmp/arego/RC4K1_1/27281.h5 in 22.96 seconds
2025-09-19 05:05:44,700 - INFO - File 25706: Filtered 13198476 hits and 8 records
2025-09-19 05:05:45,554 - INFO - Processing /viper/ptmp/arego/RC4K1/17165.h5
2025-09-19 05:05:47,042 - INFO - Completed /viper/ptmp/arego/RC4K1_1/27507.h5 in 16.64 seconds
2025-09-19 05:05:47,766 - INFO - File 26763: Filtered 10673343 hits and 7 records
2025-09-19 05:05:47,814 - INFO - Processing /viper/ptmp/arego/RC4K1/3814.h5
2025-09-19 05:05:47,841 - INFO - Completed /viper/ptmp/arego/RC4K1_1/25845.h5 in 18.66 seconds
2025-09-19 05:05:49,134 - INFO - Processing /viper/ptmp/arego/RC4K1/25611.h5
2025-09-19 05:05:49,211 - INFO - File 22540: Filtered 12423998 hits and 8 records
2025-09-19 05:05:50,470 - INFO - Completed /viper/ptmp/arego/RC4K1_1/7325.h5 in 24.36 seconds
2025-09-19 05:05:51,153 - INFO - File 14369: Filtered 16513730 hits and 8 records
2025-09-19 05:05:51,611 - INFO - Processing /viper/ptmp/arego/RC4K1/9878.h5
2025-09-19 05:05:52,473 - INFO - Completed /viper/ptmp/arego/RC4K1_1/25706.h5 in 20.27 seconds
2025-09-19 05:05:53,556 - INFO - Processing /viper/ptmp/arego/RC4K1/28407.h5
2025-09-19 05:05:55,686 - INFO - File 17165: Filtered 15576999 hits and 8 records
2025-09-19 05:05:56,550 - INFO - Completed /viper/ptmp/arego/RC4K1_1/26763.h5 in 22.61 seconds
2025-09-19 05:05:57,369 - INFO - Completed /viper/ptmp/arego/RC4K1_1/22540.h5 in 21.20 seconds
2025-09-19 05:05:57,370 - INFO - Completed /viper/ptmp/arego/RC4K1_1/14369.h5 in 18.65 seconds
2025-09-19 05:05:57,836 - INFO - Processing /viper/ptmp/arego/RC4K1/18861.h5
2025-09-19 05:05:59,179 - INFO - Processing /viper/ptmp/arego/RC4K1/12970.h5
2025-09-19 05:06:00,490 - INFO - Processing /viper/ptmp/arego/RC4K1/6639.h5
2025-09-19 05:06:02,006 - INFO - File 3814: Filtered 6479217 hits and 5 records
2025-09-19 05:06:02,942 - INFO - Completed /viper/ptmp/arego/RC4K1_1/17165.h5 in 17.39 seconds
2025-09-19 05:06:04,121 - INFO - Processing /viper/ptmp/arego/RC4K1/5841.h5
2025-09-19 05:06:04,191 - INFO - File 25611: Filtered 20659287 hits and 8 records
2025-09-19 05:06:06,674 - INFO - File 9878: Filtered 21717615 hits and 9 records
2025-09-19 05:06:07,603 - INFO - File 28407: Filtered 17934229 hits and 8 records
2025-09-19 05:06:08,945 - INFO - Completed /viper/ptmp/arego/RC4K1_1/25611.h5 in 19.81 seconds
2025-09-19 05:06:09,372 - INFO - Processing /viper/ptmp/arego/RC4K1/26292.h5
2025-09-19 05:06:10,480 - INFO - Completed /viper/ptmp/arego/RC4K1_1/9878.h5 in 18.87 seconds
2025-09-19 05:06:11,019 - INFO - Processing /viper/ptmp/arego/RC4K1/26912.h5
2025-09-19 05:06:11,169 - INFO - File 18861: Filtered 18799398 hits and 11 records
2025-09-19 05:06:12,064 - INFO - File 12970: Filtered 16357896 hits and 7 records
2025-09-19 05:06:12,109 - INFO - File 6639: Filtered 18849713 hits and 8 records
2025-09-19 05:06:12,794 - INFO - Completed /viper/ptmp/arego/RC4K1_1/3814.h5 in 24.98 seconds
2025-09-19 05:06:13,295 - INFO - Completed /viper/ptmp/arego/RC4K1_1/28407.h5 in 19.74 seconds
2025-09-19 05:06:14,357 - INFO - Processing /viper/ptmp/arego/RC4K1/25012.h5
2025-09-19 05:06:15,511 - INFO - File 5841: Filtered 8118802 hits and 7 records
2025-09-19 05:06:15,529 - INFO - Processing /viper/ptmp/arego/RC4K1/11341.h5
2025-09-19 05:06:17,205 - INFO - Completed /viper/ptmp/arego/RC4K1_1/18861.h5 in 19.37 seconds
2025-09-19 05:06:17,576 - INFO - Completed /viper/ptmp/arego/RC4K1_1/6639.h5 in 17.09 seconds
2025-09-19 05:06:18,043 - INFO - Processing /viper/ptmp/arego/RC4K1/29796.h5
2025-09-19 05:06:18,438 - INFO - Completed /viper/ptmp/arego/RC4K1_1/12970.h5 in 19.26 seconds
2025-09-19 05:06:19,852 - INFO - Processing /viper/ptmp/arego/RC4K1/9409.h5
2025-09-19 05:06:20,961 - INFO - Processing /viper/ptmp/arego/RC4K1/10560.h5
2025-09-19 05:06:22,746 - INFO - File 26292: Filtered 11133313 hits and 9 records
2025-09-19 05:06:24,687 - INFO - File 26912: Filtered 20381053 hits and 7 records
2025-09-19 05:06:25,593 - INFO - Completed /viper/ptmp/arego/RC4K1_1/5841.h5 in 21.47 seconds
2025-09-19 05:06:27,095 - INFO - Processing /viper/ptmp/arego/RC4K1/5130.h5
2025-09-19 05:06:28,423 - INFO - File 25012: Filtered 18666636 hits and 9 records
2025-09-19 05:06:28,853 - INFO - File 11341: Filtered 7959524 hits and 4 records
2025-09-19 05:06:33,015 - INFO - File 29796: Filtered 25302366 hits and 9 records
2025-09-19 05:06:33,021 - INFO - Completed /viper/ptmp/arego/RC4K1_1/26292.h5 in 23.65 seconds
2025-09-19 05:06:34,042 - INFO - Completed /viper/ptmp/arego/RC4K1_1/26912.h5 in 23.02 seconds
2025-09-19 05:06:34,390 - INFO - Processing /viper/ptmp/arego/RC4K1/23443.h5
2025-09-19 05:06:35,491 - INFO - File 9409: Filtered 11242439 hits and 5 records
2025-09-19 05:06:35,793 - INFO - Processing /viper/ptmp/arego/RC4K1/7348.h5
2025-09-19 05:06:36,239 - INFO - Completed /viper/ptmp/arego/RC4K1_1/25012.h5 in 21.88 seconds
2025-09-19 05:06:36,352 - INFO - File 10560: Filtered 17391842 hits and 6 records
2025-09-19 05:06:36,601 - INFO - Completed /viper/ptmp/arego/RC4K1_1/29796.h5 in 18.56 seconds
2025-09-19 05:06:37,105 - INFO - File 5130: Filtered 18216074 hits and 7 records
2025-09-19 05:06:37,190 - INFO - Processing /viper/ptmp/arego/RC4K1/13238.h5
2025-09-19 05:06:38,554 - INFO - Processing /viper/ptmp/arego/RC4K1/4515.h5
2025-09-19 05:06:39,438 - INFO - Completed /viper/ptmp/arego/RC4K1_1/11341.h5 in 23.91 seconds
2025-09-19 05:06:40,787 - INFO - Processing /viper/ptmp/arego/RC4K1/705.h5
2025-09-19 05:06:42,697 - INFO - Completed /viper/ptmp/arego/RC4K1_1/5130.h5 in 15.60 seconds
2025-09-19 05:06:42,753 - INFO - Completed /viper/ptmp/arego/RC4K1_1/10560.h5 in 21.79 seconds
2025-09-19 05:06:43,588 - INFO - Processing /viper/ptmp/arego/RC4K1/18081.h5
2025-09-19 05:06:44,361 - INFO - Completed /viper/ptmp/arego/RC4K1_1/9409.h5 in 24.51 seconds
2025-09-19 05:06:45,494 - INFO - Processing /viper/ptmp/arego/RC4K1/29342.h5
2025-09-19 05:06:46,893 - INFO - Processing /viper/ptmp/arego/RC4K1/25837.h5
2025-09-19 05:06:49,539 - INFO - File 23443: Filtered 16959753 hits and 8 records
2025-09-19 05:06:51,117 - INFO - File 7348: Filtered 9657078 hits and 3 records
2025-09-19 05:06:51,418 - INFO - File 13238: Filtered 15981580 hits and 8 records
2025-09-19 05:06:52,805 - INFO - File 4515: Filtered 17520288 hits and 8 records
2025-09-19 05:06:55,767 - INFO - File 705: Filtered 17376519 hits and 8 records
2025-09-19 05:06:56,996 - INFO - Completed /viper/ptmp/arego/RC4K1_1/23443.h5 in 22.61 seconds
2025-09-19 05:06:57,923 - INFO - Processing /viper/ptmp/arego/RC4K1/24191.h5
2025-09-19 05:06:59,193 - INFO - File 25837: Filtered 24474911 hits and 7 records
2025-09-19 05:06:59,362 - INFO - Completed /viper/ptmp/arego/RC4K1_1/13238.h5 in 22.17 seconds
2025-09-19 05:06:59,598 - INFO - Completed /viper/ptmp/arego/RC4K1_1/4515.h5 in 21.04 seconds
2025-09-19 05:07:00,244 - INFO - Processing /viper/ptmp/arego/RC4K1/19328.h5
2025-09-19 05:07:00,997 - INFO - Completed /viper/ptmp/arego/RC4K1_1/7348.h5 in 25.20 seconds
2025-09-19 05:07:00,999 - INFO - Processing /viper/ptmp/arego/RC4K1/5948.h5
2025-09-19 05:07:01,323 - INFO - File 18081: Filtered 18916060 hits and 10 records
2025-09-19 05:07:01,828 - INFO - Processing /viper/ptmp/arego/RC4K1/29069.h5
2025-09-19 05:07:03,097 - INFO - Completed /viper/ptmp/arego/RC4K1_1/25837.h5 in 16.20 seconds
2025-09-19 05:07:03,807 - INFO - Processing /viper/ptmp/arego/RC4K1/3599.h5
2025-09-19 05:07:07,650 - INFO - File 29342: Filtered 18028832 hits and 9 records
2025-09-19 05:07:08,364 - INFO - Completed /viper/ptmp/arego/RC4K1_1/705.h5 in 27.58 seconds
2025-09-19 05:07:09,023 - INFO - File 24191: Filtered 17171143 hits and 7 records
2025-09-19 05:07:09,712 - INFO - Processing /viper/ptmp/arego/RC4K1/29094.h5
2025-09-19 05:07:10,493 - INFO - Completed /viper/ptmp/arego/RC4K1_1/18081.h5 in 26.91 seconds
2025-09-19 05:07:11,791 - INFO - Processing /viper/ptmp/arego/RC4K1/17362.h5
2025-09-19 05:07:13,312 - INFO - File 19328: Filtered 26153560 hits and 10 records
2025-09-19 05:07:15,670 - INFO - Completed /viper/ptmp/arego/RC4K1_1/29342.h5 in 30.18 seconds
2025-09-19 05:07:16,563 - INFO - Processing /viper/ptmp/arego/RC4K1/26899.h5
2025-09-19 05:07:16,597 - INFO - File 5948: Filtered 26351434 hits and 9 records
2025-09-19 05:07:18,379 - INFO - Completed /viper/ptmp/arego/RC4K1_1/19328.h5 in 18.13 seconds
2025-09-19 05:07:18,913 - INFO - File 29069: Filtered 16494914 hits and 5 records
2025-09-19 05:07:19,159 - INFO - Processing /viper/ptmp/arego/RC4K1/21370.h5
2025-09-19 05:07:19,187 - INFO - Completed /viper/ptmp/arego/RC4K1_1/24191.h5 in 21.26 seconds
2025-09-19 05:07:20,809 - INFO - File 3599: Filtered 25094569 hits and 10 records
2025-09-19 05:07:21,220 - INFO - Processing /viper/ptmp/arego/RC4K1/12860.h5
2025-09-19 05:07:21,553 - INFO - Completed /viper/ptmp/arego/RC4K1_1/5948.h5 in 20.55 seconds
2025-09-19 05:07:22,955 - INFO - Processing /viper/ptmp/arego/RC4K1/10202.h5
2025-09-19 05:07:26,005 - INFO - Completed /viper/ptmp/arego/RC4K1_1/3599.h5 in 22.20 seconds
2025-09-19 05:07:26,044 - INFO - File 29094: Filtered 22241299 hits and 5 records
2025-09-19 05:07:27,037 - INFO - Processing /viper/ptmp/arego/RC4K1/10634.h5
2025-09-19 05:07:27,553 - INFO - Completed /viper/ptmp/arego/RC4K1_1/29069.h5 in 25.72 seconds
2025-09-19 05:07:29,358 - INFO - Processing /viper/ptmp/arego/RC4K1/22466.h5
2025-09-19 05:07:29,607 - INFO - File 17362: Filtered 18060642 hits and 7 records
2025-09-19 05:07:32,641 - INFO - File 26899: Filtered 15498038 hits and 8 records
2025-09-19 05:07:32,879 - INFO - Completed /viper/ptmp/arego/RC4K1_1/29094.h5 in 23.17 seconds
2025-09-19 05:07:33,694 - INFO - Processing /viper/ptmp/arego/RC4K1/12457.h5
2025-09-19 05:07:35,572 - INFO - File 21370: Filtered 25893712 hits and 10 records
2025-09-19 05:07:36,782 - INFO - File 10202: Filtered 12529918 hits and 5 records
2025-09-19 05:07:38,483 - INFO - Completed /viper/ptmp/arego/RC4K1_1/17362.h5 in 26.69 seconds
2025-09-19 05:07:38,612 - INFO - File 12860: Filtered 17618799 hits and 5 records
2025-09-19 05:07:39,695 - INFO - Processing /viper/ptmp/arego/RC4K1/23987.h5
2025-09-19 05:07:40,692 - INFO - File 10634: Filtered 8307902 hits and 8 records
2025-09-19 05:07:42,546 - INFO - Completed /viper/ptmp/arego/RC4K1_1/21370.h5 in 23.39 seconds
2025-09-19 05:07:43,217 - INFO - Processing /viper/ptmp/arego/RC4K1/28718.h5
2025-09-19 05:07:44,117 - INFO - Completed /viper/ptmp/arego/RC4K1_1/26899.h5 in 27.55 seconds
2025-09-19 05:07:44,332 - INFO - File 22466: Filtered 14769647 hits and 5 records
2025-09-19 05:07:45,590 - INFO - Processing /viper/ptmp/arego/RC4K1/3595.h5
2025-09-19 05:07:47,815 - INFO - File 12457: Filtered 15177278 hits and 9 records
2025-09-19 05:07:48,453 - INFO - Completed /viper/ptmp/arego/RC4K1_1/10202.h5 in 25.50 seconds
2025-09-19 05:07:49,873 - INFO - Completed /viper/ptmp/arego/RC4K1_1/12860.h5 in 28.65 seconds
2025-09-19 05:07:50,123 - INFO - Processing /viper/ptmp/arego/RC4K1/21564.h5
2025-09-19 05:07:51,774 - INFO - Processing /viper/ptmp/arego/RC4K1/24692.h5
2025-09-19 05:07:53,195 - INFO - Completed /viper/ptmp/arego/RC4K1_1/10634.h5 in 26.16 seconds
2025-09-19 05:07:54,755 - INFO - File 23987: Filtered 24936063 hits and 9 records
2025-09-19 05:07:54,979 - INFO - Completed /viper/ptmp/arego/RC4K1_1/22466.h5 in 25.62 seconds
2025-09-19 05:07:55,005 - INFO - Processing /viper/ptmp/arego/RC4K1/11605.h5
2025-09-19 05:07:56,303 - INFO - Processing /viper/ptmp/arego/RC4K1/3967.h5
2025-09-19 05:07:58,052 - INFO - Completed /viper/ptmp/arego/RC4K1_1/12457.h5 in 24.36 seconds
2025-09-19 05:07:58,793 - INFO - File 28718: Filtered 23270638 hits and 8 records
2025-09-19 05:07:59,663 - INFO - Processing /viper/ptmp/arego/RC4K1/20840.h5
2025-09-19 05:08:00,282 - INFO - File 3595: Filtered 14844628 hits and 7 records
2025-09-19 05:08:00,804 - INFO - Completed /viper/ptmp/arego/RC4K1_1/23987.h5 in 21.11 seconds
2025-09-19 05:08:01,833 - INFO - Processing /viper/ptmp/arego/RC4K1/18426.h5
2025-09-19 05:08:05,657 - INFO - Completed /viper/ptmp/arego/RC4K1_1/28718.h5 in 22.44 seconds
2025-09-19 05:08:06,858 - INFO - Processing /viper/ptmp/arego/RC4K1/9558.h5
2025-09-19 05:08:07,939 - INFO - File 24692: Filtered 22563271 hits and 8 records
2025-09-19 05:08:09,067 - INFO - File 21564: Filtered 13972382 hits and 9 records
2025-09-19 05:08:09,297 - INFO - File 11605: Filtered 20611129 hits and 4 records
2025-09-19 05:08:10,810 - INFO - Completed /viper/ptmp/arego/RC4K1_1/3595.h5 in 25.22 seconds
2025-09-19 05:08:12,385 - INFO - Processing /viper/ptmp/arego/RC4K1/1148.h5
2025-09-19 05:08:14,228 - INFO - File 3967: Filtered 23356946 hits and 7 records
2025-09-19 05:08:16,276 - INFO - Completed /viper/ptmp/arego/RC4K1_1/24692.h5 in 24.50 seconds
2025-09-19 05:08:17,398 - INFO - Processing /viper/ptmp/arego/RC4K1/23356.h5
2025-09-19 05:08:17,746 - INFO - Completed /viper/ptmp/arego/RC4K1_1/11605.h5 in 22.74 seconds
2025-09-19 05:08:19,396 - INFO - Processing /viper/ptmp/arego/RC4K1/14580.h5
2025-09-19 05:08:19,894 - INFO - File 20840: Filtered 26855519 hits and 7 records
2025-09-19 05:08:21,108 - INFO - Completed /viper/ptmp/arego/RC4K1_1/21564.h5 in 30.98 seconds
2025-09-19 05:08:22,151 - INFO - File 18426: Filtered 19863988 hits and 8 records
2025-09-19 05:08:22,185 - INFO - Processing /viper/ptmp/arego/RC4K1/150.h5
2025-09-19 05:08:22,282 - INFO - Completed /viper/ptmp/arego/RC4K1_1/3967.h5 in 25.98 seconds
2025-09-19 05:08:23,262 - INFO - File 9558: Filtered 30352120 hits and 10 records
2025-09-19 05:08:23,554 - INFO - Processing /viper/ptmp/arego/RC4K1/25958.h5
2025-09-19 05:08:25,625 - INFO - Completed /viper/ptmp/arego/RC4K1_1/20840.h5 in 25.96 seconds
2025-09-19 05:08:26,606 - INFO - Processing /viper/ptmp/arego/RC4K1/15543.h5
2025-09-19 05:08:27,480 - INFO - Completed /viper/ptmp/arego/RC4K1_1/9558.h5 in 20.62 seconds
2025-09-19 05:08:28,620 - INFO - Processing /viper/ptmp/arego/RC4K1/1224.h5
2025-09-19 05:08:28,839 - INFO - File 1148: Filtered 27028111 hits and 8 records
2025-09-19 05:08:30,978 - INFO - Completed /viper/ptmp/arego/RC4K1_1/18426.h5 in 29.14 seconds
2025-09-19 05:08:32,477 - INFO - Processing /viper/ptmp/arego/RC4K1/28566.h5
2025-09-19 05:08:34,789 - INFO - Completed /viper/ptmp/arego/RC4K1_1/1148.h5 in 22.40 seconds
2025-09-19 05:08:35,641 - INFO - Processing /viper/ptmp/arego/RC4K1/29541.h5
2025-09-19 05:08:36,538 - INFO - File 23356: Filtered 15887349 hits and 8 records
2025-09-19 05:08:37,000 - INFO - File 14580: Filtered 13895160 hits and 6 records
2025-09-19 05:08:41,904 - INFO - File 150: Filtered 21701481 hits and 10 records
2025-09-19 05:08:42,966 - INFO - File 25958: Filtered 15831299 hits and 8 records
2025-09-19 05:08:44,332 - INFO - File 15543: Filtered 17658205 hits and 6 records
2025-09-19 05:08:47,520 - INFO - File 1224: Filtered 22842394 hits and 9 records
2025-09-19 05:08:48,267 - INFO - Completed /viper/ptmp/arego/RC4K1_1/23356.h5 in 30.87 seconds
2025-09-19 05:08:49,644 - INFO - Processing /viper/ptmp/arego/RC4K1/12484.h5
2025-09-19 05:08:49,906 - INFO - Completed /viper/ptmp/arego/RC4K1_1/14580.h5 in 30.51 seconds
2025-09-19 05:08:50,354 - INFO - Completed /viper/ptmp/arego/RC4K1_1/150.h5 in 28.17 seconds
2025-09-19 05:08:51,013 - INFO - File 28566: Filtered 27854172 hits and 10 records
2025-09-19 05:08:51,336 - INFO - Processing /viper/ptmp/arego/RC4K1/22469.h5
2025-09-19 05:08:52,522 - INFO - Processing /viper/ptmp/arego/RC4K1/21446.h5
2025-09-19 05:08:54,393 - INFO - Completed /viper/ptmp/arego/RC4K1_1/25958.h5 in 30.84 seconds
2025-09-19 05:08:54,527 - INFO - Completed /viper/ptmp/arego/RC4K1_1/15543.h5 in 27.92 seconds
2025-09-19 05:08:55,729 - INFO - File 29541: Filtered 7277399 hits and 6 records
2025-09-19 05:08:55,797 - INFO - Processing /viper/ptmp/arego/RC4K1/29375.h5
2025-09-19 05:08:56,132 - INFO - Completed /viper/ptmp/arego/RC4K1_1/1224.h5 in 27.51 seconds
2025-09-19 05:08:56,802 - INFO - Completed /viper/ptmp/arego/RC4K1_1/28566.h5 in 24.33 seconds
2025-09-19 05:08:57,205 - INFO - Processing /viper/ptmp/arego/RC4K1/4582.h5
2025-09-19 05:08:58,415 - INFO - Processing /viper/ptmp/arego/RC4K1/18183.h5
2025-09-19 05:08:59,523 - INFO - Processing /viper/ptmp/arego/RC4K1/6014.h5
2025-09-19 05:09:10,021 - INFO - File 12484: Filtered 31829441 hits and 9 records
2025-09-19 05:09:10,982 - INFO - Completed /viper/ptmp/arego/RC4K1_1/29541.h5 in 35.34 seconds
2025-09-19 05:09:11,503 - INFO - File 22469: Filtered 13005038 hits and 7 records
2025-09-19 05:09:11,542 - INFO - File 21446: Filtered 25281731 hits and 7 records
2025-09-19 05:09:12,851 - INFO - Processing /viper/ptmp/arego/RC4K1/15880.h5
2025-09-19 05:09:15,809 - INFO - File 4582: Filtered 30535626 hits and 12 records
2025-09-19 05:09:15,894 - INFO - File 29375: Filtered 17262784 hits and 8 records
2025-09-19 05:09:17,029 - INFO - Completed /viper/ptmp/arego/RC4K1_1/12484.h5 in 27.38 seconds
2025-09-19 05:09:17,947 - INFO - Processing /viper/ptmp/arego/RC4K1/17851.h5
2025-09-19 05:09:21,847 - INFO - Completed /viper/ptmp/arego/RC4K1_1/4582.h5 in 24.64 seconds
2025-09-19 05:09:22,199 - INFO - Completed /viper/ptmp/arego/RC4K1_1/21446.h5 in 29.68 seconds
2025-09-19 05:09:22,684 - INFO - Processing /viper/ptmp/arego/RC4K1/27376.h5
2025-09-19 05:09:22,710 - INFO - File 6014: Filtered 18847816 hits and 9 records
2025-09-19 05:09:23,738 - INFO - File 18183: Filtered 26342958 hits and 7 records
2025-09-19 05:09:24,198 - INFO - Processing /viper/ptmp/arego/RC4K1/29350.h5
2025-09-19 05:09:26,901 - INFO - Completed /viper/ptmp/arego/RC4K1_1/22469.h5 in 35.57 seconds
2025-09-19 05:09:27,454 - INFO - Completed /viper/ptmp/arego/RC4K1_1/29375.h5 in 31.66 seconds
2025-09-19 05:09:28,560 - INFO - Processing /viper/ptmp/arego/RC4K1/1655.h5
2025-09-19 05:09:28,714 - INFO - File 15880: Filtered 21354298 hits and 10 records
2025-09-19 05:09:29,907 - INFO - Processing /viper/ptmp/arego/RC4K1/6531.h5
2025-09-19 05:09:33,319 - INFO - Completed /viper/ptmp/arego/RC4K1_1/18183.h5 in 34.90 seconds
2025-09-19 05:09:34,178 - INFO - Completed /viper/ptmp/arego/RC4K1_1/6014.h5 in 34.66 seconds
2025-09-19 05:09:34,437 - INFO - File 17851: Filtered 26623437 hits and 8 records
2025-09-19 05:09:35,144 - INFO - Processing /viper/ptmp/arego/RC4K1/21198.h5
2025-09-19 05:09:36,009 - INFO - Processing /viper/ptmp/arego/RC4K1/4523.h5
2025-09-19 05:09:39,052 - INFO - File 27376: Filtered 23575608 hits and 8 records
2025-09-19 05:09:39,517 - INFO - Completed /viper/ptmp/arego/RC4K1_1/15880.h5 in 26.67 seconds
2025-09-19 05:09:40,545 - INFO - Processing /viper/ptmp/arego/RC4K1/15537.h5
2025-09-19 05:09:42,292 - INFO - File 29350: Filtered 20942159 hits and 8 records
2025-09-19 05:09:42,528 - INFO - Completed /viper/ptmp/arego/RC4K1_1/17851.h5 in 24.58 seconds
2025-09-19 05:09:43,650 - INFO - Processing /viper/ptmp/arego/RC4K1/17106.h5
2025-09-19 05:09:44,594 - INFO - File 1655: Filtered 25231882 hits and 9 records
2025-09-19 05:09:46,076 - INFO - File 6531: Filtered 23310970 hits and 8 records
2025-09-19 05:09:48,878 - INFO - Completed /viper/ptmp/arego/RC4K1_1/27376.h5 in 26.19 seconds
2025-09-19 05:09:50,135 - INFO - Processing /viper/ptmp/arego/RC4K1/29737.h5
2025-09-19 05:09:52,756 - INFO - File 21198: Filtered 29179079 hits and 8 records
2025-09-19 05:09:53,836 - INFO - Completed /viper/ptmp/arego/RC4K1_1/1655.h5 in 25.28 seconds
2025-09-19 05:09:54,101 - INFO - File 4523: Filtered 27259083 hits and 7 records
2025-09-19 05:09:54,211 - INFO - Completed /viper/ptmp/arego/RC4K1_1/29350.h5 in 30.01 seconds
2025-09-19 05:09:55,341 - INFO - Processing /viper/ptmp/arego/RC4K1/20184.h5
2025-09-19 05:09:56,515 - INFO - Completed /viper/ptmp/arego/RC4K1_1/6531.h5 in 26.61 seconds
2025-09-19 05:09:56,528 - INFO - Processing /viper/ptmp/arego/RC4K1/2966.h5
2025-09-19 05:09:57,851 - INFO - Processing /viper/ptmp/arego/RC4K1/16891.h5
2025-09-19 05:10:00,417 - INFO - Completed /viper/ptmp/arego/RC4K1_1/21198.h5 in 25.27 seconds
2025-09-19 05:10:00,911 - INFO - File 17106: Filtered 31753496 hits and 9 records
2025-09-19 05:10:01,271 - INFO - Processing /viper/ptmp/arego/RC4K1/13269.h5
2025-09-19 05:10:02,349 - INFO - File 15537: Filtered 30106328 hits and 11 records
2025-09-19 05:10:02,828 - INFO - Completed /viper/ptmp/arego/RC4K1_1/4523.h5 in 26.82 seconds
2025-09-19 05:10:03,905 - INFO - Processing /viper/ptmp/arego/RC4K1/14874.h5
2025-09-19 05:10:07,475 - INFO - Completed /viper/ptmp/arego/RC4K1_1/17106.h5 in 23.83 seconds
2025-09-19 05:10:08,370 - INFO - Processing /viper/ptmp/arego/RC4K1/17103.h5
2025-09-19 05:10:08,922 - INFO - File 29737: Filtered 7865798 hits and 7 records
2025-09-19 05:10:10,219 - INFO - Completed /viper/ptmp/arego/RC4K1_1/15537.h5 in 29.67 seconds
2025-09-19 05:10:11,429 - INFO - Processing /viper/ptmp/arego/RC4K1/27012.h5
2025-09-19 05:10:12,189 - INFO - File 20184: Filtered 23304752 hits and 8 records
2025-09-19 05:10:14,812 - INFO - File 2966: Filtered 21563025 hits and 10 records
2025-09-19 05:10:18,006 - INFO - File 16891: Filtered 26507708 hits and 10 records
2025-09-19 05:10:22,339 - INFO - File 13269: Filtered 30175211 hits and 9 records
2025-09-19 05:10:24,639 - INFO - File 14874: Filtered 24741056 hits and 10 records
2025-09-19 05:10:24,657 - INFO - Completed /viper/ptmp/arego/RC4K1_1/20184.h5 in 29.32 seconds
2025-09-19 05:10:25,656 - INFO - Processing /viper/ptmp/arego/RC4K1/13906.h5
2025-09-19 05:10:27,159 - INFO - Completed /viper/ptmp/arego/RC4K1_1/2966.h5 in 30.63 seconds
2025-09-19 05:10:27,461 - INFO - File 17103: Filtered 40723662 hits and 8 records
2025-09-19 05:10:27,856 - INFO - Completed /viper/ptmp/arego/RC4K1_1/29737.h5 in 37.72 seconds
2025-09-19 05:10:28,278 - INFO - Completed /viper/ptmp/arego/RC4K1_1/16891.h5 in 30.43 seconds
2025-09-19 05:10:28,469 - INFO - Processing /viper/ptmp/arego/RC4K1/18435.h5
2025-09-19 05:10:29,320 - INFO - Processing /viper/ptmp/arego/RC4K1/24279.h5
2025-09-19 05:10:29,721 - INFO - File 27012: Filtered 16688503 hits and 6 records
2025-09-19 05:10:30,066 - INFO - Processing /viper/ptmp/arego/RC4K1/27004.h5
2025-09-19 05:10:30,653 - INFO - Completed /viper/ptmp/arego/RC4K1_1/13269.h5 in 29.38 seconds
2025-09-19 05:10:31,072 - INFO - Completed /viper/ptmp/arego/RC4K1_1/17103.h5 in 22.70 seconds
2025-09-19 05:10:31,563 - INFO - Processing /viper/ptmp/arego/RC4K1/21876.h5
2025-09-19 05:10:32,308 - INFO - Processing /viper/ptmp/arego/RC4K1/27351.h5
2025-09-19 05:10:34,601 - INFO - Completed /viper/ptmp/arego/RC4K1_1/14874.h5 in 30.70 seconds
2025-09-19 05:10:35,853 - INFO - Processing /viper/ptmp/arego/RC4K1/25573.h5
2025-09-19 05:10:43,320 - INFO - Completed /viper/ptmp/arego/RC4K1_1/27012.h5 in 31.89 seconds
2025-09-19 05:10:44,241 - INFO - Processing /viper/ptmp/arego/RC4K1/8830.h5
2025-09-19 05:10:46,261 - INFO - File 13906: Filtered 26098657 hits and 5 records
2025-09-19 05:10:51,058 - INFO - File 18435: Filtered 24428642 hits and 7 records
2025-09-19 05:10:51,409 - INFO - File 27004: Filtered 26821535 hits and 7 records
2025-09-19 05:10:53,703 - INFO - File 24279: Filtered 30988895 hits and 14 records
2025-09-19 05:10:54,501 - INFO - File 27351: Filtered 34176284 hits and 10 records
2025-09-19 05:10:54,988 - INFO - File 21876: Filtered 23771916 hits and 8 records
2025-09-19 05:10:57,547 - INFO - File 25573: Filtered 30350039 hits and 7 records
2025-09-19 05:11:00,617 - INFO - Completed /viper/ptmp/arego/RC4K1_1/13906.h5 in 34.96 seconds
2025-09-19 05:11:01,567 - INFO - Processing /viper/ptmp/arego/RC4K1/20655.h5
2025-09-19 05:11:02,149 - INFO - Completed /viper/ptmp/arego/RC4K1_1/27351.h5 in 29.84 seconds
2025-09-19 05:11:02,333 - INFO - Completed /viper/ptmp/arego/RC4K1_1/24279.h5 in 33.01 seconds
2025-09-19 05:11:02,358 - INFO - Completed /viper/ptmp/arego/RC4K1_1/27004.h5 in 32.29 seconds
2025-09-19 05:11:02,549 - INFO - Completed /viper/ptmp/arego/RC4K1_1/18435.h5 in 34.08 seconds
2025-09-19 05:11:02,903 - INFO - Processing /viper/ptmp/arego/RC4K1/647.h5
2025-09-19 05:11:02,923 - INFO - File 8830: Filtered 25216959 hits and 9 records
2025-09-19 05:11:03,670 - INFO - Processing /viper/ptmp/arego/RC4K1/15164.h5
2025-09-19 05:11:04,499 - INFO - Processing /viper/ptmp/arego/RC4K1/20969.h5
2025-09-19 05:11:05,107 - INFO - Processing /viper/ptmp/arego/RC4K1/14680.h5
2025-09-19 05:11:05,429 - INFO - Completed /viper/ptmp/arego/RC4K1_1/25573.h5 in 29.58 seconds
2025-09-19 05:11:05,584 - INFO - Completed /viper/ptmp/arego/RC4K1_1/21876.h5 in 34.02 seconds
2025-09-19 05:11:06,345 - INFO - Processing /viper/ptmp/arego/RC4K1/21194.h5
2025-09-19 05:11:07,048 - INFO - Processing /viper/ptmp/arego/RC4K1/8509.h5
2025-09-19 05:11:11,783 - INFO - Completed /viper/ptmp/arego/RC4K1_1/8830.h5 in 27.54 seconds
2025-09-19 05:11:12,895 - INFO - Processing /viper/ptmp/arego/RC4K1/4182.h5
2025-09-19 05:11:18,071 - INFO - File 20655: Filtered 38970222 hits and 10 records
2025-09-19 05:11:23,701 - INFO - Completed /viper/ptmp/arego/RC4K1_1/20655.h5 in 22.13 seconds
2025-09-19 05:11:24,328 - INFO - Processing /viper/ptmp/arego/RC4K1/18905.h5
2025-09-19 05:11:27,298 - INFO - File 647: Filtered 19394895 hits and 7 records
2025-09-19 05:11:27,888 - INFO - File 15164: Filtered 25286430 hits and 7 records
2025-09-19 05:11:28,505 - INFO - File 4182: Filtered 29279223 hits and 8 records
2025-09-19 05:11:29,102 - INFO - File 20969: Filtered 18983638 hits and 10 records
2025-09-19 05:11:30,039 - INFO - File 21194: Filtered 34804383 hits and 10 records
2025-09-19 05:11:30,578 - INFO - File 14680: Filtered 32490322 hits and 8 records
2025-09-19 05:11:32,776 - INFO - File 8509: Filtered 29047037 hits and 7 records
2025-09-19 05:11:38,475 - INFO - File 18905: Filtered 22958657 hits and 5 records
2025-09-19 05:11:39,129 - INFO - Completed /viper/ptmp/arego/RC4K1_1/4182.h5 in 26.23 seconds
2025-09-19 05:11:39,846 - INFO - Completed /viper/ptmp/arego/RC4K1_1/21194.h5 in 33.50 seconds
2025-09-19 05:11:40,107 - INFO - Processing /viper/ptmp/arego/RC4K1/8173.h5
2025-09-19 05:11:41,086 - INFO - Processing /viper/ptmp/arego/RC4K1/24114.h5
2025-09-19 05:11:41,345 - INFO - Completed /viper/ptmp/arego/RC4K1_1/15164.h5 in 37.68 seconds
2025-09-19 05:11:42,055 - INFO - Completed /viper/ptmp/arego/RC4K1_1/647.h5 in 39.15 seconds
2025-09-19 05:11:42,228 - INFO - Processing /viper/ptmp/arego/RC4K1/28982.h5
2025-09-19 05:11:42,509 - INFO - Completed /viper/ptmp/arego/RC4K1_1/14680.h5 in 37.40 seconds
2025-09-19 05:11:43,014 - INFO - Completed /viper/ptmp/arego/RC4K1_1/8509.h5 in 35.97 seconds
2025-09-19 05:11:43,034 - INFO - Processing /viper/ptmp/arego/RC4K1/21081.h5
2025-09-19 05:11:43,598 - INFO - Processing /viper/ptmp/arego/RC4K1/27219.h5
2025-09-19 05:11:44,143 - INFO - Processing /viper/ptmp/arego/RC4K1/26028.h5
2025-09-19 05:11:44,191 - INFO - Completed /viper/ptmp/arego/RC4K1_1/20969.h5 in 39.69 seconds
2025-09-19 05:11:45,216 - INFO - Processing /viper/ptmp/arego/RC4K1/8554.h5
2025-09-19 05:11:54,962 - INFO - File 8173: Filtered 15383209 hits and 7 records
2025-09-19 05:11:55,361 - INFO - Completed /viper/ptmp/arego/RC4K1_1/18905.h5 in 31.03 seconds
2025-09-19 05:11:57,518 - INFO - Processing /viper/ptmp/arego/RC4K1/14664.h5
2025-09-19 05:11:59,812 - INFO - File 24114: Filtered 26131933 hits and 5 records
2025-09-19 05:12:01,907 - INFO - File 28982: Filtered 23853768 hits and 5 records
2025-09-19 05:12:03,037 - INFO - File 21081: Filtered 41764730 hits and 9 records
2025-09-19 05:12:04,613 - INFO - File 26028: Filtered 37083287 hits and 12 records
2025-09-19 05:12:05,805 - INFO - File 8554: Filtered 27495856 hits and 7 records
2025-09-19 05:12:11,577 - INFO - Completed /viper/ptmp/arego/RC4K1_1/21081.h5 in 28.54 seconds
2025-09-19 05:12:12,237 - INFO - Processing /viper/ptmp/arego/RC4K1/20093.h5
2025-09-19 05:12:13,756 - INFO - Completed /viper/ptmp/arego/RC4K1_1/8173.h5 in 33.65 seconds
2025-09-19 05:12:14,098 - INFO - Completed /viper/ptmp/arego/RC4K1_1/26028.h5 in 29.96 seconds
2025-09-19 05:12:14,449 - INFO - File 14664: Filtered 20156252 hits and 6 records
2025-09-19 05:12:14,897 - INFO - Processing /viper/ptmp/arego/RC4K1/17876.h5
2025-09-19 05:12:15,125 - INFO - Completed /viper/ptmp/arego/RC4K1_1/24114.h5 in 34.04 seconds
2025-09-19 05:12:15,582 - INFO - Processing /viper/ptmp/arego/RC4K1/2604.h5
2025-09-19 05:12:15,739 - INFO - Completed /viper/ptmp/arego/RC4K1_1/28982.h5 in 33.51 seconds
2025-09-19 05:12:16,754 - INFO - Processing /viper/ptmp/arego/RC4K1/5480.h5
2025-09-19 05:12:17,643 - INFO - Processing /viper/ptmp/arego/RC4K1/27654.h5
2025-09-19 05:12:18,130 - INFO - Completed /viper/ptmp/arego/RC4K1_1/8554.h5 in 32.91 seconds
2025-09-19 05:12:19,272 - INFO - Processing /viper/ptmp/arego/RC4K1/9030.h5
2025-09-19 05:12:31,703 - INFO - Completed /viper/ptmp/arego/RC4K1_1/14664.h5 in 34.19 seconds
2025-09-19 05:12:32,178 - INFO - File 20093: Filtered 35270186 hits and 8 records
2025-09-19 05:12:33,404 - INFO - Processing /viper/ptmp/arego/RC4K1/1483.h5
2025-09-19 05:12:36,513 - INFO - File 5480: Filtered 24406973 hits and 6 records
2025-09-19 05:12:39,805 - INFO - File 17876: Filtered 22974072 hits and 8 records
2025-09-19 05:12:40,257 - INFO - File 2604: Filtered 28479103 hits and 9 records
2025-09-19 05:12:40,786 - INFO - File 27654: Filtered 35964614 hits and 7 records
2025-09-19 05:12:44,559 - INFO - File 9030: Filtered 40334228 hits and 9 records
2025-09-19 05:12:47,686 - INFO - Completed /viper/ptmp/arego/RC4K1_1/20093.h5 in 35.45 seconds
2025-09-19 05:12:48,834 - INFO - Processing /viper/ptmp/arego/RC4K1/13216.h5
2025-09-19 05:12:50,808 - INFO - File 1483: Filtered 41287427 hits and 9 records
2025-09-19 05:12:53,018 - INFO - Completed /viper/ptmp/arego/RC4K1_1/27654.h5 in 35.37 seconds
2025-09-19 05:12:53,503 - INFO - Completed /viper/ptmp/arego/RC4K1_1/5480.h5 in 36.75 seconds
2025-09-19 05:12:54,073 - INFO - Processing /viper/ptmp/arego/RC4K1/25398.h5
2025-09-19 05:12:54,954 - INFO - Processing /viper/ptmp/arego/RC4K1/13992.h5
2025-09-19 05:12:55,214 - INFO - Completed /viper/ptmp/arego/RC4K1_1/9030.h5 in 35.94 seconds
2025-09-19 05:12:55,724 - INFO - Completed /viper/ptmp/arego/RC4K1_1/2604.h5 in 40.14 seconds
2025-09-19 05:12:56,136 - INFO - Processing /viper/ptmp/arego/RC4K1/23842.h5
2025-09-19 05:12:56,893 - INFO - Processing /viper/ptmp/arego/RC4K1/9693.h5
2025-09-19 05:12:57,516 - INFO - Completed /viper/ptmp/arego/RC4K1_1/17876.h5 in 42.62 seconds
2025-09-19 05:12:59,064 - INFO - Processing /viper/ptmp/arego/RC4K1/18482.h5
2025-09-19 05:12:59,724 - INFO - Completed /viper/ptmp/arego/RC4K1_1/1483.h5 in 26.32 seconds
2025-09-19 05:12:59,991 - INFO - File 27219: Filtered 34333968 hits and 10 records
2025-09-19 05:13:00,665 - INFO - Processing /viper/ptmp/arego/RC4K1/28748.h5
2025-09-19 05:13:04,603 - INFO - File 13216: Filtered 35985506 hits and 9 records
2025-09-19 05:13:16,290 - INFO - File 13992: Filtered 28675123 hits and 10 records
2025-09-19 05:13:18,926 - INFO - File 25398: Filtered 27586675 hits and 8 records
2025-09-19 05:13:20,011 - INFO - File 18482: Filtered 43806627 hits and 5 records
2025-09-19 05:13:20,844 - INFO - Completed /viper/ptmp/arego/RC4K1_1/13216.h5 in 32.01 seconds
2025-09-19 05:13:22,730 - INFO - File 23842: Filtered 47636104 hits and 11 records
2025-09-19 05:13:22,885 - INFO - Processing /viper/ptmp/arego/RC4K1/5983.h5
2025-09-19 05:13:23,007 - INFO - File 9693: Filtered 52091736 hits and 8 records
2025-09-19 05:13:27,256 - INFO - File 28748: Filtered 22701890 hits and 4 records
2025-09-19 05:13:31,626 - INFO - Completed /viper/ptmp/arego/RC4K1_1/13992.h5 in 36.67 seconds
2025-09-19 05:13:31,983 - INFO - Completed /viper/ptmp/arego/RC4K1_1/9693.h5 in 35.09 seconds
2025-09-19 05:13:32,446 - INFO - Completed /viper/ptmp/arego/RC4K1_1/23842.h5 in 36.31 seconds
2025-09-19 05:13:32,762 - INFO - Processing /viper/ptmp/arego/RC4K1/3297.h5
2025-09-19 05:13:32,973 - INFO - Completed /viper/ptmp/arego/RC4K1_1/18482.h5 in 33.91 seconds
2025-09-19 05:13:33,441 - INFO - Processing /viper/ptmp/arego/RC4K1/16025.h5
2025-09-19 05:13:34,043 - INFO - Processing /viper/ptmp/arego/RC4K1/8817.h5
2025-09-19 05:13:34,658 - INFO - Processing /viper/ptmp/arego/RC4K1/15339.h5
2025-09-19 05:13:34,867 - INFO - Completed /viper/ptmp/arego/RC4K1_1/25398.h5 in 40.79 seconds
2025-09-19 05:13:36,191 - INFO - Processing /viper/ptmp/arego/RC4K1/7714.h5
2025-09-19 05:13:39,837 - INFO - File 5983: Filtered 43351093 hits and 6 records
2025-09-19 05:13:44,529 - INFO - Completed /viper/ptmp/arego/RC4K1_1/28748.h5 in 43.86 seconds
2025-09-19 05:13:47,425 - INFO - Processing /viper/ptmp/arego/RC4K1/11476.h5
2025-09-19 05:13:52,709 - INFO - Completed /viper/ptmp/arego/RC4K1_1/5983.h5 in 29.82 seconds
2025-09-19 05:13:53,807 - INFO - Processing /viper/ptmp/arego/RC4K1/29712.h5
2025-09-19 05:13:58,677 - INFO - File 3297: Filtered 42390015 hits and 10 records
2025-09-19 05:13:59,082 - INFO - File 7714: Filtered 48424080 hits and 10 records
2025-09-19 05:13:59,228 - INFO - File 16025: Filtered 83958976 hits and 8 records
2025-09-19 05:14:00,514 - INFO - File 8817: Filtered 32674262 hits and 7 records
2025-09-19 05:14:01,009 - INFO - File 15339: Filtered 47518145 hits and 8 records
2025-09-19 05:14:01,431 - INFO - Completed /viper/ptmp/arego/RC4K1_1/16025.h5 in 27.99 seconds
2025-09-19 05:14:01,832 - INFO - Processing /viper/ptmp/arego/RC4K1/4809.h5
2025-09-19 05:14:10,228 - INFO - File 11476: Filtered 56812986 hits and 7 records
2025-09-19 05:14:12,334 - INFO - Completed /viper/ptmp/arego/RC4K1_1/3297.h5 in 39.57 seconds
2025-09-19 05:14:12,747 - INFO - Completed /viper/ptmp/arego/RC4K1_1/7714.h5 in 36.56 seconds
2025-09-19 05:14:13,296 - ERROR - Error processing /viper/ptmp/arego/RC4K1/15339.h5: low >= high
2025-09-19 05:14:13,457 - INFO - Processing /viper/ptmp/arego/RC4K1/8051.h5
2025-09-19 05:14:14,387 - INFO - File 29712: Filtered 49197520 hits and 10 records
2025-09-19 05:14:14,922 - INFO - Processing /viper/ptmp/arego/RC4K1/11827.h5
2025-09-19 05:14:15,634 - INFO - Processing /viper/ptmp/arego/RC4K1/19555.h5
2025-09-19 05:14:16,778 - INFO - Completed /viper/ptmp/arego/RC4K1_1/8817.h5 in 42.73 seconds
2025-09-19 05:14:18,061 - INFO - Processing /viper/ptmp/arego/RC4K1/20892.h5
2025-09-19 05:14:20,790 - INFO - Completed /viper/ptmp/arego/RC4K1_1/11476.h5 in 33.36 seconds
2025-09-19 05:14:21,598 - INFO - Processing /viper/ptmp/arego/RC4K1/14878.h5
2025-09-19 05:14:22,203 - INFO - Completed /viper/ptmp/arego/RC4K1_1/27219.h5 in 158.61 seconds
2025-09-19 05:14:23,705 - INFO - File 4809: Filtered 48636659 hits and 9 records
2025-09-19 05:14:27,276 - INFO - Completed /viper/ptmp/arego/RC4K1_1/29712.h5 in 33.47 seconds
2025-09-19 05:14:28,998 - INFO - Processing /viper/ptmp/arego/RC4K1/18292.h5
2025-09-19 05:14:30,913 - INFO - Processing /viper/ptmp/arego/RC4K1/13361.h5
2025-09-19 05:14:40,993 - INFO - Completed /viper/ptmp/arego/RC4K1_1/4809.h5 in 39.16 seconds
2025-09-19 05:14:42,431 - INFO - File 8051: Filtered 26530014 hits and 6 records
2025-09-19 05:14:42,519 - INFO - File 20892: Filtered 40410991 hits and 10 records
2025-09-19 05:14:43,148 - INFO - Processing /viper/ptmp/arego/RC4K1/6701.h5
2025-09-19 05:14:43,760 - INFO - File 19555: Filtered 40940200 hits and 9 records
2025-09-19 05:14:44,079 - INFO - File 11827: Filtered 35944923 hits and 9 records
2025-09-19 05:14:44,235 - INFO - File 14878: Filtered 57483210 hits and 7 records
2025-09-19 05:14:56,918 - INFO - File 18292: Filtered 44564579 hits and 10 records
2025-09-19 05:14:57,167 - INFO - Completed /viper/ptmp/arego/RC4K1_1/14878.h5 in 35.57 seconds
2025-09-19 05:14:57,949 - INFO - File 13361: Filtered 41192064 hits and 6 records
2025-09-19 05:14:58,756 - INFO - Processing /viper/ptmp/arego/RC4K1/10024.h5
2025-09-19 05:15:04,333 - INFO - Completed /viper/ptmp/arego/RC4K1_1/20892.h5 in 46.27 seconds
2025-09-19 05:15:06,165 - INFO - Completed /viper/ptmp/arego/RC4K1_1/11827.h5 in 51.24 seconds
2025-09-19 05:15:06,296 - INFO - Processing /viper/ptmp/arego/RC4K1/29042.h5
2025-09-19 05:15:07,249 - INFO - Completed /viper/ptmp/arego/RC4K1_1/8051.h5 in 53.79 seconds
2025-09-19 05:15:07,673 - INFO - Processing /viper/ptmp/arego/RC4K1/18647.h5
2025-09-19 05:15:08,007 - ERROR - Error processing /viper/ptmp/arego/RC4K1/19555.h5: low >= high
2025-09-19 05:15:08,239 - INFO - File 6701: Filtered 51544249 hits and 8 records
2025-09-19 05:15:09,335 - INFO - Processing /viper/ptmp/arego/RC4K1/24457.h5
2025-09-19 05:15:10,143 - INFO - Processing /viper/ptmp/arego/RC4K1/1457.h5
2025-09-19 05:15:13,878 - INFO - Completed /viper/ptmp/arego/RC4K1_1/18292.h5 in 44.88 seconds
2025-09-19 05:15:16,987 - INFO - Completed /viper/ptmp/arego/RC4K1_1/13361.h5 in 46.07 seconds
2025-09-19 05:15:22,699 - INFO - Completed /viper/ptmp/arego/RC4K1_1/6701.h5 in 39.55 seconds
2025-09-19 05:15:22,775 - INFO - File 10024: Filtered 51053629 hits and 7 records
2025-09-19 05:15:39,860 - INFO - File 29042: Filtered 61155625 hits and 7 records
2025-09-19 05:15:40,433 - INFO - Completed /viper/ptmp/arego/RC4K1_1/10024.h5 in 41.68 seconds
2025-09-19 05:15:43,155 - INFO - File 18647: Filtered 46166712 hits and 8 records
2025-09-19 05:15:44,620 - INFO - File 1457: Filtered 44123268 hits and 9 records
2025-09-19 05:15:46,946 - INFO - File 24457: Filtered 65280976 hits and 10 records
2025-09-19 05:15:59,233 - INFO - Completed /viper/ptmp/arego/RC4K1_1/29042.h5 in 52.94 seconds
2025-09-19 05:16:06,917 - INFO - Completed /viper/ptmp/arego/RC4K1_1/1457.h5 in 56.77 seconds
2025-09-19 05:16:06,997 - INFO - Completed /viper/ptmp/arego/RC4K1_1/18647.h5 in 59.32 seconds
2025-09-19 05:16:08,467 - INFO - Completed /viper/ptmp/arego/RC4K1_1/24457.h5 in 59.13 seconds
