2025-09-19 03:23:50,527 - INFO - Loaded skip configuration: 0 files to skip entirely, 35364 files with partial record skips
2025-09-19 03:23:51,312 - INFO - Processing /viper/ptmp/arego/RC4K1/15403.h5
2025-09-19 03:23:51,811 - INFO - Processing /viper/ptmp/arego/RC4K1/27167.h5
2025-09-19 03:23:52,114 - INFO - File 15403: Filtered 1710635 hits and 4 records
2025-09-19 03:23:52,375 - INFO - Processing /viper/ptmp/arego/RC4K1/9353.h5
2025-09-19 03:23:52,479 - INFO - File 27167: Filtered 1633417 hits and 6 records
2025-09-19 03:23:52,542 - INFO - Completed /viper/ptmp/arego/RC4K1_1/15403.h5 in 1.23 seconds
2025-09-19 03:23:52,959 - INFO - Processing /viper/ptmp/arego/RC4K1/26007.h5
2025-09-19 03:23:53,057 - INFO - File 9353: Filtered 2011864 hits and 11 records
2025-09-19 03:23:53,083 - INFO - Completed /viper/ptmp/arego/RC4K1_1/27167.h5 in 1.27 seconds
2025-09-19 03:23:53,540 - INFO - Processing /viper/ptmp/arego/RC4K1/15838.h5
2025-09-19 03:23:53,541 - INFO - Completed /viper/ptmp/arego/RC4K1_1/9353.h5 in 1.17 seconds
2025-09-19 03:23:53,641 - INFO - File 26007: Filtered 2068342 hits and 6 records
2025-09-19 03:23:54,105 - INFO - Processing /viper/ptmp/arego/RC4K1/6413.h5
2025-09-19 03:23:54,180 - INFO - Completed /viper/ptmp/arego/RC4K1_1/26007.h5 in 1.22 seconds
2025-09-19 03:23:54,230 - INFO - File 15838: Filtered 1757418 hits and 5 records
2025-09-19 03:23:54,670 - INFO - Processing /viper/ptmp/arego/RC4K1/7194.h5
2025-09-19 03:23:54,829 - INFO - File 6413: Filtered 1075450 hits and 6 records
2025-09-19 03:23:54,931 - INFO - Completed /viper/ptmp/arego/RC4K1_1/15838.h5 in 1.39 seconds
2025-09-19 03:23:55,237 - INFO - Processing /viper/ptmp/arego/RC4K1/26344.h5
2025-09-19 03:23:55,511 - INFO - File 7194: Filtered 1169824 hits and 7 records
2025-09-19 03:23:55,695 - INFO - Completed /viper/ptmp/arego/RC4K1_1/6413.h5 in 1.59 seconds
2025-09-19 03:23:55,862 - INFO - Processing /viper/ptmp/arego/RC4K1/12156.h5
2025-09-19 03:23:56,041 - INFO - File 26344: Filtered 2597240 hits and 10 records
2025-09-19 03:23:56,396 - INFO - Completed /viper/ptmp/arego/RC4K1_1/7194.h5 in 1.73 seconds
2025-09-19 03:23:56,440 - INFO - Processing /viper/ptmp/arego/RC4K1/16196.h5
2025-09-19 03:23:56,523 - INFO - Completed /viper/ptmp/arego/RC4K1_1/26344.h5 in 1.29 seconds
2025-09-19 03:23:56,622 - INFO - File 12156: Filtered 2316530 hits and 4 records
2025-09-19 03:23:57,024 - INFO - Processing /viper/ptmp/arego/RC4K1/4629.h5
2025-09-19 03:23:57,243 - INFO - File 16196: Filtered 965809 hits and 5 records
2025-09-19 03:23:57,264 - INFO - Completed /viper/ptmp/arego/RC4K1_1/12156.h5 in 1.40 seconds
2025-09-19 03:23:57,636 - INFO - Processing /viper/ptmp/arego/RC4K1/3782.h5
2025-09-19 03:23:57,832 - INFO - File 4629: Filtered 1468907 hits and 4 records
2025-09-19 03:23:58,242 - INFO - Processing /viper/ptmp/arego/RC4K1/14684.h5
2025-09-19 03:23:58,298 - INFO - Completed /viper/ptmp/arego/RC4K1_1/16196.h5 in 1.86 seconds
2025-09-19 03:23:58,430 - INFO - File 3782: Filtered 2863146 hits and 8 records
2025-09-19 03:23:58,785 - INFO - Completed /viper/ptmp/arego/RC4K1_1/4629.h5 in 1.76 seconds
2025-09-19 03:23:58,786 - INFO - Processing /viper/ptmp/arego/RC4K1/8586.h5
2025-09-19 03:23:58,956 - INFO - Completed /viper/ptmp/arego/RC4K1_1/3782.h5 in 1.32 seconds
2025-09-19 03:23:59,073 - INFO - File 14684: Filtered 2556871 hits and 8 records
2025-09-19 03:23:59,374 - INFO - Processing /viper/ptmp/arego/RC4K1/19002.h5
2025-09-19 03:23:59,634 - INFO - File 8586: Filtered 1626529 hits and 4 records
2025-09-19 03:23:59,730 - INFO - Completed /viper/ptmp/arego/RC4K1_1/14684.h5 in 1.49 seconds
2025-09-19 03:23:59,958 - INFO - Processing /viper/ptmp/arego/RC4K1/17347.h5
2025-09-19 03:24:00,268 - INFO - File 19002: Filtered 4122710 hits and 4 records
2025-09-19 03:24:00,522 - INFO - Processing /viper/ptmp/arego/RC4K1/15395.h5
2025-09-19 03:24:00,550 - INFO - Completed /viper/ptmp/arego/RC4K1_1/8586.h5 in 1.76 seconds
2025-09-19 03:24:00,641 - INFO - Completed /viper/ptmp/arego/RC4K1_1/19002.h5 in 1.27 seconds
2025-09-19 03:24:00,912 - INFO - File 17347: Filtered 1727904 hits and 8 records
2025-09-19 03:24:01,110 - INFO - Processing /viper/ptmp/arego/RC4K1/15821.h5
2025-09-19 03:24:01,508 - INFO - File 15395: Filtered 3835592 hits and 8 records
2025-09-19 03:24:01,700 - INFO - Processing /viper/ptmp/arego/RC4K1/3401.h5
2025-09-19 03:24:01,976 - INFO - Completed /viper/ptmp/arego/RC4K1_1/17347.h5 in 2.02 seconds
2025-09-19 03:24:02,157 - INFO - Completed /viper/ptmp/arego/RC4K1_1/15395.h5 in 1.64 seconds
2025-09-19 03:24:02,180 - INFO - File 15821: Filtered 2384717 hits and 11 records
2025-09-19 03:24:02,288 - INFO - Processing /viper/ptmp/arego/RC4K1/12230.h5
2025-09-19 03:24:02,764 - INFO - File 3401: Filtered 1792190 hits and 4 records
2025-09-19 03:24:02,906 - INFO - Processing /viper/ptmp/arego/RC4K1/5822.h5
2025-09-19 03:24:03,235 - INFO - Completed /viper/ptmp/arego/RC4K1_1/15821.h5 in 2.12 seconds
2025-09-19 03:24:03,412 - INFO - File 12230: Filtered 5108184 hits and 6 records
2025-09-19 03:24:03,502 - INFO - Processing /viper/ptmp/arego/RC4K1/7483.h5
2025-09-19 03:24:03,834 - INFO - Completed /viper/ptmp/arego/RC4K1_1/12230.h5 in 1.55 seconds
2025-09-19 03:24:04,056 - INFO - Completed /viper/ptmp/arego/RC4K1_1/3401.h5 in 2.36 seconds
2025-09-19 03:24:04,060 - INFO - File 5822: Filtered 4018842 hits and 10 records
2025-09-19 03:24:04,117 - INFO - Processing /viper/ptmp/arego/RC4K1/21698.h5
2025-09-19 03:24:04,625 - INFO - File 7483: Filtered 3482300 hits and 6 records
2025-09-19 03:24:04,724 - INFO - Processing /viper/ptmp/arego/RC4K1/7209.h5
2025-09-19 03:24:04,785 - INFO - Completed /viper/ptmp/arego/RC4K1_1/5822.h5 in 1.88 seconds
2025-09-19 03:24:05,386 - INFO - File 21698: Filtered 2031534 hits and 4 records
2025-09-19 03:24:05,423 - INFO - Processing /viper/ptmp/arego/RC4K1/26388.h5
2025-09-19 03:24:05,547 - INFO - Completed /viper/ptmp/arego/RC4K1_1/7483.h5 in 2.05 seconds
2025-09-19 03:24:06,076 - INFO - Processing /viper/ptmp/arego/RC4K1/6765.h5
2025-09-19 03:24:06,081 - INFO - File 7209: Filtered 2440499 hits and 4 records
2025-09-19 03:24:06,721 - INFO - File 26388: Filtered 2380484 hits and 3 records
2025-09-19 03:24:06,760 - INFO - Processing /viper/ptmp/arego/RC4K1/19251.h5
2025-09-19 03:24:06,981 - INFO - Completed /viper/ptmp/arego/RC4K1_1/21698.h5 in 2.86 seconds
2025-09-19 03:24:07,419 - INFO - File 6765: Filtered 3454433 hits and 8 records
2025-09-19 03:24:07,447 - INFO - Processing /viper/ptmp/arego/RC4K1/10204.h5
2025-09-19 03:24:07,587 - INFO - Completed /viper/ptmp/arego/RC4K1_1/7209.h5 in 2.86 seconds
2025-09-19 03:24:08,063 - INFO - File 19251: Filtered 4557083 hits and 5 records
2025-09-19 03:24:08,074 - INFO - Processing /viper/ptmp/arego/RC4K1/6821.h5
2025-09-19 03:24:08,148 - INFO - Completed /viper/ptmp/arego/RC4K1_1/26388.h5 in 2.72 seconds
2025-09-19 03:24:08,431 - INFO - Completed /viper/ptmp/arego/RC4K1_1/6765.h5 in 2.35 seconds
2025-09-19 03:24:08,713 - INFO - Processing /viper/ptmp/arego/RC4K1/20359.h5
2025-09-19 03:24:08,763 - INFO - File 10204: Filtered 3810821 hits and 6 records
2025-09-19 03:24:08,855 - INFO - Completed /viper/ptmp/arego/RC4K1_1/19251.h5 in 2.09 seconds
2025-09-19 03:24:09,316 - INFO - Processing /viper/ptmp/arego/RC4K1/25566.h5
2025-09-19 03:24:09,394 - INFO - File 6821: Filtered 3024733 hits and 7 records
2025-09-19 03:24:09,818 - INFO - Completed /viper/ptmp/arego/RC4K1_1/10204.h5 in 2.37 seconds
2025-09-19 03:24:09,972 - INFO - Processing /viper/ptmp/arego/RC4K1/9201.h5
2025-09-19 03:24:10,111 - INFO - File 20359: Filtered 3042824 hits and 6 records
2025-09-19 03:24:10,642 - INFO - Processing /viper/ptmp/arego/RC4K1/16934.h5
2025-09-19 03:24:10,755 - INFO - Completed /viper/ptmp/arego/RC4K1_1/6821.h5 in 2.68 seconds
2025-09-19 03:24:10,837 - INFO - File 25566: Filtered 3804543 hits and 8 records
2025-09-19 03:24:11,336 - INFO - Processing /viper/ptmp/arego/RC4K1/11503.h5
2025-09-19 03:24:11,457 - INFO - File 9201: Filtered 4832807 hits and 7 records
2025-09-19 03:24:12,000 - INFO - Processing /viper/ptmp/arego/RC4K1/16947.h5
2025-09-19 03:24:12,131 - INFO - Completed /viper/ptmp/arego/RC4K1_1/25566.h5 in 2.82 seconds
2025-09-19 03:24:12,195 - INFO - File 16934: Filtered 2065734 hits and 6 records
2025-09-19 03:24:12,275 - INFO - Completed /viper/ptmp/arego/RC4K1_1/20359.h5 in 3.56 seconds
2025-09-19 03:24:12,432 - INFO - Completed /viper/ptmp/arego/RC4K1_1/9201.h5 in 2.46 seconds
2025-09-19 03:24:12,747 - INFO - Processing /viper/ptmp/arego/RC4K1/18891.h5
2025-09-19 03:24:12,923 - INFO - File 11503: Filtered 6708065 hits and 7 records
2025-09-19 03:24:13,435 - INFO - Processing /viper/ptmp/arego/RC4K1/2282.h5
2025-09-19 03:24:13,460 - INFO - Completed /viper/ptmp/arego/RC4K1_1/11503.h5 in 2.12 seconds
2025-09-19 03:24:13,590 - INFO - File 16947: Filtered 5894168 hits and 12 records
2025-09-19 03:24:14,080 - INFO - Processing /viper/ptmp/arego/RC4K1/14533.h5
2025-09-19 03:24:14,278 - INFO - File 18891: Filtered 2946869 hits and 2 records
2025-09-19 03:24:14,340 - INFO - Completed /viper/ptmp/arego/RC4K1_1/16947.h5 in 2.34 seconds
2025-09-19 03:24:14,688 - INFO - Completed /viper/ptmp/arego/RC4K1_1/16934.h5 in 4.05 seconds
2025-09-19 03:24:14,798 - INFO - Processing /viper/ptmp/arego/RC4K1/19578.h5
2025-09-19 03:24:15,006 - INFO - File 2282: Filtered 6674927 hits and 7 records
2025-09-19 03:24:15,448 - INFO - Processing /viper/ptmp/arego/RC4K1/7544.h5
2025-09-19 03:24:15,495 - INFO - Completed /viper/ptmp/arego/RC4K1_1/2282.h5 in 2.06 seconds
2025-09-19 03:24:15,689 - INFO - File 14533: Filtered 767030 hits and 4 records
2025-09-19 03:24:16,114 - INFO - Completed /viper/ptmp/arego/RC4K1_1/18891.h5 in 3.37 seconds
2025-09-19 03:24:16,121 - INFO - Processing /viper/ptmp/arego/RC4K1/7968.h5
2025-09-19 03:24:16,425 - INFO - File 19578: Filtered 4557193 hits and 6 records
2025-09-19 03:24:16,834 - INFO - Processing /viper/ptmp/arego/RC4K1/11706.h5
2025-09-19 03:24:17,066 - INFO - File 7544: Filtered 2776202 hits and 4 records
2025-09-19 03:24:17,513 - INFO - Processing /viper/ptmp/arego/RC4K1/26108.h5
2025-09-19 03:24:17,655 - INFO - Completed /viper/ptmp/arego/RC4K1_1/19578.h5 in 2.86 seconds
2025-09-19 03:24:17,815 - INFO - File 7968: Filtered 2154235 hits and 4 records
2025-09-19 03:24:18,115 - INFO - Completed /viper/ptmp/arego/RC4K1_1/14533.h5 in 4.04 seconds
2025-09-19 03:24:18,256 - INFO - Processing /viper/ptmp/arego/RC4K1/1190.h5
2025-09-19 03:24:18,560 - INFO - File 11706: Filtered 4302054 hits and 8 records
2025-09-19 03:24:18,993 - INFO - Completed /viper/ptmp/arego/RC4K1_1/7544.h5 in 3.55 seconds
2025-09-19 03:24:19,002 - INFO - Processing /viper/ptmp/arego/RC4K1/5454.h5
2025-09-19 03:24:19,154 - INFO - File 26108: Filtered 7361031 hits and 7 records
2025-09-19 03:24:19,633 - INFO - Completed /viper/ptmp/arego/RC4K1_1/26108.h5 in 2.12 seconds
2025-09-19 03:24:19,648 - INFO - Processing /viper/ptmp/arego/RC4K1/14506.h5
2025-09-19 03:24:19,955 - INFO - File 1190: Filtered 2711093 hits and 3 records
2025-09-19 03:24:19,963 - INFO - Completed /viper/ptmp/arego/RC4K1_1/7968.h5 in 3.84 seconds
2025-09-19 03:24:19,982 - INFO - Completed /viper/ptmp/arego/RC4K1_1/11706.h5 in 3.15 seconds
2025-09-19 03:24:20,433 - INFO - Processing /viper/ptmp/arego/RC4K1/16757.h5
2025-09-19 03:24:20,730 - INFO - File 5454: Filtered 7216628 hits and 5 records
2025-09-19 03:24:21,149 - INFO - Processing /viper/ptmp/arego/RC4K1/18756.h5
2025-09-19 03:24:21,348 - INFO - Completed /viper/ptmp/arego/RC4K1_1/5454.h5 in 2.35 seconds
2025-09-19 03:24:21,361 - INFO - File 14506: Filtered 3184287 hits and 4 records
2025-09-19 03:24:21,844 - INFO - Processing /viper/ptmp/arego/RC4K1/7275.h5
2025-09-19 03:24:21,987 - INFO - Completed /viper/ptmp/arego/RC4K1_1/1190.h5 in 3.73 seconds
2025-09-19 03:24:22,236 - INFO - File 16757: Filtered 3278761 hits and 6 records
2025-09-19 03:24:22,606 - INFO - Processing /viper/ptmp/arego/RC4K1/28896.h5
2025-09-19 03:24:22,858 - INFO - File 18756: Filtered 5281880 hits and 7 records
2025-09-19 03:24:23,224 - INFO - Completed /viper/ptmp/arego/RC4K1_1/14506.h5 in 3.58 seconds
2025-09-19 03:24:23,323 - INFO - Processing /viper/ptmp/arego/RC4K1/1889.h5
2025-09-19 03:24:23,628 - INFO - File 7275: Filtered 2310886 hits and 6 records
2025-09-19 03:24:24,071 - INFO - Completed /viper/ptmp/arego/RC4K1_1/18756.h5 in 2.92 seconds
2025-09-19 03:24:24,080 - INFO - Processing /viper/ptmp/arego/RC4K1/21574.h5
2025-09-19 03:24:24,521 - INFO - File 28896: Filtered 2961487 hits and 6 records
2025-09-19 03:24:24,690 - INFO - Completed /viper/ptmp/arego/RC4K1_1/16757.h5 in 4.26 seconds
2025-09-19 03:24:24,748 - INFO - Processing /viper/ptmp/arego/RC4K1/6961.h5
2025-09-19 03:24:25,242 - INFO - File 1889: Filtered 4170220 hits and 7 records
2025-09-19 03:24:25,387 - INFO - Processing /viper/ptmp/arego/RC4K1/17564.h5
2025-09-19 03:24:25,905 - INFO - Completed /viper/ptmp/arego/RC4K1_1/7275.h5 in 4.06 seconds
2025-09-19 03:24:26,044 - INFO - File 21574: Filtered 5215141 hits and 7 records
2025-09-19 03:24:26,360 - INFO - Processing /viper/ptmp/arego/RC4K1/16432.h5
2025-09-19 03:24:26,692 - INFO - Completed /viper/ptmp/arego/RC4K1_1/28896.h5 in 4.09 seconds
2025-09-19 03:24:26,829 - INFO - File 6961: Filtered 8188129 hits and 9 records
2025-09-19 03:24:27,178 - INFO - Processing /viper/ptmp/arego/RC4K1/3505.h5
2025-09-19 03:24:27,203 - INFO - Completed /viper/ptmp/arego/RC4K1_1/1889.h5 in 3.88 seconds
2025-09-19 03:24:27,381 - INFO - Completed /viper/ptmp/arego/RC4K1_1/6961.h5 in 2.63 seconds
2025-09-19 03:24:27,528 - INFO - File 17564: Filtered 6159339 hits and 9 records
2025-09-19 03:24:27,602 - INFO - Completed /viper/ptmp/arego/RC4K1_1/21574.h5 in 3.52 seconds
2025-09-19 03:24:27,850 - INFO - Processing /viper/ptmp/arego/RC4K1/6854.h5
2025-09-19 03:24:28,336 - INFO - File 16432: Filtered 3059233 hits and 5 records
2025-09-19 03:24:28,521 - INFO - Processing /viper/ptmp/arego/RC4K1/25321.h5
2025-09-19 03:24:28,886 - INFO - Completed /viper/ptmp/arego/RC4K1_1/17564.h5 in 3.50 seconds
2025-09-19 03:24:29,141 - INFO - File 3505: Filtered 7980087 hits and 6 records
2025-09-19 03:24:29,345 - INFO - Processing /viper/ptmp/arego/RC4K1/17516.h5
2025-09-19 03:24:29,795 - INFO - File 6854: Filtered 5312593 hits and 8 records
2025-09-19 03:24:29,978 - INFO - Completed /viper/ptmp/arego/RC4K1_1/3505.h5 in 2.80 seconds
2025-09-19 03:24:30,116 - INFO - Processing /viper/ptmp/arego/RC4K1/9371.h5
2025-09-19 03:24:30,578 - INFO - File 25321: Filtered 6010297 hits and 6 records
2025-09-19 03:24:30,702 - INFO - Completed /viper/ptmp/arego/RC4K1_1/16432.h5 in 4.34 seconds
2025-09-19 03:24:30,867 - INFO - Processing /viper/ptmp/arego/RC4K1/17881.h5
2025-09-19 03:24:31,367 - INFO - File 17516: Filtered 6339734 hits and 6 records
2025-09-19 03:24:31,535 - INFO - Completed /viper/ptmp/arego/RC4K1_1/6854.h5 in 3.69 seconds
2025-09-19 03:24:31,643 - INFO - Processing /viper/ptmp/arego/RC4K1/7006.h5
2025-09-19 03:24:32,026 - INFO - Completed /viper/ptmp/arego/RC4K1_1/25321.h5 in 3.51 seconds
2025-09-19 03:24:32,244 - INFO - File 9371: Filtered 3987921 hits and 7 records
2025-09-19 03:24:32,327 - INFO - Processing /viper/ptmp/arego/RC4K1/23507.h5
2025-09-19 03:24:32,855 - INFO - Completed /viper/ptmp/arego/RC4K1_1/17516.h5 in 3.51 seconds
2025-09-19 03:24:33,261 - INFO - File 17881: Filtered 2724550 hits and 4 records
2025-09-19 03:24:33,267 - INFO - Processing /viper/ptmp/arego/RC4K1/14744.h5
2025-09-19 03:24:34,017 - INFO - File 7006: Filtered 4772493 hits and 5 records
2025-09-19 03:24:34,214 - INFO - Processing /viper/ptmp/arego/RC4K1/1169.h5
2025-09-19 03:24:34,675 - INFO - File 23507: Filtered 6893354 hits and 8 records
2025-09-19 03:24:34,749 - INFO - Completed /viper/ptmp/arego/RC4K1_1/9371.h5 in 4.63 seconds
2025-09-19 03:24:35,024 - INFO - Processing /viper/ptmp/arego/RC4K1/22296.h5
2025-09-19 03:24:35,481 - INFO - File 14744: Filtered 5391181 hits and 8 records
2025-09-19 03:24:35,776 - INFO - Processing /viper/ptmp/arego/RC4K1/25809.h5
2025-09-19 03:24:36,055 - INFO - Completed /viper/ptmp/arego/RC4K1_1/23507.h5 in 3.73 seconds
2025-09-19 03:24:36,081 - INFO - Completed /viper/ptmp/arego/RC4K1_1/7006.h5 in 4.44 seconds
2025-09-19 03:24:36,182 - INFO - Completed /viper/ptmp/arego/RC4K1_1/17881.h5 in 5.31 seconds
2025-09-19 03:24:36,463 - INFO - File 1169: Filtered 5031004 hits and 7 records
2025-09-19 03:24:36,561 - INFO - Processing /viper/ptmp/arego/RC4K1/17663.h5
2025-09-19 03:24:37,263 - INFO - File 22296: Filtered 5920926 hits and 6 records
2025-09-19 03:24:37,364 - INFO - Processing /viper/ptmp/arego/RC4K1/17913.h5
2025-09-19 03:24:37,448 - INFO - Completed /viper/ptmp/arego/RC4K1_1/14744.h5 in 4.18 seconds
2025-09-19 03:24:38,016 - INFO - File 25809: Filtered 8642190 hits and 9 records
2025-09-19 03:24:38,184 - INFO - Processing /viper/ptmp/arego/RC4K1/21154.h5
2025-09-19 03:24:38,401 - INFO - Completed /viper/ptmp/arego/RC4K1_1/1169.h5 in 4.19 seconds
2025-09-19 03:24:38,742 - INFO - File 17663: Filtered 6475213 hits and 9 records
2025-09-19 03:24:38,882 - INFO - Completed /viper/ptmp/arego/RC4K1_1/25809.h5 in 3.11 seconds
2025-09-19 03:24:38,911 - INFO - Processing /viper/ptmp/arego/RC4K1/2125.h5
2025-09-19 03:24:39,031 - INFO - Completed /viper/ptmp/arego/RC4K1_1/22296.h5 in 4.01 seconds
2025-09-19 03:24:39,754 - INFO - Processing /viper/ptmp/arego/RC4K1/12494.h5
2025-09-19 03:24:39,825 - INFO - File 17913: Filtered 5937064 hits and 7 records
2025-09-19 03:24:40,465 - INFO - Completed /viper/ptmp/arego/RC4K1_1/17663.h5 in 3.90 seconds
2025-09-19 03:24:40,531 - INFO - Processing /viper/ptmp/arego/RC4K1/25226.h5
2025-09-19 03:24:40,539 - INFO - File 21154: Filtered 5613420 hits and 6 records
2025-09-19 03:24:41,332 - INFO - Processing /viper/ptmp/arego/RC4K1/7024.h5
2025-09-19 03:24:41,372 - INFO - File 2125: Filtered 4810993 hits and 5 records
2025-09-19 03:24:41,792 - INFO - Completed /viper/ptmp/arego/RC4K1_1/17913.h5 in 4.43 seconds
2025-09-19 03:24:42,149 - INFO - Processing /viper/ptmp/arego/RC4K1/12735.h5
2025-09-19 03:24:42,152 - INFO - File 12494: Filtered 9431033 hits and 6 records
2025-09-19 03:24:42,429 - INFO - Completed /viper/ptmp/arego/RC4K1_1/21154.h5 in 4.24 seconds
2025-09-19 03:24:42,870 - INFO - File 25226: Filtered 6287352 hits and 9 records
2025-09-19 03:24:42,939 - INFO - Processing /viper/ptmp/arego/RC4K1/21578.h5
2025-09-19 03:24:43,425 - INFO - Completed /viper/ptmp/arego/RC4K1_1/12494.h5 in 3.67 seconds
2025-09-19 03:24:43,690 - INFO - File 7024: Filtered 6376155 hits and 8 records
2025-09-19 03:24:43,695 - INFO - Processing /viper/ptmp/arego/RC4K1/23524.h5
2025-09-19 03:24:43,742 - INFO - Completed /viper/ptmp/arego/RC4K1_1/2125.h5 in 4.83 seconds
2025-09-19 03:24:44,446 - INFO - Processing /viper/ptmp/arego/RC4K1/19201.h5
2025-09-19 03:24:44,593 - INFO - File 12735: Filtered 2957737 hits and 6 records
2025-09-19 03:24:44,595 - INFO - Completed /viper/ptmp/arego/RC4K1_1/25226.h5 in 4.06 seconds
2025-09-19 03:24:45,211 - INFO - Processing /viper/ptmp/arego/RC4K1/23222.h5
2025-09-19 03:24:45,324 - INFO - File 21578: Filtered 7720765 hits and 8 records
2025-09-19 03:24:45,484 - INFO - Completed /viper/ptmp/arego/RC4K1_1/7024.h5 in 4.15 seconds
2025-09-19 03:24:46,056 - INFO - Processing /viper/ptmp/arego/RC4K1/25203.h5
2025-09-19 03:24:46,265 - INFO - File 23524: Filtered 5518741 hits and 9 records
2025-09-19 03:24:46,672 - INFO - Completed /viper/ptmp/arego/RC4K1_1/21578.h5 in 3.73 seconds
2025-09-19 03:24:46,995 - INFO - Processing /viper/ptmp/arego/RC4K1/22847.h5
2025-09-19 03:24:47,147 - INFO - File 19201: Filtered 8296149 hits and 4 records
2025-09-19 03:24:47,545 - INFO - Completed /viper/ptmp/arego/RC4K1_1/12735.h5 in 5.40 seconds
2025-09-19 03:24:47,865 - INFO - Processing /viper/ptmp/arego/RC4K1/3221.h5
2025-09-19 03:24:47,922 - INFO - File 23222: Filtered 6168890 hits and 7 records
2025-09-19 03:24:48,332 - INFO - Completed /viper/ptmp/arego/RC4K1_1/19201.h5 in 3.89 seconds
2025-09-19 03:24:48,490 - INFO - Completed /viper/ptmp/arego/RC4K1_1/23524.h5 in 4.79 seconds
2025-09-19 03:24:48,615 - INFO - Processing /viper/ptmp/arego/RC4K1/18439.h5
2025-09-19 03:24:48,651 - INFO - File 25203: Filtered 9525610 hits and 8 records
2025-09-19 03:24:49,328 - INFO - Processing /viper/ptmp/arego/RC4K1/6476.h5
2025-09-19 03:24:49,475 - INFO - File 22847: Filtered 7085192 hits and 8 records
2025-09-19 03:24:49,526 - INFO - Completed /viper/ptmp/arego/RC4K1_1/25203.h5 in 3.47 seconds
2025-09-19 03:24:49,962 - INFO - Completed /viper/ptmp/arego/RC4K1_1/23222.h5 in 4.75 seconds
2025-09-19 03:24:50,138 - INFO - Processing /viper/ptmp/arego/RC4K1/19316.h5
2025-09-19 03:24:50,412 - INFO - File 3221: Filtered 7398978 hits and 5 records
2025-09-19 03:24:50,876 - INFO - Processing /viper/ptmp/arego/RC4K1/22031.h5
2025-09-19 03:24:51,347 - INFO - File 18439: Filtered 4156278 hits and 6 records
2025-09-19 03:24:51,670 - INFO - Processing /viper/ptmp/arego/RC4K1/11396.h5
2025-09-19 03:24:51,895 - INFO - Completed /viper/ptmp/arego/RC4K1_1/22847.h5 in 4.90 seconds
2025-09-19 03:24:52,124 - INFO - File 6476: Filtered 9031518 hits and 6 records
2025-09-19 03:24:52,220 - INFO - Completed /viper/ptmp/arego/RC4K1_1/3221.h5 in 4.35 seconds
2025-09-19 03:24:52,574 - INFO - Processing /viper/ptmp/arego/RC4K1/9111.h5
2025-09-19 03:24:53,149 - INFO - File 19316: Filtered 4004617 hits and 6 records
2025-09-19 03:24:53,424 - INFO - Processing /viper/ptmp/arego/RC4K1/24646.h5
2025-09-19 03:24:53,585 - INFO - Completed /viper/ptmp/arego/RC4K1_1/6476.h5 in 4.26 seconds
2025-09-19 03:24:54,023 - INFO - File 22031: Filtered 9884003 hits and 8 records
2025-09-19 03:24:54,415 - INFO - Processing /viper/ptmp/arego/RC4K1/28999.h5
2025-09-19 03:24:54,569 - INFO - Completed /viper/ptmp/arego/RC4K1_1/18439.h5 in 5.95 seconds
2025-09-19 03:24:54,870 - INFO - File 11396: Filtered 8659708 hits and 4 records
2025-09-19 03:24:55,187 - INFO - Completed /viper/ptmp/arego/RC4K1_1/22031.h5 in 4.31 seconds
2025-09-19 03:24:55,258 - INFO - Processing /viper/ptmp/arego/RC4K1/22027.h5
2025-09-19 03:24:55,858 - INFO - File 9111: Filtered 4672682 hits and 7 records
2025-09-19 03:24:56,139 - INFO - Processing /viper/ptmp/arego/RC4K1/110.h5
2025-09-19 03:24:56,602 - INFO - Completed /viper/ptmp/arego/RC4K1_1/19316.h5 in 6.46 seconds
2025-09-19 03:24:56,722 - INFO - File 24646: Filtered 6694350 hits and 8 records
2025-09-19 03:24:56,883 - INFO - Completed /viper/ptmp/arego/RC4K1_1/11396.h5 in 5.21 seconds
2025-09-19 03:24:57,041 - INFO - Processing /viper/ptmp/arego/RC4K1/20040.h5
2025-09-19 03:24:57,884 - INFO - Processing /viper/ptmp/arego/RC4K1/7220.h5
2025-09-19 03:24:57,914 - INFO - File 28999: Filtered 4794060 hits and 6 records
2025-09-19 03:24:58,806 - INFO - File 22027: Filtered 5596920 hits and 8 records
2025-09-19 03:24:58,882 - INFO - Processing /viper/ptmp/arego/RC4K1/17022.h5
2025-09-19 03:24:59,200 - INFO - Completed /viper/ptmp/arego/RC4K1_1/9111.h5 in 6.63 seconds
2025-09-19 03:24:59,347 - INFO - Completed /viper/ptmp/arego/RC4K1_1/24646.h5 in 5.92 seconds
2025-09-19 03:24:59,623 - INFO - Processing /viper/ptmp/arego/RC4K1/13327.h5
2025-09-19 03:24:59,631 - INFO - File 110: Filtered 7233487 hits and 7 records
2025-09-19 03:25:00,569 - INFO - Processing /viper/ptmp/arego/RC4K1/15975.h5
2025-09-19 03:25:01,438 - INFO - Completed /viper/ptmp/arego/RC4K1_1/28999.h5 in 7.02 seconds
2025-09-19 03:25:02,067 - INFO - File 20040: Filtered 4775141 hits and 3 records
2025-09-19 03:25:02,244 - INFO - File 7220: Filtered 4746278 hits and 4 records
2025-09-19 03:25:02,347 - INFO - Processing /viper/ptmp/arego/RC4K1/4766.h5
2025-09-19 03:25:02,398 - INFO - Completed /viper/ptmp/arego/RC4K1_1/110.h5 in 6.26 seconds
2025-09-19 03:25:02,564 - INFO - Completed /viper/ptmp/arego/RC4K1_1/22027.h5 in 7.31 seconds
2025-09-19 03:25:03,402 - INFO - File 17022: Filtered 7060682 hits and 7 records
2025-09-19 03:25:03,619 - INFO - Processing /viper/ptmp/arego/RC4K1/25740.h5
2025-09-19 03:25:04,167 - INFO - File 13327: Filtered 8007367 hits and 7 records
2025-09-19 03:25:04,675 - INFO - Processing /viper/ptmp/arego/RC4K1/1074.h5
2025-09-19 03:25:04,735 - INFO - File 15975: Filtered 9122848 hits and 5 records
2025-09-19 03:25:06,216 - INFO - Completed /viper/ptmp/arego/RC4K1_1/20040.h5 in 9.18 seconds
2025-09-19 03:25:06,231 - INFO - File 4766: Filtered 4920727 hits and 6 records
2025-09-19 03:25:06,306 - INFO - Completed /viper/ptmp/arego/RC4K1_1/7220.h5 in 8.42 seconds
2025-09-19 03:25:06,569 - INFO - Completed /viper/ptmp/arego/RC4K1_1/17022.h5 in 7.69 seconds
2025-09-19 03:25:06,636 - INFO - Completed /viper/ptmp/arego/RC4K1_1/13327.h5 in 7.01 seconds
2025-09-19 03:25:06,842 - INFO - Processing /viper/ptmp/arego/RC4K1/636.h5
2025-09-19 03:25:07,069 - INFO - Completed /viper/ptmp/arego/RC4K1_1/15975.h5 in 6.50 seconds
2025-09-19 03:25:07,134 - INFO - File 25740: Filtered 13245003 hits and 8 records
2025-09-19 03:25:07,636 - INFO - Processing /viper/ptmp/arego/RC4K1/28814.h5
2025-09-19 03:25:07,930 - INFO - Completed /viper/ptmp/arego/RC4K1_1/25740.h5 in 4.31 seconds
2025-09-19 03:25:08,009 - INFO - File 1074: Filtered 9781686 hits and 7 records
2025-09-19 03:25:08,304 - INFO - Processing /viper/ptmp/arego/RC4K1/2148.h5
2025-09-19 03:25:08,875 - INFO - Processing /viper/ptmp/arego/RC4K1/27159.h5
2025-09-19 03:25:09,576 - INFO - Processing /viper/ptmp/arego/RC4K1/27656.h5
2025-09-19 03:25:09,852 - INFO - Completed /viper/ptmp/arego/RC4K1_1/4766.h5 in 7.50 seconds
2025-09-19 03:25:09,913 - INFO - File 636: Filtered 14821025 hits and 7 records
2025-09-19 03:25:09,959 - INFO - Completed /viper/ptmp/arego/RC4K1_1/1074.h5 in 5.28 seconds
2025-09-19 03:25:10,434 - INFO - Processing /viper/ptmp/arego/RC4K1/7938.h5
2025-09-19 03:25:10,506 - INFO - Completed /viper/ptmp/arego/RC4K1_1/636.h5 in 3.66 seconds
2025-09-19 03:25:11,176 - INFO - File 28814: Filtered 7517482 hits and 5 records
2025-09-19 03:25:11,462 - INFO - Processing /viper/ptmp/arego/RC4K1/24213.h5
2025-09-19 03:25:12,368 - INFO - File 2148: Filtered 8475051 hits and 8 records
2025-09-19 03:25:12,508 - INFO - Processing /viper/ptmp/arego/RC4K1/18750.h5
2025-09-19 03:25:13,157 - INFO - File 27159: Filtered 8134184 hits and 7 records
2025-09-19 03:25:13,670 - INFO - Processing /viper/ptmp/arego/RC4K1/661.h5
2025-09-19 03:25:13,768 - INFO - File 27656: Filtered 13954728 hits and 8 records
2025-09-19 03:25:14,494 - INFO - Completed /viper/ptmp/arego/RC4K1_1/28814.h5 in 6.86 seconds
2025-09-19 03:25:14,646 - INFO - File 7938: Filtered 13077502 hits and 9 records
2025-09-19 03:25:14,921 - INFO - Completed /viper/ptmp/arego/RC4K1_1/27656.h5 in 5.34 seconds
2025-09-19 03:25:14,984 - INFO - Processing /viper/ptmp/arego/RC4K1/22072.h5
2025-09-19 03:25:15,449 - INFO - Completed /viper/ptmp/arego/RC4K1_1/2148.h5 in 7.14 seconds
2025-09-19 03:25:15,505 - INFO - File 24213: Filtered 12712284 hits and 5 records
2025-09-19 03:25:15,796 - INFO - Completed /viper/ptmp/arego/RC4K1_1/7938.h5 in 5.36 seconds
2025-09-19 03:25:15,964 - INFO - Processing /viper/ptmp/arego/RC4K1/23895.h5
2025-09-19 03:25:16,226 - INFO - Completed /viper/ptmp/arego/RC4K1_1/27159.h5 in 7.35 seconds
2025-09-19 03:25:16,495 - INFO - File 18750: Filtered 10842512 hits and 9 records
2025-09-19 03:25:16,757 - INFO - Processing /viper/ptmp/arego/RC4K1/18740.h5
2025-09-19 03:25:17,021 - INFO - Completed /viper/ptmp/arego/RC4K1_1/24213.h5 in 5.56 seconds
2025-09-19 03:25:17,547 - INFO - Processing /viper/ptmp/arego/RC4K1/12192.h5
2025-09-19 03:25:17,648 - INFO - File 661: Filtered 7048919 hits and 7 records
2025-09-19 03:25:18,399 - INFO - Processing /viper/ptmp/arego/RC4K1/23893.h5
2025-09-19 03:25:18,799 - INFO - Completed /viper/ptmp/arego/RC4K1_1/18750.h5 in 6.29 seconds
2025-09-19 03:25:18,972 - INFO - File 22072: Filtered 5627285 hits and 8 records
2025-09-19 03:25:19,507 - INFO - Processing /viper/ptmp/arego/RC4K1/14709.h5
2025-09-19 03:25:20,592 - INFO - File 23895: Filtered 11994155 hits and 9 records
2025-09-19 03:25:20,717 - INFO - Processing /viper/ptmp/arego/RC4K1/16184.h5
2025-09-19 03:25:21,692 - INFO - File 18740: Filtered 12574805 hits and 9 records
2025-09-19 03:25:21,806 - INFO - Completed /viper/ptmp/arego/RC4K1_1/661.h5 in 8.14 seconds
2025-09-19 03:25:22,244 - INFO - File 12192: Filtered 15825838 hits and 10 records
2025-09-19 03:25:22,445 - INFO - Processing /viper/ptmp/arego/RC4K1/1386.h5
2025-09-19 03:25:23,054 - INFO - Completed /viper/ptmp/arego/RC4K1_1/23895.h5 in 7.09 seconds
2025-09-19 03:25:23,121 - INFO - File 23893: Filtered 11828318 hits and 10 records
2025-09-19 03:25:23,212 - INFO - Completed /viper/ptmp/arego/RC4K1_1/12192.h5 in 5.67 seconds
2025-09-19 03:25:23,449 - INFO - Processing /viper/ptmp/arego/RC4K1/14389.h5
2025-09-19 03:25:23,747 - INFO - Completed /viper/ptmp/arego/RC4K1_1/18740.h5 in 6.99 seconds
2025-09-19 03:25:23,941 - INFO - Completed /viper/ptmp/arego/RC4K1_1/22072.h5 in 8.96 seconds
2025-09-19 03:25:24,036 - INFO - File 14709: Filtered 8668072 hits and 6 records
2025-09-19 03:25:24,344 - INFO - Processing /viper/ptmp/arego/RC4K1/4129.h5
2025-09-19 03:25:24,884 - INFO - File 16184: Filtered 14417040 hits and 7 records
2025-09-19 03:25:25,187 - INFO - Processing /viper/ptmp/arego/RC4K1/13542.h5
2025-09-19 03:25:25,252 - INFO - Completed /viper/ptmp/arego/RC4K1_1/23893.h5 in 6.85 seconds
2025-09-19 03:25:25,926 - INFO - Processing /viper/ptmp/arego/RC4K1/13057.h5
2025-09-19 03:25:26,132 - INFO - Completed /viper/ptmp/arego/RC4K1_1/16184.h5 in 5.41 seconds
2025-09-19 03:25:26,407 - INFO - File 1386: Filtered 8434276 hits and 4 records
2025-09-19 03:25:26,728 - INFO - Processing /viper/ptmp/arego/RC4K1/12996.h5
2025-09-19 03:25:27,237 - INFO - Completed /viper/ptmp/arego/RC4K1_1/14709.h5 in 7.73 seconds
2025-09-19 03:25:27,792 - INFO - File 14389: Filtered 5979050 hits and 3 records
2025-09-19 03:25:27,817 - INFO - Processing /viper/ptmp/arego/RC4K1/2437.h5
2025-09-19 03:25:28,935 - INFO - Processing /viper/ptmp/arego/RC4K1/11149.h5
2025-09-19 03:25:29,271 - INFO - File 4129: Filtered 5729374 hits and 6 records
2025-09-19 03:25:30,476 - INFO - Completed /viper/ptmp/arego/RC4K1_1/1386.h5 in 8.03 seconds
2025-09-19 03:25:30,880 - INFO - File 13542: Filtered 10779059 hits and 7 records
2025-09-19 03:25:31,112 - INFO - Processing /viper/ptmp/arego/RC4K1/21569.h5
2025-09-19 03:25:31,891 - INFO - File 13057: Filtered 5398862 hits and 8 records
2025-09-19 03:25:33,019 - INFO - Completed /viper/ptmp/arego/RC4K1_1/14389.h5 in 9.57 seconds
2025-09-19 03:25:33,049 - INFO - File 12996: Filtered 3233646 hits and 5 records
2025-09-19 03:25:33,653 - INFO - File 2437: Filtered 12547507 hits and 9 records
2025-09-19 03:25:33,992 - INFO - Processing /viper/ptmp/arego/RC4K1/589.h5
2025-09-19 03:25:34,594 - INFO - Completed /viper/ptmp/arego/RC4K1_1/4129.h5 in 10.25 seconds
2025-09-19 03:25:34,683 - INFO - File 11149: Filtered 16706978 hits and 10 records
2025-09-19 03:25:34,925 - INFO - Completed /viper/ptmp/arego/RC4K1_1/13542.h5 in 9.74 seconds
2025-09-19 03:25:35,256 - INFO - Processing /viper/ptmp/arego/RC4K1/2780.h5
2025-09-19 03:25:35,546 - INFO - Completed /viper/ptmp/arego/RC4K1_1/11149.h5 in 6.61 seconds
2025-09-19 03:25:35,944 - INFO - Processing /viper/ptmp/arego/RC4K1/11115.h5
2025-09-19 03:25:35,968 - INFO - File 21569: Filtered 8965703 hits and 7 records
2025-09-19 03:25:36,227 - INFO - Completed /viper/ptmp/arego/RC4K1_1/2437.h5 in 8.41 seconds
2025-09-19 03:25:36,808 - INFO - Processing /viper/ptmp/arego/RC4K1/11072.h5
2025-09-19 03:25:37,485 - INFO - Completed /viper/ptmp/arego/RC4K1_1/13057.h5 in 11.56 seconds
2025-09-19 03:25:37,542 - INFO - Processing /viper/ptmp/arego/RC4K1/4360.h5
2025-09-19 03:25:38,442 - INFO - Processing /viper/ptmp/arego/RC4K1/2030.h5
2025-09-19 03:25:38,555 - INFO - File 589: Filtered 10171823 hits and 9 records
2025-09-19 03:25:39,038 - INFO - Completed /viper/ptmp/arego/RC4K1_1/12996.h5 in 12.31 seconds
2025-09-19 03:25:39,729 - INFO - Completed /viper/ptmp/arego/RC4K1_1/21569.h5 in 8.62 seconds
2025-09-19 03:25:39,976 - INFO - Processing /viper/ptmp/arego/RC4K1/17858.h5
2025-09-19 03:25:40,195 - INFO - File 2780: Filtered 11646700 hits and 9 records
2025-09-19 03:25:41,394 - INFO - File 11115: Filtered 6537620 hits and 7 records
2025-09-19 03:25:41,429 - INFO - Processing /viper/ptmp/arego/RC4K1/793.h5
2025-09-19 03:25:42,191 - INFO - Completed /viper/ptmp/arego/RC4K1_1/589.h5 in 8.20 seconds
2025-09-19 03:25:42,670 - INFO - File 11072: Filtered 7381487 hits and 7 records
2025-09-19 03:25:43,207 - INFO - Processing /viper/ptmp/arego/RC4K1/16338.h5
2025-09-19 03:25:43,482 - INFO - Completed /viper/ptmp/arego/RC4K1_1/2780.h5 in 8.23 seconds
2025-09-19 03:25:44,281 - INFO - Processing /viper/ptmp/arego/RC4K1/12579.h5
2025-09-19 03:25:44,462 - INFO - File 4360: Filtered 4816284 hits and 8 records
2025-09-19 03:25:44,543 - INFO - File 2030: Filtered 12516118 hits and 6 records
2025-09-19 03:25:46,467 - INFO - File 17858: Filtered 12860359 hits and 8 records
2025-09-19 03:25:46,871 - INFO - Completed /viper/ptmp/arego/RC4K1_1/11115.h5 in 10.93 seconds
2025-09-19 03:25:47,621 - INFO - Processing /viper/ptmp/arego/RC4K1/8411.h5
2025-09-19 03:25:47,657 - INFO - File 793: Filtered 13830860 hits and 8 records
2025-09-19 03:25:47,846 - INFO - Completed /viper/ptmp/arego/RC4K1_1/11072.h5 in 11.04 seconds
2025-09-19 03:25:48,166 - INFO - Completed /viper/ptmp/arego/RC4K1_1/2030.h5 in 9.72 seconds
2025-09-19 03:25:48,892 - INFO - Processing /viper/ptmp/arego/RC4K1/318.h5
2025-09-19 03:25:49,263 - INFO - File 16338: Filtered 6978769 hits and 3 records
2025-09-19 03:25:49,483 - INFO - Completed /viper/ptmp/arego/RC4K1_1/17858.h5 in 9.51 seconds
2025-09-19 03:25:49,713 - INFO - File 12579: Filtered 13527388 hits and 9 records
2025-09-19 03:25:49,745 - INFO - Processing /viper/ptmp/arego/RC4K1/8672.h5
2025-09-19 03:25:50,455 - INFO - Completed /viper/ptmp/arego/RC4K1_1/793.h5 in 9.03 seconds
2025-09-19 03:25:50,539 - INFO - Completed /viper/ptmp/arego/RC4K1_1/4360.h5 in 13.00 seconds
2025-09-19 03:25:50,661 - INFO - Processing /viper/ptmp/arego/RC4K1/27014.h5
2025-09-19 03:25:51,250 - INFO - Processing /viper/ptmp/arego/RC4K1/16045.h5
2025-09-19 03:25:52,161 - INFO - Processing /viper/ptmp/arego/RC4K1/14466.h5
2025-09-19 03:25:52,392 - INFO - Completed /viper/ptmp/arego/RC4K1_1/12579.h5 in 8.11 seconds
2025-09-19 03:25:52,655 - INFO - File 8411: Filtered 10830951 hits and 7 records
2025-09-19 03:25:52,955 - INFO - Processing /viper/ptmp/arego/RC4K1/4614.h5
2025-09-19 03:25:53,851 - INFO - Completed /viper/ptmp/arego/RC4K1_1/16338.h5 in 10.64 seconds
2025-09-19 03:25:54,780 - INFO - Processing /viper/ptmp/arego/RC4K1/9493.h5
2025-09-19 03:25:54,887 - INFO - File 318: Filtered 13510642 hits and 9 records
2025-09-19 03:25:56,197 - INFO - File 8672: Filtered 15516776 hits and 11 records
2025-09-19 03:25:57,642 - INFO - File 27014: Filtered 8686280 hits and 7 records
2025-09-19 03:25:57,663 - INFO - Completed /viper/ptmp/arego/RC4K1_1/8411.h5 in 10.04 seconds
2025-09-19 03:25:58,182 - INFO - File 16045: Filtered 15483893 hits and 5 records
2025-09-19 03:25:58,432 - INFO - Processing /viper/ptmp/arego/RC4K1/19872.h5
2025-09-19 03:25:58,694 - INFO - Completed /viper/ptmp/arego/RC4K1_1/318.h5 in 9.80 seconds
2025-09-19 03:25:58,944 - INFO - Completed /viper/ptmp/arego/RC4K1_1/8672.h5 in 9.20 seconds
2025-09-19 03:25:59,819 - INFO - File 14466: Filtered 15254124 hits and 8 records
2025-09-19 03:25:59,927 - INFO - Processing /viper/ptmp/arego/RC4K1/6916.h5
2025-09-19 03:26:00,142 - INFO - File 4614: Filtered 16775462 hits and 8 records
2025-09-19 03:26:00,944 - INFO - Processing /viper/ptmp/arego/RC4K1/5165.h5
2025-09-19 03:26:01,001 - INFO - Completed /viper/ptmp/arego/RC4K1_1/16045.h5 in 9.75 seconds
2025-09-19 03:26:01,410 - INFO - File 9493: Filtered 8055568 hits and 7 records
2025-09-19 03:26:01,598 - INFO - Processing /viper/ptmp/arego/RC4K1/23110.h5
2025-09-19 03:26:02,207 - INFO - Completed /viper/ptmp/arego/RC4K1_1/4614.h5 in 9.25 seconds
2025-09-19 03:26:02,581 - INFO - Processing /viper/ptmp/arego/RC4K1/11546.h5
2025-09-19 03:26:02,770 - INFO - Completed /viper/ptmp/arego/RC4K1_1/14466.h5 in 10.61 seconds
2025-09-19 03:26:03,035 - INFO - Completed /viper/ptmp/arego/RC4K1_1/27014.h5 in 12.37 seconds
2025-09-19 03:26:03,613 - INFO - Processing /viper/ptmp/arego/RC4K1/3265.h5
2025-09-19 03:26:04,329 - INFO - File 19872: Filtered 12289924 hits and 5 records
2025-09-19 03:26:04,587 - INFO - Processing /viper/ptmp/arego/RC4K1/21567.h5
2025-09-19 03:26:06,053 - INFO - File 6916: Filtered 13655084 hits and 7 records
2025-09-19 03:26:06,328 - INFO - Completed /viper/ptmp/arego/RC4K1_1/9493.h5 in 11.55 seconds
2025-09-19 03:26:07,359 - INFO - Processing /viper/ptmp/arego/RC4K1/29113.h5
2025-09-19 03:26:07,820 - INFO - File 5165: Filtered 9735208 hits and 6 records
2025-09-19 03:26:08,946 - INFO - Completed /viper/ptmp/arego/RC4K1_1/19872.h5 in 10.51 seconds
2025-09-19 03:26:09,254 - INFO - File 23110: Filtered 9278759 hits and 6 records
2025-09-19 03:26:09,927 - INFO - Processing /viper/ptmp/arego/RC4K1/10644.h5
2025-09-19 03:26:10,494 - INFO - File 11546: Filtered 17908215 hits and 9 records
2025-09-19 03:26:10,556 - INFO - Completed /viper/ptmp/arego/RC4K1_1/6916.h5 in 10.63 seconds
2025-09-19 03:26:11,174 - INFO - Processing /viper/ptmp/arego/RC4K1/19038.h5
2025-09-19 03:26:11,465 - INFO - File 3265: Filtered 12928493 hits and 9 records
2025-09-19 03:26:12,592 - INFO - File 21567: Filtered 8728966 hits and 5 records
2025-09-19 03:26:13,069 - INFO - Completed /viper/ptmp/arego/RC4K1_1/11546.h5 in 10.49 seconds
2025-09-19 03:26:13,506 - INFO - Processing /viper/ptmp/arego/RC4K1/2708.h5
2025-09-19 03:26:13,989 - INFO - Completed /viper/ptmp/arego/RC4K1_1/5165.h5 in 13.05 seconds
2025-09-19 03:26:14,518 - INFO - File 29113: Filtered 13040581 hits and 7 records
2025-09-19 03:26:14,933 - INFO - Processing /viper/ptmp/arego/RC4K1/27738.h5
2025-09-19 03:26:15,544 - INFO - Completed /viper/ptmp/arego/RC4K1_1/23110.h5 in 13.95 seconds
2025-09-19 03:26:16,101 - INFO - Completed /viper/ptmp/arego/RC4K1_1/3265.h5 in 12.49 seconds
2025-09-19 03:26:16,173 - INFO - Processing /viper/ptmp/arego/RC4K1/21388.h5
2025-09-19 03:26:16,590 - INFO - File 10644: Filtered 14463900 hits and 7 records
2025-09-19 03:26:17,250 - INFO - Processing /viper/ptmp/arego/RC4K1/25574.h5
2025-09-19 03:26:17,817 - INFO - File 19038: Filtered 11819460 hits and 10 records
2025-09-19 03:26:18,489 - INFO - Completed /viper/ptmp/arego/RC4K1_1/21567.h5 in 13.90 seconds
2025-09-19 03:26:19,366 - INFO - Processing /viper/ptmp/arego/RC4K1/23806.h5
2025-09-19 03:26:19,527 - INFO - Completed /viper/ptmp/arego/RC4K1_1/29113.h5 in 12.17 seconds
2025-09-19 03:26:20,177 - INFO - File 2708: Filtered 13430880 hits and 9 records
2025-09-19 03:26:20,526 - INFO - Completed /viper/ptmp/arego/RC4K1_1/10644.h5 in 10.60 seconds
2025-09-19 03:26:20,880 - INFO - Processing /viper/ptmp/arego/RC4K1/19031.h5
2025-09-19 03:26:22,005 - INFO - File 27738: Filtered 16732192 hits and 7 records
2025-09-19 03:26:22,057 - INFO - Processing /viper/ptmp/arego/RC4K1/17868.h5
2025-09-19 03:26:22,884 - INFO - Completed /viper/ptmp/arego/RC4K1_1/19038.h5 in 11.71 seconds
2025-09-19 03:26:23,335 - INFO - File 21388: Filtered 9202252 hits and 6 records
2025-09-19 03:26:23,494 - INFO - Processing /viper/ptmp/arego/RC4K1/2633.h5
2025-09-19 03:26:24,692 - INFO - Completed /viper/ptmp/arego/RC4K1_1/2708.h5 in 11.19 seconds
2025-09-19 03:26:24,723 - INFO - File 25574: Filtered 9197819 hits and 10 records
2025-09-19 03:26:25,413 - INFO - Completed /viper/ptmp/arego/RC4K1_1/27738.h5 in 10.48 seconds
2025-09-19 03:26:25,430 - INFO - Processing /viper/ptmp/arego/RC4K1/29439.h5
2025-09-19 03:26:27,021 - INFO - File 23806: Filtered 15155475 hits and 7 records
2025-09-19 03:26:27,069 - INFO - Processing /viper/ptmp/arego/RC4K1/14362.h5
2025-09-19 03:26:29,041 - INFO - File 19031: Filtered 4626711 hits and 3 records
2025-09-19 03:26:29,688 - INFO - Completed /viper/ptmp/arego/RC4K1_1/21388.h5 in 13.52 seconds
2025-09-19 03:26:29,794 - INFO - File 17868: Filtered 18908924 hits and 8 records
2025-09-19 03:26:30,776 - INFO - Processing /viper/ptmp/arego/RC4K1/6379.h5
2025-09-19 03:26:31,097 - INFO - File 2633: Filtered 15397615 hits and 6 records
2025-09-19 03:26:31,371 - INFO - Completed /viper/ptmp/arego/RC4K1_1/23806.h5 in 12.01 seconds
2025-09-19 03:26:31,902 - INFO - Completed /viper/ptmp/arego/RC4K1_1/25574.h5 in 14.65 seconds
2025-09-19 03:26:32,067 - INFO - Processing /viper/ptmp/arego/RC4K1/21769.h5
2025-09-19 03:26:32,962 - INFO - Completed /viper/ptmp/arego/RC4K1_1/17868.h5 in 10.90 seconds
2025-09-19 03:26:33,060 - INFO - Processing /viper/ptmp/arego/RC4K1/22341.h5
2025-09-19 03:26:33,247 - INFO - File 29439: Filtered 8848399 hits and 5 records
2025-09-19 03:26:34,085 - INFO - Processing /viper/ptmp/arego/RC4K1/2589.h5
2025-09-19 03:26:34,169 - INFO - File 14362: Filtered 15862704 hits and 6 records
2025-09-19 03:26:35,170 - INFO - Completed /viper/ptmp/arego/RC4K1_1/2633.h5 in 11.68 seconds
2025-09-19 03:26:35,520 - INFO - Processing /viper/ptmp/arego/RC4K1/2427.h5
2025-09-19 03:26:36,779 - INFO - Completed /viper/ptmp/arego/RC4K1_1/19031.h5 in 15.90 seconds
2025-09-19 03:26:37,735 - INFO - Completed /viper/ptmp/arego/RC4K1_1/14362.h5 in 10.67 seconds
2025-09-19 03:26:37,812 - INFO - Processing /viper/ptmp/arego/RC4K1/6976.h5
2025-09-19 03:26:38,650 - INFO - File 21769: Filtered 17561015 hits and 8 records
2025-09-19 03:26:38,986 - INFO - Completed /viper/ptmp/arego/RC4K1_1/29439.h5 in 13.56 seconds
2025-09-19 03:26:39,255 - INFO - Processing /viper/ptmp/arego/RC4K1/22911.h5
2025-09-19 03:26:40,399 - INFO - Processing /viper/ptmp/arego/RC4K1/11983.h5
2025-09-19 03:26:40,406 - INFO - File 22341: Filtered 16007908 hits and 7 records
2025-09-19 03:26:41,959 - INFO - File 2589: Filtered 13145173 hits and 7 records
2025-09-19 03:26:42,875 - INFO - Completed /viper/ptmp/arego/RC4K1_1/21769.h5 in 10.81 seconds
2025-09-19 03:26:43,609 - INFO - Processing /viper/ptmp/arego/RC4K1/22402.h5
2025-09-19 03:26:44,158 - INFO - File 2427: Filtered 23929900 hits and 9 records
2025-09-19 03:26:45,521 - INFO - Completed /viper/ptmp/arego/RC4K1_1/22341.h5 in 12.46 seconds
2025-09-19 03:26:45,979 - INFO - Completed /viper/ptmp/arego/RC4K1_1/2427.h5 in 10.46 seconds
2025-09-19 03:26:46,337 - INFO - Processing /viper/ptmp/arego/RC4K1/5132.h5
2025-09-19 03:26:47,516 - INFO - File 6976: Filtered 12299352 hits and 7 records
2025-09-19 03:26:47,599 - INFO - Processing /viper/ptmp/arego/RC4K1/9851.h5
2025-09-19 03:26:47,877 - INFO - Completed /viper/ptmp/arego/RC4K1_1/2589.h5 in 13.79 seconds
2025-09-19 03:26:48,917 - INFO - Processing /viper/ptmp/arego/RC4K1/8110.h5
2025-09-19 03:26:48,967 - INFO - File 22911: Filtered 12560578 hits and 4 records
2025-09-19 03:26:49,766 - INFO - File 11983: Filtered 11131007 hits and 5 records
2025-09-19 03:26:52,158 - INFO - File 6379: Filtered 4352790 hits and 6 records
2025-09-19 03:26:53,113 - INFO - File 22402: Filtered 21801499 hits and 10 records
2025-09-19 03:26:54,700 - INFO - Completed /viper/ptmp/arego/RC4K1_1/6976.h5 in 16.89 seconds
2025-09-19 03:26:55,705 - INFO - Completed /viper/ptmp/arego/RC4K1_1/22911.h5 in 16.45 seconds
2025-09-19 03:26:55,746 - INFO - Processing /viper/ptmp/arego/RC4K1/15119.h5
2025-09-19 03:26:56,159 - INFO - File 5132: Filtered 12732746 hits and 7 records
2025-09-19 03:26:56,409 - INFO - Completed /viper/ptmp/arego/RC4K1_1/22402.h5 in 12.80 seconds
2025-09-19 03:26:57,241 - INFO - Processing /viper/ptmp/arego/RC4K1/25344.h5
2025-09-19 03:26:57,302 - INFO - Completed /viper/ptmp/arego/RC4K1_1/11983.h5 in 16.90 seconds
2025-09-19 03:26:57,640 - INFO - File 9851: Filtered 6320603 hits and 6 records
2025-09-19 03:26:58,257 - INFO - Processing /viper/ptmp/arego/RC4K1/10697.h5
2025-09-19 03:26:58,666 - INFO - File 8110: Filtered 19375865 hits and 8 records
2025-09-19 03:26:59,220 - INFO - Processing /viper/ptmp/arego/RC4K1/16831.h5
2025-09-19 03:27:02,552 - INFO - Completed /viper/ptmp/arego/RC4K1_1/5132.h5 in 16.21 seconds
2025-09-19 03:27:02,627 - INFO - Completed /viper/ptmp/arego/RC4K1_1/8110.h5 in 13.71 seconds
2025-09-19 03:27:03,303 - INFO - Processing /viper/ptmp/arego/RC4K1/17637.h5
2025-09-19 03:27:03,499 - INFO - File 15119: Filtered 15742439 hits and 7 records
2025-09-19 03:27:04,396 - INFO - Processing /viper/ptmp/arego/RC4K1/14630.h5
2025-09-19 03:27:05,085 - INFO - File 25344: Filtered 20599337 hits and 8 records
2025-09-19 03:27:05,622 - INFO - Completed /viper/ptmp/arego/RC4K1_1/9851.h5 in 18.02 seconds
2025-09-19 03:27:06,284 - INFO - File 10697: Filtered 18155561 hits and 9 records
2025-09-19 03:27:06,334 - INFO - Processing /viper/ptmp/arego/RC4K1/23812.h5
2025-09-19 03:27:08,637 - INFO - Completed /viper/ptmp/arego/RC4K1_1/25344.h5 in 11.40 seconds
2025-09-19 03:27:08,942 - INFO - Completed /viper/ptmp/arego/RC4K1_1/15119.h5 in 13.20 seconds
2025-09-19 03:27:09,271 - INFO - Processing /viper/ptmp/arego/RC4K1/21289.h5
2025-09-19 03:27:10,838 - INFO - Processing /viper/ptmp/arego/RC4K1/23143.h5
2025-09-19 03:27:11,776 - INFO - Completed /viper/ptmp/arego/RC4K1_1/10697.h5 in 13.52 seconds
2025-09-19 03:27:12,665 - INFO - Processing /viper/ptmp/arego/RC4K1/24813.h5
2025-09-19 03:27:13,251 - INFO - File 17637: Filtered 15281661 hits and 7 records
2025-09-19 03:27:13,729 - INFO - Completed /viper/ptmp/arego/RC4K1_1/6379.h5 in 42.95 seconds
2025-09-19 03:27:14,161 - INFO - File 16831: Filtered 8116825 hits and 5 records
2025-09-19 03:27:14,612 - INFO - File 14630: Filtered 4345005 hits and 5 records
2025-09-19 03:27:16,499 - INFO - Processing /viper/ptmp/arego/RC4K1/17669.h5
2025-09-19 03:27:18,320 - INFO - File 23812: Filtered 16990325 hits and 8 records
2025-09-19 03:27:21,406 - INFO - Completed /viper/ptmp/arego/RC4K1_1/17637.h5 in 18.10 seconds
2025-09-19 03:27:21,453 - INFO - File 21289: Filtered 14053435 hits and 8 records
2025-09-19 03:27:22,288 - INFO - Processing /viper/ptmp/arego/RC4K1/15037.h5
2025-09-19 03:27:22,907 - INFO - File 23143: Filtered 20862105 hits and 8 records
2025-09-19 03:27:24,142 - INFO - File 24813: Filtered 24752601 hits and 6 records
2025-09-19 03:27:25,624 - INFO - Completed /viper/ptmp/arego/RC4K1_1/23812.h5 in 19.29 seconds
2025-09-19 03:27:26,212 - INFO - Processing /viper/ptmp/arego/RC4K1/19004.h5
2025-09-19 03:27:26,374 - INFO - File 17669: Filtered 11178595 hits and 6 records
2025-09-19 03:27:26,903 - INFO - Completed /viper/ptmp/arego/RC4K1_1/14630.h5 in 22.51 seconds
2025-09-19 03:27:27,767 - INFO - Completed /viper/ptmp/arego/RC4K1_1/24813.h5 in 15.10 seconds
2025-09-19 03:27:27,950 - INFO - Processing /viper/ptmp/arego/RC4K1/13199.h5
2025-09-19 03:27:28,592 - INFO - Completed /viper/ptmp/arego/RC4K1_1/23143.h5 in 17.75 seconds
2025-09-19 03:27:28,942 - INFO - Processing /viper/ptmp/arego/RC4K1/23107.h5
2025-09-19 03:27:28,954 - INFO - Completed /viper/ptmp/arego/RC4K1_1/21289.h5 in 19.68 seconds
2025-09-19 03:27:29,607 - INFO - Processing /viper/ptmp/arego/RC4K1/15670.h5
2025-09-19 03:27:30,307 - INFO - Processing /viper/ptmp/arego/RC4K1/26248.h5
2025-09-19 03:27:30,582 - INFO - File 15037: Filtered 14163616 hits and 9 records
2025-09-19 03:27:31,709 - INFO - Completed /viper/ptmp/arego/RC4K1_1/16831.h5 in 32.49 seconds
2025-09-19 03:27:33,424 - INFO - Processing /viper/ptmp/arego/RC4K1/20061.h5
2025-09-19 03:27:33,973 - INFO - Completed /viper/ptmp/arego/RC4K1_1/17669.h5 in 17.47 seconds
2025-09-19 03:27:35,285 - INFO - Processing /viper/ptmp/arego/RC4K1/28174.h5
2025-09-19 03:27:35,718 - INFO - File 19004: Filtered 20341159 hits and 8 records
2025-09-19 03:27:38,435 - INFO - Completed /viper/ptmp/arego/RC4K1_1/15037.h5 in 16.15 seconds
2025-09-19 03:27:38,953 - INFO - File 13199: Filtered 19277035 hits and 7 records
2025-09-19 03:27:39,538 - INFO - Processing /viper/ptmp/arego/RC4K1/25908.h5
2025-09-19 03:27:39,610 - INFO - File 23107: Filtered 30014892 hits and 6 records
2025-09-19 03:27:41,563 - INFO - File 15670: Filtered 18613704 hits and 7 records
2025-09-19 03:27:42,063 - INFO - File 26248: Filtered 21478277 hits and 7 records
2025-09-19 03:27:42,186 - INFO - Completed /viper/ptmp/arego/RC4K1_1/23107.h5 in 13.24 seconds
2025-09-19 03:27:42,777 - INFO - Processing /viper/ptmp/arego/RC4K1/11191.h5
2025-09-19 03:27:43,044 - INFO - Completed /viper/ptmp/arego/RC4K1_1/19004.h5 in 16.83 seconds
2025-09-19 03:27:44,381 - INFO - Processing /viper/ptmp/arego/RC4K1/28008.h5
2025-09-19 03:27:45,235 - INFO - File 20061: Filtered 16065478 hits and 8 records
2025-09-19 03:27:45,643 - INFO - Completed /viper/ptmp/arego/RC4K1_1/13199.h5 in 17.69 seconds
2025-09-19 03:27:46,586 - INFO - Processing /viper/ptmp/arego/RC4K1/17687.h5
2025-09-19 03:27:46,905 - INFO - File 28174: Filtered 17858049 hits and 7 records
2025-09-19 03:27:48,433 - INFO - Completed /viper/ptmp/arego/RC4K1_1/26248.h5 in 18.13 seconds
2025-09-19 03:27:48,964 - INFO - Completed /viper/ptmp/arego/RC4K1_1/15670.h5 in 19.36 seconds
2025-09-19 03:27:49,259 - INFO - Processing /viper/ptmp/arego/RC4K1/1146.h5
2025-09-19 03:27:50,280 - INFO - File 25908: Filtered 19521138 hits and 12 records
2025-09-19 03:27:50,339 - INFO - Processing /viper/ptmp/arego/RC4K1/26846.h5
2025-09-19 03:27:53,084 - INFO - File 11191: Filtered 28471339 hits and 10 records
2025-09-19 03:27:53,766 - INFO - Completed /viper/ptmp/arego/RC4K1_1/20061.h5 in 20.34 seconds
2025-09-19 03:27:53,941 - INFO - Completed /viper/ptmp/arego/RC4K1_1/28174.h5 in 18.66 seconds
2025-09-19 03:27:54,913 - INFO - Processing /viper/ptmp/arego/RC4K1/22766.h5
2025-09-19 03:27:55,125 - INFO - File 28008: Filtered 24849521 hits and 10 records
2025-09-19 03:27:55,830 - INFO - Processing /viper/ptmp/arego/RC4K1/12858.h5
2025-09-19 03:27:56,736 - INFO - Completed /viper/ptmp/arego/RC4K1_1/11191.h5 in 13.96 seconds
2025-09-19 03:27:57,098 - ERROR - Error processing /viper/ptmp/arego/RC4K1/25908.h5: low >= high
2025-09-19 03:27:57,593 - INFO - File 17687: Filtered 26417390 hits and 8 records
2025-09-19 03:27:58,073 - INFO - Processing /viper/ptmp/arego/RC4K1/9576.h5
2025-09-19 03:27:58,524 - INFO - Processing /viper/ptmp/arego/RC4K1/18479.h5
2025-09-19 03:28:00,173 - INFO - File 1146: Filtered 13945417 hits and 7 records
2025-09-19 03:28:00,184 - INFO - Completed /viper/ptmp/arego/RC4K1_1/28008.h5 in 15.80 seconds
2025-09-19 03:28:00,702 - INFO - File 26846: Filtered 24012642 hits and 8 records
2025-09-19 03:28:00,772 - INFO - Processing /viper/ptmp/arego/RC4K1/7527.h5
2025-09-19 03:28:02,185 - INFO - Completed /viper/ptmp/arego/RC4K1_1/17687.h5 in 15.60 seconds
2025-09-19 03:28:03,024 - INFO - Processing /viper/ptmp/arego/RC4K1/20492.h5
2025-09-19 03:28:06,539 - INFO - Completed /viper/ptmp/arego/RC4K1_1/26846.h5 in 16.20 seconds
2025-09-19 03:28:06,720 - INFO - File 22766: Filtered 11168303 hits and 4 records
2025-09-19 03:28:07,455 - INFO - Processing /viper/ptmp/arego/RC4K1/20308.h5
2025-09-19 03:28:08,228 - INFO - File 12858: Filtered 25352230 hits and 7 records
2025-09-19 03:28:10,007 - INFO - Completed /viper/ptmp/arego/RC4K1_1/1146.h5 in 20.75 seconds
2025-09-19 03:28:11,608 - INFO - Processing /viper/ptmp/arego/RC4K1/24577.h5
2025-09-19 03:28:11,822 - INFO - File 18479: Filtered 29078907 hits and 11 records
2025-09-19 03:28:12,287 - INFO - File 9576: Filtered 14715109 hits and 8 records
2025-09-19 03:28:14,300 - INFO - File 7527: Filtered 21482559 hits and 11 records
2025-09-19 03:28:14,354 - INFO - Completed /viper/ptmp/arego/RC4K1_1/12858.h5 in 18.52 seconds
2025-09-19 03:28:15,154 - INFO - Processing /viper/ptmp/arego/RC4K1/619.h5
2025-09-19 03:28:15,959 - INFO - Completed /viper/ptmp/arego/RC4K1_1/18479.h5 in 17.44 seconds
2025-09-19 03:28:16,197 - INFO - File 20492: Filtered 19651450 hits and 9 records
2025-09-19 03:28:16,635 - INFO - Processing /viper/ptmp/arego/RC4K1/22723.h5
2025-09-19 03:28:18,720 - INFO - Completed /viper/ptmp/arego/RC4K1_1/22766.h5 in 23.81 seconds
2025-09-19 03:28:19,067 - INFO - File 20308: Filtered 33921064 hits and 8 records
2025-09-19 03:28:19,743 - INFO - Processing /viper/ptmp/arego/RC4K1/29484.h5
2025-09-19 03:28:20,787 - INFO - Completed /viper/ptmp/arego/RC4K1_1/7527.h5 in 20.01 seconds
2025-09-19 03:28:21,235 - INFO - File 24577: Filtered 20002843 hits and 9 records
2025-09-19 03:28:21,244 - INFO - Completed /viper/ptmp/arego/RC4K1_1/20308.h5 in 13.79 seconds
2025-09-19 03:28:21,416 - INFO - Processing /viper/ptmp/arego/RC4K1/11924.h5
2025-09-19 03:28:21,801 - INFO - Completed /viper/ptmp/arego/RC4K1_1/9576.h5 in 23.73 seconds
2025-09-19 03:28:22,802 - INFO - Processing /viper/ptmp/arego/RC4K1/1899.h5
2025-09-19 03:28:23,428 - INFO - Completed /viper/ptmp/arego/RC4K1_1/20492.h5 in 20.40 seconds
2025-09-19 03:28:23,986 - INFO - Processing /viper/ptmp/arego/RC4K1/274.h5
2025-09-19 03:28:24,954 - INFO - Processing /viper/ptmp/arego/RC4K1/29086.h5
2025-09-19 03:28:25,984 - INFO - File 619: Filtered 21913802 hits and 7 records
2025-09-19 03:28:27,664 - INFO - File 22723: Filtered 1598788 hits and 7 records
2025-09-19 03:28:28,783 - INFO - Completed /viper/ptmp/arego/RC4K1_1/24577.h5 in 17.17 seconds
2025-09-19 03:28:30,105 - INFO - Processing /viper/ptmp/arego/RC4K1/25217.h5
2025-09-19 03:28:32,302 - INFO - File 29484: Filtered 20382011 hits and 7 records
2025-09-19 03:28:33,305 - INFO - Completed /viper/ptmp/arego/RC4K1_1/619.h5 in 18.15 seconds
2025-09-19 03:28:34,587 - INFO - Processing /viper/ptmp/arego/RC4K1/10512.h5
2025-09-19 03:28:35,895 - INFO - File 11924: Filtered 24761079 hits and 8 records
2025-09-19 03:28:38,247 - INFO - File 1899: Filtered 15028721 hits and 8 records
2025-09-19 03:28:39,279 - INFO - File 274: Filtered 33920286 hits and 12 records
2025-09-19 03:28:40,537 - INFO - File 29086: Filtered 15957210 hits and 7 records
2025-09-19 03:28:41,739 - INFO - Completed /viper/ptmp/arego/RC4K1_1/29484.h5 in 22.00 seconds
2025-09-19 03:28:42,903 - INFO - Processing /viper/ptmp/arego/RC4K1/8145.h5
2025-09-19 03:28:43,176 - INFO - Completed /viper/ptmp/arego/RC4K1_1/11924.h5 in 21.76 seconds
2025-09-19 03:28:43,978 - INFO - Completed /viper/ptmp/arego/RC4K1_1/274.h5 in 19.99 seconds
2025-09-19 03:28:44,073 - INFO - Processing /viper/ptmp/arego/RC4K1/19934.h5
2025-09-19 03:28:44,086 - INFO - File 25217: Filtered 23824470 hits and 8 records
2025-09-19 03:28:44,769 - INFO - Processing /viper/ptmp/arego/RC4K1/29048.h5
2025-09-19 03:28:44,901 - INFO - Completed /viper/ptmp/arego/RC4K1_1/22723.h5 in 28.27 seconds
2025-09-19 03:28:46,007 - INFO - Processing /viper/ptmp/arego/RC4K1/2419.h5
2025-09-19 03:28:46,124 - INFO - File 10512: Filtered 16915796 hits and 4 records
2025-09-19 03:28:48,958 - INFO - Completed /viper/ptmp/arego/RC4K1_1/1899.h5 in 26.16 seconds
2025-09-19 03:28:49,696 - INFO - Processing /viper/ptmp/arego/RC4K1/8285.h5
2025-09-19 03:28:50,184 - INFO - Completed /viper/ptmp/arego/RC4K1_1/29086.h5 in 25.23 seconds
2025-09-19 03:28:50,214 - INFO - Completed /viper/ptmp/arego/RC4K1_1/25217.h5 in 20.11 seconds
2025-09-19 03:28:50,796 - INFO - Processing /viper/ptmp/arego/RC4K1/19865.h5
2025-09-19 03:28:51,487 - INFO - Processing /viper/ptmp/arego/RC4K1/16003.h5
2025-09-19 03:28:53,764 - INFO - Completed /viper/ptmp/arego/RC4K1_1/10512.h5 in 19.18 seconds
2025-09-19 03:28:55,138 - INFO - Processing /viper/ptmp/arego/RC4K1/4356.h5
2025-09-19 03:29:05,196 - INFO - File 29048: Filtered 27673310 hits and 6 records
2025-09-19 03:29:05,976 - INFO - File 2419: Filtered 31769552 hits and 9 records
2025-09-19 03:29:06,416 - INFO - File 8145: Filtered 13478553 hits and 4 records
2025-09-19 03:29:06,623 - INFO - File 19934: Filtered 21712433 hits and 9 records
2025-09-19 03:29:07,543 - INFO - File 8285: Filtered 23285281 hits and 9 records
2025-09-19 03:29:09,345 - INFO - File 19865: Filtered 21903420 hits and 9 records
2025-09-19 03:29:09,874 - INFO - File 16003: Filtered 19219865 hits and 4 records
2025-09-19 03:29:12,786 - INFO - Completed /viper/ptmp/arego/RC4K1_1/2419.h5 in 26.78 seconds
2025-09-19 03:29:13,107 - INFO - File 4356: Filtered 22021247 hits and 4 records
2025-09-19 03:29:13,377 - INFO - Processing /viper/ptmp/arego/RC4K1/37.h5
2025-09-19 03:29:13,837 - INFO - Completed /viper/ptmp/arego/RC4K1_1/29048.h5 in 29.07 seconds
2025-09-19 03:29:14,441 - INFO - Processing /viper/ptmp/arego/RC4K1/290.h5
2025-09-19 03:29:16,310 - ERROR - Error processing /viper/ptmp/arego/RC4K1/19934.h5: low >= high
2025-09-19 03:29:16,721 - INFO - Completed /viper/ptmp/arego/RC4K1_1/8285.h5 in 27.02 seconds
2025-09-19 03:29:16,983 - INFO - Processing /viper/ptmp/arego/RC4K1/27553.h5
2025-09-19 03:29:17,459 - INFO - Processing /viper/ptmp/arego/RC4K1/6525.h5
2025-09-19 03:29:17,989 - INFO - Completed /viper/ptmp/arego/RC4K1_1/19865.h5 in 27.19 seconds
2025-09-19 03:29:18,636 - INFO - Processing /viper/ptmp/arego/RC4K1/25847.h5
2025-09-19 03:29:18,882 - INFO - Completed /viper/ptmp/arego/RC4K1_1/8145.h5 in 35.98 seconds
2025-09-19 03:29:19,674 - INFO - Completed /viper/ptmp/arego/RC4K1_1/16003.h5 in 28.19 seconds
2025-09-19 03:29:20,195 - INFO - Processing /viper/ptmp/arego/RC4K1/25248.h5
2025-09-19 03:29:20,340 - INFO - Completed /viper/ptmp/arego/RC4K1_1/4356.h5 in 25.20 seconds
2025-09-19 03:29:21,439 - INFO - Processing /viper/ptmp/arego/RC4K1/11402.h5
2025-09-19 03:29:22,470 - INFO - Processing /viper/ptmp/arego/RC4K1/6591.h5
2025-09-19 03:29:24,740 - INFO - File 37: Filtered 22959665 hits and 7 records
2025-09-19 03:29:27,500 - INFO - File 290: Filtered 26750026 hits and 9 records
2025-09-19 03:29:34,198 - INFO - File 27553: Filtered 18268878 hits and 7 records
2025-09-19 03:29:34,304 - INFO - File 6525: Filtered 28876196 hits and 8 records
2025-09-19 03:29:35,242 - INFO - File 25847: Filtered 38862218 hits and 8 records
2025-09-19 03:29:35,692 - INFO - Completed /viper/ptmp/arego/RC4K1_1/37.h5 in 22.32 seconds
2025-09-19 03:29:37,400 - INFO - Processing /viper/ptmp/arego/RC4K1/26.h5
2025-09-19 03:29:37,989 - INFO - Completed /viper/ptmp/arego/RC4K1_1/290.h5 in 23.55 seconds
2025-09-19 03:29:38,276 - INFO - File 25248: Filtered 16396902 hits and 5 records
2025-09-19 03:29:38,879 - INFO - File 11402: Filtered 22464388 hits and 9 records
2025-09-19 03:29:38,936 - INFO - Processing /viper/ptmp/arego/RC4K1/22370.h5
2025-09-19 03:29:39,608 - INFO - Completed /viper/ptmp/arego/RC4K1_1/25847.h5 in 20.97 seconds
2025-09-19 03:29:39,962 - INFO - File 6591: Filtered 18497642 hits and 8 records
2025-09-19 03:29:40,115 - INFO - Processing /viper/ptmp/arego/RC4K1/12294.h5
2025-09-19 03:29:42,250 - INFO - Completed /viper/ptmp/arego/RC4K1_1/6525.h5 in 24.79 seconds
2025-09-19 03:29:42,842 - INFO - Processing /viper/ptmp/arego/RC4K1/6022.h5
2025-09-19 03:29:45,505 - INFO - Completed /viper/ptmp/arego/RC4K1_1/27553.h5 in 28.52 seconds
2025-09-19 03:29:46,268 - INFO - Processing /viper/ptmp/arego/RC4K1/23816.h5
2025-09-19 03:29:46,981 - INFO - Completed /viper/ptmp/arego/RC4K1_1/11402.h5 in 25.54 seconds
2025-09-19 03:29:48,182 - INFO - Processing /viper/ptmp/arego/RC4K1/6672.h5
2025-09-19 03:29:48,396 - INFO - Completed /viper/ptmp/arego/RC4K1_1/25248.h5 in 28.20 seconds
2025-09-19 03:29:48,717 - ERROR - Error processing /viper/ptmp/arego/RC4K1/6591.h5: low >= high
2025-09-19 03:29:50,486 - INFO - Processing /viper/ptmp/arego/RC4K1/5655.h5
2025-09-19 03:29:50,739 - INFO - Processing /viper/ptmp/arego/RC4K1/28563.h5
2025-09-19 03:29:52,946 - INFO - File 12294: Filtered 13647971 hits and 7 records
2025-09-19 03:29:53,676 - INFO - File 26: Filtered 22238511 hits and 8 records
2025-09-19 03:29:54,893 - INFO - File 22370: Filtered 24725477 hits and 11 records
2025-09-19 03:30:03,326 - INFO - File 6022: Filtered 27167411 hits and 7 records
2025-09-19 03:30:05,442 - INFO - Completed /viper/ptmp/arego/RC4K1_1/26.h5 in 28.04 seconds
2025-09-19 03:30:05,845 - INFO - File 6672: Filtered 28611033 hits and 9 records
2025-09-19 03:30:06,009 - INFO - File 23816: Filtered 32532070 hits and 10 records
2025-09-19 03:30:06,355 - INFO - Completed /viper/ptmp/arego/RC4K1_1/22370.h5 in 27.42 seconds
2025-09-19 03:30:06,935 - INFO - Processing /viper/ptmp/arego/RC4K1/21926.h5
2025-09-19 03:30:07,995 - INFO - Completed /viper/ptmp/arego/RC4K1_1/12294.h5 in 27.88 seconds
2025-09-19 03:30:08,239 - INFO - Processing /viper/ptmp/arego/RC4K1/18358.h5
2025-09-19 03:30:08,488 - INFO - File 28563: Filtered 26257132 hits and 7 records
2025-09-19 03:30:09,275 - INFO - Processing /viper/ptmp/arego/RC4K1/7113.h5
2025-09-19 03:30:09,602 - INFO - File 5655: Filtered 26428081 hits and 7 records
2025-09-19 03:30:12,217 - INFO - Completed /viper/ptmp/arego/RC4K1_1/6022.h5 in 29.38 seconds
2025-09-19 03:30:12,489 - INFO - Completed /viper/ptmp/arego/RC4K1_1/23816.h5 in 26.22 seconds
2025-09-19 03:30:12,881 - INFO - Processing /viper/ptmp/arego/RC4K1/20521.h5
2025-09-19 03:30:13,367 - INFO - Completed /viper/ptmp/arego/RC4K1_1/6672.h5 in 25.19 seconds
2025-09-19 03:30:13,600 - INFO - Processing /viper/ptmp/arego/RC4K1/19333.h5
2025-09-19 03:30:14,305 - INFO - Processing /viper/ptmp/arego/RC4K1/14262.h5
2025-09-19 03:30:15,661 - INFO - Completed /viper/ptmp/arego/RC4K1_1/28563.h5 in 24.92 seconds
2025-09-19 03:30:16,553 - INFO - Processing /viper/ptmp/arego/RC4K1/7351.h5
2025-09-19 03:30:16,566 - INFO - Completed /viper/ptmp/arego/RC4K1_1/5655.h5 in 26.08 seconds
2025-09-19 03:30:17,801 - INFO - Processing /viper/ptmp/arego/RC4K1/18706.h5
2025-09-19 03:30:22,367 - INFO - File 7113: Filtered 29766183 hits and 7 records
2025-09-19 03:30:29,459 - INFO - File 18358: Filtered 22047743 hits and 7 records
2025-09-19 03:30:30,806 - INFO - File 21926: Filtered 22433558 hits and 6 records
2025-09-19 03:30:32,218 - INFO - File 20521: Filtered 23376305 hits and 7 records
2025-09-19 03:30:33,310 - INFO - Completed /viper/ptmp/arego/RC4K1_1/7113.h5 in 24.03 seconds
2025-09-19 03:30:34,587 - INFO - File 19333: Filtered 21995576 hits and 8 records
2025-09-19 03:30:34,924 - INFO - Processing /viper/ptmp/arego/RC4K1/6747.h5
2025-09-19 03:30:35,588 - INFO - File 14262: Filtered 35396265 hits and 12 records
2025-09-19 03:30:36,929 - INFO - File 7351: Filtered 39600019 hits and 5 records
2025-09-19 03:30:38,542 - INFO - File 18706: Filtered 37264337 hits and 10 records
2025-09-19 03:30:41,076 - INFO - Completed /viper/ptmp/arego/RC4K1_1/7351.h5 in 24.52 seconds
2025-09-19 03:30:41,459 - INFO - Completed /viper/ptmp/arego/RC4K1_1/14262.h5 in 27.15 seconds
2025-09-19 03:30:41,486 - INFO - Processing /viper/ptmp/arego/RC4K1/22413.h5
2025-09-19 03:30:42,255 - INFO - Processing /viper/ptmp/arego/RC4K1/27678.h5
2025-09-19 03:30:42,356 - INFO - Completed /viper/ptmp/arego/RC4K1_1/18358.h5 in 34.12 seconds
2025-09-19 03:30:43,114 - INFO - Completed /viper/ptmp/arego/RC4K1_1/18706.h5 in 25.31 seconds
2025-09-19 03:30:43,121 - INFO - Completed /viper/ptmp/arego/RC4K1_1/21926.h5 in 36.19 seconds
2025-09-19 03:30:43,256 - INFO - Processing /viper/ptmp/arego/RC4K1/5020.h5
2025-09-19 03:30:43,418 - INFO - Completed /viper/ptmp/arego/RC4K1_1/20521.h5 in 30.54 seconds
2025-09-19 03:30:44,132 - INFO - Processing /viper/ptmp/arego/RC4K1/11977.h5
2025-09-19 03:30:44,810 - INFO - Processing /viper/ptmp/arego/RC4K1/13854.h5
2025-09-19 03:30:44,894 - INFO - Completed /viper/ptmp/arego/RC4K1_1/19333.h5 in 31.29 seconds
2025-09-19 03:30:45,501 - INFO - Processing /viper/ptmp/arego/RC4K1/223.h5
2025-09-19 03:30:46,145 - INFO - Processing /viper/ptmp/arego/RC4K1/8506.h5
2025-09-19 03:30:46,779 - INFO - File 6747: Filtered 23399411 hits and 8 records
2025-09-19 03:30:57,797 - INFO - Completed /viper/ptmp/arego/RC4K1_1/6747.h5 in 22.87 seconds
2025-09-19 03:30:59,431 - INFO - Processing /viper/ptmp/arego/RC4K1/12342.h5
2025-09-19 03:31:02,078 - INFO - File 22413: Filtered 30581844 hits and 10 records
2025-09-19 03:31:02,378 - INFO - File 27678: Filtered 21271845 hits and 8 records
2025-09-19 03:31:03,646 - INFO - File 5020: Filtered 30285790 hits and 10 records
2025-09-19 03:31:05,277 - INFO - File 11977: Filtered 26812430 hits and 7 records
2025-09-19 03:31:08,180 - INFO - File 8506: Filtered 18728026 hits and 7 records
2025-09-19 03:31:10,542 - INFO - File 223: Filtered 13770731 hits and 6 records
2025-09-19 03:31:13,623 - INFO - Completed /viper/ptmp/arego/RC4K1_1/22413.h5 in 32.14 seconds
2025-09-19 03:31:14,085 - INFO - File 13854: Filtered 36971289 hits and 8 records
2025-09-19 03:31:14,783 - INFO - Processing /viper/ptmp/arego/RC4K1/22712.h5
2025-09-19 03:31:15,249 - INFO - Completed /viper/ptmp/arego/RC4K1_1/5020.h5 in 31.99 seconds
2025-09-19 03:31:16,416 - INFO - Processing /viper/ptmp/arego/RC4K1/18523.h5
2025-09-19 03:31:17,431 - INFO - Completed /viper/ptmp/arego/RC4K1_1/27678.h5 in 35.18 seconds
2025-09-19 03:31:17,434 - INFO - Completed /viper/ptmp/arego/RC4K1_1/11977.h5 in 33.30 seconds
2025-09-19 03:31:17,750 - INFO - File 12342: Filtered 36342910 hits and 10 records
2025-09-19 03:31:18,357 - INFO - Processing /viper/ptmp/arego/RC4K1/7640.h5
2025-09-19 03:31:19,153 - INFO - Processing /viper/ptmp/arego/RC4K1/7928.h5
2025-09-19 03:31:22,238 - INFO - Completed /viper/ptmp/arego/RC4K1_1/8506.h5 in 36.09 seconds
2025-09-19 03:31:23,539 - INFO - Processing /viper/ptmp/arego/RC4K1/6956.h5
2025-09-19 03:31:23,971 - INFO - Completed /viper/ptmp/arego/RC4K1_1/12342.h5 in 24.54 seconds
2025-09-19 03:31:25,063 - INFO - Processing /viper/ptmp/arego/RC4K1/11564.h5
2025-09-19 03:31:25,192 - INFO - Completed /viper/ptmp/arego/RC4K1_1/13854.h5 in 40.38 seconds
2025-09-19 03:31:26,221 - ERROR - Error processing /viper/ptmp/arego/RC4K1/223.h5: low >= high
2025-09-19 03:31:28,162 - INFO - Processing /viper/ptmp/arego/RC4K1/27903.h5
2025-09-19 03:31:28,646 - INFO - Processing /viper/ptmp/arego/RC4K1/22494.h5
2025-09-19 03:31:31,565 - INFO - File 22712: Filtered 17220758 hits and 7 records
2025-09-19 03:31:33,530 - INFO - File 18523: Filtered 32506022 hits and 9 records
2025-09-19 03:31:36,155 - INFO - File 7640: Filtered 34571968 hits and 7 records
2025-09-19 03:31:37,767 - INFO - File 7928: Filtered 27202844 hits and 6 records
2025-09-19 03:31:45,183 - INFO - File 6956: Filtered 35623415 hits and 10 records
2025-09-19 03:31:45,428 - INFO - Completed /viper/ptmp/arego/RC4K1_1/18523.h5 in 29.01 seconds
2025-09-19 03:31:46,903 - INFO - Completed /viper/ptmp/arego/RC4K1_1/7640.h5 in 28.55 seconds
2025-09-19 03:31:46,962 - INFO - Processing /viper/ptmp/arego/RC4K1/14678.h5
2025-09-19 03:31:47,097 - INFO - File 11564: Filtered 24304228 hits and 8 records
2025-09-19 03:31:48,306 - INFO - Processing /viper/ptmp/arego/RC4K1/3985.h5
2025-09-19 03:31:49,156 - INFO - Completed /viper/ptmp/arego/RC4K1_1/22712.h5 in 34.37 seconds
2025-09-19 03:31:49,244 - INFO - File 27903: Filtered 25510108 hits and 9 records
2025-09-19 03:31:50,635 - INFO - Processing /viper/ptmp/arego/RC4K1/18461.h5
2025-09-19 03:31:50,901 - INFO - Completed /viper/ptmp/arego/RC4K1_1/7928.h5 in 31.75 seconds
2025-09-19 03:31:52,257 - INFO - Processing /viper/ptmp/arego/RC4K1/9782.h5
2025-09-19 03:31:52,401 - INFO - File 22494: Filtered 28090498 hits and 8 records
2025-09-19 03:31:54,129 - INFO - Completed /viper/ptmp/arego/RC4K1_1/6956.h5 in 30.59 seconds
2025-09-19 03:31:54,880 - INFO - Processing /viper/ptmp/arego/RC4K1/10704.h5
2025-09-19 03:31:59,747 - INFO - Completed /viper/ptmp/arego/RC4K1_1/11564.h5 in 34.68 seconds
2025-09-19 03:32:00,740 - INFO - Completed /viper/ptmp/arego/RC4K1_1/27903.h5 in 32.58 seconds
2025-09-19 03:32:01,658 - INFO - Processing /viper/ptmp/arego/RC4K1/3698.h5
2025-09-19 03:32:03,281 - INFO - Processing /viper/ptmp/arego/RC4K1/29319.h5
2025-09-19 03:32:04,593 - INFO - File 14678: Filtered 35100084 hits and 11 records
2025-09-19 03:32:07,375 - INFO - Completed /viper/ptmp/arego/RC4K1_1/22494.h5 in 38.73 seconds
2025-09-19 03:32:07,568 - INFO - File 3985: Filtered 29964300 hits and 10 records
2025-09-19 03:32:10,013 - INFO - Processing /viper/ptmp/arego/RC4K1/13638.h5
2025-09-19 03:32:11,304 - INFO - File 18461: Filtered 21280348 hits and 6 records
2025-09-19 03:32:13,142 - INFO - File 9782: Filtered 22999929 hits and 8 records
2025-09-19 03:32:15,277 - INFO - File 10704: Filtered 33531129 hits and 7 records
2025-09-19 03:32:16,772 - INFO - Completed /viper/ptmp/arego/RC4K1_1/14678.h5 in 29.81 seconds
2025-09-19 03:32:18,648 - INFO - Processing /viper/ptmp/arego/RC4K1/21979.h5
2025-09-19 03:32:20,745 - INFO - Completed /viper/ptmp/arego/RC4K1_1/3985.h5 in 32.44 seconds
2025-09-19 03:32:22,279 - INFO - Processing /viper/ptmp/arego/RC4K1/8969.h5
2025-09-19 03:32:23,278 - INFO - File 3698: Filtered 25166767 hits and 9 records
2025-09-19 03:32:24,652 - INFO - File 29319: Filtered 22449406 hits and 6 records
2025-09-19 03:32:27,454 - INFO - Completed /viper/ptmp/arego/RC4K1_1/10704.h5 in 32.57 seconds
2025-09-19 03:32:28,184 - INFO - File 13638: Filtered 36299502 hits and 8 records
2025-09-19 03:32:28,230 - INFO - Completed /viper/ptmp/arego/RC4K1_1/18461.h5 in 37.60 seconds
2025-09-19 03:32:28,632 - INFO - Processing /viper/ptmp/arego/RC4K1/18234.h5
2025-09-19 03:32:29,383 - INFO - Completed /viper/ptmp/arego/RC4K1_1/9782.h5 in 37.13 seconds
2025-09-19 03:32:29,819 - INFO - Processing /viper/ptmp/arego/RC4K1/8591.h5
2025-09-19 03:32:30,993 - INFO - Processing /viper/ptmp/arego/RC4K1/4609.h5
2025-09-19 03:32:35,675 - INFO - File 21979: Filtered 47973327 hits and 12 records
2025-09-19 03:32:37,684 - INFO - Completed /viper/ptmp/arego/RC4K1_1/3698.h5 in 36.03 seconds
2025-09-19 03:32:38,148 - INFO - Completed /viper/ptmp/arego/RC4K1_1/13638.h5 in 28.13 seconds
2025-09-19 03:32:38,607 - INFO - File 8969: Filtered 37349577 hits and 8 records
2025-09-19 03:32:38,975 - INFO - Processing /viper/ptmp/arego/RC4K1/13187.h5
2025-09-19 03:32:39,078 - INFO - Completed /viper/ptmp/arego/RC4K1_1/29319.h5 in 35.80 seconds
2025-09-19 03:32:40,196 - INFO - Processing /viper/ptmp/arego/RC4K1/27197.h5
2025-09-19 03:32:41,836 - INFO - Processing /viper/ptmp/arego/RC4K1/5168.h5
2025-09-19 03:32:42,449 - INFO - Completed /viper/ptmp/arego/RC4K1_1/21979.h5 in 23.80 seconds
2025-09-19 03:32:43,954 - INFO - Processing /viper/ptmp/arego/RC4K1/5581.h5
2025-09-19 03:32:48,926 - INFO - File 18234: Filtered 35581285 hits and 9 records
2025-09-19 03:32:49,877 - INFO - File 8591: Filtered 24706150 hits and 7 records
2025-09-19 03:32:50,599 - INFO - File 4609: Filtered 35577782 hits and 9 records
2025-09-19 03:32:50,790 - INFO - Completed /viper/ptmp/arego/RC4K1_1/8969.h5 in 28.51 seconds
2025-09-19 03:32:52,919 - INFO - Processing /viper/ptmp/arego/RC4K1/8899.h5
2025-09-19 03:33:02,606 - INFO - Completed /viper/ptmp/arego/RC4K1_1/18234.h5 in 33.97 seconds
2025-09-19 03:33:03,262 - INFO - File 13187: Filtered 41062924 hits and 9 records
2025-09-19 03:33:03,980 - INFO - Processing /viper/ptmp/arego/RC4K1/27940.h5
2025-09-19 03:33:04,575 - INFO - File 27197: Filtered 21971329 hits and 8 records
2025-09-19 03:33:04,767 - INFO - Completed /viper/ptmp/arego/RC4K1_1/4609.h5 in 33.77 seconds
2025-09-19 03:33:04,839 - INFO - File 5168: Filtered 43748635 hits and 10 records
2025-09-19 03:33:06,190 - INFO - Processing /viper/ptmp/arego/RC4K1/22458.h5
2025-09-19 03:33:07,029 - INFO - File 5581: Filtered 30111827 hits and 7 records
2025-09-19 03:33:08,982 - INFO - Completed /viper/ptmp/arego/RC4K1_1/8591.h5 in 39.16 seconds
2025-09-19 03:33:11,127 - INFO - Processing /viper/ptmp/arego/RC4K1/15546.h5
2025-09-19 03:33:13,459 - INFO - Completed /viper/ptmp/arego/RC4K1_1/13187.h5 in 34.48 seconds
2025-09-19 03:33:14,048 - INFO - File 8899: Filtered 78884082 hits and 10 records
2025-09-19 03:33:14,331 - INFO - Processing /viper/ptmp/arego/RC4K1/9473.h5
2025-09-19 03:33:14,399 - INFO - Completed /viper/ptmp/arego/RC4K1_1/5168.h5 in 32.56 seconds
2025-09-19 03:33:15,015 - INFO - Completed /viper/ptmp/arego/RC4K1_1/8899.h5 in 22.10 seconds
2025-09-19 03:33:15,320 - INFO - Processing /viper/ptmp/arego/RC4K1/25880.h5
2025-09-19 03:33:16,017 - INFO - Processing /viper/ptmp/arego/RC4K1/4263.h5
2025-09-19 03:33:21,076 - INFO - Completed /viper/ptmp/arego/RC4K1_1/5581.h5 in 37.12 seconds
2025-09-19 03:33:21,165 - ERROR - Error processing /viper/ptmp/arego/RC4K1/27197.h5: low >= high
2025-09-19 03:33:22,399 - INFO - File 27940: Filtered 34619926 hits and 9 records
2025-09-19 03:33:23,270 - INFO - Processing /viper/ptmp/arego/RC4K1/4860.h5
2025-09-19 03:33:23,314 - INFO - Processing /viper/ptmp/arego/RC4K1/22624.h5
2025-09-19 03:33:26,050 - INFO - File 22458: Filtered 31134921 hits and 9 records
2025-09-19 03:33:34,339 - INFO - File 15546: Filtered 31877935 hits and 6 records
2025-09-19 03:33:37,929 - INFO - Completed /viper/ptmp/arego/RC4K1_1/27940.h5 in 33.95 seconds
2025-09-19 03:33:38,797 - INFO - File 9473: Filtered 41946894 hits and 7 records
2025-09-19 03:33:40,359 - INFO - Processing /viper/ptmp/arego/RC4K1/25836.h5
2025-09-19 03:33:41,452 - INFO - File 25880: Filtered 39237999 hits and 10 records
2025-09-19 03:33:42,298 - INFO - File 4263: Filtered 41983762 hits and 10 records
2025-09-19 03:33:45,384 - INFO - Completed /viper/ptmp/arego/RC4K1_1/22458.h5 in 39.19 seconds
2025-09-19 03:33:47,244 - INFO - Processing /viper/ptmp/arego/RC4K1/17512.h5
2025-09-19 03:33:48,755 - INFO - File 22624: Filtered 31690042 hits and 9 records
2025-09-19 03:33:49,415 - INFO - File 4860: Filtered 32418134 hits and 9 records
2025-09-19 03:33:51,743 - INFO - Completed /viper/ptmp/arego/RC4K1_1/9473.h5 in 37.41 seconds
2025-09-19 03:33:51,868 - INFO - Completed /viper/ptmp/arego/RC4K1_1/15546.h5 in 40.74 seconds
2025-09-19 03:33:52,908 - INFO - Processing /viper/ptmp/arego/RC4K1/1393.h5
2025-09-19 03:33:53,712 - INFO - Processing /viper/ptmp/arego/RC4K1/28833.h5
2025-09-19 03:33:54,413 - INFO - Completed /viper/ptmp/arego/RC4K1_1/4263.h5 in 38.40 seconds
2025-09-19 03:33:55,028 - INFO - Completed /viper/ptmp/arego/RC4K1_1/25880.h5 in 39.71 seconds
2025-09-19 03:33:55,479 - INFO - Processing /viper/ptmp/arego/RC4K1/9508.h5
2025-09-19 03:33:56,400 - INFO - Processing /viper/ptmp/arego/RC4K1/12146.h5
2025-09-19 03:34:02,241 - INFO - File 25836: Filtered 44741250 hits and 8 records
2025-09-19 03:34:02,932 - INFO - Completed /viper/ptmp/arego/RC4K1_1/22624.h5 in 39.62 seconds
2025-09-19 03:34:03,200 - ERROR - Error processing /viper/ptmp/arego/RC4K1/4860.h5: low >= high
2025-09-19 03:34:04,840 - INFO - Processing /viper/ptmp/arego/RC4K1/14183.h5
2025-09-19 03:34:04,932 - INFO - Processing /viper/ptmp/arego/RC4K1/7466.h5
2025-09-19 03:34:09,453 - INFO - File 17512: Filtered 52167025 hits and 5 records
2025-09-19 03:34:19,441 - INFO - Completed /viper/ptmp/arego/RC4K1_1/25836.h5 in 39.08 seconds
2025-09-19 03:34:22,175 - INFO - File 1393: Filtered 53842589 hits and 8 records
2025-09-19 03:34:27,033 - INFO - Completed /viper/ptmp/arego/RC4K1_1/17512.h5 in 39.79 seconds
2025-09-19 03:34:27,855 - INFO - File 9508: Filtered 41147978 hits and 8 records
2025-09-19 03:34:30,436 - INFO - File 12146: Filtered 78045826 hits and 8 records
2025-09-19 03:34:41,574 - INFO - File 7466: Filtered 59810647 hits and 6 records
2025-09-19 03:34:42,394 - INFO - Completed /viper/ptmp/arego/RC4K1_1/1393.h5 in 49.49 seconds
2025-09-19 03:34:42,461 - INFO - File 14183: Filtered 62336056 hits and 8 records
2025-09-19 03:34:45,454 - INFO - Completed /viper/ptmp/arego/RC4K1_1/12146.h5 in 49.05 seconds
2025-09-19 03:34:53,119 - INFO - Completed /viper/ptmp/arego/RC4K1_1/9508.h5 in 57.64 seconds
2025-09-19 03:34:55,088 - INFO - File 28833: Filtered 37242301 hits and 9 records
2025-09-19 03:35:01,095 - INFO - Completed /viper/ptmp/arego/RC4K1_1/7466.h5 in 56.16 seconds
2025-09-19 03:35:01,762 - INFO - Completed /viper/ptmp/arego/RC4K1_1/14183.h5 in 56.92 seconds
2025-09-19 03:35:40,884 - INFO - Completed /viper/ptmp/arego/RC4K1_1/28833.h5 in 107.17 seconds
