2025-09-18 14:43:02,887 - INFO - Loaded skip configuration: 0 files to skip entirely, 35364 files with partial record skips
2025-09-18 14:43:03,756 - INFO - Processing /viper/ptmp/arego/RC4K1/16239.h5
2025-09-18 14:43:04,266 - INFO - Processing /viper/ptmp/arego/RC4K1/27960.h5
2025-09-18 14:43:04,776 - INFO - File 16239: Filtered 484131 hits and 5 records
2025-09-18 14:43:04,800 - INFO - File 27960: Filtered 562571 hits and 4 records
2025-09-18 14:43:04,813 - INFO - Processing /viper/ptmp/arego/RC4K1/17624.h5
2025-09-18 14:43:05,211 - INFO - File 17624: Filtered 794674 hits and 4 records
2025-09-18 14:43:05,432 - INFO - Processing /viper/ptmp/arego/RC4K1/1485.h5
2025-09-18 14:43:06,010 - INFO - Processing /viper/ptmp/arego/RC4K1/12701.h5
2025-09-18 14:43:06,033 - INFO - File 1485: Filtered 413185 hits and 2 records
2025-09-18 14:43:06,601 - INFO - File 12701: Filtered 1350174 hits and 6 records
2025-09-18 14:43:06,643 - INFO - Processing /viper/ptmp/arego/RC4K1/8408.h5
2025-09-18 14:43:07,283 - INFO - File 8408: Filtered 1499243 hits and 6 records
2025-09-18 14:43:07,297 - INFO - Processing /viper/ptmp/arego/RC4K1/15316.h5
2025-09-18 14:43:07,800 - INFO - Completed /viper/ptmp/arego/RC4K1_EN_100/16239.h5 in 4.04 seconds
2025-09-18 14:43:07,941 - INFO - Processing /viper/ptmp/arego/RC4K1/17677.h5
2025-09-18 14:43:08,067 - INFO - File 15316: Filtered 2091096 hits and 7 records
2025-09-18 14:43:08,186 - INFO - Completed /viper/ptmp/arego/RC4K1_EN_100/27960.h5 in 3.92 seconds
2025-09-18 14:43:08,436 - INFO - Processing /viper/ptmp/arego/RC4K1/5081.h5
2025-09-18 14:43:08,687 - INFO - File 17677: Filtered 2404470 hits and 6 records
2025-09-18 14:43:08,868 - INFO - Completed /viper/ptmp/arego/RC4K1_EN_100/17624.h5 in 4.05 seconds
2025-09-18 14:43:09,046 - INFO - Processing /viper/ptmp/arego/RC4K1/11401.h5
2025-09-18 14:43:09,159 - INFO - File 5081: Filtered 1446140 hits and 6 records
2025-09-18 14:43:09,687 - INFO - Processing /viper/ptmp/arego/RC4K1/13387.h5
2025-09-18 14:43:09,817 - INFO - File 11401: Filtered 3298812 hits and 9 records
2025-09-18 14:43:10,611 - INFO - File 13387: Filtered 1478280 hits and 6 records
2025-09-18 14:43:11,604 - INFO - Completed /viper/ptmp/arego/RC4K1_EN_100/12701.h5 in 5.59 seconds
2025-09-18 14:43:11,771 - INFO - Processing /viper/ptmp/arego/RC4K1/14461.h5
2025-09-18 14:43:11,805 - INFO - Completed /viper/ptmp/arego/RC4K1_EN_100/11401.h5 in 2.76 seconds
2025-09-18 14:43:12,072 - INFO - Completed /viper/ptmp/arego/RC4K1_EN_100/8408.h5 in 5.43 seconds
2025-09-18 14:43:12,280 - INFO - Completed /viper/ptmp/arego/RC4K1_EN_100/17677.h5 in 4.34 seconds
2025-09-18 14:43:12,430 - INFO - Processing /viper/ptmp/arego/RC4K1/2267.h5
2025-09-18 14:43:12,595 - INFO - File 14461: Filtered 2168955 hits and 7 records
2025-09-18 14:43:12,889 - INFO - Completed /viper/ptmp/arego/RC4K1_EN_100/15316.h5 in 5.59 seconds
2025-09-18 14:43:13,051 - INFO - Processing /viper/ptmp/arego/RC4K1/18583.h5
2025-09-18 14:43:13,265 - INFO - File 2267: Filtered 2817431 hits and 6 records
2025-09-18 14:43:13,655 - INFO - Processing /viper/ptmp/arego/RC4K1/22442.h5
2025-09-18 14:43:13,932 - INFO - File 18583: Filtered 2329675 hits and 3 records
2025-09-18 14:43:13,974 - INFO - Completed /viper/ptmp/arego/RC4K1_EN_100/1485.h5 in 8.54 seconds
2025-09-18 14:43:14,296 - INFO - Processing /viper/ptmp/arego/RC4K1/8113.h5
2025-09-18 14:43:14,563 - INFO - File 22442: Filtered 2896061 hits and 10 records
2025-09-18 14:43:14,982 - INFO - Processing /viper/ptmp/arego/RC4K1/11758.h5
2025-09-18 14:43:15,185 - INFO - File 8113: Filtered 2435165 hits and 8 records
2025-09-18 14:43:15,984 - INFO - File 11758: Filtered 3150012 hits and 8 records
2025-09-18 14:43:17,078 - INFO - Completed /viper/ptmp/arego/RC4K1_EN_100/5081.h5 in 8.64 seconds
2025-09-18 14:43:17,243 - INFO - Processing /viper/ptmp/arego/RC4K1/823.h5
2025-09-18 14:43:18,143 - INFO - Completed /viper/ptmp/arego/RC4K1_EN_100/2267.h5 in 5.71 seconds
2025-09-18 14:43:18,197 - INFO - File 823: Filtered 1749582 hits and 6 records
2025-09-18 14:43:18,395 - INFO - Processing /viper/ptmp/arego/RC4K1/2984.h5
2025-09-18 14:43:19,328 - INFO - File 2984: Filtered 3599065 hits and 4 records
2025-09-18 14:43:20,241 - INFO - Completed /viper/ptmp/arego/RC4K1_EN_100/22442.h5 in 6.59 seconds
2025-09-18 14:43:20,360 - INFO - Completed /viper/ptmp/arego/RC4K1_EN_100/14461.h5 in 8.59 seconds
2025-09-18 14:43:20,413 - INFO - Processing /viper/ptmp/arego/RC4K1/8495.h5
2025-09-18 14:43:20,772 - INFO - Completed /viper/ptmp/arego/RC4K1_EN_100/11758.h5 in 5.79 seconds
2025-09-18 14:43:20,809 - INFO - Completed /viper/ptmp/arego/RC4K1_EN_100/13387.h5 in 11.12 seconds
2025-09-18 14:43:21,035 - INFO - Processing /viper/ptmp/arego/RC4K1/5558.h5
2025-09-18 14:43:21,653 - INFO - Processing /viper/ptmp/arego/RC4K1/10317.h5
2025-09-18 14:43:21,698 - INFO - Completed /viper/ptmp/arego/RC4K1_EN_100/18583.h5 in 8.65 seconds
2025-09-18 14:43:21,859 - INFO - File 8495: Filtered 1358996 hits and 5 records
2025-09-18 14:43:22,127 - INFO - File 5558: Filtered 2714279 hits and 7 records
2025-09-18 14:43:22,370 - INFO - Processing /viper/ptmp/arego/RC4K1/28836.h5
2025-09-18 14:43:22,639 - INFO - Completed /viper/ptmp/arego/RC4K1_EN_100/2984.h5 in 4.24 seconds
2025-09-18 14:43:22,743 - INFO - Completed /viper/ptmp/arego/RC4K1_EN_100/8113.h5 in 8.45 seconds
2025-09-18 14:43:22,827 - INFO - File 10317: Filtered 2675953 hits and 6 records
2025-09-18 14:43:22,997 - INFO - Processing /viper/ptmp/arego/RC4K1/366.h5
2025-09-18 14:43:23,439 - INFO - File 28836: Filtered 4040095 hits and 7 records
2025-09-18 14:43:23,613 - INFO - Processing /viper/ptmp/arego/RC4K1/20305.h5
2025-09-18 14:43:24,109 - INFO - File 366: Filtered 2374547 hits and 6 records
2025-09-18 14:43:24,279 - INFO - Processing /viper/ptmp/arego/RC4K1/747.h5
2025-09-18 14:43:24,871 - INFO - File 20305: Filtered 3398820 hits and 7 records
2025-09-18 14:43:25,523 - INFO - File 747: Filtered 1019284 hits and 6 records
2025-09-18 14:43:29,096 - INFO - Completed /viper/ptmp/arego/RC4K1_EN_100/28836.h5 in 6.73 seconds
2025-09-18 14:43:29,326 - INFO - Processing /viper/ptmp/arego/RC4K1/1626.h5
2025-09-18 14:43:29,638 - INFO - Completed /viper/ptmp/arego/RC4K1_EN_100/823.h5 in 12.39 seconds
2025-09-18 14:43:30,146 - INFO - Processing /viper/ptmp/arego/RC4K1/8967.h5
2025-09-18 14:43:30,503 - INFO - File 1626: Filtered 1967330 hits and 4 records
2025-09-18 14:43:31,416 - INFO - File 8967: Filtered 3474592 hits and 7 records
2025-09-18 14:43:31,875 - INFO - Completed /viper/ptmp/arego/RC4K1_EN_100/5558.h5 in 10.84 seconds
2025-09-18 14:43:32,074 - INFO - Processing /viper/ptmp/arego/RC4K1/4600.h5
2025-09-18 14:43:33,078 - INFO - Completed /viper/ptmp/arego/RC4K1_EN_100/10317.h5 in 11.42 seconds
2025-09-18 14:43:33,331 - INFO - Processing /viper/ptmp/arego/RC4K1/13514.h5
2025-09-18 14:43:33,342 - INFO - Completed /viper/ptmp/arego/RC4K1_EN_100/20305.h5 in 9.73 seconds
2025-09-18 14:43:33,438 - INFO - File 4600: Filtered 2600606 hits and 3 records
2025-09-18 14:43:33,987 - INFO - Processing /viper/ptmp/arego/RC4K1/1969.h5
2025-09-18 14:43:34,609 - INFO - File 13514: Filtered 2949835 hits and 8 records
2025-09-18 14:43:35,390 - INFO - File 1969: Filtered 2375082 hits and 5 records
2025-09-18 14:43:35,587 - INFO - Completed /viper/ptmp/arego/RC4K1_EN_100/8495.h5 in 15.17 seconds
2025-09-18 14:43:35,811 - INFO - Processing /viper/ptmp/arego/RC4K1/16783.h5
2025-09-18 14:43:36,649 - INFO - Completed /viper/ptmp/arego/RC4K1_EN_100/366.h5 in 13.65 seconds
2025-09-18 14:43:36,906 - INFO - Processing /viper/ptmp/arego/RC4K1/26190.h5
2025-09-18 14:43:37,132 - INFO - File 16783: Filtered 5498995 hits and 11 records
2025-09-18 14:43:38,222 - INFO - File 26190: Filtered 4137398 hits and 7 records
2025-09-18 14:43:41,454 - INFO - Completed /viper/ptmp/arego/RC4K1_EN_100/8967.h5 in 11.31 seconds
2025-09-18 14:43:41,668 - INFO - Processing /viper/ptmp/arego/RC4K1/23056.h5
2025-09-18 14:43:41,969 - INFO - Completed /viper/ptmp/arego/RC4K1_EN_100/16783.h5 in 6.16 seconds
2025-09-18 14:43:42,237 - INFO - Processing /viper/ptmp/arego/RC4K1/24573.h5
2025-09-18 14:43:43,054 - INFO - File 23056: Filtered 4500498 hits and 8 records
2025-09-18 14:43:43,839 - INFO - File 24573: Filtered 964053 hits and 5 records
2025-09-18 14:43:44,448 - INFO - Completed /viper/ptmp/arego/RC4K1_EN_100/747.h5 in 20.17 seconds
2025-09-18 14:43:44,683 - INFO - Processing /viper/ptmp/arego/RC4K1/23980.h5
2025-09-18 14:43:44,752 - INFO - Completed /viper/ptmp/arego/RC4K1_EN_100/1626.h5 in 15.43 seconds
2025-09-18 14:43:45,362 - INFO - Processing /viper/ptmp/arego/RC4K1/12772.h5
2025-09-18 14:43:46,131 - INFO - File 23980: Filtered 5215495 hits and 4 records
2025-09-18 14:43:46,915 - INFO - File 12772: Filtered 3280888 hits and 6 records
2025-09-18 14:43:47,788 - INFO - Completed /viper/ptmp/arego/RC4K1_EN_100/4600.h5 in 15.71 seconds
2025-09-18 14:43:47,967 - INFO - Processing /viper/ptmp/arego/RC4K1/21485.h5
2025-09-18 14:43:48,373 - INFO - Completed /viper/ptmp/arego/RC4K1_EN_100/13514.h5 in 15.04 seconds
2025-09-18 14:43:48,444 - INFO - Completed /viper/ptmp/arego/RC4K1_EN_100/26190.h5 in 11.54 seconds
2025-09-18 14:43:48,792 - INFO - Processing /viper/ptmp/arego/RC4K1/5797.h5
2025-09-18 14:43:49,472 - INFO - File 21485: Filtered 3430888 hits and 7 records
2025-09-18 14:43:49,478 - INFO - Processing /viper/ptmp/arego/RC4K1/26255.h5
2025-09-18 14:43:50,376 - INFO - File 5797: Filtered 5669010 hits and 7 records
2025-09-18 14:43:51,211 - INFO - File 26255: Filtered 1501778 hits and 4 records
2025-09-18 14:43:51,950 - INFO - Completed /viper/ptmp/arego/RC4K1_EN_100/1969.h5 in 17.96 seconds
2025-09-18 14:43:52,126 - INFO - Processing /viper/ptmp/arego/RC4K1/24964.h5
2025-09-18 14:43:52,516 - INFO - Completed /viper/ptmp/arego/RC4K1_EN_100/23056.h5 in 10.85 seconds
2025-09-18 14:43:52,824 - INFO - Processing /viper/ptmp/arego/RC4K1/7854.h5
2025-09-18 14:43:53,746 - INFO - File 24964: Filtered 5425302 hits and 5 records
2025-09-18 14:43:54,493 - INFO - File 7854: Filtered 6411655 hits and 8 records
2025-09-18 14:43:54,836 - INFO - Completed /viper/ptmp/arego/RC4K1_EN_100/23980.h5 in 10.15 seconds
2025-09-18 14:43:55,011 - INFO - Processing /viper/ptmp/arego/RC4K1/6194.h5
2025-09-18 14:43:56,780 - INFO - File 6194: Filtered 3049999 hits and 5 records
2025-09-18 14:43:58,750 - INFO - Completed /viper/ptmp/arego/RC4K1_EN_100/5797.h5 in 9.96 seconds
2025-09-18 14:43:58,916 - INFO - Processing /viper/ptmp/arego/RC4K1/3243.h5
2025-09-18 14:44:00,708 - INFO - File 3243: Filtered 2884952 hits and 2 records
2025-09-18 14:44:02,253 - INFO - Completed /viper/ptmp/arego/RC4K1_EN_100/7854.h5 in 9.43 seconds
2025-09-18 14:44:02,406 - INFO - Processing /viper/ptmp/arego/RC4K1/9611.h5
2025-09-18 14:44:04,098 - INFO - File 9611: Filtered 4057683 hits and 4 records
2025-09-18 14:44:04,486 - INFO - Completed /viper/ptmp/arego/RC4K1_EN_100/12772.h5 in 19.12 seconds
2025-09-18 14:44:04,664 - INFO - Processing /viper/ptmp/arego/RC4K1/14277.h5
2025-09-18 14:44:05,367 - INFO - Completed /viper/ptmp/arego/RC4K1_EN_100/24964.h5 in 13.24 seconds
2025-09-18 14:44:05,676 - INFO - Processing /viper/ptmp/arego/RC4K1/8480.h5
2025-09-18 14:44:06,419 - INFO - File 14277: Filtered 4409932 hits and 7 records
2025-09-18 14:44:07,109 - INFO - Completed /viper/ptmp/arego/RC4K1_EN_100/21485.h5 in 19.14 seconds
2025-09-18 14:44:07,321 - INFO - Processing /viper/ptmp/arego/RC4K1/15220.h5
2025-09-18 14:44:07,729 - INFO - File 8480: Filtered 5337479 hits and 11 records
2025-09-18 14:44:08,954 - INFO - Completed /viper/ptmp/arego/RC4K1_EN_100/24573.h5 in 26.72 seconds
2025-09-18 14:44:09,146 - INFO - Processing /viper/ptmp/arego/RC4K1/4234.h5
2025-09-18 14:44:09,168 - INFO - File 15220: Filtered 5341543 hits and 7 records
2025-09-18 14:44:11,020 - INFO - File 4234: Filtered 3554373 hits and 7 records
2025-09-18 14:44:17,170 - INFO - Completed /viper/ptmp/arego/RC4K1_EN_100/26255.h5 in 27.69 seconds
2025-09-18 14:44:17,344 - INFO - Processing /viper/ptmp/arego/RC4K1/19609.h5
2025-09-18 14:44:18,315 - INFO - Completed /viper/ptmp/arego/RC4K1_EN_100/6194.h5 in 23.30 seconds
2025-09-18 14:44:18,482 - INFO - Processing /viper/ptmp/arego/RC4K1/12749.h5
2025-09-18 14:44:19,222 - INFO - File 19609: Filtered 2741809 hits and 5 records
2025-09-18 14:44:20,497 - INFO - File 12749: Filtered 6432373 hits and 7 records
2025-09-18 14:44:22,346 - INFO - Completed /viper/ptmp/arego/RC4K1_EN_100/9611.h5 in 19.94 seconds
2025-09-18 14:44:22,515 - INFO - Processing /viper/ptmp/arego/RC4K1/14083.h5
2025-09-18 14:44:22,745 - INFO - Completed /viper/ptmp/arego/RC4K1_EN_100/3243.h5 in 23.83 seconds
2025-09-18 14:44:23,287 - INFO - Processing /viper/ptmp/arego/RC4K1/9178.h5
2025-09-18 14:44:23,901 - INFO - Completed /viper/ptmp/arego/RC4K1_EN_100/8480.h5 in 18.23 seconds
2025-09-18 14:44:24,162 - INFO - Processing /viper/ptmp/arego/RC4K1/16376.h5
2025-09-18 14:44:24,411 - INFO - File 14083: Filtered 5779916 hits and 8 records
2025-09-18 14:44:25,209 - INFO - Completed /viper/ptmp/arego/RC4K1_EN_100/15220.h5 in 17.89 seconds
2025-09-18 14:44:25,372 - INFO - File 9178: Filtered 6608279 hits and 8 records
2025-09-18 14:44:25,394 - INFO - Processing /viper/ptmp/arego/RC4K1/24295.h5
2025-09-18 14:44:25,584 - INFO - Completed /viper/ptmp/arego/RC4K1_EN_100/14277.h5 in 20.92 seconds
2025-09-18 14:44:26,255 - INFO - Processing /viper/ptmp/arego/RC4K1/28127.h5
2025-09-18 14:44:26,273 - INFO - File 16376: Filtered 5399490 hits and 5 records
2025-09-18 14:44:27,404 - INFO - File 24295: Filtered 5932791 hits and 9 records
2025-09-18 14:44:28,367 - INFO - File 28127: Filtered 5045107 hits and 8 records
2025-09-18 14:44:32,318 - INFO - Completed /viper/ptmp/arego/RC4K1_EN_100/12749.h5 in 13.84 seconds
2025-09-18 14:44:32,488 - INFO - Processing /viper/ptmp/arego/RC4K1/28452.h5
2025-09-18 14:44:34,392 - INFO - File 28452: Filtered 4741529 hits and 5 records
2025-09-18 14:44:34,409 - INFO - Completed /viper/ptmp/arego/RC4K1_EN_100/4234.h5 in 25.26 seconds
2025-09-18 14:44:34,593 - INFO - Processing /viper/ptmp/arego/RC4K1/14051.h5
2025-09-18 14:44:36,482 - INFO - File 14051: Filtered 6925436 hits and 6 records
2025-09-18 14:44:38,368 - INFO - Completed /viper/ptmp/arego/RC4K1_EN_100/9178.h5 in 15.08 seconds
2025-09-18 14:44:38,579 - INFO - Processing /viper/ptmp/arego/RC4K1/17068.h5
2025-09-18 14:44:40,220 - INFO - Completed /viper/ptmp/arego/RC4K1_EN_100/14083.h5 in 17.71 seconds
2025-09-18 14:44:40,394 - INFO - Processing /viper/ptmp/arego/RC4K1/1758.h5
2025-09-18 14:44:40,536 - INFO - File 17068: Filtered 7072263 hits and 10 records
2025-09-18 14:44:42,344 - INFO - Completed /viper/ptmp/arego/RC4K1_EN_100/24295.h5 in 16.95 seconds
2025-09-18 14:44:42,492 - INFO - File 1758: Filtered 7599346 hits and 11 records
2025-09-18 14:44:42,575 - INFO - Processing /viper/ptmp/arego/RC4K1/18901.h5
2025-09-18 14:44:42,637 - INFO - Completed /viper/ptmp/arego/RC4K1_EN_100/16376.h5 in 18.47 seconds
2025-09-18 14:44:43,245 - INFO - Processing /viper/ptmp/arego/RC4K1/20372.h5
2025-09-18 14:44:44,560 - INFO - File 18901: Filtered 9250477 hits and 7 records
2025-09-18 14:44:45,436 - INFO - File 20372: Filtered 5865575 hits and 9 records
2025-09-18 14:44:45,774 - INFO - Completed /viper/ptmp/arego/RC4K1_EN_100/19609.h5 in 28.43 seconds
2025-09-18 14:44:45,947 - INFO - Processing /viper/ptmp/arego/RC4K1/5218.h5
2025-09-18 14:44:47,892 - INFO - Completed /viper/ptmp/arego/RC4K1_EN_100/28127.h5 in 21.64 seconds
2025-09-18 14:44:47,950 - INFO - File 5218: Filtered 6401459 hits and 9 records
2025-09-18 14:44:48,120 - INFO - Processing /viper/ptmp/arego/RC4K1/8884.h5
2025-09-18 14:44:49,402 - INFO - Completed /viper/ptmp/arego/RC4K1_EN_100/14051.h5 in 14.81 seconds
2025-09-18 14:44:49,420 - INFO - Completed /viper/ptmp/arego/RC4K1_EN_100/18901.h5 in 6.85 seconds
2025-09-18 14:44:49,677 - INFO - Processing /viper/ptmp/arego/RC4K1/29764.h5
2025-09-18 14:44:50,226 - INFO - File 8884: Filtered 5375032 hits and 6 records
2025-09-18 14:44:50,307 - INFO - Processing /viper/ptmp/arego/RC4K1/10373.h5
2025-09-18 14:44:51,799 - INFO - File 29764: Filtered 8670215 hits and 9 records
2025-09-18 14:44:52,576 - INFO - File 10373: Filtered 5112365 hits and 5 records
2025-09-18 14:44:53,869 - INFO - Completed /viper/ptmp/arego/RC4K1_EN_100/17068.h5 in 15.29 seconds
2025-09-18 14:44:54,029 - INFO - Processing /viper/ptmp/arego/RC4K1/20019.h5
2025-09-18 14:44:54,413 - INFO - Completed /viper/ptmp/arego/RC4K1_EN_100/1758.h5 in 14.02 seconds
2025-09-18 14:44:54,858 - INFO - Processing /viper/ptmp/arego/RC4K1/1337.h5
2025-09-18 14:44:55,145 - INFO - Completed /viper/ptmp/arego/RC4K1_EN_100/28452.h5 in 22.66 seconds
2025-09-18 14:44:55,349 - INFO - Processing /viper/ptmp/arego/RC4K1/24320.h5
2025-09-18 14:44:56,261 - INFO - File 20019: Filtered 6766621 hits and 8 records
2025-09-18 14:44:57,318 - INFO - File 1337: Filtered 7010071 hits and 8 records
2025-09-18 14:44:57,885 - INFO - File 24320: Filtered 3447366 hits and 7 records
2025-09-18 14:45:00,403 - INFO - Completed /viper/ptmp/arego/RC4K1_EN_100/29764.h5 in 10.73 seconds
2025-09-18 14:45:00,561 - INFO - Processing /viper/ptmp/arego/RC4K1/19249.h5
2025-09-18 14:45:02,701 - INFO - File 19249: Filtered 8482306 hits and 6 records
2025-09-18 14:45:03,761 - INFO - Completed /viper/ptmp/arego/RC4K1_EN_100/20372.h5 in 20.52 seconds
2025-09-18 14:45:03,920 - INFO - Processing /viper/ptmp/arego/RC4K1/26897.h5
2025-09-18 14:45:04,689 - INFO - Completed /viper/ptmp/arego/RC4K1_EN_100/5218.h5 in 18.74 seconds
2025-09-18 14:45:04,900 - INFO - Processing /viper/ptmp/arego/RC4K1/25079.h5
2025-09-18 14:45:06,133 - INFO - File 26897: Filtered 8617166 hits and 6 records
2025-09-18 14:45:07,319 - INFO - File 25079: Filtered 9257140 hits and 9 records
2025-09-18 14:45:11,564 - INFO - Completed /viper/ptmp/arego/RC4K1_EN_100/8884.h5 in 23.44 seconds
2025-09-18 14:45:11,785 - INFO - Processing /viper/ptmp/arego/RC4K1/6106.h5
2025-09-18 14:45:12,711 - INFO - Completed /viper/ptmp/arego/RC4K1_EN_100/1337.h5 in 17.85 seconds
2025-09-18 14:45:12,867 - INFO - Processing /viper/ptmp/arego/RC4K1/23713.h5
2025-09-18 14:45:13,831 - INFO - Completed /viper/ptmp/arego/RC4K1_EN_100/20019.h5 in 19.80 seconds
2025-09-18 14:45:14,023 - INFO - Processing /viper/ptmp/arego/RC4K1/296.h5
2025-09-18 14:45:14,184 - INFO - File 6106: Filtered 7500653 hits and 5 records
2025-09-18 14:45:15,385 - INFO - Completed /viper/ptmp/arego/RC4K1_EN_100/10373.h5 in 25.08 seconds
2025-09-18 14:45:15,460 - INFO - File 23713: Filtered 4978065 hits and 6 records
2025-09-18 14:45:15,564 - INFO - Processing /viper/ptmp/arego/RC4K1/13512.h5
2025-09-18 14:45:15,991 - INFO - Completed /viper/ptmp/arego/RC4K1_EN_100/19249.h5 in 15.43 seconds
2025-09-18 14:45:16,626 - INFO - Processing /viper/ptmp/arego/RC4K1/23225.h5
2025-09-18 14:45:16,729 - INFO - File 296: Filtered 6930843 hits and 8 records
2025-09-18 14:45:18,155 - INFO - File 13512: Filtered 7204398 hits and 7 records
2025-09-18 14:45:18,710 - INFO - Completed /viper/ptmp/arego/RC4K1_EN_100/25079.h5 in 13.81 seconds
2025-09-18 14:45:18,921 - INFO - Processing /viper/ptmp/arego/RC4K1/7989.h5
2025-09-18 14:45:19,287 - INFO - Completed /viper/ptmp/arego/RC4K1_EN_100/26897.h5 in 15.37 seconds
2025-09-18 14:45:19,336 - INFO - File 23225: Filtered 8754682 hits and 9 records
2025-09-18 14:45:19,677 - INFO - Processing /viper/ptmp/arego/RC4K1/9989.h5
2025-09-18 14:45:21,602 - INFO - File 7989: Filtered 6958285 hits and 6 records
2025-09-18 14:45:22,334 - INFO - File 9989: Filtered 10606025 hits and 7 records
2025-09-18 14:45:29,277 - INFO - Completed /viper/ptmp/arego/RC4K1_EN_100/24320.h5 in 33.93 seconds
2025-09-18 14:45:29,450 - INFO - Processing /viper/ptmp/arego/RC4K1/21612.h5
2025-09-18 14:45:31,605 - INFO - Completed /viper/ptmp/arego/RC4K1_EN_100/9989.h5 in 11.93 seconds
2025-09-18 14:45:31,773 - INFO - Processing /viper/ptmp/arego/RC4K1/5507.h5
2025-09-18 14:45:32,020 - INFO - File 21612: Filtered 6246355 hits and 5 records
2025-09-18 14:45:33,605 - INFO - Completed /viper/ptmp/arego/RC4K1_EN_100/6106.h5 in 21.82 seconds
2025-09-18 14:45:33,806 - INFO - Processing /viper/ptmp/arego/RC4K1/26410.h5
2025-09-18 14:45:34,368 - INFO - File 5507: Filtered 6064263 hits and 7 records
2025-09-18 14:45:35,137 - INFO - Completed /viper/ptmp/arego/RC4K1_EN_100/23225.h5 in 18.51 seconds
2025-09-18 14:45:35,322 - INFO - Processing /viper/ptmp/arego/RC4K1/23115.h5
2025-09-18 14:45:36,551 - INFO - File 26410: Filtered 880977 hits and 7 records
2025-09-18 14:45:38,108 - INFO - File 23115: Filtered 7145428 hits and 6 records
2025-09-18 14:45:39,424 - INFO - Completed /viper/ptmp/arego/RC4K1_EN_100/296.h5 in 25.40 seconds
2025-09-18 14:45:39,594 - INFO - Processing /viper/ptmp/arego/RC4K1/13473.h5
2025-09-18 14:45:40,245 - INFO - Completed /viper/ptmp/arego/RC4K1_EN_100/13512.h5 in 24.68 seconds
2025-09-18 14:45:40,560 - INFO - Processing /viper/ptmp/arego/RC4K1/17317.h5
2025-09-18 14:45:42,133 - INFO - File 13473: Filtered 7762603 hits and 8 records
2025-09-18 14:45:43,397 - INFO - File 17317: Filtered 5984061 hits and 6 records
2025-09-18 14:45:45,378 - INFO - Completed /viper/ptmp/arego/RC4K1_EN_100/7989.h5 in 26.46 seconds
2025-09-18 14:45:45,531 - INFO - Completed /viper/ptmp/arego/RC4K1_EN_100/23713.h5 in 32.66 seconds
2025-09-18 14:45:45,533 - INFO - Processing /viper/ptmp/arego/RC4K1/20212.h5
2025-09-18 14:45:46,229 - INFO - Processing /viper/ptmp/arego/RC4K1/19688.h5
2025-09-18 14:45:48,143 - INFO - File 20212: Filtered 11125023 hits and 11 records
2025-09-18 14:45:49,097 - INFO - File 19688: Filtered 4893809 hits and 11 records
2025-09-18 14:45:58,932 - INFO - Completed /viper/ptmp/arego/RC4K1_EN_100/20212.h5 in 13.40 seconds
2025-09-18 14:45:59,097 - INFO - Processing /viper/ptmp/arego/RC4K1/27721.h5
2025-09-18 14:46:00,599 - INFO - Completed /viper/ptmp/arego/RC4K1_EN_100/21612.h5 in 31.15 seconds
2025-09-18 14:46:00,763 - INFO - Processing /viper/ptmp/arego/RC4K1/29680.h5
2025-09-18 14:46:01,869 - INFO - File 27721: Filtered 6332745 hits and 6 records
2025-09-18 14:46:03,283 - INFO - Completed /viper/ptmp/arego/RC4K1_EN_100/5507.h5 in 31.51 seconds
2025-09-18 14:46:03,520 - INFO - Processing /viper/ptmp/arego/RC4K1/10371.h5
2025-09-18 14:46:03,640 - INFO - Completed /viper/ptmp/arego/RC4K1_EN_100/23115.h5 in 28.32 seconds
2025-09-18 14:46:03,654 - INFO - File 29680: Filtered 10890641 hits and 7 records
2025-09-18 14:46:04,288 - INFO - Processing /viper/ptmp/arego/RC4K1/26084.h5
2025-09-18 14:46:04,999 - INFO - Completed /viper/ptmp/arego/RC4K1_EN_100/13473.h5 in 25.41 seconds
2025-09-18 14:46:05,158 - INFO - Processing /viper/ptmp/arego/RC4K1/23109.h5
2025-09-18 14:46:06,387 - INFO - File 10371: Filtered 10996108 hits and 5 records
2025-09-18 14:46:07,365 - INFO - File 26084: Filtered 8116835 hits and 5 records
2025-09-18 14:46:08,283 - INFO - File 23109: Filtered 10994991 hits and 9 records
2025-09-18 14:46:14,590 - INFO - Completed /viper/ptmp/arego/RC4K1_EN_100/17317.h5 in 34.03 seconds
2025-09-18 14:46:14,762 - INFO - Processing /viper/ptmp/arego/RC4K1/17848.h5
2025-09-18 14:46:16,844 - INFO - Completed /viper/ptmp/arego/RC4K1_EN_100/29680.h5 in 16.08 seconds
2025-09-18 14:46:17,046 - INFO - Processing /viper/ptmp/arego/RC4K1/14330.h5
2025-09-18 14:46:17,507 - INFO - File 17848: Filtered 8489605 hits and 9 records
2025-09-18 14:46:19,899 - INFO - File 14330: Filtered 7828580 hits and 5 records
2025-09-18 14:46:20,351 - INFO - Completed /viper/ptmp/arego/RC4K1_EN_100/10371.h5 in 16.83 seconds
2025-09-18 14:46:20,510 - INFO - Processing /viper/ptmp/arego/RC4K1/28221.h5
2025-09-18 14:46:22,090 - INFO - Completed /viper/ptmp/arego/RC4K1_EN_100/23109.h5 in 16.93 seconds
2025-09-18 14:46:22,262 - INFO - Processing /viper/ptmp/arego/RC4K1/20786.h5
2025-09-18 14:46:23,304 - INFO - File 28221: Filtered 7122400 hits and 7 records
2025-09-18 14:46:24,755 - INFO - Completed /viper/ptmp/arego/RC4K1_EN_100/19688.h5 in 38.53 seconds
2025-09-18 14:46:24,928 - INFO - Processing /viper/ptmp/arego/RC4K1/15998.h5
2025-09-18 14:46:25,136 - INFO - Completed /viper/ptmp/arego/RC4K1_EN_100/26410.h5 in 51.33 seconds
2025-09-18 14:46:25,206 - INFO - File 20786: Filtered 10491207 hits and 6 records
2025-09-18 14:46:25,632 - INFO - Processing /viper/ptmp/arego/RC4K1/27435.h5
2025-09-18 14:46:27,798 - INFO - File 15998: Filtered 13486430 hits and 9 records
2025-09-18 14:46:28,776 - INFO - File 27435: Filtered 5752837 hits and 9 records
2025-09-18 14:46:32,831 - INFO - Completed /viper/ptmp/arego/RC4K1_EN_100/26084.h5 in 28.54 seconds
2025-09-18 14:46:32,999 - INFO - Processing /viper/ptmp/arego/RC4K1/10334.h5
2025-09-18 14:46:33,103 - INFO - Completed /viper/ptmp/arego/RC4K1_EN_100/27721.h5 in 34.01 seconds
2025-09-18 14:46:33,623 - INFO - Processing /viper/ptmp/arego/RC4K1/6248.h5
2025-09-18 14:46:34,437 - INFO - Completed /viper/ptmp/arego/RC4K1_EN_100/15998.h5 in 9.51 seconds
2025-09-18 14:46:34,583 - INFO - Processing /viper/ptmp/arego/RC4K1/10607.h5
2025-09-18 14:46:36,009 - INFO - File 10334: Filtered 10645774 hits and 8 records
2025-09-18 14:46:36,836 - INFO - File 6248: Filtered 10204565 hits and 7 records
2025-09-18 14:46:37,962 - INFO - File 10607: Filtered 4056533 hits and 6 records
2025-09-18 14:46:42,074 - INFO - Completed /viper/ptmp/arego/RC4K1_EN_100/17848.h5 in 27.31 seconds
2025-09-18 14:46:42,225 - INFO - Processing /viper/ptmp/arego/RC4K1/17644.h5
2025-09-18 14:46:43,238 - INFO - Completed /viper/ptmp/arego/RC4K1_EN_100/20786.h5 in 20.98 seconds
2025-09-18 14:46:43,441 - INFO - Processing /viper/ptmp/arego/RC4K1/3177.h5
2025-09-18 14:46:45,277 - INFO - File 17644: Filtered 5792037 hits and 7 records
2025-09-18 14:46:46,613 - INFO - File 3177: Filtered 10570671 hits and 7 records
2025-09-18 14:46:46,644 - INFO - Completed /viper/ptmp/arego/RC4K1_EN_100/14330.h5 in 29.60 seconds
2025-09-18 14:46:46,845 - INFO - Processing /viper/ptmp/arego/RC4K1/5873.h5
2025-09-18 14:46:49,996 - INFO - File 5873: Filtered 5384478 hits and 6 records
2025-09-18 14:46:53,796 - INFO - Completed /viper/ptmp/arego/RC4K1_EN_100/28221.h5 in 33.29 seconds
2025-09-18 14:46:53,958 - INFO - Processing /viper/ptmp/arego/RC4K1/2635.h5
2025-09-18 14:46:54,072 - INFO - Completed /viper/ptmp/arego/RC4K1_EN_100/10334.h5 in 21.07 seconds
2025-09-18 14:46:54,663 - INFO - Processing /viper/ptmp/arego/RC4K1/25933.h5
2025-09-18 14:46:56,228 - INFO - Completed /viper/ptmp/arego/RC4K1_EN_100/6248.h5 in 22.61 seconds
2025-09-18 14:46:56,408 - INFO - Processing /viper/ptmp/arego/RC4K1/10286.h5
2025-09-18 14:46:57,118 - INFO - File 2635: Filtered 10652691 hits and 8 records
2025-09-18 14:46:57,971 - INFO - File 25933: Filtered 9317935 hits and 8 records
2025-09-18 14:46:59,684 - INFO - File 10286: Filtered 8693545 hits and 10 records
2025-09-18 14:47:07,181 - INFO - Completed /viper/ptmp/arego/RC4K1_EN_100/3177.h5 in 23.74 seconds
2025-09-18 14:47:07,349 - INFO - Processing /viper/ptmp/arego/RC4K1/3466.h5
2025-09-18 14:47:07,630 - INFO - Completed /viper/ptmp/arego/RC4K1_EN_100/27435.h5 in 42.00 seconds
2025-09-18 14:47:08,103 - INFO - Processing /viper/ptmp/arego/RC4K1/21707.h5
2025-09-18 14:47:10,567 - INFO - File 3466: Filtered 10756752 hits and 11 records
2025-09-18 14:47:11,325 - INFO - File 21707: Filtered 9365970 hits and 7 records
2025-09-18 14:47:17,901 - INFO - Completed /viper/ptmp/arego/RC4K1_EN_100/2635.h5 in 23.94 seconds
2025-09-18 14:47:18,050 - INFO - Processing /viper/ptmp/arego/RC4K1/18869.h5
2025-09-18 14:47:19,100 - INFO - Completed /viper/ptmp/arego/RC4K1_EN_100/10607.h5 in 44.52 seconds
2025-09-18 14:47:19,301 - INFO - Processing /viper/ptmp/arego/RC4K1/7110.h5
2025-09-18 14:47:21,427 - INFO - File 18869: Filtered 8090952 hits and 9 records
2025-09-18 14:47:22,557 - INFO - File 7110: Filtered 12447860 hits and 10 records
2025-09-18 14:47:24,666 - INFO - Completed /viper/ptmp/arego/RC4K1_EN_100/25933.h5 in 30.00 seconds
2025-09-18 14:47:24,897 - INFO - Processing /viper/ptmp/arego/RC4K1/7244.h5
2025-09-18 14:47:25,530 - INFO - Completed /viper/ptmp/arego/RC4K1_EN_100/17644.h5 in 43.31 seconds
2025-09-18 14:47:25,786 - INFO - Processing /viper/ptmp/arego/RC4K1/24151.h5
2025-09-18 14:47:28,510 - INFO - File 7244: Filtered 5659052 hits and 7 records
2025-09-18 14:47:29,051 - INFO - File 24151: Filtered 12766622 hits and 5 records
2025-09-18 14:47:29,848 - INFO - Completed /viper/ptmp/arego/RC4K1_EN_100/10286.h5 in 33.44 seconds
2025-09-18 14:47:30,072 - INFO - Processing /viper/ptmp/arego/RC4K1/15052.h5
2025-09-18 14:47:30,568 - INFO - Completed /viper/ptmp/arego/RC4K1_EN_100/5873.h5 in 43.72 seconds
2025-09-18 14:47:30,748 - INFO - Processing /viper/ptmp/arego/RC4K1/8402.h5
2025-09-18 14:47:33,375 - INFO - Completed /viper/ptmp/arego/RC4K1_EN_100/3466.h5 in 26.03 seconds
2025-09-18 14:47:33,587 - INFO - Processing /viper/ptmp/arego/RC4K1/3684.h5
2025-09-18 14:47:33,688 - INFO - File 15052: Filtered 4765492 hits and 7 records
2025-09-18 14:47:34,276 - INFO - File 8402: Filtered 6853896 hits and 6 records
2025-09-18 14:47:37,047 - INFO - File 3684: Filtered 2979417 hits and 6 records
2025-09-18 14:47:37,519 - INFO - Completed /viper/ptmp/arego/RC4K1_EN_100/7110.h5 in 18.22 seconds
2025-09-18 14:47:37,687 - INFO - Processing /viper/ptmp/arego/RC4K1/22887.h5
2025-09-18 14:47:38,603 - INFO - Completed /viper/ptmp/arego/RC4K1_EN_100/21707.h5 in 30.50 seconds
2025-09-18 14:47:38,766 - INFO - Processing /viper/ptmp/arego/RC4K1/16900.h5
2025-09-18 14:47:41,369 - INFO - File 22887: Filtered 10675580 hits and 5 records
2025-09-18 14:47:42,426 - INFO - File 16900: Filtered 9374885 hits and 5 records
2025-09-18 14:47:43,272 - INFO - Completed /viper/ptmp/arego/RC4K1_EN_100/24151.h5 in 17.49 seconds
2025-09-18 14:47:43,445 - INFO - Processing /viper/ptmp/arego/RC4K1/3526.h5
2025-09-18 14:47:46,544 - INFO - File 3526: Filtered 11682236 hits and 5 records
2025-09-18 14:47:54,478 - INFO - Completed /viper/ptmp/arego/RC4K1_EN_100/18869.h5 in 36.43 seconds
2025-09-18 14:47:54,681 - INFO - Processing /viper/ptmp/arego/RC4K1/25721.h5
2025-09-18 14:47:58,001 - INFO - File 25721: Filtered 9255423 hits and 6 records
2025-09-18 14:48:04,627 - INFO - Completed /viper/ptmp/arego/RC4K1_EN_100/22887.h5 in 26.94 seconds
2025-09-18 14:48:04,800 - INFO - Processing /viper/ptmp/arego/RC4K1/7222.h5
2025-09-18 14:48:06,787 - INFO - Completed /viper/ptmp/arego/RC4K1_EN_100/7244.h5 in 41.89 seconds
2025-09-18 14:48:06,946 - INFO - Processing /viper/ptmp/arego/RC4K1/8905.h5
2025-09-18 14:48:08,270 - INFO - Completed /viper/ptmp/arego/RC4K1_EN_100/3526.h5 in 24.83 seconds
2025-09-18 14:48:08,438 - INFO - Processing /viper/ptmp/arego/RC4K1/19020.h5
2025-09-18 14:48:08,486 - INFO - File 7222: Filtered 10828739 hits and 7 records
2025-09-18 14:48:10,316 - INFO - File 8905: Filtered 15480528 hits and 8 records
2025-09-18 14:48:11,801 - INFO - File 19020: Filtered 14199877 hits and 10 records
2025-09-18 14:48:12,427 - INFO - Completed /viper/ptmp/arego/RC4K1_EN_100/16900.h5 in 33.66 seconds
2025-09-18 14:48:12,616 - INFO - Processing /viper/ptmp/arego/RC4K1/20042.h5
2025-09-18 14:48:13,354 - INFO - Completed /viper/ptmp/arego/RC4K1_EN_100/8402.h5 in 42.61 seconds
2025-09-18 14:48:13,547 - INFO - Processing /viper/ptmp/arego/RC4K1/21044.h5
2025-09-18 14:48:16,333 - INFO - File 20042: Filtered 9954228 hits and 9 records
2025-09-18 14:48:17,196 - INFO - File 21044: Filtered 11233535 hits and 6 records
2025-09-18 14:48:19,072 - INFO - Completed /viper/ptmp/arego/RC4K1_EN_100/8905.h5 in 12.13 seconds
2025-09-18 14:48:19,226 - INFO - Processing /viper/ptmp/arego/RC4K1/20978.h5
2025-09-18 14:48:21,269 - INFO - Completed /viper/ptmp/arego/RC4K1_EN_100/15052.h5 in 51.20 seconds
2025-09-18 14:48:21,477 - INFO - Processing /viper/ptmp/arego/RC4K1/15946.h5
2025-09-18 14:48:22,718 - INFO - File 20978: Filtered 6823939 hits and 6 records
2025-09-18 14:48:25,104 - INFO - File 15946: Filtered 9948266 hits and 7 records
2025-09-18 14:48:25,575 - INFO - Completed /viper/ptmp/arego/RC4K1_EN_100/19020.h5 in 17.14 seconds
2025-09-18 14:48:25,737 - INFO - Processing /viper/ptmp/arego/RC4K1/26594.h5
2025-09-18 14:48:29,719 - INFO - File 26594: Filtered 12556250 hits and 8 records
2025-09-18 14:48:30,208 - INFO - Completed /viper/ptmp/arego/RC4K1_EN_100/25721.h5 in 35.53 seconds
2025-09-18 14:48:30,383 - INFO - Processing /viper/ptmp/arego/RC4K1/28669.h5
2025-09-18 14:48:34,093 - INFO - File 28669: Filtered 10445991 hits and 10 records
2025-09-18 14:48:34,628 - INFO - Completed /viper/ptmp/arego/RC4K1_EN_100/3684.h5 in 61.04 seconds
2025-09-18 14:48:34,800 - INFO - Processing /viper/ptmp/arego/RC4K1/17091.h5
2025-09-18 14:48:35,746 - INFO - Completed /viper/ptmp/arego/RC4K1_EN_100/7222.h5 in 30.95 seconds
2025-09-18 14:48:35,895 - INFO - Processing /viper/ptmp/arego/RC4K1/20426.h5
2025-09-18 14:48:38,390 - INFO - File 17091: Filtered 8091336 hits and 5 records
2025-09-18 14:48:39,949 - INFO - File 20426: Filtered 9297648 hits and 9 records
2025-09-18 14:48:43,866 - INFO - Completed /viper/ptmp/arego/RC4K1_EN_100/21044.h5 in 30.32 seconds
2025-09-18 14:48:44,020 - INFO - Processing /viper/ptmp/arego/RC4K1/12904.h5
2025-09-18 14:48:47,750 - INFO - File 12904: Filtered 9507849 hits and 8 records
2025-09-18 14:48:47,864 - INFO - Completed /viper/ptmp/arego/RC4K1_EN_100/20042.h5 in 35.25 seconds
2025-09-18 14:48:48,036 - INFO - Processing /viper/ptmp/arego/RC4K1/14794.h5
2025-09-18 14:48:50,742 - INFO - Completed /viper/ptmp/arego/RC4K1_EN_100/26594.h5 in 25.01 seconds
2025-09-18 14:48:50,929 - INFO - Processing /viper/ptmp/arego/RC4K1/25328.h5
2025-09-18 14:48:51,800 - INFO - File 14794: Filtered 15501644 hits and 8 records
2025-09-18 14:48:54,693 - INFO - File 25328: Filtered 7978162 hits and 4 records
2025-09-18 14:48:56,190 - INFO - Completed /viper/ptmp/arego/RC4K1_EN_100/15946.h5 in 34.71 seconds
2025-09-18 14:48:56,352 - INFO - Processing /viper/ptmp/arego/RC4K1/18584.h5
2025-09-18 14:49:00,197 - INFO - File 18584: Filtered 7568108 hits and 9 records
2025-09-18 14:49:04,542 - INFO - Completed /viper/ptmp/arego/RC4K1_EN_100/14794.h5 in 16.51 seconds
2025-09-18 14:49:04,692 - INFO - Processing /viper/ptmp/arego/RC4K1/7794.h5
2025-09-18 14:49:06,503 - INFO - Completed /viper/ptmp/arego/RC4K1_EN_100/20978.h5 in 47.28 seconds
2025-09-18 14:49:06,672 - INFO - Processing /viper/ptmp/arego/RC4K1/24919.h5
2025-09-18 14:49:07,174 - INFO - Completed /viper/ptmp/arego/RC4K1_EN_100/28669.h5 in 36.79 seconds
2025-09-18 14:49:07,569 - INFO - Processing /viper/ptmp/arego/RC4K1/986.h5
2025-09-18 14:49:08,572 - INFO - File 7794: Filtered 8144939 hits and 4 records
2025-09-18 14:49:11,073 - INFO - File 24919: Filtered 12319377 hits and 9 records
2025-09-18 14:49:12,182 - INFO - File 986: Filtered 4032652 hits and 8 records
2025-09-18 14:49:16,934 - INFO - Completed /viper/ptmp/arego/RC4K1_EN_100/20426.h5 in 41.04 seconds
2025-09-18 14:49:17,094 - INFO - Processing /viper/ptmp/arego/RC4K1/14994.h5
2025-09-18 14:49:17,920 - INFO - Completed /viper/ptmp/arego/RC4K1_EN_100/17091.h5 in 43.12 seconds
2025-09-18 14:49:18,108 - INFO - Processing /viper/ptmp/arego/RC4K1/711.h5
2025-09-18 14:49:21,455 - INFO - File 14994: Filtered 5339966 hits and 5 records
2025-09-18 14:49:22,512 - INFO - File 711: Filtered 13125105 hits and 10 records
2025-09-18 14:49:24,689 - INFO - Completed /viper/ptmp/arego/RC4K1_EN_100/12904.h5 in 40.67 seconds
2025-09-18 14:49:24,856 - INFO - Processing /viper/ptmp/arego/RC4K1/9993.h5
2025-09-18 14:49:28,933 - INFO - File 9993: Filtered 7565891 hits and 7 records
2025-09-18 14:49:36,216 - INFO - Completed /viper/ptmp/arego/RC4K1_EN_100/25328.h5 in 45.29 seconds
2025-09-18 14:49:36,384 - INFO - Processing /viper/ptmp/arego/RC4K1/7065.h5
2025-09-18 14:49:38,840 - INFO - Completed /viper/ptmp/arego/RC4K1_EN_100/24919.h5 in 32.17 seconds
2025-09-18 14:49:39,012 - INFO - Processing /viper/ptmp/arego/RC4K1/2475.h5
2025-09-18 14:49:40,511 - INFO - File 7065: Filtered 5352202 hits and 6 records
2025-09-18 14:49:43,475 - INFO - File 2475: Filtered 2172283 hits and 4 records
2025-09-18 14:49:46,759 - INFO - Completed /viper/ptmp/arego/RC4K1_EN_100/18584.h5 in 50.41 seconds
2025-09-18 14:49:46,928 - INFO - Processing /viper/ptmp/arego/RC4K1/5370.h5
2025-09-18 14:49:49,786 - INFO - Completed /viper/ptmp/arego/RC4K1_EN_100/711.h5 in 31.68 seconds
2025-09-18 14:49:50,014 - INFO - Processing /viper/ptmp/arego/RC4K1/5545.h5
2025-09-18 14:49:51,021 - INFO - File 5370: Filtered 15030191 hits and 10 records
2025-09-18 14:49:51,623 - INFO - Completed /viper/ptmp/arego/RC4K1_EN_100/7794.h5 in 46.93 seconds
2025-09-18 14:49:51,797 - INFO - Processing /viper/ptmp/arego/RC4K1/4456.h5
2025-09-18 14:49:54,254 - INFO - File 5545: Filtered 11398222 hits and 10 records
2025-09-18 14:49:56,351 - INFO - File 4456: Filtered 7281229 hits and 6 records
2025-09-18 14:50:15,374 - INFO - Completed /viper/ptmp/arego/RC4K1_EN_100/5370.h5 in 28.45 seconds
2025-09-18 14:50:15,529 - INFO - Processing /viper/ptmp/arego/RC4K1/9609.h5
2025-09-18 14:50:17,499 - INFO - Completed /viper/ptmp/arego/RC4K1_EN_100/14994.h5 in 60.40 seconds
2025-09-18 14:50:17,693 - INFO - Processing /viper/ptmp/arego/RC4K1/20288.h5
2025-09-18 14:50:19,771 - INFO - File 9609: Filtered 12779507 hits and 10 records
2025-09-18 14:50:20,364 - INFO - Completed /viper/ptmp/arego/RC4K1_EN_100/986.h5 in 72.79 seconds
2025-09-18 14:50:20,542 - INFO - Processing /viper/ptmp/arego/RC4K1/247.h5
2025-09-18 14:50:22,175 - INFO - File 20288: Filtered 14348506 hits and 6 records
2025-09-18 14:50:24,409 - INFO - Completed /viper/ptmp/arego/RC4K1_EN_100/9993.h5 in 59.55 seconds
2025-09-18 14:50:24,617 - INFO - Processing /viper/ptmp/arego/RC4K1/17599.h5
2025-09-18 14:50:25,045 - INFO - File 247: Filtered 10995268 hits and 6 records
2025-09-18 14:50:29,214 - INFO - File 17599: Filtered 9815851 hits and 7 records
2025-09-18 14:50:32,615 - INFO - Completed /viper/ptmp/arego/RC4K1_EN_100/5545.h5 in 42.60 seconds
2025-09-18 14:50:32,776 - INFO - Processing /viper/ptmp/arego/RC4K1/11189.h5
2025-09-18 14:50:37,098 - INFO - File 11189: Filtered 14790826 hits and 8 records
2025-09-18 14:50:41,729 - INFO - Completed /viper/ptmp/arego/RC4K1_EN_100/7065.h5 in 65.34 seconds
2025-09-18 14:50:41,936 - INFO - Processing /viper/ptmp/arego/RC4K1/1219.h5
2025-09-18 14:50:46,295 - INFO - File 1219: Filtered 15321228 hits and 7 records
2025-09-18 14:50:49,583 - INFO - Completed /viper/ptmp/arego/RC4K1_EN_100/20288.h5 in 31.89 seconds
2025-09-18 14:50:49,751 - INFO - Processing /viper/ptmp/arego/RC4K1/15268.h5
2025-09-18 14:50:52,712 - INFO - Completed /viper/ptmp/arego/RC4K1_EN_100/9609.h5 in 37.18 seconds
2025-09-18 14:50:52,922 - INFO - Processing /viper/ptmp/arego/RC4K1/25017.h5
2025-09-18 14:50:54,324 - INFO - File 15268: Filtered 14669645 hits and 9 records
2025-09-18 14:50:54,461 - INFO - Completed /viper/ptmp/arego/RC4K1_EN_100/4456.h5 in 62.66 seconds
2025-09-18 14:50:54,687 - INFO - Processing /viper/ptmp/arego/RC4K1/13661.h5
2025-09-18 14:50:57,956 - INFO - File 25017: Filtered 3853212 hits and 8 records
2025-09-18 14:50:59,574 - INFO - File 13661: Filtered 12609648 hits and 7 records
2025-09-18 14:51:02,962 - INFO - Completed /viper/ptmp/arego/RC4K1_EN_100/2475.h5 in 83.95 seconds
2025-09-18 14:51:03,167 - INFO - Processing /viper/ptmp/arego/RC4K1/12854.h5
2025-09-18 14:51:05,469 - INFO - Completed /viper/ptmp/arego/RC4K1_EN_100/11189.h5 in 32.69 seconds
2025-09-18 14:51:05,619 - INFO - Processing /viper/ptmp/arego/RC4K1/19764.h5
2025-09-18 14:51:07,080 - INFO - Completed /viper/ptmp/arego/RC4K1_EN_100/247.h5 in 46.54 seconds
2025-09-18 14:51:07,340 - INFO - Processing /viper/ptmp/arego/RC4K1/19470.h5
2025-09-18 14:51:07,615 - INFO - File 12854: Filtered 11714911 hits and 6 records
2025-09-18 14:51:10,352 - INFO - File 19764: Filtered 12319434 hits and 6 records
2025-09-18 14:51:12,435 - INFO - File 19470: Filtered 9766784 hits and 8 records
2025-09-18 14:51:14,202 - INFO - Completed /viper/ptmp/arego/RC4K1_EN_100/1219.h5 in 32.27 seconds
2025-09-18 14:51:14,375 - INFO - Processing /viper/ptmp/arego/RC4K1/14567.h5
2025-09-18 14:51:18,675 - INFO - Completed /viper/ptmp/arego/RC4K1_EN_100/17599.h5 in 54.06 seconds
2025-09-18 14:51:18,866 - INFO - Processing /viper/ptmp/arego/RC4K1/14778.h5
2025-09-18 14:51:18,984 - INFO - File 14567: Filtered 21857689 hits and 10 records
2025-09-18 14:51:23,546 - INFO - File 14778: Filtered 13828574 hits and 8 records
2025-09-18 14:51:25,621 - INFO - Completed /viper/ptmp/arego/RC4K1_EN_100/15268.h5 in 35.87 seconds
2025-09-18 14:51:25,789 - INFO - Processing /viper/ptmp/arego/RC4K1/21045.h5
2025-09-18 14:51:25,829 - INFO - Completed /viper/ptmp/arego/RC4K1_EN_100/14567.h5 in 11.45 seconds
2025-09-18 14:51:26,491 - INFO - Processing /viper/ptmp/arego/RC4K1/2249.h5
2025-09-18 14:51:30,920 - INFO - File 21045: Filtered 12790444 hits and 6 records
2025-09-18 14:51:31,733 - INFO - File 2249: Filtered 13964625 hits and 7 records
2025-09-18 14:51:37,783 - INFO - Completed /viper/ptmp/arego/RC4K1_EN_100/13661.h5 in 43.10 seconds
2025-09-18 14:51:38,011 - INFO - Processing /viper/ptmp/arego/RC4K1/1834.h5
2025-09-18 14:51:42,924 - INFO - File 1834: Filtered 10068868 hits and 8 records
2025-09-18 14:51:45,939 - INFO - Completed /viper/ptmp/arego/RC4K1_EN_100/12854.h5 in 42.77 seconds
2025-09-18 14:51:46,106 - INFO - Processing /viper/ptmp/arego/RC4K1/22861.h5
2025-09-18 14:51:46,110 - INFO - Completed /viper/ptmp/arego/RC4K1_EN_100/19764.h5 in 40.49 seconds
2025-09-18 14:51:46,840 - INFO - Processing /viper/ptmp/arego/RC4K1/21616.h5
2025-09-18 14:51:51,237 - INFO - File 22861: Filtered 17498699 hits and 6 records
2025-09-18 14:51:52,012 - INFO - File 21616: Filtered 21598862 hits and 9 records
2025-09-18 14:52:01,802 - INFO - Completed /viper/ptmp/arego/RC4K1_EN_100/21616.h5 in 14.96 seconds
2025-09-18 14:52:01,957 - INFO - Processing /viper/ptmp/arego/RC4K1/6213.h5
2025-09-18 14:52:03,532 - INFO - Completed /viper/ptmp/arego/RC4K1_EN_100/19470.h5 in 56.19 seconds
2025-09-18 14:52:03,708 - INFO - Processing /viper/ptmp/arego/RC4K1/13717.h5
2025-09-18 14:52:04,404 - INFO - Completed /viper/ptmp/arego/RC4K1_EN_100/14778.h5 in 45.54 seconds
2025-09-18 14:52:04,654 - INFO - Processing /viper/ptmp/arego/RC4K1/3973.h5
2025-09-18 14:52:06,761 - INFO - File 6213: Filtered 17862287 hits and 10 records
2025-09-18 14:52:08,748 - INFO - Completed /viper/ptmp/arego/RC4K1_EN_100/2249.h5 in 42.26 seconds
2025-09-18 14:52:08,988 - INFO - Processing /viper/ptmp/arego/RC4K1/2229.h5
2025-09-18 14:52:09,364 - INFO - File 13717: Filtered 3311420 hits and 6 records
2025-09-18 14:52:10,462 - INFO - File 3973: Filtered 13087235 hits and 5 records
2025-09-18 14:52:13,811 - INFO - Completed /viper/ptmp/arego/RC4K1_EN_100/21045.h5 in 48.02 seconds
2025-09-18 14:52:13,889 - INFO - Completed /viper/ptmp/arego/RC4K1_EN_100/25017.h5 in 80.97 seconds
2025-09-18 14:52:13,985 - INFO - Processing /viper/ptmp/arego/RC4K1/25401.h5
2025-09-18 14:52:14,414 - INFO - File 2229: Filtered 10634754 hits and 7 records
2025-09-18 14:52:14,684 - INFO - Processing /viper/ptmp/arego/RC4K1/758.h5
2025-09-18 14:52:18,576 - INFO - Completed /viper/ptmp/arego/RC4K1_EN_100/22861.h5 in 32.47 seconds
2025-09-18 14:52:18,863 - INFO - Processing /viper/ptmp/arego/RC4K1/27005.h5
2025-09-18 14:52:20,087 - INFO - File 25401: Filtered 19222335 hits and 12 records
2025-09-18 14:52:20,611 - INFO - File 758: Filtered 14260876 hits and 7 records
2025-09-18 14:52:24,076 - INFO - File 27005: Filtered 12699201 hits and 6 records
2025-09-18 14:52:33,391 - INFO - Completed /viper/ptmp/arego/RC4K1_EN_100/6213.h5 in 31.43 seconds
2025-09-18 14:52:33,543 - INFO - Processing /viper/ptmp/arego/RC4K1/3815.h5
2025-09-18 14:52:38,540 - INFO - File 3815: Filtered 14827054 hits and 7 records
2025-09-18 14:52:39,720 - INFO - Completed /viper/ptmp/arego/RC4K1_EN_100/1834.h5 in 61.71 seconds
2025-09-18 14:52:39,897 - INFO - Processing /viper/ptmp/arego/RC4K1/19829.h5
2025-09-18 14:52:45,000 - INFO - File 19829: Filtered 16288861 hits and 10 records
2025-09-18 14:52:46,432 - INFO - Completed /viper/ptmp/arego/RC4K1_EN_100/25401.h5 in 32.45 seconds
2025-09-18 14:52:46,603 - INFO - Processing /viper/ptmp/arego/RC4K1/29278.h5
2025-09-18 14:52:51,750 - INFO - File 29278: Filtered 19697467 hits and 9 records
2025-09-18 14:52:59,048 - INFO - Completed /viper/ptmp/arego/RC4K1_EN_100/3973.h5 in 54.39 seconds
2025-09-18 14:52:59,238 - INFO - Processing /viper/ptmp/arego/RC4K1/16590.h5
2025-09-18 14:53:01,795 - INFO - Completed /viper/ptmp/arego/RC4K1_EN_100/758.h5 in 47.11 seconds
2025-09-18 14:53:01,961 - INFO - Processing /viper/ptmp/arego/RC4K1/11442.h5
2025-09-18 14:53:04,541 - INFO - File 16590: Filtered 13348727 hits and 8 records
2025-09-18 14:53:07,566 - INFO - File 11442: Filtered 13808845 hits and 9 records
2025-09-18 14:53:12,306 - INFO - Completed /viper/ptmp/arego/RC4K1_EN_100/27005.h5 in 53.44 seconds
2025-09-18 14:53:12,536 - INFO - Processing /viper/ptmp/arego/RC4K1/11406.h5
2025-09-18 14:53:14,251 - INFO - Completed /viper/ptmp/arego/RC4K1_EN_100/2229.h5 in 65.26 seconds
2025-09-18 14:53:14,421 - INFO - Processing /viper/ptmp/arego/RC4K1/20229.h5
2025-09-18 14:53:17,949 - INFO - File 11406: Filtered 19520897 hits and 7 records
2025-09-18 14:53:18,399 - INFO - Completed /viper/ptmp/arego/RC4K1_EN_100/29278.h5 in 31.80 seconds
2025-09-18 14:53:18,666 - INFO - Processing /viper/ptmp/arego/RC4K1/13412.h5
2025-09-18 14:53:20,123 - INFO - File 20229: Filtered 17124300 hits and 7 records
2025-09-18 14:53:20,278 - INFO - Completed /viper/ptmp/arego/RC4K1_EN_100/19829.h5 in 40.38 seconds
2025-09-18 14:53:20,467 - INFO - Processing /viper/ptmp/arego/RC4K1/29253.h5
2025-09-18 14:53:22,126 - INFO - Completed /viper/ptmp/arego/RC4K1_EN_100/3815.h5 in 48.58 seconds
2025-09-18 14:53:22,294 - INFO - Processing /viper/ptmp/arego/RC4K1/19953.h5
2025-09-18 14:53:24,204 - INFO - File 13412: Filtered 14547852 hits and 3 records
2025-09-18 14:53:26,309 - INFO - File 29253: Filtered 20105457 hits and 8 records
2025-09-18 14:53:28,334 - INFO - File 19953: Filtered 10300514 hits and 6 records
2025-09-18 14:53:39,572 - INFO - Completed /viper/ptmp/arego/RC4K1_EN_100/13717.h5 in 95.86 seconds
2025-09-18 14:53:39,749 - INFO - Processing /viper/ptmp/arego/RC4K1/7729.h5
2025-09-18 14:53:45,188 - INFO - File 7729: Filtered 18031268 hits and 8 records
2025-09-18 14:53:45,859 - INFO - Completed /viper/ptmp/arego/RC4K1_EN_100/11406.h5 in 33.32 seconds
2025-09-18 14:53:46,022 - INFO - Processing /viper/ptmp/arego/RC4K1/21112.h5
2025-09-18 14:53:50,597 - INFO - Completed /viper/ptmp/arego/RC4K1_EN_100/16590.h5 in 51.36 seconds
2025-09-18 14:53:50,792 - INFO - Processing /viper/ptmp/arego/RC4K1/19871.h5
2025-09-18 14:53:51,573 - INFO - File 21112: Filtered 8747913 hits and 7 records
2025-09-18 14:53:53,968 - INFO - Completed /viper/ptmp/arego/RC4K1_EN_100/29253.h5 in 33.50 seconds
2025-09-18 14:53:54,180 - INFO - Processing /viper/ptmp/arego/RC4K1/1654.h5
2025-09-18 14:53:56,421 - INFO - File 19871: Filtered 15536404 hits and 10 records
2025-09-18 14:53:57,047 - INFO - Completed /viper/ptmp/arego/RC4K1_EN_100/20229.h5 in 42.63 seconds
2025-09-18 14:53:57,225 - INFO - Processing /viper/ptmp/arego/RC4K1/3181.h5
2025-09-18 14:54:00,036 - INFO - File 1654: Filtered 14663565 hits and 7 records
2025-09-18 14:54:01,407 - INFO - Completed /viper/ptmp/arego/RC4K1_EN_100/11442.h5 in 59.45 seconds
2025-09-18 14:54:01,633 - INFO - Processing /viper/ptmp/arego/RC4K1/28906.h5
2025-09-18 14:54:03,076 - INFO - File 3181: Filtered 14138586 hits and 9 records
2025-09-18 14:54:07,330 - INFO - File 28906: Filtered 12991459 hits and 8 records
2025-09-18 14:54:16,570 - INFO - Completed /viper/ptmp/arego/RC4K1_EN_100/13412.h5 in 57.90 seconds
2025-09-18 14:54:16,733 - INFO - Processing /viper/ptmp/arego/RC4K1/2565.h5
2025-09-18 14:54:21,115 - INFO - Completed /viper/ptmp/arego/RC4K1_EN_100/7729.h5 in 41.37 seconds
2025-09-18 14:54:21,308 - INFO - Processing /viper/ptmp/arego/RC4K1/9838.h5
2025-09-18 14:54:22,114 - INFO - File 2565: Filtered 13817785 hits and 7 records
2025-09-18 14:54:26,828 - INFO - File 9838: Filtered 12472754 hits and 8 records
2025-09-18 14:54:41,099 - INFO - Completed /viper/ptmp/arego/RC4K1_EN_100/19953.h5 in 78.81 seconds
2025-09-18 14:54:41,268 - INFO - Processing /viper/ptmp/arego/RC4K1/11942.h5
2025-09-18 14:54:44,827 - INFO - Completed /viper/ptmp/arego/RC4K1_EN_100/19871.h5 in 54.04 seconds
2025-09-18 14:54:45,031 - INFO - Processing /viper/ptmp/arego/RC4K1/29070.h5
2025-09-18 14:54:46,886 - INFO - File 11942: Filtered 18863175 hits and 10 records
2025-09-18 14:54:50,985 - INFO - File 29070: Filtered 4613904 hits and 6 records
2025-09-18 14:54:52,883 - INFO - Completed /viper/ptmp/arego/RC4K1_EN_100/1654.h5 in 58.70 seconds
2025-09-18 14:54:53,075 - INFO - Processing /viper/ptmp/arego/RC4K1/21549.h5
2025-09-18 14:54:58,775 - INFO - File 21549: Filtered 12587346 hits and 6 records
2025-09-18 14:55:01,296 - INFO - Completed /viper/ptmp/arego/RC4K1_EN_100/3181.h5 in 64.07 seconds
2025-09-18 14:55:01,490 - INFO - Processing /viper/ptmp/arego/RC4K1/29408.h5
2025-09-18 14:55:07,275 - INFO - File 29408: Filtered 15156656 hits and 9 records
2025-09-18 14:55:10,568 - INFO - Completed /viper/ptmp/arego/RC4K1_EN_100/28906.h5 in 68.93 seconds
2025-09-18 14:55:10,590 - INFO - Completed /viper/ptmp/arego/RC4K1_EN_100/21112.h5 in 84.57 seconds
2025-09-18 14:55:10,771 - INFO - Processing /viper/ptmp/arego/RC4K1/26615.h5
2025-09-18 14:55:11,396 - INFO - Processing /viper/ptmp/arego/RC4K1/28325.h5
2025-09-18 14:55:17,151 - INFO - File 26615: Filtered 10375702 hits and 4 records
2025-09-18 14:55:17,739 - INFO - File 28325: Filtered 17582173 hits and 8 records
2025-09-18 14:55:22,143 - INFO - Completed /viper/ptmp/arego/RC4K1_EN_100/2565.h5 in 65.41 seconds
2025-09-18 14:55:22,342 - INFO - Processing /viper/ptmp/arego/RC4K1/25637.h5
2025-09-18 14:55:25,524 - INFO - Completed /viper/ptmp/arego/RC4K1_EN_100/11942.h5 in 44.26 seconds
2025-09-18 14:55:25,682 - INFO - Processing /viper/ptmp/arego/RC4K1/17683.h5
2025-09-18 14:55:27,921 - INFO - File 25637: Filtered 20238457 hits and 7 records
2025-09-18 14:55:30,889 - INFO - Completed /viper/ptmp/arego/RC4K1_EN_100/9838.h5 in 69.58 seconds
2025-09-18 14:55:31,134 - INFO - Processing /viper/ptmp/arego/RC4K1/24608.h5
2025-09-18 14:55:31,355 - INFO - File 17683: Filtered 24186894 hits and 11 records
2025-09-18 14:55:36,883 - INFO - File 24608: Filtered 13673749 hits and 7 records
2025-09-18 14:55:51,896 - INFO - Completed /viper/ptmp/arego/RC4K1_EN_100/17683.h5 in 26.21 seconds
2025-09-18 14:55:52,092 - INFO - Processing /viper/ptmp/arego/RC4K1/26986.h5
2025-09-18 14:55:58,256 - INFO - File 26986: Filtered 7543588 hits and 5 records
2025-09-18 14:56:04,173 - INFO - Completed /viper/ptmp/arego/RC4K1_EN_100/28325.h5 in 52.78 seconds
2025-09-18 14:56:04,311 - INFO - Completed /viper/ptmp/arego/RC4K1_EN_100/25637.h5 in 41.97 seconds
2025-09-18 14:56:04,377 - INFO - Processing /viper/ptmp/arego/RC4K1/23542.h5
2025-09-18 14:56:04,980 - INFO - Processing /viper/ptmp/arego/RC4K1/6253.h5
2025-09-18 14:56:06,306 - INFO - Completed /viper/ptmp/arego/RC4K1_EN_100/29408.h5 in 64.82 seconds
2025-09-18 14:56:06,411 - INFO - Completed /viper/ptmp/arego/RC4K1_EN_100/21549.h5 in 73.34 seconds
2025-09-18 14:56:06,479 - INFO - Processing /viper/ptmp/arego/RC4K1/18049.h5
2025-09-18 14:56:07,105 - INFO - Processing /viper/ptmp/arego/RC4K1/9840.h5
2025-09-18 14:56:11,372 - INFO - File 23542: Filtered 19233806 hits and 8 records
2025-09-18 14:56:12,764 - INFO - File 6253: Filtered 15406052 hits and 8 records
2025-09-18 14:56:15,038 - INFO - File 18049: Filtered 14313394 hits and 8 records
2025-09-18 14:56:15,360 - INFO - File 9840: Filtered 21627750 hits and 9 records
2025-09-18 14:56:32,580 - INFO - Completed /viper/ptmp/arego/RC4K1_EN_100/29070.h5 in 107.55 seconds
2025-09-18 14:56:32,748 - INFO - Processing /viper/ptmp/arego/RC4K1/25081.h5
2025-09-18 14:56:37,737 - INFO - Completed /viper/ptmp/arego/RC4K1_EN_100/26615.h5 in 86.97 seconds
2025-09-18 14:56:37,937 - INFO - Processing /viper/ptmp/arego/RC4K1/21389.h5
2025-09-18 14:56:38,996 - INFO - Completed /viper/ptmp/arego/RC4K1_EN_100/24608.h5 in 67.86 seconds
2025-09-18 14:56:39,029 - INFO - File 25081: Filtered 14880554 hits and 7 records
2025-09-18 14:56:39,165 - INFO - Processing /viper/ptmp/arego/RC4K1/19254.h5
2025-09-18 14:56:44,893 - INFO - File 21389: Filtered 17067884 hits and 7 records
2025-09-18 14:56:46,337 - INFO - File 19254: Filtered 22723327 hits and 10 records
2025-09-18 14:56:50,200 - INFO - Completed /viper/ptmp/arego/RC4K1_EN_100/9840.h5 in 43.10 seconds
2025-09-18 14:56:50,369 - INFO - Processing /viper/ptmp/arego/RC4K1/23194.h5
2025-09-18 14:56:57,124 - INFO - File 23194: Filtered 12414985 hits and 8 records
2025-09-18 14:56:58,173 - INFO - Completed /viper/ptmp/arego/RC4K1_EN_100/23542.h5 in 53.80 seconds
2025-09-18 14:56:58,358 - INFO - Processing /viper/ptmp/arego/RC4K1/18779.h5
2025-09-18 14:57:04,857 - INFO - File 18779: Filtered 9336262 hits and 5 records
2025-09-18 14:57:18,157 - INFO - Completed /viper/ptmp/arego/RC4K1_EN_100/6253.h5 in 73.18 seconds
2025-09-18 14:57:18,330 - INFO - Processing /viper/ptmp/arego/RC4K1/13139.h5
2025-09-18 14:57:21,669 - INFO - Completed /viper/ptmp/arego/RC4K1_EN_100/19254.h5 in 42.50 seconds
2025-09-18 14:57:21,871 - INFO - Processing /viper/ptmp/arego/RC4K1/17396.h5
2025-09-18 14:57:22,048 - INFO - Completed /viper/ptmp/arego/RC4K1_EN_100/18049.h5 in 75.57 seconds
2025-09-18 14:57:22,666 - INFO - Processing /viper/ptmp/arego/RC4K1/17122.h5
2025-09-18 14:57:24,788 - INFO - File 13139: Filtered 20627736 hits and 8 records
2025-09-18 14:57:29,073 - INFO - File 17396: Filtered 19477747 hits and 8 records
2025-09-18 14:57:30,186 - INFO - File 17122: Filtered 21197514 hits and 11 records
2025-09-18 14:57:35,574 - INFO - Completed /viper/ptmp/arego/RC4K1_EN_100/26986.h5 in 103.48 seconds
2025-09-18 14:57:35,737 - INFO - Processing /viper/ptmp/arego/RC4K1/25124.h5
2025-09-18 14:57:42,239 - INFO - File 25124: Filtered 17831923 hits and 7 records
2025-09-18 14:57:43,198 - INFO - Completed /viper/ptmp/arego/RC4K1_EN_100/21389.h5 in 65.26 seconds
2025-09-18 14:57:43,367 - INFO - Processing /viper/ptmp/arego/RC4K1/14842.h5
2025-09-18 14:57:47,440 - INFO - Completed /viper/ptmp/arego/RC4K1_EN_100/25081.h5 in 74.69 seconds
2025-09-18 14:57:47,628 - INFO - Processing /viper/ptmp/arego/RC4K1/21033.h5
2025-09-18 14:57:49,597 - INFO - File 14842: Filtered 22947509 hits and 9 records
2025-09-18 14:57:55,074 - INFO - File 21033: Filtered 29408178 hits and 11 records
2025-09-18 14:58:10,245 - INFO - Completed /viper/ptmp/arego/RC4K1_EN_100/21033.h5 in 22.62 seconds
2025-09-18 14:58:10,411 - INFO - Processing /viper/ptmp/arego/RC4K1/24454.h5
2025-09-18 14:58:13,261 - INFO - Completed /viper/ptmp/arego/RC4K1_EN_100/13139.h5 in 54.93 seconds
2025-09-18 14:58:13,417 - INFO - Processing /viper/ptmp/arego/RC4K1/22192.h5
2025-09-18 14:58:16,841 - INFO - Completed /viper/ptmp/arego/RC4K1_EN_100/17122.h5 in 54.18 seconds
2025-09-18 14:58:17,012 - INFO - Completed /viper/ptmp/arego/RC4K1_EN_100/23194.h5 in 86.64 seconds
2025-09-18 14:58:17,038 - INFO - Processing /viper/ptmp/arego/RC4K1/3299.h5
2025-09-18 14:58:17,413 - INFO - File 24454: Filtered 19973375 hits and 8 records
2025-09-18 14:58:17,802 - INFO - Processing /viper/ptmp/arego/RC4K1/20864.h5
2025-09-18 14:58:20,785 - INFO - File 22192: Filtered 21185407 hits and 8 records
2025-09-18 14:58:25,028 - INFO - File 3299: Filtered 21788754 hits and 6 records
2025-09-18 14:58:25,286 - INFO - Completed /viper/ptmp/arego/RC4K1_EN_100/17396.h5 in 63.41 seconds
2025-09-18 14:58:25,525 - INFO - Processing /viper/ptmp/arego/RC4K1/27676.h5
2025-09-18 14:58:26,024 - INFO - Completed /viper/ptmp/arego/RC4K1_EN_100/14842.h5 in 42.66 seconds
2025-09-18 14:58:26,024 - INFO - File 20864: Filtered 12206968 hits and 5 records
2025-09-18 14:58:26,521 - INFO - Processing /viper/ptmp/arego/RC4K1/20597.h5
2025-09-18 14:58:33,295 - INFO - File 27676: Filtered 14156238 hits and 8 records
2025-09-18 14:58:34,148 - INFO - File 20597: Filtered 17675472 hits and 8 records
2025-09-18 14:58:43,612 - INFO - Completed /viper/ptmp/arego/RC4K1_EN_100/18779.h5 in 105.25 seconds
2025-09-18 14:58:43,781 - INFO - Processing /viper/ptmp/arego/RC4K1/27685.h5
2025-09-18 14:58:47,859 - INFO - Completed /viper/ptmp/arego/RC4K1_EN_100/25124.h5 in 72.12 seconds
2025-09-18 14:58:48,022 - INFO - Processing /viper/ptmp/arego/RC4K1/9546.h5
2025-09-18 14:58:50,949 - INFO - File 27685: Filtered 16763799 hits and 8 records
2025-09-18 14:58:55,406 - INFO - File 9546: Filtered 14564103 hits and 8 records
2025-09-18 14:59:14,467 - INFO - Completed /viper/ptmp/arego/RC4K1_EN_100/3299.h5 in 57.43 seconds
2025-09-18 14:59:14,694 - INFO - Processing /viper/ptmp/arego/RC4K1/23641.h5
2025-09-18 14:59:16,413 - INFO - Completed /viper/ptmp/arego/RC4K1_EN_100/22192.h5 in 63.00 seconds
2025-09-18 14:59:16,580 - INFO - Processing /viper/ptmp/arego/RC4K1/15273.h5
2025-09-18 14:59:16,791 - INFO - Completed /viper/ptmp/arego/RC4K1_EN_100/24454.h5 in 66.38 seconds
2025-09-18 14:59:17,328 - INFO - Processing /viper/ptmp/arego/RC4K1/29224.h5
2025-09-18 14:59:22,163 - INFO - File 23641: Filtered 23422234 hits and 9 records
2025-09-18 14:59:25,078 - INFO - File 15273: Filtered 17201128 hits and 4 records
2025-09-18 14:59:25,806 - INFO - File 29224: Filtered 17442353 hits and 6 records
2025-09-18 14:59:47,502 - INFO - Completed /viper/ptmp/arego/RC4K1_EN_100/20597.h5 in 80.98 seconds
2025-09-18 14:59:47,669 - INFO - Processing /viper/ptmp/arego/RC4K1/21938.h5
2025-09-18 14:59:54,685 - INFO - File 21938: Filtered 20638897 hits and 8 records
2025-09-18 15:00:00,761 - INFO - Completed /viper/ptmp/arego/RC4K1_EN_100/27676.h5 in 95.24 seconds
2025-09-18 15:00:00,929 - INFO - Processing /viper/ptmp/arego/RC4K1/15879.h5
2025-09-18 15:00:08,341 - INFO - File 15879: Filtered 15048651 hits and 7 records
2025-09-18 15:00:08,763 - INFO - Completed /viper/ptmp/arego/RC4K1_EN_100/23641.h5 in 54.07 seconds
2025-09-18 15:00:08,953 - INFO - Processing /viper/ptmp/arego/RC4K1/1177.h5
2025-09-18 15:00:09,438 - INFO - Completed /viper/ptmp/arego/RC4K1_EN_100/20864.h5 in 111.64 seconds
2025-09-18 15:00:09,835 - INFO - Processing /viper/ptmp/arego/RC4K1/28905.h5
2025-09-18 15:00:10,609 - INFO - Completed /viper/ptmp/arego/RC4K1_EN_100/27685.h5 in 86.83 seconds
2025-09-18 15:00:10,789 - INFO - Processing /viper/ptmp/arego/RC4K1/26111.h5
2025-09-18 15:00:17,600 - INFO - File 1177: Filtered 24593306 hits and 8 records
2025-09-18 15:00:18,881 - INFO - File 28905: Filtered 19069338 hits and 7 records
2025-09-18 15:00:19,953 - INFO - File 26111: Filtered 18712985 hits and 8 records
2025-09-18 15:00:25,350 - INFO - Completed /viper/ptmp/arego/RC4K1_EN_100/9546.h5 in 97.33 seconds
2025-09-18 15:00:25,512 - INFO - Processing /viper/ptmp/arego/RC4K1/2478.h5
2025-09-18 15:00:32,913 - INFO - File 2478: Filtered 23228823 hits and 9 records
2025-09-18 15:00:42,528 - INFO - Completed /viper/ptmp/arego/RC4K1_EN_100/29224.h5 in 85.20 seconds
2025-09-18 15:00:42,699 - INFO - Processing /viper/ptmp/arego/RC4K1/19695.h5
2025-09-18 15:00:45,733 - INFO - Completed /viper/ptmp/arego/RC4K1_EN_100/15273.h5 in 89.15 seconds
2025-09-18 15:00:45,958 - INFO - Processing /viper/ptmp/arego/RC4K1/28185.h5
2025-09-18 15:00:50,079 - INFO - File 19695: Filtered 18604312 hits and 9 records
2025-09-18 15:00:53,972 - INFO - File 28185: Filtered 27199812 hits and 9 records
2025-09-18 15:00:57,053 - INFO - Completed /viper/ptmp/arego/RC4K1_EN_100/21938.h5 in 69.38 seconds
2025-09-18 15:00:57,223 - INFO - Processing /viper/ptmp/arego/RC4K1/3646.h5
2025-09-18 15:01:01,373 - INFO - Completed /viper/ptmp/arego/RC4K1_EN_100/1177.h5 in 52.42 seconds
2025-09-18 15:01:01,589 - INFO - Processing /viper/ptmp/arego/RC4K1/16145.h5
2025-09-18 15:01:04,962 - INFO - File 3646: Filtered 21476270 hits and 7 records
2025-09-18 15:01:09,898 - INFO - File 16145: Filtered 20575784 hits and 6 records
2025-09-18 15:01:25,571 - INFO - Completed /viper/ptmp/arego/RC4K1_EN_100/2478.h5 in 60.06 seconds
2025-09-18 15:01:25,775 - INFO - Processing /viper/ptmp/arego/RC4K1/2812.h5
2025-09-18 15:01:32,772 - INFO - Completed /viper/ptmp/arego/RC4K1_EN_100/28905.h5 in 82.94 seconds
2025-09-18 15:01:33,012 - INFO - Processing /viper/ptmp/arego/RC4K1/21702.h5
2025-09-18 15:01:33,566 - INFO - File 2812: Filtered 19941827 hits and 5 records
2025-09-18 15:01:36,056 - INFO - Completed /viper/ptmp/arego/RC4K1_EN_100/15879.h5 in 95.13 seconds
2025-09-18 15:01:36,229 - INFO - Processing /viper/ptmp/arego/RC4K1/27774.h5
2025-09-18 15:01:36,257 - INFO - Completed /viper/ptmp/arego/RC4K1_EN_100/28185.h5 in 50.30 seconds
2025-09-18 15:01:36,892 - INFO - Processing /viper/ptmp/arego/RC4K1/16585.h5
2025-09-18 15:01:38,052 - INFO - Completed /viper/ptmp/arego/RC4K1_EN_100/26111.h5 in 87.26 seconds
2025-09-18 15:01:38,244 - INFO - Processing /viper/ptmp/arego/RC4K1/21459.h5
2025-09-18 15:01:41,096 - INFO - File 21702: Filtered 16725669 hits and 8 records
2025-09-18 15:01:46,933 - INFO - File 27774: Filtered 10374083 hits and 8 records
2025-09-18 15:01:47,310 - INFO - File 16585: Filtered 23898011 hits and 7 records
2025-09-18 15:01:49,264 - INFO - File 21459: Filtered 17670333 hits and 9 records
2025-09-18 15:02:13,506 - INFO - Completed /viper/ptmp/arego/RC4K1_EN_100/19695.h5 in 90.81 seconds
2025-09-18 15:02:13,674 - INFO - Processing /viper/ptmp/arego/RC4K1/2215.h5
2025-09-18 15:02:20,837 - INFO - Completed /viper/ptmp/arego/RC4K1_EN_100/3646.h5 in 83.61 seconds
2025-09-18 15:02:21,021 - INFO - Processing /viper/ptmp/arego/RC4K1/25043.h5
2025-09-18 15:02:21,699 - INFO - File 2215: Filtered 16836228 hits and 7 records
2025-09-18 15:02:29,259 - INFO - File 25043: Filtered 14941980 hits and 6 records
2025-09-18 15:02:30,974 - INFO - Completed /viper/ptmp/arego/RC4K1_EN_100/16145.h5 in 89.38 seconds
2025-09-18 15:02:31,147 - INFO - Processing /viper/ptmp/arego/RC4K1/23530.h5
2025-09-18 15:02:39,065 - INFO - File 23530: Filtered 38726613 hits and 12 records
2025-09-18 15:02:47,450 - INFO - Completed /viper/ptmp/arego/RC4K1_EN_100/23530.h5 in 16.30 seconds
2025-09-18 15:02:47,622 - INFO - Processing /viper/ptmp/arego/RC4K1/970.h5
2025-09-18 15:02:55,285 - INFO - Completed /viper/ptmp/arego/RC4K1_EN_100/16585.h5 in 78.39 seconds
2025-09-18 15:02:55,521 - INFO - Processing /viper/ptmp/arego/RC4K1/25592.h5
2025-09-18 15:02:55,819 - INFO - File 970: Filtered 30013404 hits and 7 records
2025-09-18 15:02:59,383 - INFO - Completed /viper/ptmp/arego/RC4K1_EN_100/2812.h5 in 93.61 seconds
2025-09-18 15:02:59,554 - INFO - Processing /viper/ptmp/arego/RC4K1/21976.h5
2025-09-18 15:03:03,702 - INFO - File 25592: Filtered 26675328 hits and 8 records
2025-09-18 15:03:08,211 - INFO - File 21976: Filtered 19813651 hits and 8 records
2025-09-18 15:03:22,089 - INFO - Completed /viper/ptmp/arego/RC4K1_EN_100/21702.h5 in 109.08 seconds
2025-09-18 15:03:22,324 - INFO - Processing /viper/ptmp/arego/RC4K1/22639.h5
2025-09-18 15:03:29,437 - INFO - Completed /viper/ptmp/arego/RC4K1_EN_100/21459.h5 in 111.19 seconds
2025-09-18 15:03:29,644 - INFO - Processing /viper/ptmp/arego/RC4K1/8560.h5
2025-09-18 15:03:31,074 - INFO - File 22639: Filtered 21603617 hits and 8 records
2025-09-18 15:03:38,319 - INFO - Completed /viper/ptmp/arego/RC4K1_EN_100/970.h5 in 50.70 seconds
2025-09-18 15:03:38,500 - INFO - Processing /viper/ptmp/arego/RC4K1/26859.h5
2025-09-18 15:03:38,534 - INFO - File 8560: Filtered 31301196 hits and 11 records
2025-09-18 15:03:47,125 - INFO - File 26859: Filtered 33778188 hits and 9 records
2025-09-18 15:03:50,261 - INFO - Completed /viper/ptmp/arego/RC4K1_EN_100/27774.h5 in 134.03 seconds
2025-09-18 15:03:50,459 - INFO - Processing /viper/ptmp/arego/RC4K1/7479.h5
2025-09-18 15:03:58,985 - INFO - File 7479: Filtered 28784386 hits and 8 records
2025-09-18 15:04:02,972 - INFO - Completed /viper/ptmp/arego/RC4K1_EN_100/2215.h5 in 109.30 seconds
2025-09-18 15:04:03,140 - INFO - Processing /viper/ptmp/arego/RC4K1/2910.h5
2025-09-18 15:04:07,505 - INFO - Completed /viper/ptmp/arego/RC4K1_EN_100/25592.h5 in 71.98 seconds
2025-09-18 15:04:07,675 - INFO - Processing /viper/ptmp/arego/RC4K1/8737.h5
2025-09-18 15:04:12,175 - INFO - File 2910: Filtered 26635686 hits and 9 records
2025-09-18 15:04:17,384 - INFO - File 8737: Filtered 18973690 hits and 8 records
2025-09-18 15:04:23,524 - INFO - Completed /viper/ptmp/arego/RC4K1_EN_100/26859.h5 in 45.02 seconds
2025-09-18 15:04:23,671 - INFO - Processing /viper/ptmp/arego/RC4K1/28765.h5
2025-09-18 15:04:24,346 - INFO - Completed /viper/ptmp/arego/RC4K1_EN_100/25043.h5 in 123.33 seconds
2025-09-18 15:04:24,514 - INFO - Processing /viper/ptmp/arego/RC4K1/5530.h5
2025-09-18 15:04:26,113 - INFO - Completed /viper/ptmp/arego/RC4K1_EN_100/8560.h5 in 56.47 seconds
2025-09-18 15:04:26,318 - INFO - Processing /viper/ptmp/arego/RC4K1/26931.h5
2025-09-18 15:04:34,776 - INFO - File 28765: Filtered 26149695 hits and 11 records
2025-09-18 15:04:36,050 - INFO - File 5530: Filtered 21019370 hits and 9 records
2025-09-18 15:04:37,717 - INFO - File 26931: Filtered 32044726 hits and 7 records
2025-09-18 15:04:49,169 - INFO - Completed /viper/ptmp/arego/RC4K1_EN_100/21976.h5 in 109.62 seconds
2025-09-18 15:04:49,335 - INFO - Processing /viper/ptmp/arego/RC4K1/658.h5
2025-09-18 15:04:58,402 - INFO - File 658: Filtered 31173085 hits and 8 records
2025-09-18 15:04:59,076 - INFO - Completed /viper/ptmp/arego/RC4K1_EN_100/7479.h5 in 68.62 seconds
2025-09-18 15:04:59,255 - INFO - Processing /viper/ptmp/arego/RC4K1/3158.h5
2025-09-18 15:05:04,632 - INFO - Completed /viper/ptmp/arego/RC4K1_EN_100/22639.h5 in 102.31 seconds
2025-09-18 15:05:04,798 - INFO - Processing /viper/ptmp/arego/RC4K1/7357.h5
2025-09-18 15:05:08,325 - INFO - File 3158: Filtered 28704805 hits and 7 records
2025-09-18 15:05:14,032 - INFO - File 7357: Filtered 31546088 hits and 9 records
2025-09-18 15:05:24,146 - INFO - Completed /viper/ptmp/arego/RC4K1_EN_100/2910.h5 in 81.01 seconds
2025-09-18 15:05:24,317 - INFO - Processing /viper/ptmp/arego/RC4K1/13900.h5
2025-09-18 15:05:33,469 - INFO - File 13900: Filtered 28763158 hits and 8 records
2025-09-18 15:05:38,829 - INFO - Completed /viper/ptmp/arego/RC4K1_EN_100/26931.h5 in 72.51 seconds
2025-09-18 15:05:38,998 - INFO - Processing /viper/ptmp/arego/RC4K1/29315.h5
2025-09-18 15:05:48,410 - INFO - File 29315: Filtered 25306650 hits and 5 records
2025-09-18 15:05:58,923 - INFO - Completed /viper/ptmp/arego/RC4K1_EN_100/28765.h5 in 95.25 seconds
2025-09-18 15:05:59,094 - INFO - Processing /viper/ptmp/arego/RC4K1/14548.h5
2025-09-18 15:06:01,104 - INFO - Completed /viper/ptmp/arego/RC4K1_EN_100/658.h5 in 71.77 seconds
2025-09-18 15:06:01,266 - INFO - Processing /viper/ptmp/arego/RC4K1/27115.h5
2025-09-18 15:06:09,089 - INFO - Completed /viper/ptmp/arego/RC4K1_EN_100/8737.h5 in 121.41 seconds
2025-09-18 15:06:09,281 - INFO - File 14548: Filtered 21643535 hits and 7 records
2025-09-18 15:06:09,322 - INFO - Processing /viper/ptmp/arego/RC4K1/28353.h5
2025-09-18 15:06:12,108 - INFO - File 27115: Filtered 19476956 hits and 8 records
2025-09-18 15:06:15,299 - INFO - Completed /viper/ptmp/arego/RC4K1_EN_100/7357.h5 in 70.50 seconds
2025-09-18 15:06:15,468 - INFO - Processing /viper/ptmp/arego/RC4K1/16578.h5
2025-09-18 15:06:19,452 - INFO - File 28353: Filtered 21238821 hits and 10 records
2025-09-18 15:06:23,774 - INFO - Completed /viper/ptmp/arego/RC4K1_EN_100/3158.h5 in 84.52 seconds
2025-09-18 15:06:23,961 - INFO - Processing /viper/ptmp/arego/RC4K1/23135.h5
2025-09-18 15:06:24,656 - INFO - Completed /viper/ptmp/arego/RC4K1_EN_100/5530.h5 in 120.14 seconds
2025-09-18 15:06:24,838 - INFO - Processing /viper/ptmp/arego/RC4K1/6053.h5
2025-09-18 15:06:25,672 - INFO - File 16578: Filtered 28216256 hits and 9 records
2025-09-18 15:06:35,817 - INFO - File 23135: Filtered 25486332 hits and 7 records
2025-09-18 15:06:36,850 - INFO - File 6053: Filtered 27438922 hits and 6 records
2025-09-18 15:06:46,005 - INFO - Completed /viper/ptmp/arego/RC4K1_EN_100/13900.h5 in 81.69 seconds
2025-09-18 15:06:46,164 - INFO - Processing /viper/ptmp/arego/RC4K1/2192.h5
2025-09-18 15:06:56,541 - INFO - File 2192: Filtered 24209879 hits and 8 records
2025-09-18 15:07:20,313 - INFO - Completed /viper/ptmp/arego/RC4K1_EN_100/29315.h5 in 101.32 seconds
2025-09-18 15:07:20,484 - INFO - Processing /viper/ptmp/arego/RC4K1/24875.h5
2025-09-18 15:07:31,626 - INFO - File 24875: Filtered 13988240 hits and 8 records
2025-09-18 15:07:51,137 - INFO - Completed /viper/ptmp/arego/RC4K1_EN_100/16578.h5 in 95.67 seconds
2025-09-18 15:07:51,343 - INFO - Processing /viper/ptmp/arego/RC4K1/22725.h5
2025-09-18 15:08:00,240 - INFO - Completed /viper/ptmp/arego/RC4K1_EN_100/14548.h5 in 121.15 seconds
2025-09-18 15:08:00,514 - INFO - Processing /viper/ptmp/arego/RC4K1/26510.h5
2025-09-18 15:08:02,551 - INFO - File 22725: Filtered 34819842 hits and 6 records
2025-09-18 15:08:11,898 - INFO - File 26510: Filtered 14476275 hits and 5 records
2025-09-18 15:08:15,879 - INFO - Completed /viper/ptmp/arego/RC4K1_EN_100/27115.h5 in 134.61 seconds
2025-09-18 15:08:16,098 - INFO - Processing /viper/ptmp/arego/RC4K1/5297.h5
2025-09-18 15:08:17,784 - INFO - Completed /viper/ptmp/arego/RC4K1_EN_100/28353.h5 in 128.46 seconds
2025-09-18 15:08:17,956 - INFO - Processing /viper/ptmp/arego/RC4K1/19670.h5
2025-09-18 15:08:21,089 - INFO - Completed /viper/ptmp/arego/RC4K1_EN_100/6053.h5 in 116.25 seconds
2025-09-18 15:08:21,319 - INFO - Processing /viper/ptmp/arego/RC4K1/23738.h5
2025-09-18 15:08:21,551 - INFO - Completed /viper/ptmp/arego/RC4K1_EN_100/23135.h5 in 117.59 seconds
2025-09-18 15:08:21,899 - INFO - Processing /viper/ptmp/arego/RC4K1/7974.h5
2025-09-18 15:08:29,199 - INFO - File 5297: Filtered 20086803 hits and 6 records
2025-09-18 15:08:32,081 - INFO - File 19670: Filtered 28069837 hits and 7 records
2025-09-18 15:08:36,734 - INFO - File 23738: Filtered 27894788 hits and 9 records
2025-09-18 15:08:37,371 - INFO - File 7974: Filtered 37847649 hits and 9 records
2025-09-18 15:09:01,141 - INFO - Completed /viper/ptmp/arego/RC4K1_EN_100/2192.h5 in 134.98 seconds
2025-09-18 15:09:01,353 - INFO - Processing /viper/ptmp/arego/RC4K1/18787.h5
2025-09-18 15:09:12,350 - INFO - File 18787: Filtered 29576778 hits and 9 records
2025-09-18 15:09:33,604 - INFO - Completed /viper/ptmp/arego/RC4K1_EN_100/22725.h5 in 102.26 seconds
2025-09-18 15:09:33,776 - INFO - Processing /viper/ptmp/arego/RC4K1/24412.h5
2025-09-18 15:09:45,109 - INFO - File 24412: Filtered 23306604 hits and 6 records
2025-09-18 15:09:58,488 - INFO - Completed /viper/ptmp/arego/RC4K1_EN_100/7974.h5 in 96.59 seconds
2025-09-18 15:09:58,701 - INFO - Processing /viper/ptmp/arego/RC4K1/14779.h5
2025-09-18 15:10:10,257 - INFO - File 14779: Filtered 34802434 hits and 7 records
2025-09-18 15:10:18,949 - INFO - Completed /viper/ptmp/arego/RC4K1_EN_100/24875.h5 in 178.46 seconds
2025-09-18 15:10:19,118 - INFO - Processing /viper/ptmp/arego/RC4K1/16413.h5
2025-09-18 15:10:30,892 - INFO - File 16413: Filtered 31071722 hits and 9 records
2025-09-18 15:10:34,604 - INFO - Completed /viper/ptmp/arego/RC4K1_EN_100/19670.h5 in 136.65 seconds
2025-09-18 15:10:34,784 - INFO - Processing /viper/ptmp/arego/RC4K1/13323.h5
2025-09-18 15:10:39,922 - INFO - Completed /viper/ptmp/arego/RC4K1_EN_100/23738.h5 in 138.60 seconds
2025-09-18 15:10:40,110 - INFO - Processing /viper/ptmp/arego/RC4K1/6288.h5
2025-09-18 15:10:46,597 - INFO - File 13323: Filtered 23190198 hits and 11 records
2025-09-18 15:10:52,714 - INFO - File 6288: Filtered 45720335 hits and 9 records
2025-09-18 15:11:09,142 - INFO - Completed /viper/ptmp/arego/RC4K1_EN_100/26510.h5 in 188.63 seconds
2025-09-18 15:11:09,312 - INFO - Processing /viper/ptmp/arego/RC4K1/1466.h5
2025-09-18 15:11:10,147 - INFO - Completed /viper/ptmp/arego/RC4K1_EN_100/5297.h5 in 174.05 seconds
2025-09-18 15:11:10,321 - INFO - Processing /viper/ptmp/arego/RC4K1/6716.h5
2025-09-18 15:11:13,603 - INFO - Completed /viper/ptmp/arego/RC4K1_EN_100/18787.h5 in 132.25 seconds
2025-09-18 15:11:13,774 - INFO - Processing /viper/ptmp/arego/RC4K1/20782.h5
2025-09-18 15:11:22,844 - INFO - File 1466: Filtered 26120083 hits and 7 records
2025-09-18 15:11:24,802 - INFO - File 6716: Filtered 28094717 hits and 9 records
2025-09-18 15:11:28,581 - INFO - File 20782: Filtered 27864600 hits and 8 records
2025-09-18 15:11:40,218 - INFO - Completed /viper/ptmp/arego/RC4K1_EN_100/6288.h5 in 60.11 seconds
2025-09-18 15:11:40,380 - INFO - Processing /viper/ptmp/arego/RC4K1/8248.h5
2025-09-18 15:11:52,072 - INFO - Completed /viper/ptmp/arego/RC4K1_EN_100/14779.h5 in 113.37 seconds
2025-09-18 15:11:52,273 - INFO - Processing /viper/ptmp/arego/RC4K1/27309.h5
2025-09-18 15:11:52,924 - INFO - File 8248: Filtered 29100092 hits and 8 records
2025-09-18 15:12:04,973 - INFO - File 27309: Filtered 24505561 hits and 8 records
2025-09-18 15:12:14,621 - INFO - Completed /viper/ptmp/arego/RC4K1_EN_100/24412.h5 in 160.85 seconds
2025-09-18 15:12:14,791 - INFO - Processing /viper/ptmp/arego/RC4K1/27237.h5
2025-09-18 15:12:27,409 - INFO - File 27237: Filtered 38845831 hits and 10 records
2025-09-18 15:12:35,944 - INFO - Completed /viper/ptmp/arego/RC4K1_EN_100/16413.h5 in 136.83 seconds
2025-09-18 15:12:36,110 - INFO - Processing /viper/ptmp/arego/RC4K1/433.h5
2025-09-18 15:12:49,082 - INFO - File 433: Filtered 32342864 hits and 8 records
2025-09-18 15:13:23,206 - INFO - Completed /viper/ptmp/arego/RC4K1_EN_100/13323.h5 in 168.42 seconds
2025-09-18 15:13:23,370 - INFO - Processing /viper/ptmp/arego/RC4K1/13524.h5
2025-09-18 15:13:36,245 - INFO - File 13524: Filtered 28303297 hits and 6 records
2025-09-18 15:13:47,219 - INFO - Completed /viper/ptmp/arego/RC4K1_EN_100/6716.h5 in 156.90 seconds
2025-09-18 15:13:47,389 - INFO - Processing /viper/ptmp/arego/RC4K1/27628.h5
2025-09-18 15:13:50,556 - INFO - Completed /viper/ptmp/arego/RC4K1_EN_100/20782.h5 in 156.78 seconds
2025-09-18 15:13:50,728 - INFO - Processing /viper/ptmp/arego/RC4K1/428.h5
2025-09-18 15:13:52,346 - INFO - Completed /viper/ptmp/arego/RC4K1_EN_100/1466.h5 in 163.03 seconds
2025-09-18 15:13:52,515 - INFO - Processing /viper/ptmp/arego/RC4K1/14850.h5
2025-09-18 15:14:02,832 - INFO - File 27628: Filtered 16719041 hits and 5 records
2025-09-18 15:14:08,563 - INFO - File 428: Filtered 44636701 hits and 8 records
2025-09-18 15:14:10,564 - INFO - File 14850: Filtered 18845066 hits and 7 records
2025-09-18 15:14:22,630 - INFO - Completed /viper/ptmp/arego/RC4K1_EN_100/8248.h5 in 162.25 seconds
2025-09-18 15:14:22,793 - INFO - Processing /viper/ptmp/arego/RC4K1/3900.h5
2025-09-18 15:14:25,466 - INFO - Completed /viper/ptmp/arego/RC4K1_EN_100/27237.h5 in 130.67 seconds
2025-09-18 15:14:25,631 - INFO - Processing /viper/ptmp/arego/RC4K1/23545.h5
2025-09-18 15:14:38,001 - INFO - File 3900: Filtered 43652842 hits and 8 records
2025-09-18 15:14:41,407 - INFO - File 23545: Filtered 39890424 hits and 8 records
2025-09-18 15:14:58,403 - INFO - Completed /viper/ptmp/arego/RC4K1_EN_100/27309.h5 in 186.13 seconds
2025-09-18 15:14:58,572 - INFO - Processing /viper/ptmp/arego/RC4K1/3318.h5
2025-09-18 15:15:18,899 - INFO - Completed /viper/ptmp/arego/RC4K1_EN_100/433.h5 in 162.79 seconds
2025-09-18 15:15:19,087 - INFO - Processing /viper/ptmp/arego/RC4K1/26129.h5
2025-09-18 15:15:22,276 - INFO - File 3318: Filtered 36057873 hits and 7 records
2025-09-18 15:15:36,065 - INFO - File 26129: Filtered 58505377 hits and 7 records
2025-09-18 15:15:54,392 - INFO - Completed /viper/ptmp/arego/RC4K1_EN_100/428.h5 in 123.66 seconds
2025-09-18 15:15:54,562 - INFO - Processing /viper/ptmp/arego/RC4K1/20914.h5
2025-09-18 15:16:13,397 - INFO - File 20914: Filtered 37890474 hits and 8 records
2025-09-18 15:16:34,524 - INFO - Completed /viper/ptmp/arego/RC4K1_EN_100/13524.h5 in 191.15 seconds
2025-09-18 15:16:34,681 - INFO - Processing /viper/ptmp/arego/RC4K1/9584.h5
2025-09-18 15:16:54,762 - INFO - File 9584: Filtered 61177510 hits and 10 records
2025-09-18 15:16:59,989 - INFO - Completed /viper/ptmp/arego/RC4K1_EN_100/3900.h5 in 157.20 seconds
2025-09-18 15:17:00,186 - INFO - Processing /viper/ptmp/arego/RC4K1/4209.h5
2025-09-18 15:17:18,941 - INFO - Completed /viper/ptmp/arego/RC4K1_EN_100/23545.h5 in 173.31 seconds
2025-09-18 15:17:19,182 - INFO - Processing /viper/ptmp/arego/RC4K1/24512.h5
2025-09-18 15:17:20,959 - INFO - File 4209: Filtered 48316230 hits and 7 records
2025-09-18 15:17:55,245 - INFO - Completed /viper/ptmp/arego/RC4K1_EN_100/26129.h5 in 156.16 seconds
2025-09-18 15:17:56,504 - INFO - File 24512: Filtered 74165031 hits and 9 records
2025-09-18 15:18:01,989 - INFO - Completed /viper/ptmp/arego/RC4K1_EN_100/14850.h5 in 249.47 seconds
2025-09-18 15:18:02,518 - INFO - Completed /viper/ptmp/arego/RC4K1_EN_100/27628.h5 in 255.13 seconds
2025-09-18 15:18:28,194 - INFO - Completed /viper/ptmp/arego/RC4K1_EN_100/3318.h5 in 209.62 seconds
2025-09-18 15:19:55,773 - INFO - Completed /viper/ptmp/arego/RC4K1_EN_100/9584.h5 in 201.09 seconds
2025-09-18 15:20:19,070 - INFO - Completed /viper/ptmp/arego/RC4K1_EN_100/20914.h5 in 264.51 seconds
2025-09-18 15:21:27,183 - INFO - Completed /viper/ptmp/arego/RC4K1_EN_100/4209.h5 in 267.00 seconds
2025-09-18 15:23:54,017 - INFO - Completed /viper/ptmp/arego/RC4K1_EN_100/24512.h5 in 394.83 seconds
