2025-09-18 22:32:05,735 - INFO - Loaded skip configuration: 0 files to skip entirely, 35364 files with partial record skips
2025-09-18 22:32:06,546 - INFO - Processing /viper/ptmp/arego/RC4K1/160.h5
2025-09-18 22:32:07,100 - INFO - Processing /viper/ptmp/arego/RC4K1/3619.h5
2025-09-18 22:32:07,148 - INFO - File 160: Filtered 1058894 hits and 6 records
2025-09-18 22:32:07,595 - INFO - File 3619: Filtered 809075 hits and 5 records
2025-09-18 22:32:07,675 - INFO - Processing /viper/ptmp/arego/RC4K1/13799.h5
2025-09-18 22:32:08,215 - INFO - File 13799: Filtered 1969598 hits and 6 records
2025-09-18 22:32:08,255 - INFO - Processing /viper/ptmp/arego/RC4K1/20283.h5
2025-09-18 22:32:08,847 - INFO - File 20283: Filtered 1200564 hits and 4 records
2025-09-18 22:32:08,851 - INFO - Processing /viper/ptmp/arego/RC4K1/26043.h5
2025-09-18 22:32:09,437 - INFO - File 26043: Filtered 1095086 hits and 5 records
2025-09-18 22:32:09,463 - INFO - Processing /viper/ptmp/arego/RC4K1/12145.h5
2025-09-18 22:32:10,062 - INFO - File 12145: Filtered 969374 hits and 6 records
2025-09-18 22:32:10,098 - INFO - Processing /viper/ptmp/arego/RC4K1/25856.h5
2025-09-18 22:32:10,230 - INFO - Completed /viper/ptmp/arego/RC4K1_EN_100/160.h5 in 3.68 seconds
2025-09-18 22:32:10,391 - INFO - Completed /viper/ptmp/arego/RC4K1_EN_100/13799.h5 in 2.72 seconds
2025-09-18 22:32:10,693 - INFO - Processing /viper/ptmp/arego/RC4K1/14945.h5
2025-09-18 22:32:10,786 - INFO - File 25856: Filtered 1169733 hits and 6 records
2025-09-18 22:32:11,275 - INFO - Processing /viper/ptmp/arego/RC4K1/23556.h5
2025-09-18 22:32:11,414 - INFO - File 14945: Filtered 1408669 hits and 5 records
2025-09-18 22:32:11,922 - INFO - Processing /viper/ptmp/arego/RC4K1/15054.h5
2025-09-18 22:32:11,977 - INFO - File 23556: Filtered 1093456 hits and 6 records
2025-09-18 22:32:12,467 - INFO - Completed /viper/ptmp/arego/RC4K1_EN_100/3619.h5 in 5.37 seconds
2025-09-18 22:32:12,750 - INFO - File 15054: Filtered 2630340 hits and 7 records
2025-09-18 22:32:12,852 - INFO - Processing /viper/ptmp/arego/RC4K1/19489.h5
2025-09-18 22:32:13,721 - INFO - File 19489: Filtered 2351029 hits and 5 records
2025-09-18 22:32:14,290 - INFO - Completed /viper/ptmp/arego/RC4K1_EN_100/20283.h5 in 6.03 seconds
2025-09-18 22:32:14,454 - INFO - Processing /viper/ptmp/arego/RC4K1/24687.h5
2025-09-18 22:32:15,250 - INFO - File 24687: Filtered 2797338 hits and 5 records
2025-09-18 22:32:15,370 - INFO - Completed /viper/ptmp/arego/RC4K1_EN_100/26043.h5 in 6.52 seconds
2025-09-18 22:32:15,539 - INFO - Processing /viper/ptmp/arego/RC4K1/25054.h5
2025-09-18 22:32:16,398 - INFO - Completed /viper/ptmp/arego/RC4K1_EN_100/12145.h5 in 6.93 seconds
2025-09-18 22:32:16,431 - INFO - Completed /viper/ptmp/arego/RC4K1_EN_100/15054.h5 in 4.51 seconds
2025-09-18 22:32:16,474 - INFO - File 25054: Filtered 1502648 hits and 7 records
2025-09-18 22:32:16,596 - INFO - Processing /viper/ptmp/arego/RC4K1/4461.h5
2025-09-18 22:32:17,389 - INFO - Processing /viper/ptmp/arego/RC4K1/14190.h5
2025-09-18 22:32:17,415 - INFO - Completed /viper/ptmp/arego/RC4K1_EN_100/19489.h5 in 4.56 seconds
2025-09-18 22:32:17,509 - INFO - File 4461: Filtered 1564548 hits and 4 records
2025-09-18 22:32:18,135 - INFO - Processing /viper/ptmp/arego/RC4K1/21130.h5
2025-09-18 22:32:18,326 - INFO - File 14190: Filtered 1606033 hits and 4 records
2025-09-18 22:32:18,956 - INFO - Completed /viper/ptmp/arego/RC4K1_EN_100/24687.h5 in 4.50 seconds
2025-09-18 22:32:18,975 - INFO - Completed /viper/ptmp/arego/RC4K1_EN_100/14945.h5 in 8.28 seconds
2025-09-18 22:32:19,030 - INFO - File 21130: Filtered 2573611 hits and 8 records
2025-09-18 22:32:19,133 - INFO - Processing /viper/ptmp/arego/RC4K1/25543.h5
2025-09-18 22:32:19,214 - INFO - Completed /viper/ptmp/arego/RC4K1_EN_100/25856.h5 in 9.12 seconds
2025-09-18 22:32:19,759 - INFO - Processing /viper/ptmp/arego/RC4K1/26640.h5
2025-09-18 22:32:20,036 - INFO - File 25543: Filtered 2358446 hits and 6 records
2025-09-18 22:32:20,446 - INFO - Processing /viper/ptmp/arego/RC4K1/14539.h5
2025-09-18 22:32:20,602 - INFO - Completed /viper/ptmp/arego/RC4K1_EN_100/23556.h5 in 9.33 seconds
2025-09-18 22:32:20,744 - INFO - File 26640: Filtered 2813506 hits and 4 records
2025-09-18 22:32:21,090 - INFO - Processing /viper/ptmp/arego/RC4K1/981.h5
2025-09-18 22:32:21,618 - INFO - File 14539: Filtered 3535385 hits and 8 records
2025-09-18 22:32:22,287 - INFO - File 981: Filtered 3321387 hits and 8 records
2025-09-18 22:32:25,157 - INFO - Completed /viper/ptmp/arego/RC4K1_EN_100/21130.h5 in 7.02 seconds
2025-09-18 22:32:25,403 - INFO - Processing /viper/ptmp/arego/RC4K1/1175.h5
2025-09-18 22:32:26,540 - INFO - File 1175: Filtered 4628384 hits and 3 records
2025-09-18 22:32:27,399 - INFO - Completed /viper/ptmp/arego/RC4K1_EN_100/4461.h5 in 10.80 seconds
2025-09-18 22:32:27,459 - INFO - Completed /viper/ptmp/arego/RC4K1_EN_100/25054.h5 in 11.92 seconds
2025-09-18 22:32:27,569 - INFO - Processing /viper/ptmp/arego/RC4K1/26997.h5
2025-09-18 22:32:28,146 - INFO - Completed /viper/ptmp/arego/RC4K1_EN_100/25543.h5 in 9.01 seconds
2025-09-18 22:32:28,205 - INFO - Processing /viper/ptmp/arego/RC4K1/10267.h5
2025-09-18 22:32:28,271 - INFO - Completed /viper/ptmp/arego/RC4K1_EN_100/26640.h5 in 8.51 seconds
2025-09-18 22:32:28,519 - INFO - Completed /viper/ptmp/arego/RC4K1_EN_100/14190.h5 in 11.13 seconds
2025-09-18 22:32:28,743 - INFO - File 26997: Filtered 1977211 hits and 4 records
2025-09-18 22:32:28,829 - INFO - Processing /viper/ptmp/arego/RC4K1/8903.h5
2025-09-18 22:32:29,170 - INFO - Completed /viper/ptmp/arego/RC4K1_EN_100/14539.h5 in 8.72 seconds
2025-09-18 22:32:29,465 - INFO - File 10267: Filtered 3213274 hits and 6 records
2025-09-18 22:32:29,499 - INFO - Processing /viper/ptmp/arego/RC4K1/15962.h5
2025-09-18 22:32:30,132 - INFO - File 8903: Filtered 4414778 hits and 8 records
2025-09-18 22:32:30,211 - INFO - Processing /viper/ptmp/arego/RC4K1/14387.h5
2025-09-18 22:32:30,760 - INFO - File 15962: Filtered 6156279 hits and 8 records
2025-09-18 22:32:30,853 - INFO - Processing /viper/ptmp/arego/RC4K1/795.h5
2025-09-18 22:32:31,114 - INFO - Completed /viper/ptmp/arego/RC4K1_EN_100/981.h5 in 10.02 seconds
2025-09-18 22:32:31,492 - INFO - Completed /viper/ptmp/arego/RC4K1_EN_100/1175.h5 in 6.09 seconds
2025-09-18 22:32:31,560 - INFO - File 14387: Filtered 3876164 hits and 8 records
2025-09-18 22:32:31,568 - INFO - Processing /viper/ptmp/arego/RC4K1/12389.h5
2025-09-18 22:32:32,258 - INFO - File 795: Filtered 3224457 hits and 6 records
2025-09-18 22:32:32,341 - INFO - Processing /viper/ptmp/arego/RC4K1/26120.h5
2025-09-18 22:32:32,691 - INFO - Completed /viper/ptmp/arego/RC4K1_EN_100/15962.h5 in 3.19 seconds
2025-09-18 22:32:33,073 - INFO - File 12389: Filtered 4651287 hits and 8 records
2025-09-18 22:32:33,225 - INFO - Processing /viper/ptmp/arego/RC4K1/1135.h5
2025-09-18 22:32:33,866 - INFO - File 26120: Filtered 3365013 hits and 6 records
2025-09-18 22:32:34,676 - INFO - File 1135: Filtered 3396960 hits and 9 records
2025-09-18 22:32:37,936 - INFO - Completed /viper/ptmp/arego/RC4K1_EN_100/8903.h5 in 9.11 seconds
2025-09-18 22:32:38,105 - INFO - Processing /viper/ptmp/arego/RC4K1/20132.h5
2025-09-18 22:32:39,520 - INFO - File 20132: Filtered 5010967 hits and 4 records
2025-09-18 22:32:40,860 - INFO - Completed /viper/ptmp/arego/RC4K1_EN_100/12389.h5 in 9.29 seconds
2025-09-18 22:32:40,977 - INFO - Completed /viper/ptmp/arego/RC4K1_EN_100/10267.h5 in 12.77 seconds
2025-09-18 22:32:41,046 - INFO - Processing /viper/ptmp/arego/RC4K1/27768.h5
2025-09-18 22:32:41,825 - INFO - Processing /viper/ptmp/arego/RC4K1/4123.h5
2025-09-18 22:32:42,566 - INFO - File 27768: Filtered 3711732 hits and 8 records
2025-09-18 22:32:42,642 - INFO - Completed /viper/ptmp/arego/RC4K1_EN_100/14387.h5 in 12.43 seconds
2025-09-18 22:32:42,837 - INFO - Processing /viper/ptmp/arego/RC4K1/6766.h5
2025-09-18 22:32:43,701 - INFO - File 4123: Filtered 4681186 hits and 7 records
2025-09-18 22:32:44,460 - INFO - File 6766: Filtered 5695551 hits and 6 records
2025-09-18 22:32:44,542 - INFO - Completed /viper/ptmp/arego/RC4K1_EN_100/26997.h5 in 16.97 seconds
2025-09-18 22:32:44,766 - INFO - Processing /viper/ptmp/arego/RC4K1/9392.h5
2025-09-18 22:32:46,316 - INFO - Completed /viper/ptmp/arego/RC4K1_EN_100/795.h5 in 15.46 seconds
2025-09-18 22:32:46,496 - INFO - File 9392: Filtered 5856349 hits and 11 records
2025-09-18 22:32:46,549 - INFO - Processing /viper/ptmp/arego/RC4K1/1083.h5
2025-09-18 22:32:47,510 - INFO - Completed /viper/ptmp/arego/RC4K1_EN_100/26120.h5 in 15.17 seconds
2025-09-18 22:32:47,703 - INFO - Processing /viper/ptmp/arego/RC4K1/25737.h5
2025-09-18 22:32:47,923 - INFO - Completed /viper/ptmp/arego/RC4K1_EN_100/20132.h5 in 9.82 seconds
2025-09-18 22:32:48,114 - INFO - File 1083: Filtered 4796978 hits and 5 records
2025-09-18 22:32:48,486 - INFO - Processing /viper/ptmp/arego/RC4K1/23787.h5
2025-09-18 22:32:48,498 - INFO - Completed /viper/ptmp/arego/RC4K1_EN_100/1135.h5 in 15.27 seconds
2025-09-18 22:32:49,123 - INFO - Processing /viper/ptmp/arego/RC4K1/22131.h5
2025-09-18 22:32:49,344 - INFO - File 25737: Filtered 3051793 hits and 7 records
2025-09-18 22:32:50,348 - INFO - File 23787: Filtered 5252390 hits and 9 records
2025-09-18 22:32:51,009 - INFO - File 22131: Filtered 6439254 hits and 10 records
2025-09-18 22:32:54,121 - INFO - Completed /viper/ptmp/arego/RC4K1_EN_100/6766.h5 in 11.28 seconds
2025-09-18 22:32:54,290 - INFO - Processing /viper/ptmp/arego/RC4K1/20041.h5
2025-09-18 22:32:55,896 - INFO - File 20041: Filtered 7749471 hits and 8 records
2025-09-18 22:32:56,995 - INFO - Completed /viper/ptmp/arego/RC4K1_EN_100/4123.h5 in 15.17 seconds
2025-09-18 22:32:57,164 - INFO - Processing /viper/ptmp/arego/RC4K1/5751.h5
2025-09-18 22:32:57,241 - INFO - Completed /viper/ptmp/arego/RC4K1_EN_100/9392.h5 in 12.47 seconds
2025-09-18 22:32:57,831 - INFO - Processing /viper/ptmp/arego/RC4K1/27849.h5
2025-09-18 22:32:58,539 - INFO - Completed /viper/ptmp/arego/RC4K1_EN_100/27768.h5 in 17.49 seconds
2025-09-18 22:32:58,757 - INFO - Processing /viper/ptmp/arego/RC4K1/1198.h5
2025-09-18 22:32:58,941 - INFO - File 5751: Filtered 4653909 hits and 6 records
2025-09-18 22:32:59,017 - INFO - Completed /viper/ptmp/arego/RC4K1_EN_100/22131.h5 in 9.89 seconds
2025-09-18 22:32:59,037 - INFO - Completed /viper/ptmp/arego/RC4K1_EN_100/20041.h5 in 4.75 seconds
2025-09-18 22:32:59,718 - INFO - Processing /viper/ptmp/arego/RC4K1/23083.h5
2025-09-18 22:32:59,836 - INFO - File 27849: Filtered 7255386 hits and 9 records
2025-09-18 22:33:00,451 - INFO - Processing /viper/ptmp/arego/RC4K1/21018.h5
2025-09-18 22:33:00,644 - INFO - File 1198: Filtered 4626270 hits and 6 records
2025-09-18 22:33:01,742 - INFO - File 23083: Filtered 3139028 hits and 6 records
2025-09-18 22:33:02,215 - INFO - Completed /viper/ptmp/arego/RC4K1_EN_100/1083.h5 in 15.67 seconds
2025-09-18 22:33:02,422 - INFO - Processing /viper/ptmp/arego/RC4K1/8246.h5
2025-09-18 22:33:02,464 - INFO - File 21018: Filtered 3762881 hits and 6 records
2025-09-18 22:33:03,458 - INFO - Completed /viper/ptmp/arego/RC4K1_EN_100/23787.h5 in 14.97 seconds
2025-09-18 22:33:03,623 - INFO - Processing /viper/ptmp/arego/RC4K1/8824.h5
2025-09-18 22:33:04,491 - INFO - File 8246: Filtered 1875139 hits and 3 records
2025-09-18 22:33:05,598 - INFO - File 8824: Filtered 6217843 hits and 8 records
2025-09-18 22:33:06,369 - INFO - Completed /viper/ptmp/arego/RC4K1_EN_100/27849.h5 in 8.54 seconds
2025-09-18 22:33:06,535 - INFO - Processing /viper/ptmp/arego/RC4K1/98.h5
2025-09-18 22:33:08,442 - INFO - File 98: Filtered 6515924 hits and 4 records
2025-09-18 22:33:10,564 - INFO - Completed /viper/ptmp/arego/RC4K1_EN_100/25737.h5 in 22.86 seconds
2025-09-18 22:33:10,746 - INFO - Processing /viper/ptmp/arego/RC4K1/18195.h5
2025-09-18 22:33:12,676 - INFO - File 18195: Filtered 6684090 hits and 8 records
2025-09-18 22:33:15,311 - INFO - Completed /viper/ptmp/arego/RC4K1_EN_100/5751.h5 in 18.15 seconds
2025-09-18 22:33:15,480 - INFO - Processing /viper/ptmp/arego/RC4K1/25383.h5
2025-09-18 22:33:17,558 - INFO - File 25383: Filtered 3988750 hits and 6 records
2025-09-18 22:33:17,730 - INFO - Completed /viper/ptmp/arego/RC4K1_EN_100/1198.h5 in 18.97 seconds
2025-09-18 22:33:17,924 - INFO - Processing /viper/ptmp/arego/RC4K1/11993.h5
2025-09-18 22:33:19,988 - INFO - File 11993: Filtered 5931006 hits and 7 records
2025-09-18 22:33:20,122 - INFO - Completed /viper/ptmp/arego/RC4K1_EN_100/8824.h5 in 16.50 seconds
2025-09-18 22:33:20,341 - INFO - Processing /viper/ptmp/arego/RC4K1/22429.h5
2025-09-18 22:33:22,158 - INFO - Completed /viper/ptmp/arego/RC4K1_EN_100/98.h5 in 15.62 seconds
2025-09-18 22:33:22,347 - INFO - Processing /viper/ptmp/arego/RC4K1/5989.h5
2025-09-18 22:33:22,498 - INFO - File 22429: Filtered 3186658 hits and 5 records
2025-09-18 22:33:24,445 - INFO - File 5989: Filtered 3930256 hits and 3 records
2025-09-18 22:33:24,634 - INFO - Completed /viper/ptmp/arego/RC4K1_EN_100/21018.h5 in 24.18 seconds
2025-09-18 22:33:24,841 - INFO - Processing /viper/ptmp/arego/RC4K1/16544.h5
2025-09-18 22:33:25,013 - INFO - Completed /viper/ptmp/arego/RC4K1_EN_100/18195.h5 in 14.27 seconds
2025-09-18 22:33:25,749 - INFO - Processing /viper/ptmp/arego/RC4K1/23134.h5
2025-09-18 22:33:25,872 - INFO - Completed /viper/ptmp/arego/RC4K1_EN_100/23083.h5 in 26.15 seconds
2025-09-18 22:33:26,272 - INFO - Processing /viper/ptmp/arego/RC4K1/17594.h5
2025-09-18 22:33:26,864 - INFO - File 16544: Filtered 6179547 hits and 9 records
2025-09-18 22:33:28,102 - INFO - File 23134: Filtered 4759441 hits and 9 records
2025-09-18 22:33:28,550 - INFO - File 17594: Filtered 8992803 hits and 5 records
2025-09-18 22:33:34,536 - INFO - Completed /viper/ptmp/arego/RC4K1_EN_100/8246.h5 in 32.11 seconds
2025-09-18 22:33:34,703 - INFO - Processing /viper/ptmp/arego/RC4K1/27185.h5
2025-09-18 22:33:35,311 - INFO - Completed /viper/ptmp/arego/RC4K1_EN_100/17594.h5 in 9.04 seconds
2025-09-18 22:33:35,505 - INFO - Processing /viper/ptmp/arego/RC4K1/21135.h5
2025-09-18 22:33:36,885 - INFO - File 27185: Filtered 6391014 hits and 7 records
2025-09-18 22:33:37,765 - INFO - File 21135: Filtered 5349192 hits and 6 records
2025-09-18 22:33:38,217 - INFO - Completed /viper/ptmp/arego/RC4K1_EN_100/11993.h5 in 20.29 seconds
2025-09-18 22:33:38,388 - INFO - Processing /viper/ptmp/arego/RC4K1/1051.h5
2025-09-18 22:33:40,554 - INFO - File 1051: Filtered 5327416 hits and 9 records
2025-09-18 22:33:42,075 - INFO - Completed /viper/ptmp/arego/RC4K1_EN_100/25383.h5 in 26.59 seconds
2025-09-18 22:33:42,241 - INFO - Processing /viper/ptmp/arego/RC4K1/26665.h5
2025-09-18 22:33:44,483 - INFO - File 26665: Filtered 6478702 hits and 8 records
2025-09-18 22:33:45,421 - INFO - Completed /viper/ptmp/arego/RC4K1_EN_100/16544.h5 in 20.58 seconds
2025-09-18 22:33:45,586 - INFO - Processing /viper/ptmp/arego/RC4K1/29022.h5
2025-09-18 22:33:47,793 - INFO - File 29022: Filtered 6428879 hits and 8 records
2025-09-18 22:33:50,557 - INFO - Completed /viper/ptmp/arego/RC4K1_EN_100/5989.h5 in 28.21 seconds
2025-09-18 22:33:50,763 - INFO - Processing /viper/ptmp/arego/RC4K1/17666.h5
2025-09-18 22:33:51,458 - INFO - Completed /viper/ptmp/arego/RC4K1_EN_100/23134.h5 in 25.71 seconds
2025-09-18 22:33:51,668 - INFO - Completed /viper/ptmp/arego/RC4K1_EN_100/22429.h5 in 31.33 seconds
2025-09-18 22:33:51,669 - INFO - Processing /viper/ptmp/arego/RC4K1/11887.h5
2025-09-18 22:33:52,465 - INFO - Processing /viper/ptmp/arego/RC4K1/25739.h5
2025-09-18 22:33:53,129 - INFO - File 17666: Filtered 4763563 hits and 8 records
2025-09-18 22:33:54,205 - INFO - File 11887: Filtered 3605748 hits and 2 records
2025-09-18 22:33:55,001 - INFO - File 25739: Filtered 9324018 hits and 9 records
2025-09-18 22:33:55,045 - INFO - Completed /viper/ptmp/arego/RC4K1_EN_100/27185.h5 in 20.34 seconds
2025-09-18 22:33:55,304 - INFO - Processing /viper/ptmp/arego/RC4K1/28415.h5
2025-09-18 22:33:57,718 - INFO - File 28415: Filtered 4833624 hits and 5 records
2025-09-18 22:34:00,206 - INFO - Completed /viper/ptmp/arego/RC4K1_EN_100/21135.h5 in 24.70 seconds
2025-09-18 22:34:00,413 - INFO - Processing /viper/ptmp/arego/RC4K1/28892.h5
2025-09-18 22:34:02,679 - INFO - File 28892: Filtered 9974023 hits and 6 records
2025-09-18 22:34:02,988 - INFO - Completed /viper/ptmp/arego/RC4K1_EN_100/1051.h5 in 24.60 seconds
2025-09-18 22:34:03,073 - INFO - Completed /viper/ptmp/arego/RC4K1_EN_100/26665.h5 in 20.83 seconds
2025-09-18 22:34:03,140 - INFO - Processing /viper/ptmp/arego/RC4K1/23331.h5
2025-09-18 22:34:03,873 - INFO - Processing /viper/ptmp/arego/RC4K1/28612.h5
2025-09-18 22:34:04,647 - INFO - Completed /viper/ptmp/arego/RC4K1_EN_100/25739.h5 in 12.18 seconds
2025-09-18 22:34:04,851 - INFO - Processing /viper/ptmp/arego/RC4K1/16103.h5
2025-09-18 22:34:05,499 - INFO - File 23331: Filtered 4251153 hits and 8 records
2025-09-18 22:34:06,475 - INFO - File 28612: Filtered 3974773 hits and 4 records
2025-09-18 22:34:07,499 - INFO - File 16103: Filtered 2724579 hits and 5 records
2025-09-18 22:34:07,960 - INFO - Completed /viper/ptmp/arego/RC4K1_EN_100/29022.h5 in 22.37 seconds
2025-09-18 22:34:08,181 - INFO - Processing /viper/ptmp/arego/RC4K1/29657.h5
2025-09-18 22:34:10,533 - INFO - Completed /viper/ptmp/arego/RC4K1_EN_100/28892.h5 in 10.12 seconds
2025-09-18 22:34:10,587 - INFO - File 29657: Filtered 5525807 hits and 9 records
2025-09-18 22:34:10,716 - INFO - Processing /viper/ptmp/arego/RC4K1/19819.h5
2025-09-18 22:34:13,120 - INFO - File 19819: Filtered 8614642 hits and 9 records
2025-09-18 22:34:19,839 - INFO - Completed /viper/ptmp/arego/RC4K1_EN_100/17666.h5 in 29.08 seconds
2025-09-18 22:34:19,999 - INFO - Processing /viper/ptmp/arego/RC4K1/29775.h5
2025-09-18 22:34:22,341 - INFO - File 29775: Filtered 8535470 hits and 8 records
2025-09-18 22:34:24,797 - INFO - Completed /viper/ptmp/arego/RC4K1_EN_100/11887.h5 in 33.13 seconds
2025-09-18 22:34:24,972 - INFO - Processing /viper/ptmp/arego/RC4K1/21430.h5
2025-09-18 22:34:25,210 - INFO - Completed /viper/ptmp/arego/RC4K1_EN_100/28415.h5 in 29.91 seconds
2025-09-18 22:34:25,738 - INFO - Processing /viper/ptmp/arego/RC4K1/4705.h5
2025-09-18 22:34:27,538 - INFO - File 21430: Filtered 5404576 hits and 6 records
2025-09-18 22:34:27,926 - INFO - Completed /viper/ptmp/arego/RC4K1_EN_100/19819.h5 in 17.21 seconds
2025-09-18 22:34:28,147 - INFO - Processing /viper/ptmp/arego/RC4K1/23993.h5
2025-09-18 22:34:28,539 - INFO - File 4705: Filtered 8675420 hits and 9 records
2025-09-18 22:34:30,627 - INFO - File 23993: Filtered 6501525 hits and 4 records
2025-09-18 22:34:36,540 - INFO - Completed /viper/ptmp/arego/RC4K1_EN_100/23331.h5 in 33.40 seconds
2025-09-18 22:34:36,742 - INFO - Processing /viper/ptmp/arego/RC4K1/25303.h5
2025-09-18 22:34:37,328 - INFO - Completed /viper/ptmp/arego/RC4K1_EN_100/29657.h5 in 29.15 seconds
2025-09-18 22:34:37,655 - INFO - Processing /viper/ptmp/arego/RC4K1/6340.h5
2025-09-18 22:34:37,728 - INFO - Completed /viper/ptmp/arego/RC4K1_EN_100/28612.h5 in 33.86 seconds
2025-09-18 22:34:38,078 - INFO - Completed /viper/ptmp/arego/RC4K1_EN_100/29775.h5 in 18.08 seconds
2025-09-18 22:34:38,211 - INFO - Processing /viper/ptmp/arego/RC4K1/26685.h5
2025-09-18 22:34:38,893 - INFO - Processing /viper/ptmp/arego/RC4K1/10730.h5
2025-09-18 22:34:39,368 - INFO - File 25303: Filtered 4962449 hits and 5 records
2025-09-18 22:34:40,662 - INFO - File 6340: Filtered 8728095 hits and 11 records
2025-09-18 22:34:41,664 - INFO - File 26685: Filtered 4960930 hits and 5 records
2025-09-18 22:34:42,216 - INFO - File 10730: Filtered 9458416 hits and 9 records
2025-09-18 22:34:43,974 - INFO - Completed /viper/ptmp/arego/RC4K1_EN_100/16103.h5 in 39.12 seconds
2025-09-18 22:34:44,144 - INFO - Processing /viper/ptmp/arego/RC4K1/20344.h5
2025-09-18 22:34:45,351 - INFO - Completed /viper/ptmp/arego/RC4K1_EN_100/4705.h5 in 19.61 seconds
2025-09-18 22:34:45,523 - INFO - Processing /viper/ptmp/arego/RC4K1/10284.h5
2025-09-18 22:34:46,774 - INFO - File 20344: Filtered 6781833 hits and 4 records
2025-09-18 22:34:48,433 - INFO - File 10284: Filtered 7993614 hits and 8 records
2025-09-18 22:34:56,091 - INFO - Completed /viper/ptmp/arego/RC4K1_EN_100/21430.h5 in 31.12 seconds
2025-09-18 22:34:56,253 - INFO - Processing /viper/ptmp/arego/RC4K1/14746.h5
2025-09-18 22:34:56,823 - INFO - Completed /viper/ptmp/arego/RC4K1_EN_100/23993.h5 in 28.68 seconds
2025-09-18 22:34:57,030 - INFO - Processing /viper/ptmp/arego/RC4K1/2200.h5
2025-09-18 22:34:58,908 - INFO - File 14746: Filtered 9775892 hits and 7 records
2025-09-18 22:34:59,036 - INFO - Completed /viper/ptmp/arego/RC4K1_EN_100/6340.h5 in 21.38 seconds
2025-09-18 22:34:59,258 - INFO - Processing /viper/ptmp/arego/RC4K1/1832.h5
2025-09-18 22:34:59,808 - INFO - Completed /viper/ptmp/arego/RC4K1_EN_100/10730.h5 in 20.92 seconds
2025-09-18 22:35:00,032 - INFO - File 2200: Filtered 9312347 hits and 5 records
2025-09-18 22:35:00,117 - INFO - Processing /viper/ptmp/arego/RC4K1/15411.h5
2025-09-18 22:35:02,350 - INFO - File 1832: Filtered 6044219 hits and 6 records
2025-09-18 22:35:03,331 - INFO - File 15411: Filtered 5066184 hits and 5 records
2025-09-18 22:35:13,001 - INFO - Completed /viper/ptmp/arego/RC4K1_EN_100/10284.h5 in 27.48 seconds
2025-09-18 22:35:13,220 - INFO - Processing /viper/ptmp/arego/RC4K1/28410.h5
2025-09-18 22:35:13,542 - INFO - Completed /viper/ptmp/arego/RC4K1_EN_100/25303.h5 in 36.80 seconds
2025-09-18 22:35:13,977 - INFO - Processing /viper/ptmp/arego/RC4K1/12871.h5
2025-09-18 22:35:15,187 - INFO - Completed /viper/ptmp/arego/RC4K1_EN_100/20344.h5 in 31.04 seconds
2025-09-18 22:35:15,364 - INFO - Processing /viper/ptmp/arego/RC4K1/17740.h5
2025-09-18 22:35:16,448 - INFO - Completed /viper/ptmp/arego/RC4K1_EN_100/26685.h5 in 38.24 seconds
2025-09-18 22:35:16,635 - INFO - File 28410: Filtered 6738481 hits and 5 records
2025-09-18 22:35:16,660 - INFO - Processing /viper/ptmp/arego/RC4K1/25632.h5
2025-09-18 22:35:17,001 - INFO - Completed /viper/ptmp/arego/RC4K1_EN_100/14746.h5 in 20.75 seconds
2025-09-18 22:35:17,159 - INFO - File 12871: Filtered 6904061 hits and 6 records
2025-09-18 22:35:17,685 - INFO - Processing /viper/ptmp/arego/RC4K1/2009.h5
2025-09-18 22:35:18,721 - INFO - File 17740: Filtered 11309012 hits and 7 records
2025-09-18 22:35:19,941 - INFO - File 25632: Filtered 7985315 hits and 9 records
2025-09-18 22:35:20,844 - INFO - Completed /viper/ptmp/arego/RC4K1_EN_100/2200.h5 in 23.81 seconds
2025-09-18 22:35:20,940 - INFO - File 2009: Filtered 11342055 hits and 7 records
2025-09-18 22:35:21,025 - INFO - Processing /viper/ptmp/arego/RC4K1/6992.h5
2025-09-18 22:35:23,913 - INFO - File 6992: Filtered 11626366 hits and 7 records
2025-09-18 22:35:34,657 - INFO - Completed /viper/ptmp/arego/RC4K1_EN_100/17740.h5 in 19.29 seconds
2025-09-18 22:35:34,831 - INFO - Processing /viper/ptmp/arego/RC4K1/9735.h5
2025-09-18 22:35:36,760 - INFO - Completed /viper/ptmp/arego/RC4K1_EN_100/2009.h5 in 19.07 seconds
2025-09-18 22:35:36,967 - INFO - Processing /viper/ptmp/arego/RC4K1/29731.h5
2025-09-18 22:35:37,348 - INFO - Completed /viper/ptmp/arego/RC4K1_EN_100/1832.h5 in 38.09 seconds
2025-09-18 22:35:37,762 - INFO - File 9735: Filtered 13678578 hits and 8 records
2025-09-18 22:35:37,909 - INFO - Processing /viper/ptmp/arego/RC4K1/25219.h5
2025-09-18 22:35:39,568 - INFO - Completed /viper/ptmp/arego/RC4K1_EN_100/6992.h5 in 18.54 seconds
2025-09-18 22:35:39,799 - INFO - Processing /viper/ptmp/arego/RC4K1/28868.h5
2025-09-18 22:35:40,134 - INFO - File 29731: Filtered 3476223 hits and 4 records
2025-09-18 22:35:41,348 - INFO - File 25219: Filtered 9041754 hits and 8 records
2025-09-18 22:35:41,738 - INFO - Completed /viper/ptmp/arego/RC4K1_EN_100/15411.h5 in 41.62 seconds
2025-09-18 22:35:41,985 - INFO - Processing /viper/ptmp/arego/RC4K1/11440.h5
2025-09-18 22:35:43,261 - INFO - File 28868: Filtered 9038360 hits and 10 records
2025-09-18 22:35:45,067 - INFO - File 11440: Filtered 12731830 hits and 8 records
2025-09-18 22:35:46,286 - INFO - Completed /viper/ptmp/arego/RC4K1_EN_100/9735.h5 in 11.45 seconds
2025-09-18 22:35:46,469 - INFO - Processing /viper/ptmp/arego/RC4K1/29855.h5
2025-09-18 22:35:48,772 - INFO - Completed /viper/ptmp/arego/RC4K1_EN_100/25632.h5 in 32.11 seconds
2025-09-18 22:35:48,948 - INFO - Processing /viper/ptmp/arego/RC4K1/15910.h5
2025-09-18 22:35:49,725 - INFO - File 29855: Filtered 8539472 hits and 8 records
2025-09-18 22:35:50,265 - INFO - Completed /viper/ptmp/arego/RC4K1_EN_100/28410.h5 in 37.04 seconds
2025-09-18 22:35:50,441 - INFO - Processing /viper/ptmp/arego/RC4K1/12893.h5
2025-09-18 22:35:51,516 - INFO - Completed /viper/ptmp/arego/RC4K1_EN_100/12871.h5 in 37.54 seconds
2025-09-18 22:35:51,691 - INFO - Processing /viper/ptmp/arego/RC4K1/15697.h5
2025-09-18 22:35:51,949 - INFO - File 15910: Filtered 14372586 hits and 8 records
2025-09-18 22:35:53,509 - INFO - File 12893: Filtered 11455381 hits and 9 records
2025-09-18 22:35:54,860 - INFO - File 15697: Filtered 8229736 hits and 7 records
2025-09-18 22:35:57,854 - INFO - Completed /viper/ptmp/arego/RC4K1_EN_100/11440.h5 in 15.87 seconds
2025-09-18 22:35:58,004 - INFO - Processing /viper/ptmp/arego/RC4K1/21995.h5
2025-09-18 22:35:58,892 - INFO - Completed /viper/ptmp/arego/RC4K1_EN_100/15910.h5 in 9.94 seconds
2025-09-18 22:35:59,057 - INFO - Processing /viper/ptmp/arego/RC4K1/10865.h5
2025-09-18 22:36:01,081 - INFO - File 21995: Filtered 9395769 hits and 11 records
2025-09-18 22:36:02,536 - INFO - File 10865: Filtered 8616910 hits and 9 records
2025-09-18 22:36:08,549 - INFO - Completed /viper/ptmp/arego/RC4K1_EN_100/25219.h5 in 30.64 seconds
2025-09-18 22:36:08,706 - INFO - Processing /viper/ptmp/arego/RC4K1/27165.h5
2025-09-18 22:36:11,037 - INFO - Completed /viper/ptmp/arego/RC4K1_EN_100/28868.h5 in 31.24 seconds
2025-09-18 22:36:11,242 - INFO - Processing /viper/ptmp/arego/RC4K1/13688.h5
2025-09-18 22:36:11,833 - INFO - File 27165: Filtered 12792287 hits and 8 records
2025-09-18 22:36:12,849 - INFO - Completed /viper/ptmp/arego/RC4K1_EN_100/12893.h5 in 22.41 seconds
2025-09-18 22:36:13,015 - INFO - Processing /viper/ptmp/arego/RC4K1/10028.h5
2025-09-18 22:36:14,394 - INFO - File 13688: Filtered 10101868 hits and 9 records
2025-09-18 22:36:16,288 - INFO - File 10028: Filtered 10724826 hits and 7 records
2025-09-18 22:36:19,443 - INFO - Completed /viper/ptmp/arego/RC4K1_EN_100/29855.h5 in 32.97 seconds
2025-09-18 22:36:19,596 - INFO - Processing /viper/ptmp/arego/RC4K1/10179.h5
2025-09-18 22:36:22,887 - INFO - File 10179: Filtered 6113121 hits and 7 records
2025-09-18 22:36:26,247 - INFO - Completed /viper/ptmp/arego/RC4K1_EN_100/15697.h5 in 34.56 seconds
2025-09-18 22:36:26,402 - INFO - Processing /viper/ptmp/arego/RC4K1/17679.h5
2025-09-18 22:36:28,117 - INFO - Completed /viper/ptmp/arego/RC4K1_EN_100/21995.h5 in 30.11 seconds
2025-09-18 22:36:28,120 - INFO - Completed /viper/ptmp/arego/RC4K1_EN_100/27165.h5 in 19.41 seconds
2025-09-18 22:36:28,325 - INFO - Processing /viper/ptmp/arego/RC4K1/6877.h5
2025-09-18 22:36:29,112 - INFO - Processing /viper/ptmp/arego/RC4K1/3802.h5
2025-09-18 22:36:29,622 - INFO - File 17679: Filtered 8948683 hits and 7 records
2025-09-18 22:36:29,870 - INFO - Completed /viper/ptmp/arego/RC4K1_EN_100/29731.h5 in 52.90 seconds
2025-09-18 22:36:30,110 - INFO - Processing /viper/ptmp/arego/RC4K1/26962.h5
2025-09-18 22:36:32,103 - INFO - File 6877: Filtered 5685712 hits and 4 records
2025-09-18 22:36:32,959 - INFO - File 3802: Filtered 10934198 hits and 5 records
2025-09-18 22:36:34,202 - INFO - File 26962: Filtered 12158330 hits and 8 records
2025-09-18 22:36:35,339 - INFO - Completed /viper/ptmp/arego/RC4K1_EN_100/10865.h5 in 36.28 seconds
2025-09-18 22:36:35,492 - INFO - Processing /viper/ptmp/arego/RC4K1/14695.h5
2025-09-18 22:36:38,895 - INFO - File 14695: Filtered 6128190 hits and 5 records
2025-09-18 22:36:41,200 - INFO - Completed /viper/ptmp/arego/RC4K1_EN_100/13688.h5 in 29.96 seconds
2025-09-18 22:36:41,331 - INFO - Completed /viper/ptmp/arego/RC4K1_EN_100/10028.h5 in 28.32 seconds
2025-09-18 22:36:41,352 - INFO - Processing /viper/ptmp/arego/RC4K1/24561.h5
2025-09-18 22:36:41,939 - INFO - Processing /viper/ptmp/arego/RC4K1/7886.h5
2025-09-18 22:36:44,825 - INFO - File 24561: Filtered 9526765 hits and 8 records
2025-09-18 22:36:45,605 - INFO - File 7886: Filtered 9825879 hits and 4 records
2025-09-18 22:36:54,830 - INFO - Completed /viper/ptmp/arego/RC4K1_EN_100/26962.h5 in 24.72 seconds
2025-09-18 22:36:54,984 - INFO - Processing /viper/ptmp/arego/RC4K1/12818.h5
2025-09-18 22:36:58,326 - INFO - File 12818: Filtered 10017912 hits and 7 records
2025-09-18 22:36:58,460 - INFO - Completed /viper/ptmp/arego/RC4K1_EN_100/3802.h5 in 29.35 seconds
2025-09-18 22:36:58,661 - INFO - Processing /viper/ptmp/arego/RC4K1/8206.h5
2025-09-18 22:37:01,608 - INFO - Completed /viper/ptmp/arego/RC4K1_EN_100/17679.h5 in 35.21 seconds
2025-09-18 22:37:01,784 - INFO - Processing /viper/ptmp/arego/RC4K1/13780.h5
2025-09-18 22:37:02,142 - INFO - File 8206: Filtered 5870647 hits and 6 records
2025-09-18 22:37:05,325 - INFO - File 13780: Filtered 5997882 hits and 5 records
2025-09-18 22:37:06,638 - INFO - Completed /viper/ptmp/arego/RC4K1_EN_100/10179.h5 in 47.04 seconds
2025-09-18 22:37:06,814 - INFO - Processing /viper/ptmp/arego/RC4K1/8395.h5
2025-09-18 22:37:10,249 - INFO - File 8395: Filtered 12798492 hits and 10 records
2025-09-18 22:37:15,813 - INFO - Completed /viper/ptmp/arego/RC4K1_EN_100/24561.h5 in 34.46 seconds
2025-09-18 22:37:15,980 - INFO - Processing /viper/ptmp/arego/RC4K1/6905.h5
2025-09-18 22:37:17,269 - INFO - Completed /viper/ptmp/arego/RC4K1_EN_100/7886.h5 in 35.33 seconds
2025-09-18 22:37:17,475 - INFO - Processing /viper/ptmp/arego/RC4K1/11911.h5
2025-09-18 22:37:19,596 - INFO - File 6905: Filtered 9216487 hits and 6 records
2025-09-18 22:37:19,653 - INFO - Completed /viper/ptmp/arego/RC4K1_EN_100/6877.h5 in 51.33 seconds
2025-09-18 22:37:19,879 - INFO - Processing /viper/ptmp/arego/RC4K1/23876.h5
2025-09-18 22:37:21,120 - INFO - File 11911: Filtered 13698464 hits and 10 records
2025-09-18 22:37:22,557 - INFO - Completed /viper/ptmp/arego/RC4K1_EN_100/14695.h5 in 47.06 seconds
2025-09-18 22:37:22,818 - INFO - Processing /viper/ptmp/arego/RC4K1/5148.h5
2025-09-18 22:37:24,005 - INFO - File 23876: Filtered 6401041 hits and 6 records
2025-09-18 22:37:26,884 - INFO - File 5148: Filtered 11256712 hits and 5 records
2025-09-18 22:37:30,355 - INFO - Completed /viper/ptmp/arego/RC4K1_EN_100/12818.h5 in 35.37 seconds
2025-09-18 22:37:30,522 - INFO - Processing /viper/ptmp/arego/RC4K1/21917.h5
2025-09-18 22:37:30,775 - INFO - Completed /viper/ptmp/arego/RC4K1_EN_100/8395.h5 in 23.96 seconds
2025-09-18 22:37:31,200 - INFO - Processing /viper/ptmp/arego/RC4K1/19161.h5
2025-09-18 22:37:34,809 - INFO - File 21917: Filtered 11643595 hits and 6 records
2025-09-18 22:37:35,540 - INFO - File 19161: Filtered 10466508 hits and 9 records
2025-09-18 22:37:39,698 - INFO - Completed /viper/ptmp/arego/RC4K1_EN_100/11911.h5 in 22.22 seconds
2025-09-18 22:37:39,860 - INFO - Processing /viper/ptmp/arego/RC4K1/24005.h5
2025-09-18 22:37:43,845 - INFO - File 24005: Filtered 11744072 hits and 6 records
2025-09-18 22:37:48,039 - INFO - Completed /viper/ptmp/arego/RC4K1_EN_100/13780.h5 in 46.25 seconds
2025-09-18 22:37:48,239 - INFO - Processing /viper/ptmp/arego/RC4K1/21329.h5
2025-09-18 22:37:49,909 - INFO - Completed /viper/ptmp/arego/RC4K1_EN_100/8206.h5 in 51.25 seconds
2025-09-18 22:37:50,065 - INFO - Processing /viper/ptmp/arego/RC4K1/7597.h5
2025-09-18 22:37:52,315 - INFO - File 21329: Filtered 13965138 hits and 7 records
2025-09-18 22:37:54,449 - INFO - File 7597: Filtered 7958691 hits and 6 records
2025-09-18 22:37:56,387 - INFO - Completed /viper/ptmp/arego/RC4K1_EN_100/6905.h5 in 40.41 seconds
2025-09-18 22:37:56,539 - INFO - Processing /viper/ptmp/arego/RC4K1/21768.h5
2025-09-18 22:38:00,527 - INFO - File 21768: Filtered 15611182 hits and 8 records
2025-09-18 22:38:00,632 - INFO - Completed /viper/ptmp/arego/RC4K1_EN_100/5148.h5 in 37.81 seconds
2025-09-18 22:38:00,823 - INFO - Processing /viper/ptmp/arego/RC4K1/12691.h5
2025-09-18 22:38:04,992 - INFO - File 12691: Filtered 10761065 hits and 9 records
2025-09-18 22:38:05,510 - INFO - Completed /viper/ptmp/arego/RC4K1_EN_100/21917.h5 in 34.99 seconds
2025-09-18 22:38:05,692 - INFO - Processing /viper/ptmp/arego/RC4K1/11128.h5
2025-09-18 22:38:09,855 - INFO - File 11128: Filtered 6228031 hits and 3 records
2025-09-18 22:38:09,968 - INFO - Completed /viper/ptmp/arego/RC4K1_EN_100/19161.h5 in 38.77 seconds
2025-09-18 22:38:10,184 - INFO - Processing /viper/ptmp/arego/RC4K1/2168.h5
2025-09-18 22:38:14,301 - INFO - File 2168: Filtered 14027975 hits and 9 records
2025-09-18 22:38:16,056 - INFO - Completed /viper/ptmp/arego/RC4K1_EN_100/21329.h5 in 27.82 seconds
2025-09-18 22:38:16,223 - INFO - Processing /viper/ptmp/arego/RC4K1/18420.h5
2025-09-18 22:38:17,151 - INFO - Completed /viper/ptmp/arego/RC4K1_EN_100/24005.h5 in 37.29 seconds
2025-09-18 22:38:17,319 - INFO - Processing /viper/ptmp/arego/RC4K1/2001.h5
2025-09-18 22:38:17,574 - INFO - Completed /viper/ptmp/arego/RC4K1_EN_100/23876.h5 in 57.70 seconds
2025-09-18 22:38:18,052 - INFO - Processing /viper/ptmp/arego/RC4K1/19591.h5
2025-09-18 22:38:20,215 - INFO - Completed /viper/ptmp/arego/RC4K1_EN_100/21768.h5 in 23.68 seconds
2025-09-18 22:38:20,421 - INFO - Processing /viper/ptmp/arego/RC4K1/15659.h5
2025-09-18 22:38:20,667 - INFO - File 18420: Filtered 12454985 hits and 8 records
2025-09-18 22:38:22,408 - INFO - File 2001: Filtered 10280572 hits and 6 records
2025-09-18 22:38:23,231 - INFO - File 19591: Filtered 7089063 hits and 6 records
2025-09-18 22:38:25,596 - INFO - File 15659: Filtered 4085076 hits and 4 records
2025-09-18 22:38:41,473 - INFO - Completed /viper/ptmp/arego/RC4K1_EN_100/2168.h5 in 31.29 seconds
2025-09-18 22:38:41,628 - INFO - Processing /viper/ptmp/arego/RC4K1/8156.h5
2025-09-18 22:38:42,342 - INFO - Completed /viper/ptmp/arego/RC4K1_EN_100/12691.h5 in 41.52 seconds
2025-09-18 22:38:42,570 - INFO - Processing /viper/ptmp/arego/RC4K1/10557.h5
2025-09-18 22:38:46,369 - INFO - File 8156: Filtered 1275823 hits and 6 records
2025-09-18 22:38:47,142 - INFO - File 10557: Filtered 11790654 hits and 9 records
2025-09-18 22:38:47,162 - INFO - Completed /viper/ptmp/arego/RC4K1_EN_100/7597.h5 in 57.10 seconds
2025-09-18 22:38:47,359 - INFO - Processing /viper/ptmp/arego/RC4K1/29336.h5
2025-09-18 22:38:51,663 - INFO - File 29336: Filtered 18837638 hits and 8 records
2025-09-18 22:38:54,557 - INFO - Completed /viper/ptmp/arego/RC4K1_EN_100/18420.h5 in 38.33 seconds
2025-09-18 22:38:54,710 - INFO - Processing /viper/ptmp/arego/RC4K1/9454.h5
2025-09-18 22:38:59,143 - INFO - File 9454: Filtered 7111928 hits and 8 records
2025-09-18 22:39:00,108 - INFO - Completed /viper/ptmp/arego/RC4K1_EN_100/2001.h5 in 42.79 seconds
2025-09-18 22:39:00,272 - INFO - Processing /viper/ptmp/arego/RC4K1/21120.h5
2025-09-18 22:39:02,511 - INFO - Completed /viper/ptmp/arego/RC4K1_EN_100/29336.h5 in 15.15 seconds
2025-09-18 22:39:02,674 - INFO - Processing /viper/ptmp/arego/RC4K1/29367.h5
2025-09-18 22:39:04,714 - INFO - File 21120: Filtered 10781596 hits and 9 records
2025-09-18 22:39:07,303 - INFO - File 29367: Filtered 11822709 hits and 7 records
2025-09-18 22:39:08,401 - INFO - Completed /viper/ptmp/arego/RC4K1_EN_100/11128.h5 in 62.71 seconds
2025-09-18 22:39:08,616 - INFO - Processing /viper/ptmp/arego/RC4K1/9528.h5
2025-09-18 22:39:12,815 - INFO - File 9528: Filtered 16658335 hits and 7 records
2025-09-18 22:39:24,426 - INFO - Completed /viper/ptmp/arego/RC4K1_EN_100/19591.h5 in 66.37 seconds
2025-09-18 22:39:24,594 - INFO - Processing /viper/ptmp/arego/RC4K1/29400.h5
2025-09-18 22:39:25,252 - INFO - Completed /viper/ptmp/arego/RC4K1_EN_100/10557.h5 in 42.68 seconds
2025-09-18 22:39:25,424 - INFO - Processing /viper/ptmp/arego/RC4K1/2041.h5
2025-09-18 22:39:29,480 - INFO - File 29400: Filtered 10504079 hits and 5 records
2025-09-18 22:39:30,411 - INFO - File 2041: Filtered 10937040 hits and 8 records
2025-09-18 22:39:31,390 - INFO - Completed /viper/ptmp/arego/RC4K1_EN_100/15659.h5 in 70.97 seconds
2025-09-18 22:39:31,635 - INFO - Processing /viper/ptmp/arego/RC4K1/14885.h5
2025-09-18 22:39:33,321 - INFO - Completed /viper/ptmp/arego/RC4K1_EN_100/9528.h5 in 24.71 seconds
2025-09-18 22:39:33,541 - INFO - Processing /viper/ptmp/arego/RC4K1/20060.h5
2025-09-18 22:39:36,112 - INFO - File 14885: Filtered 14369772 hits and 8 records
2025-09-18 22:39:38,469 - INFO - File 20060: Filtered 8734461 hits and 5 records
2025-09-18 22:39:44,121 - INFO - Completed /viper/ptmp/arego/RC4K1_EN_100/29367.h5 in 41.45 seconds
2025-09-18 22:39:44,269 - INFO - Processing /viper/ptmp/arego/RC4K1/6874.h5
2025-09-18 22:39:45,142 - INFO - Completed /viper/ptmp/arego/RC4K1_EN_100/21120.h5 in 44.87 seconds
2025-09-18 22:39:45,307 - INFO - Processing /viper/ptmp/arego/RC4K1/11773.h5
2025-09-18 22:39:48,922 - INFO - File 6874: Filtered 12372213 hits and 10 records
2025-09-18 22:39:50,380 - INFO - File 11773: Filtered 11727215 hits and 8 records
2025-09-18 22:39:58,914 - INFO - Completed /viper/ptmp/arego/RC4K1_EN_100/9454.h5 in 64.20 seconds
2025-09-18 22:39:59,079 - INFO - Processing /viper/ptmp/arego/RC4K1/3908.h5
2025-09-18 22:40:03,544 - INFO - File 3908: Filtered 16296054 hits and 12 records
2025-09-18 22:40:08,136 - INFO - Completed /viper/ptmp/arego/RC4K1_EN_100/14885.h5 in 36.50 seconds
2025-09-18 22:40:08,310 - INFO - Processing /viper/ptmp/arego/RC4K1/24668.h5
2025-09-18 22:40:10,867 - INFO - Completed /viper/ptmp/arego/RC4K1_EN_100/2041.h5 in 45.44 seconds
2025-09-18 22:40:11,036 - INFO - Processing /viper/ptmp/arego/RC4K1/2375.h5
2025-09-18 22:40:12,925 - INFO - File 24668: Filtered 10241181 hits and 6 records
2025-09-18 22:40:14,221 - INFO - Completed /viper/ptmp/arego/RC4K1_EN_100/8156.h5 in 92.59 seconds
2025-09-18 22:40:14,457 - INFO - Processing /viper/ptmp/arego/RC4K1/27884.h5
2025-09-18 22:40:16,053 - INFO - File 2375: Filtered 14411055 hits and 7 records
2025-09-18 22:40:16,737 - INFO - Completed /viper/ptmp/arego/RC4K1_EN_100/29400.h5 in 52.14 seconds
2025-09-18 22:40:16,925 - INFO - Processing /viper/ptmp/arego/RC4K1/4119.h5
2025-09-18 22:40:20,047 - INFO - File 27884: Filtered 15060053 hits and 9 records
2025-09-18 22:40:21,979 - INFO - File 4119: Filtered 11757603 hits and 5 records
2025-09-18 22:40:29,200 - INFO - Completed /viper/ptmp/arego/RC4K1_EN_100/3908.h5 in 30.12 seconds
2025-09-18 22:40:29,365 - INFO - Processing /viper/ptmp/arego/RC4K1/18707.h5
2025-09-18 22:40:31,146 - INFO - Completed /viper/ptmp/arego/RC4K1_EN_100/6874.h5 in 46.88 seconds
2025-09-18 22:40:31,351 - INFO - Processing /viper/ptmp/arego/RC4K1/20231.h5
2025-09-18 22:40:34,141 - INFO - File 18707: Filtered 9825081 hits and 7 records
2025-09-18 22:40:34,691 - INFO - Completed /viper/ptmp/arego/RC4K1_EN_100/11773.h5 in 49.38 seconds
2025-09-18 22:40:34,933 - INFO - Processing /viper/ptmp/arego/RC4K1/25440.h5
2025-09-18 22:40:35,242 - INFO - Completed /viper/ptmp/arego/RC4K1_EN_100/20060.h5 in 61.70 seconds
2025-09-18 22:40:35,802 - INFO - Processing /viper/ptmp/arego/RC4K1/25159.h5
2025-09-18 22:40:36,532 - INFO - File 20231: Filtered 15377736 hits and 9 records
2025-09-18 22:40:40,027 - INFO - File 25440: Filtered 9162192 hits and 7 records
2025-09-18 22:40:41,361 - INFO - File 25159: Filtered 8325059 hits and 5 records
2025-09-18 22:40:49,965 - INFO - Completed /viper/ptmp/arego/RC4K1_EN_100/2375.h5 in 38.93 seconds
2025-09-18 22:40:50,214 - INFO - Processing /viper/ptmp/arego/RC4K1/867.h5
2025-09-18 22:40:55,327 - INFO - File 867: Filtered 10035641 hits and 7 records
2025-09-18 22:41:03,533 - INFO - Completed /viper/ptmp/arego/RC4K1_EN_100/27884.h5 in 49.08 seconds
2025-09-18 22:41:03,691 - INFO - Processing /viper/ptmp/arego/RC4K1/29496.h5
2025-09-18 22:41:04,633 - INFO - Completed /viper/ptmp/arego/RC4K1_EN_100/24668.h5 in 56.32 seconds
2025-09-18 22:41:04,805 - INFO - Processing /viper/ptmp/arego/RC4K1/3831.h5
2025-09-18 22:41:09,086 - INFO - Completed /viper/ptmp/arego/RC4K1_EN_100/4119.h5 in 52.16 seconds
2025-09-18 22:41:09,315 - INFO - File 29496: Filtered 9222318 hits and 6 records
2025-09-18 22:41:09,321 - INFO - Processing /viper/ptmp/arego/RC4K1/6607.h5
2025-09-18 22:41:10,322 - INFO - File 3831: Filtered 19903536 hits and 8 records
2025-09-18 22:41:10,601 - INFO - Completed /viper/ptmp/arego/RC4K1_EN_100/20231.h5 in 39.25 seconds
2025-09-18 22:41:10,797 - INFO - Processing /viper/ptmp/arego/RC4K1/28277.h5
2025-09-18 22:41:14,824 - INFO - File 6607: Filtered 9019127 hits and 5 records
2025-09-18 22:41:16,313 - INFO - File 28277: Filtered 14961017 hits and 4 records
2025-09-18 22:41:31,523 - INFO - Completed /viper/ptmp/arego/RC4K1_EN_100/18707.h5 in 62.16 seconds
2025-09-18 22:41:31,710 - INFO - Processing /viper/ptmp/arego/RC4K1/6554.h5
2025-09-18 22:41:34,056 - INFO - Completed /viper/ptmp/arego/RC4K1_EN_100/3831.h5 in 29.25 seconds
2025-09-18 22:41:34,221 - INFO - Processing /viper/ptmp/arego/RC4K1/15319.h5
2025-09-18 22:41:36,953 - INFO - File 6554: Filtered 11575541 hits and 7 records
2025-09-18 22:41:38,639 - INFO - Completed /viper/ptmp/arego/RC4K1_EN_100/25440.h5 in 63.71 seconds
2025-09-18 22:41:38,935 - INFO - Processing /viper/ptmp/arego/RC4K1/4022.h5
2025-09-18 22:41:39,846 - INFO - File 15319: Filtered 14450354 hits and 11 records
2025-09-18 22:41:44,353 - INFO - File 4022: Filtered 9492402 hits and 5 records
2025-09-18 22:41:45,537 - INFO - Completed /viper/ptmp/arego/RC4K1_EN_100/25159.h5 in 69.74 seconds
2025-09-18 22:41:45,711 - INFO - Processing /viper/ptmp/arego/RC4K1/5792.h5
2025-09-18 22:41:51,356 - INFO - File 5792: Filtered 11990090 hits and 7 records
2025-09-18 22:41:55,726 - INFO - Completed /viper/ptmp/arego/RC4K1_EN_100/867.h5 in 65.51 seconds
2025-09-18 22:41:55,933 - INFO - Processing /viper/ptmp/arego/RC4K1/18587.h5
2025-09-18 22:41:56,991 - INFO - Completed /viper/ptmp/arego/RC4K1_EN_100/28277.h5 in 46.19 seconds
2025-09-18 22:41:57,145 - INFO - Processing /viper/ptmp/arego/RC4K1/29925.h5
2025-09-18 22:42:01,398 - INFO - File 18587: Filtered 24483378 hits and 8 records
2025-09-18 22:42:02,620 - INFO - File 29925: Filtered 12719978 hits and 5 records
2025-09-18 22:42:09,451 - INFO - Completed /viper/ptmp/arego/RC4K1_EN_100/18587.h5 in 13.52 seconds
2025-09-18 22:42:09,612 - INFO - Processing /viper/ptmp/arego/RC4K1/6592.h5
2025-09-18 22:42:12,959 - INFO - Completed /viper/ptmp/arego/RC4K1_EN_100/29496.h5 in 69.27 seconds
2025-09-18 22:42:13,237 - INFO - Processing /viper/ptmp/arego/RC4K1/6040.h5
2025-09-18 22:42:14,894 - INFO - File 6592: Filtered 16481223 hits and 12 records
2025-09-18 22:42:18,622 - INFO - File 6040: Filtered 14385905 hits and 6 records
2025-09-18 22:42:20,513 - INFO - Completed /viper/ptmp/arego/RC4K1_EN_100/6607.h5 in 71.19 seconds
2025-09-18 22:42:20,785 - INFO - Processing /viper/ptmp/arego/RC4K1/16071.h5
2025-09-18 22:42:26,202 - INFO - File 16071: Filtered 16445806 hits and 5 records
2025-09-18 22:42:29,094 - INFO - Completed /viper/ptmp/arego/RC4K1_EN_100/15319.h5 in 54.87 seconds
2025-09-18 22:42:29,263 - INFO - Processing /viper/ptmp/arego/RC4K1/16000.h5
2025-09-18 22:42:34,662 - INFO - File 16000: Filtered 15639012 hits and 5 records
2025-09-18 22:42:35,358 - INFO - Completed /viper/ptmp/arego/RC4K1_EN_100/6554.h5 in 63.65 seconds
2025-09-18 22:42:35,540 - INFO - Processing /viper/ptmp/arego/RC4K1/4199.h5
2025-09-18 22:42:40,787 - INFO - File 4199: Filtered 22460746 hits and 7 records
2025-09-18 22:42:50,944 - INFO - Completed /viper/ptmp/arego/RC4K1_EN_100/5792.h5 in 65.23 seconds
2025-09-18 22:42:51,190 - INFO - Processing /viper/ptmp/arego/RC4K1/20216.h5
2025-09-18 22:42:54,189 - INFO - Completed /viper/ptmp/arego/RC4K1_EN_100/6592.h5 in 44.58 seconds
2025-09-18 22:42:54,366 - INFO - Processing /viper/ptmp/arego/RC4K1/10882.h5
2025-09-18 22:42:55,995 - INFO - Completed /viper/ptmp/arego/RC4K1_EN_100/4022.h5 in 77.06 seconds
2025-09-18 22:42:56,201 - INFO - Processing /viper/ptmp/arego/RC4K1/17823.h5
2025-09-18 22:42:57,161 - INFO - File 20216: Filtered 7546309 hits and 6 records
2025-09-18 22:42:57,662 - INFO - Completed /viper/ptmp/arego/RC4K1_EN_100/29925.h5 in 60.52 seconds
2025-09-18 22:42:57,973 - INFO - Processing /viper/ptmp/arego/RC4K1/13983.h5
2025-09-18 22:43:00,959 - INFO - File 10882: Filtered 9734718 hits and 4 records
2025-09-18 22:43:01,964 - INFO - Completed /viper/ptmp/arego/RC4K1_EN_100/4199.h5 in 26.42 seconds
2025-09-18 22:43:02,168 - INFO - Processing /viper/ptmp/arego/RC4K1/1096.h5
2025-09-18 22:43:03,296 - INFO - File 17823: Filtered 13056552 hits and 7 records
2025-09-18 22:43:05,011 - INFO - File 13983: Filtered 19354436 hits and 9 records
2025-09-18 22:43:07,074 - INFO - Completed /viper/ptmp/arego/RC4K1_EN_100/6040.h5 in 53.84 seconds
2025-09-18 22:43:07,271 - INFO - Processing /viper/ptmp/arego/RC4K1/20427.h5
2025-09-18 22:43:08,130 - INFO - Completed /viper/ptmp/arego/RC4K1_EN_100/16071.h5 in 47.34 seconds
2025-09-18 22:43:08,280 - INFO - File 1096: Filtered 9927319 hits and 7 records
2025-09-18 22:43:08,370 - INFO - Processing /viper/ptmp/arego/RC4K1/5439.h5
2025-09-18 22:43:13,401 - INFO - File 20427: Filtered 15034674 hits and 8 records
2025-09-18 22:43:14,655 - INFO - File 5439: Filtered 15025143 hits and 7 records
2025-09-18 22:43:15,957 - INFO - Completed /viper/ptmp/arego/RC4K1_EN_100/16000.h5 in 46.69 seconds
2025-09-18 22:43:16,132 - INFO - Processing /viper/ptmp/arego/RC4K1/4889.h5
2025-09-18 22:43:21,666 - INFO - File 4889: Filtered 13390579 hits and 8 records
2025-09-18 22:43:37,645 - INFO - Completed /viper/ptmp/arego/RC4K1_EN_100/13983.h5 in 39.67 seconds
2025-09-18 22:43:37,821 - INFO - Processing /viper/ptmp/arego/RC4K1/5670.h5
2025-09-18 22:43:43,496 - INFO - File 5670: Filtered 14215997 hits and 7 records
2025-09-18 22:44:06,184 - INFO - Completed /viper/ptmp/arego/RC4K1_EN_100/17823.h5 in 69.98 seconds
2025-09-18 22:44:06,239 - INFO - Completed /viper/ptmp/arego/RC4K1_EN_100/5439.h5 in 57.87 seconds
2025-09-18 22:44:06,355 - INFO - Processing /viper/ptmp/arego/RC4K1/22003.h5
2025-09-18 22:44:06,976 - INFO - Processing /viper/ptmp/arego/RC4K1/20095.h5
2025-09-18 22:44:07,698 - INFO - Completed /viper/ptmp/arego/RC4K1_EN_100/20427.h5 in 60.43 seconds
2025-09-18 22:44:07,871 - INFO - Processing /viper/ptmp/arego/RC4K1/6331.h5
2025-09-18 22:44:13,035 - INFO - File 22003: Filtered 26767972 hits and 7 records
2025-09-18 22:44:14,012 - INFO - File 20095: Filtered 14446438 hits and 8 records
2025-09-18 22:44:14,432 - INFO - File 6331: Filtered 20603920 hits and 8 records
2025-09-18 22:44:19,574 - INFO - Completed /viper/ptmp/arego/RC4K1_EN_100/22003.h5 in 13.22 seconds
2025-09-18 22:44:19,746 - INFO - Processing /viper/ptmp/arego/RC4K1/20362.h5
2025-09-18 22:44:20,320 - INFO - Completed /viper/ptmp/arego/RC4K1_EN_100/10882.h5 in 85.95 seconds
2025-09-18 22:44:20,493 - INFO - Processing /viper/ptmp/arego/RC4K1/20979.h5
2025-09-18 22:44:24,259 - INFO - Completed /viper/ptmp/arego/RC4K1_EN_100/20216.h5 in 93.07 seconds
2025-09-18 22:44:24,530 - INFO - Processing /viper/ptmp/arego/RC4K1/17104.h5
2025-09-18 22:44:24,597 - INFO - Completed /viper/ptmp/arego/RC4K1_EN_100/4889.h5 in 68.47 seconds
2025-09-18 22:44:25,658 - INFO - Processing /viper/ptmp/arego/RC4K1/19501.h5
2025-09-18 22:44:25,833 - INFO - File 20362: Filtered 19142571 hits and 7 records
2025-09-18 22:44:26,685 - INFO - File 20979: Filtered 15270863 hits and 10 records
2025-09-18 22:44:26,812 - INFO - Completed /viper/ptmp/arego/RC4K1_EN_100/1096.h5 in 84.64 seconds
2025-09-18 22:44:27,093 - INFO - Processing /viper/ptmp/arego/RC4K1/145.h5
2025-09-18 22:44:31,197 - INFO - File 17104: Filtered 12161931 hits and 9 records
2025-09-18 22:44:32,706 - INFO - File 19501: Filtered 15535143 hits and 9 records
2025-09-18 22:44:34,068 - INFO - File 145: Filtered 15116324 hits and 6 records
2025-09-18 22:44:42,458 - INFO - Completed /viper/ptmp/arego/RC4K1_EN_100/5670.h5 in 64.64 seconds
2025-09-18 22:44:42,656 - INFO - Processing /viper/ptmp/arego/RC4K1/16672.h5
2025-09-18 22:44:43,862 - INFO - Completed /viper/ptmp/arego/RC4K1_EN_100/6331.h5 in 35.99 seconds
2025-09-18 22:44:44,044 - INFO - Processing /viper/ptmp/arego/RC4K1/28796.h5
2025-09-18 22:44:48,747 - INFO - File 16672: Filtered 18328404 hits and 6 records
2025-09-18 22:44:50,307 - INFO - File 28796: Filtered 14310482 hits and 10 records
2025-09-18 22:45:02,511 - INFO - Completed /viper/ptmp/arego/RC4K1_EN_100/20362.h5 in 42.77 seconds
2025-09-18 22:45:02,673 - INFO - Processing /viper/ptmp/arego/RC4K1/28558.h5
2025-09-18 22:45:08,541 - INFO - File 28558: Filtered 18476923 hits and 9 records
2025-09-18 22:45:14,057 - INFO - Completed /viper/ptmp/arego/RC4K1_EN_100/20095.h5 in 67.08 seconds
2025-09-18 22:45:14,229 - INFO - Processing /viper/ptmp/arego/RC4K1/1424.h5
2025-09-18 22:45:20,076 - INFO - Completed /viper/ptmp/arego/RC4K1_EN_100/20979.h5 in 59.58 seconds
2025-09-18 22:45:20,220 - INFO - File 1424: Filtered 21313528 hits and 7 records
2025-09-18 22:45:20,281 - INFO - Processing /viper/ptmp/arego/RC4K1/9211.h5
2025-09-18 22:45:26,406 - INFO - File 9211: Filtered 16549071 hits and 9 records
2025-09-18 22:45:26,797 - INFO - Completed /viper/ptmp/arego/RC4K1_EN_100/145.h5 in 59.70 seconds
2025-09-18 22:45:27,006 - INFO - Processing /viper/ptmp/arego/RC4K1/20117.h5
2025-09-18 22:45:28,824 - INFO - Completed /viper/ptmp/arego/RC4K1_EN_100/16672.h5 in 46.17 seconds
2025-09-18 22:45:28,990 - INFO - Processing /viper/ptmp/arego/RC4K1/14228.h5
2025-09-18 22:45:30,573 - INFO - Completed /viper/ptmp/arego/RC4K1_EN_100/19501.h5 in 64.91 seconds
2025-09-18 22:45:30,742 - INFO - Processing /viper/ptmp/arego/RC4K1/24407.h5
2025-09-18 22:45:33,351 - INFO - File 20117: Filtered 9327000 hits and 7 records
2025-09-18 22:45:35,571 - INFO - File 14228: Filtered 29775018 hits and 9 records
2025-09-18 22:45:37,825 - INFO - File 24407: Filtered 26112856 hits and 8 records
2025-09-18 22:45:40,585 - INFO - Completed /viper/ptmp/arego/RC4K1_EN_100/14228.h5 in 11.59 seconds
2025-09-18 22:45:40,739 - INFO - Processing /viper/ptmp/arego/RC4K1/6435.h5
2025-09-18 22:45:44,773 - INFO - Completed /viper/ptmp/arego/RC4K1_EN_100/17104.h5 in 80.24 seconds
2025-09-18 22:45:44,977 - INFO - Processing /viper/ptmp/arego/RC4K1/7932.h5
2025-09-18 22:45:46,715 - INFO - File 6435: Filtered 23093359 hits and 8 records
2025-09-18 22:45:51,259 - INFO - File 7932: Filtered 20148040 hits and 9 records
2025-09-18 22:45:52,754 - INFO - Completed /viper/ptmp/arego/RC4K1_EN_100/28558.h5 in 50.08 seconds
2025-09-18 22:45:52,944 - INFO - Processing /viper/ptmp/arego/RC4K1/13736.h5
2025-09-18 22:45:54,263 - INFO - Completed /viper/ptmp/arego/RC4K1_EN_100/1424.h5 in 40.03 seconds
2025-09-18 22:45:54,434 - INFO - Processing /viper/ptmp/arego/RC4K1/17153.h5
2025-09-18 22:45:55,634 - INFO - Completed /viper/ptmp/arego/RC4K1_EN_100/28796.h5 in 71.59 seconds
2025-09-18 22:45:55,801 - INFO - Processing /viper/ptmp/arego/RC4K1/29788.h5
2025-09-18 22:45:58,342 - INFO - Completed /viper/ptmp/arego/RC4K1_EN_100/24407.h5 in 27.60 seconds
2025-09-18 22:45:58,582 - INFO - Processing /viper/ptmp/arego/RC4K1/2873.h5
2025-09-18 22:45:59,731 - INFO - File 13736: Filtered 18537368 hits and 9 records
2025-09-18 22:46:01,916 - INFO - File 17153: Filtered 14369741 hits and 9 records
2025-09-18 22:46:03,566 - INFO - File 29788: Filtered 17896282 hits and 8 records
2025-09-18 22:46:06,090 - INFO - File 2873: Filtered 17975361 hits and 7 records
2025-09-18 22:46:17,644 - INFO - Completed /viper/ptmp/arego/RC4K1_EN_100/6435.h5 in 36.91 seconds
2025-09-18 22:46:17,809 - INFO - Processing /viper/ptmp/arego/RC4K1/1087.h5
2025-09-18 22:46:22,224 - INFO - Completed /viper/ptmp/arego/RC4K1_EN_100/9211.h5 in 61.94 seconds
2025-09-18 22:46:22,427 - INFO - Processing /viper/ptmp/arego/RC4K1/6080.h5
2025-09-18 22:46:23,822 - INFO - File 1087: Filtered 23929133 hits and 8 records
2025-09-18 22:46:28,772 - INFO - File 6080: Filtered 16108584 hits and 8 records
2025-09-18 22:46:34,166 - INFO - Completed /viper/ptmp/arego/RC4K1_EN_100/7932.h5 in 49.19 seconds
2025-09-18 22:46:34,333 - INFO - Processing /viper/ptmp/arego/RC4K1/17118.h5
2025-09-18 22:46:41,080 - INFO - File 17118: Filtered 13609221 hits and 8 records
2025-09-18 22:46:52,859 - INFO - Completed /viper/ptmp/arego/RC4K1_EN_100/13736.h5 in 59.92 seconds
2025-09-18 22:46:53,070 - INFO - Processing /viper/ptmp/arego/RC4K1/26756.h5
2025-09-18 22:46:55,498 - INFO - Completed /viper/ptmp/arego/RC4K1_EN_100/1087.h5 in 37.69 seconds
2025-09-18 22:46:55,670 - INFO - Processing /viper/ptmp/arego/RC4K1/25071.h5
2025-09-18 22:46:59,947 - INFO - File 26756: Filtered 11987760 hits and 5 records
2025-09-18 22:47:02,678 - INFO - Completed /viper/ptmp/arego/RC4K1_EN_100/29788.h5 in 66.88 seconds
2025-09-18 22:47:02,867 - INFO - Processing /viper/ptmp/arego/RC4K1/27859.h5
2025-09-18 22:47:02,970 - INFO - File 25071: Filtered 19805118 hits and 11 records
2025-09-18 22:47:03,722 - INFO - Completed /viper/ptmp/arego/RC4K1_EN_100/20117.h5 in 96.72 seconds
2025-09-18 22:47:03,912 - INFO - Processing /viper/ptmp/arego/RC4K1/3768.h5
2025-09-18 22:47:04,842 - INFO - Completed /viper/ptmp/arego/RC4K1_EN_100/2873.h5 in 66.26 seconds
2025-09-18 22:47:05,004 - INFO - Processing /viper/ptmp/arego/RC4K1/23040.h5
2025-09-18 22:47:10,324 - INFO - File 27859: Filtered 19936031 hits and 6 records
2025-09-18 22:47:11,744 - INFO - File 3768: Filtered 30479570 hits and 10 records
2025-09-18 22:47:13,152 - INFO - File 23040: Filtered 9374184 hits and 7 records
2025-09-18 22:47:14,689 - INFO - Completed /viper/ptmp/arego/RC4K1_EN_100/17153.h5 in 80.26 seconds
2025-09-18 22:47:14,921 - INFO - Processing /viper/ptmp/arego/RC4K1/630.h5
2025-09-18 22:47:21,788 - INFO - File 630: Filtered 20098451 hits and 10 records
2025-09-18 22:47:25,896 - INFO - Completed /viper/ptmp/arego/RC4K1_EN_100/3768.h5 in 21.98 seconds
2025-09-18 22:47:26,047 - INFO - Processing /viper/ptmp/arego/RC4K1/18457.h5
2025-09-18 22:47:30,270 - INFO - Completed /viper/ptmp/arego/RC4K1_EN_100/6080.h5 in 67.84 seconds
2025-09-18 22:47:30,510 - INFO - Processing /viper/ptmp/arego/RC4K1/3077.h5
2025-09-18 22:47:32,965 - INFO - File 18457: Filtered 17652025 hits and 9 records
2025-09-18 22:47:37,664 - INFO - File 3077: Filtered 13352276 hits and 7 records
2025-09-18 22:48:00,652 - INFO - Completed /viper/ptmp/arego/RC4K1_EN_100/25071.h5 in 64.98 seconds
2025-09-18 22:48:00,856 - INFO - Processing /viper/ptmp/arego/RC4K1/23813.h5
2025-09-18 22:48:04,163 - INFO - Completed /viper/ptmp/arego/RC4K1_EN_100/17118.h5 in 89.83 seconds
2025-09-18 22:48:04,332 - INFO - Processing /viper/ptmp/arego/RC4K1/1782.h5
2025-09-18 22:48:07,833 - INFO - File 23813: Filtered 24252264 hits and 8 records
2025-09-18 22:48:08,577 - INFO - Completed /viper/ptmp/arego/RC4K1_EN_100/27859.h5 in 65.71 seconds
2025-09-18 22:48:08,870 - INFO - Processing /viper/ptmp/arego/RC4K1/4350.h5
2025-09-18 22:48:11,632 - INFO - File 1782: Filtered 29141643 hits and 11 records
2025-09-18 22:48:16,321 - INFO - File 4350: Filtered 14586099 hits and 6 records
2025-09-18 22:48:21,184 - INFO - Completed /viper/ptmp/arego/RC4K1_EN_100/630.h5 in 66.26 seconds
2025-09-18 22:48:21,459 - INFO - Processing /viper/ptmp/arego/RC4K1/12093.h5
2025-09-18 22:48:28,721 - INFO - File 12093: Filtered 21322848 hits and 6 records
2025-09-18 22:48:34,039 - INFO - Completed /viper/ptmp/arego/RC4K1_EN_100/26756.h5 in 100.97 seconds
2025-09-18 22:48:34,214 - INFO - Processing /viper/ptmp/arego/RC4K1/3873.h5
2025-09-18 22:48:36,959 - INFO - Completed /viper/ptmp/arego/RC4K1_EN_100/1782.h5 in 32.63 seconds
2025-09-18 22:48:37,116 - INFO - Processing /viper/ptmp/arego/RC4K1/20033.h5
2025-09-18 22:48:41,716 - INFO - File 3873: Filtered 18893715 hits and 8 records
2025-09-18 22:48:44,750 - INFO - Completed /viper/ptmp/arego/RC4K1_EN_100/18457.h5 in 78.70 seconds
2025-09-18 22:48:44,987 - INFO - Processing /viper/ptmp/arego/RC4K1/19011.h5
2025-09-18 22:48:45,209 - INFO - File 20033: Filtered 20468597 hits and 6 records
2025-09-18 22:48:45,557 - INFO - Completed /viper/ptmp/arego/RC4K1_EN_100/23813.h5 in 44.70 seconds
2025-09-18 22:48:45,745 - INFO - Processing /viper/ptmp/arego/RC4K1/28714.h5
2025-09-18 22:48:53,402 - INFO - File 19011: Filtered 18203561 hits and 9 records
2025-09-18 22:48:53,856 - INFO - File 28714: Filtered 13670079 hits and 7 records
2025-09-18 22:48:58,988 - INFO - Completed /viper/ptmp/arego/RC4K1_EN_100/23040.h5 in 113.98 seconds
2025-09-18 22:48:59,151 - INFO - Processing /viper/ptmp/arego/RC4K1/22592.h5
2025-09-18 22:49:06,612 - INFO - File 22592: Filtered 17671119 hits and 8 records
2025-09-18 22:49:06,709 - INFO - Completed /viper/ptmp/arego/RC4K1_EN_100/3077.h5 in 96.20 seconds
2025-09-18 22:49:06,908 - INFO - Processing /viper/ptmp/arego/RC4K1/20044.h5
2025-09-18 22:49:14,463 - INFO - File 20044: Filtered 24775020 hits and 8 records
2025-09-18 22:49:30,655 - INFO - Completed /viper/ptmp/arego/RC4K1_EN_100/12093.h5 in 69.20 seconds
2025-09-18 22:49:30,821 - INFO - Processing /viper/ptmp/arego/RC4K1/25885.h5
2025-09-18 22:49:38,246 - INFO - File 25885: Filtered 13984340 hits and 6 records
2025-09-18 22:49:46,127 - INFO - Completed /viper/ptmp/arego/RC4K1_EN_100/4350.h5 in 97.26 seconds
2025-09-18 22:49:46,301 - INFO - Processing /viper/ptmp/arego/RC4K1/15195.h5
2025-09-18 22:49:54,048 - INFO - File 15195: Filtered 21806076 hits and 7 records
2025-09-18 22:49:54,300 - INFO - Completed /viper/ptmp/arego/RC4K1_EN_100/20033.h5 in 77.18 seconds
2025-09-18 22:49:54,530 - INFO - Processing /viper/ptmp/arego/RC4K1/9154.h5
2025-09-18 22:49:56,471 - INFO - Completed /viper/ptmp/arego/RC4K1_EN_100/3873.h5 in 82.26 seconds
2025-09-18 22:49:56,703 - INFO - Processing /viper/ptmp/arego/RC4K1/4525.h5
2025-09-18 22:50:02,647 - INFO - File 9154: Filtered 14662424 hits and 8 records
2025-09-18 22:50:05,209 - INFO - File 4525: Filtered 30738400 hits and 10 records
2025-09-18 22:50:09,412 - INFO - Completed /viper/ptmp/arego/RC4K1_EN_100/20044.h5 in 62.50 seconds
2025-09-18 22:50:09,582 - INFO - Processing /viper/ptmp/arego/RC4K1/9478.h5
2025-09-18 22:50:15,478 - INFO - Completed /viper/ptmp/arego/RC4K1_EN_100/19011.h5 in 90.49 seconds
2025-09-18 22:50:15,673 - INFO - Processing /viper/ptmp/arego/RC4K1/7987.h5
2025-09-18 22:50:17,203 - INFO - File 9478: Filtered 25713431 hits and 9 records
2025-09-18 22:50:23,705 - INFO - File 7987: Filtered 21866747 hits and 9 records
2025-09-18 22:50:28,907 - INFO - Completed /viper/ptmp/arego/RC4K1_EN_100/22592.h5 in 89.76 seconds
2025-09-18 22:50:29,070 - INFO - Processing /viper/ptmp/arego/RC4K1/15498.h5
2025-09-18 22:50:33,309 - INFO - Completed /viper/ptmp/arego/RC4K1_EN_100/28714.h5 in 107.56 seconds
2025-09-18 22:50:33,513 - INFO - Processing /viper/ptmp/arego/RC4K1/563.h5
2025-09-18 22:50:36,035 - INFO - Completed /viper/ptmp/arego/RC4K1_EN_100/4525.h5 in 39.33 seconds
2025-09-18 22:50:36,228 - INFO - Processing /viper/ptmp/arego/RC4K1/6466.h5
2025-09-18 22:50:37,209 - INFO - File 15498: Filtered 15386233 hits and 10 records
2025-09-18 22:50:42,331 - INFO - File 563: Filtered 12783127 hits and 5 records
2025-09-18 22:50:45,551 - INFO - File 6466: Filtered 11487523 hits and 10 records
2025-09-18 22:51:03,679 - INFO - Completed /viper/ptmp/arego/RC4K1_EN_100/15195.h5 in 77.38 seconds
2025-09-18 22:51:03,846 - INFO - Processing /viper/ptmp/arego/RC4K1/5463.h5
2025-09-18 22:51:11,107 - INFO - Completed /viper/ptmp/arego/RC4K1_EN_100/9478.h5 in 61.52 seconds
2025-09-18 22:51:11,358 - INFO - Processing /viper/ptmp/arego/RC4K1/7229.h5
2025-09-18 22:51:11,887 - INFO - File 5463: Filtered 27650612 hits and 12 records
2025-09-18 22:51:19,744 - INFO - File 7229: Filtered 22946332 hits and 9 records
2025-09-18 22:51:25,680 - INFO - Completed /viper/ptmp/arego/RC4K1_EN_100/25885.h5 in 114.86 seconds
2025-09-18 22:51:25,852 - INFO - Processing /viper/ptmp/arego/RC4K1/18498.h5
2025-09-18 22:51:34,503 - INFO - File 18498: Filtered 12150258 hits and 7 records
2025-09-18 22:51:39,570 - INFO - Completed /viper/ptmp/arego/RC4K1_EN_100/7987.h5 in 83.90 seconds
2025-09-18 22:51:39,736 - INFO - Processing /viper/ptmp/arego/RC4K1/11380.h5
2025-09-18 22:51:46,040 - INFO - Completed /viper/ptmp/arego/RC4K1_EN_100/9154.h5 in 111.51 seconds
2025-09-18 22:51:46,252 - INFO - Processing /viper/ptmp/arego/RC4K1/29610.h5
2025-09-18 22:51:48,257 - INFO - File 11380: Filtered 13454332 hits and 6 records
2025-09-18 22:51:55,200 - INFO - File 29610: Filtered 18711068 hits and 6 records
2025-09-18 22:51:59,509 - INFO - Completed /viper/ptmp/arego/RC4K1_EN_100/5463.h5 in 55.66 seconds
2025-09-18 22:51:59,673 - INFO - Processing /viper/ptmp/arego/RC4K1/27368.h5
2025-09-18 22:52:08,141 - INFO - File 27368: Filtered 28073805 hits and 8 records
2025-09-18 22:52:27,156 - INFO - Completed /viper/ptmp/arego/RC4K1_EN_100/15498.h5 in 118.09 seconds
2025-09-18 22:52:27,350 - INFO - Processing /viper/ptmp/arego/RC4K1/26113.h5
2025-09-18 22:52:33,569 - INFO - Completed /viper/ptmp/arego/RC4K1_EN_100/563.h5 in 120.06 seconds
2025-09-18 22:52:33,754 - INFO - Processing /viper/ptmp/arego/RC4K1/11234.h5
2025-09-18 22:52:35,978 - INFO - File 26113: Filtered 29539448 hits and 8 records
2025-09-18 22:52:41,723 - INFO - Completed /viper/ptmp/arego/RC4K1_EN_100/7229.h5 in 90.37 seconds
2025-09-18 22:52:41,906 - INFO - Processing /viper/ptmp/arego/RC4K1/24333.h5
2025-09-18 22:52:42,837 - INFO - File 11234: Filtered 21721727 hits and 7 records
2025-09-18 22:52:51,180 - INFO - File 24333: Filtered 13695801 hits and 3 records
2025-09-18 22:52:57,963 - INFO - Completed /viper/ptmp/arego/RC4K1_EN_100/6466.h5 in 141.73 seconds
2025-09-18 22:52:58,135 - INFO - Processing /viper/ptmp/arego/RC4K1/8663.h5
2025-09-18 22:53:07,838 - INFO - File 8663: Filtered 471696 hits and 6 records
2025-09-18 22:53:13,801 - INFO - Completed /viper/ptmp/arego/RC4K1_EN_100/27368.h5 in 74.13 seconds
2025-09-18 22:53:14,026 - INFO - Processing /viper/ptmp/arego/RC4K1/18424.h5
2025-09-18 22:53:23,897 - INFO - File 18424: Filtered 27249842 hits and 11 records
2025-09-18 22:53:28,805 - INFO - Completed /viper/ptmp/arego/RC4K1_EN_100/26113.h5 in 61.45 seconds
2025-09-18 22:53:28,974 - INFO - Processing /viper/ptmp/arego/RC4K1/21902.h5
2025-09-18 22:53:38,354 - INFO - File 21902: Filtered 20020262 hits and 8 records
2025-09-18 22:53:43,828 - INFO - Completed /viper/ptmp/arego/RC4K1_EN_100/29610.h5 in 117.58 seconds
2025-09-18 22:53:44,000 - INFO - Processing /viper/ptmp/arego/RC4K1/20807.h5
2025-09-18 22:53:44,120 - INFO - Completed /viper/ptmp/arego/RC4K1_EN_100/18498.h5 in 138.27 seconds
2025-09-18 22:53:44,732 - INFO - Processing /viper/ptmp/arego/RC4K1/4902.h5
2025-09-18 22:53:52,528 - INFO - Completed /viper/ptmp/arego/RC4K1_EN_100/11380.h5 in 132.79 seconds
2025-09-18 22:53:52,744 - INFO - Processing /viper/ptmp/arego/RC4K1/28296.h5
2025-09-18 22:53:55,199 - INFO - File 20807: Filtered 24345479 hits and 10 records
2025-09-18 22:53:55,912 - INFO - File 4902: Filtered 17321240 hits and 7 records
2025-09-18 22:54:03,671 - INFO - File 28296: Filtered 21476307 hits and 8 records
2025-09-18 22:54:22,519 - INFO - Completed /viper/ptmp/arego/RC4K1_EN_100/11234.h5 in 108.76 seconds
2025-09-18 22:54:22,687 - INFO - Processing /viper/ptmp/arego/RC4K1/7795.h5
2025-09-18 22:54:32,012 - INFO - File 7795: Filtered 17677509 hits and 4 records
2025-09-18 22:54:41,120 - INFO - Completed /viper/ptmp/arego/RC4K1_EN_100/18424.h5 in 87.09 seconds
2025-09-18 22:54:41,288 - INFO - Processing /viper/ptmp/arego/RC4K1/17085.h5
2025-09-18 22:54:51,411 - INFO - File 17085: Filtered 11987618 hits and 7 records
2025-09-18 22:55:04,483 - INFO - Completed /viper/ptmp/arego/RC4K1_EN_100/24333.h5 in 142.58 seconds
2025-09-18 22:55:04,654 - INFO - Processing /viper/ptmp/arego/RC4K1/16353.h5
2025-09-18 22:55:14,488 - INFO - File 16353: Filtered 24891009 hits and 7 records
2025-09-18 22:55:26,012 - INFO - Completed /viper/ptmp/arego/RC4K1_EN_100/20807.h5 in 102.01 seconds
2025-09-18 22:55:26,181 - INFO - Processing /viper/ptmp/arego/RC4K1/14637.h5
2025-09-18 22:55:34,603 - INFO - Completed /viper/ptmp/arego/RC4K1_EN_100/21902.h5 in 125.63 seconds
2025-09-18 22:55:34,805 - INFO - Processing /viper/ptmp/arego/RC4K1/4724.h5
2025-09-18 22:55:36,302 - INFO - File 14637: Filtered 21694255 hits and 7 records
2025-09-18 22:55:44,923 - INFO - File 4724: Filtered 25850076 hits and 7 records
2025-09-18 22:55:52,275 - INFO - Completed /viper/ptmp/arego/RC4K1_EN_100/28296.h5 in 119.53 seconds
2025-09-18 22:55:52,439 - INFO - Processing /viper/ptmp/arego/RC4K1/16023.h5
2025-09-18 22:56:02,290 - INFO - File 16023: Filtered 44275167 hits and 10 records
2025-09-18 22:56:07,100 - INFO - Completed /viper/ptmp/arego/RC4K1_EN_100/4902.h5 in 142.37 seconds
2025-09-18 22:56:07,280 - INFO - Processing /viper/ptmp/arego/RC4K1/23875.h5
2025-09-18 22:56:17,204 - INFO - File 23875: Filtered 29805219 hits and 9 records
2025-09-18 22:56:24,281 - INFO - Completed /viper/ptmp/arego/RC4K1_EN_100/8663.h5 in 206.15 seconds
2025-09-18 22:56:24,450 - INFO - Processing /viper/ptmp/arego/RC4K1/22989.h5
2025-09-18 22:56:27,918 - INFO - Completed /viper/ptmp/arego/RC4K1_EN_100/16023.h5 in 35.48 seconds
2025-09-18 22:56:28,080 - INFO - Processing /viper/ptmp/arego/RC4K1/27916.h5
2025-09-18 22:56:34,715 - INFO - File 22989: Filtered 12761139 hits and 5 records
2025-09-18 22:56:39,452 - INFO - File 27916: Filtered 21375165 hits and 4 records
2025-09-18 22:56:41,375 - INFO - Completed /viper/ptmp/arego/RC4K1_EN_100/7795.h5 in 138.69 seconds
2025-09-18 22:56:41,584 - INFO - Processing /viper/ptmp/arego/RC4K1/18928.h5
2025-09-18 22:56:51,844 - INFO - File 18928: Filtered 35120556 hits and 11 records
2025-09-18 22:57:02,366 - INFO - Completed /viper/ptmp/arego/RC4K1_EN_100/16353.h5 in 117.71 seconds
2025-09-18 22:57:02,578 - INFO - Processing /viper/ptmp/arego/RC4K1/4207.h5
2025-09-18 22:57:12,889 - INFO - File 4207: Filtered 31623798 hits and 10 records
2025-09-18 22:57:26,627 - INFO - Completed /viper/ptmp/arego/RC4K1_EN_100/4724.h5 in 111.82 seconds
2025-09-18 22:57:26,793 - INFO - Processing /viper/ptmp/arego/RC4K1/29084.h5
2025-09-18 22:57:34,992 - INFO - Completed /viper/ptmp/arego/RC4K1_EN_100/17085.h5 in 173.70 seconds
2025-09-18 22:57:35,194 - INFO - Processing /viper/ptmp/arego/RC4K1/12487.h5
2025-09-18 22:57:37,280 - INFO - File 29084: Filtered 22259911 hits and 6 records
2025-09-18 22:57:40,305 - INFO - Completed /viper/ptmp/arego/RC4K1_EN_100/14637.h5 in 134.12 seconds
2025-09-18 22:57:40,522 - INFO - Processing /viper/ptmp/arego/RC4K1/27097.h5
2025-09-18 22:57:45,006 - INFO - Completed /viper/ptmp/arego/RC4K1_EN_100/23875.h5 in 97.73 seconds
2025-09-18 22:57:45,172 - INFO - Processing /viper/ptmp/arego/RC4K1/24379.h5
2025-09-18 22:57:51,025 - INFO - File 27097: Filtered 28107421 hits and 6 records
2025-09-18 22:57:57,393 - INFO - File 24379: Filtered 11498801 hits and 8 records
2025-09-18 22:58:01,522 - INFO - Completed /viper/ptmp/arego/RC4K1_EN_100/18928.h5 in 79.94 seconds
2025-09-18 22:58:01,699 - INFO - Processing /viper/ptmp/arego/RC4K1/8535.h5
2025-09-18 22:58:16,112 - INFO - File 8535: Filtered 33929264 hits and 11 records
2025-09-18 22:58:24,949 - INFO - File 12487: Filtered 50338748 hits and 7 records
2025-09-18 22:58:39,546 - INFO - Completed /viper/ptmp/arego/RC4K1_EN_100/4207.h5 in 96.97 seconds
2025-09-18 22:58:39,717 - INFO - Processing /viper/ptmp/arego/RC4K1/23228.h5
2025-09-18 22:58:46,529 - INFO - Completed /viper/ptmp/arego/RC4K1_EN_100/27916.h5 in 138.45 seconds
2025-09-18 22:58:46,712 - INFO - Processing /viper/ptmp/arego/RC4K1/2773.h5
2025-09-18 22:58:50,582 - INFO - File 23228: Filtered 26857723 hits and 6 records
2025-09-18 22:58:57,715 - INFO - File 2773: Filtered 31055095 hits and 8 records
2025-09-18 22:59:23,532 - INFO - Completed /viper/ptmp/arego/RC4K1_EN_100/22989.h5 in 179.08 seconds
2025-09-18 22:59:23,745 - INFO - Processing /viper/ptmp/arego/RC4K1/23349.h5
2025-09-18 22:59:34,858 - INFO - File 23349: Filtered 15592014 hits and 6 records
2025-09-18 22:59:39,413 - INFO - Completed /viper/ptmp/arego/RC4K1_EN_100/27097.h5 in 118.89 seconds
2025-09-18 22:59:39,612 - INFO - Processing /viper/ptmp/arego/RC4K1/28971.h5
2025-09-18 22:59:40,985 - INFO - Completed /viper/ptmp/arego/RC4K1_EN_100/8535.h5 in 99.29 seconds
2025-09-18 22:59:41,148 - INFO - Processing /viper/ptmp/arego/RC4K1/28442.h5
2025-09-18 22:59:46,626 - INFO - Completed /viper/ptmp/arego/RC4K1_EN_100/29084.h5 in 139.83 seconds
2025-09-18 22:59:46,837 - INFO - Processing /viper/ptmp/arego/RC4K1/3948.h5
2025-09-18 22:59:52,069 - INFO - File 28971: Filtered 30925098 hits and 11 records
2025-09-18 22:59:53,709 - INFO - File 28442: Filtered 35212545 hits and 11 records
2025-09-18 22:59:59,922 - INFO - File 3948: Filtered 26568546 hits and 7 records
2025-09-18 23:00:38,371 - INFO - Completed /viper/ptmp/arego/RC4K1_EN_100/2773.h5 in 111.66 seconds
2025-09-18 23:00:38,572 - INFO - Processing /viper/ptmp/arego/RC4K1/12688.h5
2025-09-18 23:00:49,140 - INFO - Completed /viper/ptmp/arego/RC4K1_EN_100/23228.h5 in 129.42 seconds
2025-09-18 23:00:49,329 - INFO - Processing /viper/ptmp/arego/RC4K1/29492.h5
2025-09-18 23:00:50,052 - INFO - File 12688: Filtered 31216860 hits and 7 records
2025-09-18 23:01:00,914 - INFO - File 29492: Filtered 31450986 hits and 7 records
2025-09-18 23:01:02,563 - INFO - Completed /viper/ptmp/arego/RC4K1_EN_100/24379.h5 in 197.39 seconds
2025-09-18 23:01:02,821 - INFO - Processing /viper/ptmp/arego/RC4K1/24272.h5
2025-09-18 23:01:15,081 - INFO - File 24272: Filtered 25554724 hits and 8 records
2025-09-18 23:01:19,890 - INFO - Completed /viper/ptmp/arego/RC4K1_EN_100/28442.h5 in 98.74 seconds
2025-09-18 23:01:20,087 - INFO - Processing /viper/ptmp/arego/RC4K1/25025.h5
2025-09-18 23:01:32,164 - INFO - File 25025: Filtered 12515949 hits and 7 records
2025-09-18 23:01:37,404 - INFO - Completed /viper/ptmp/arego/RC4K1_EN_100/28971.h5 in 117.79 seconds
2025-09-18 23:01:37,650 - INFO - Processing /viper/ptmp/arego/RC4K1/11863.h5
2025-09-18 23:01:49,814 - INFO - File 11863: Filtered 24711324 hits and 10 records
2025-09-18 23:02:08,765 - INFO - Completed /viper/ptmp/arego/RC4K1_EN_100/3948.h5 in 141.93 seconds
2025-09-18 23:02:08,922 - INFO - Processing /viper/ptmp/arego/RC4K1/4816.h5
2025-09-18 23:02:21,214 - INFO - File 4816: Filtered 39294922 hits and 9 records
2025-09-18 23:02:28,947 - INFO - Completed /viper/ptmp/arego/RC4K1_EN_100/23349.h5 in 185.20 seconds
2025-09-18 23:02:29,124 - INFO - Processing /viper/ptmp/arego/RC4K1/19194.h5
2025-09-18 23:02:41,467 - INFO - File 19194: Filtered 23808808 hits and 7 records
2025-09-18 23:02:45,942 - INFO - Completed /viper/ptmp/arego/RC4K1_EN_100/12688.h5 in 127.37 seconds
2025-09-18 23:02:46,127 - INFO - Processing /viper/ptmp/arego/RC4K1/7947.h5
2025-09-18 23:02:56,924 - INFO - Completed /viper/ptmp/arego/RC4K1_EN_100/29492.h5 in 127.60 seconds
2025-09-18 23:02:57,115 - INFO - Processing /viper/ptmp/arego/RC4K1/10911.h5
2025-09-18 23:02:58,100 - INFO - File 7947: Filtered 44316554 hits and 8 records
2025-09-18 23:03:09,842 - INFO - File 10911: Filtered 31702834 hits and 8 records
2025-09-18 23:03:42,377 - INFO - Completed /viper/ptmp/arego/RC4K1_EN_100/24272.h5 in 159.56 seconds
2025-09-18 23:03:42,553 - INFO - Processing /viper/ptmp/arego/RC4K1/27917.h5
2025-09-18 23:03:45,763 - INFO - Completed /viper/ptmp/arego/RC4K1_EN_100/4816.h5 in 96.84 seconds
2025-09-18 23:03:45,962 - INFO - Processing /viper/ptmp/arego/RC4K1/7508.h5
2025-09-18 23:03:56,476 - INFO - File 27917: Filtered 13958243 hits and 7 records
2025-09-18 23:04:00,271 - INFO - File 7508: Filtered 23839131 hits and 8 records
2025-09-18 23:04:17,085 - INFO - Completed /viper/ptmp/arego/RC4K1_EN_100/7947.h5 in 90.96 seconds
2025-09-18 23:04:17,252 - INFO - Processing /viper/ptmp/arego/RC4K1/9218.h5
2025-09-18 23:04:22,498 - INFO - Completed /viper/ptmp/arego/RC4K1_EN_100/11863.h5 in 164.85 seconds
2025-09-18 23:04:22,691 - INFO - Processing /viper/ptmp/arego/RC4K1/19653.h5
2025-09-18 23:04:30,569 - INFO - File 9218: Filtered 22023597 hits and 5 records
2025-09-18 23:04:37,332 - INFO - File 19653: Filtered 39202291 hits and 8 records
2025-09-18 23:04:57,895 - INFO - Completed /viper/ptmp/arego/RC4K1_EN_100/25025.h5 in 217.81 seconds
2025-09-18 23:04:58,166 - INFO - Processing /viper/ptmp/arego/RC4K1/13984.h5
2025-09-18 23:05:11,366 - INFO - File 13984: Filtered 29972389 hits and 9 records
2025-09-18 23:05:25,984 - INFO - Completed /viper/ptmp/arego/RC4K1_EN_100/19194.h5 in 176.86 seconds
2025-09-18 23:05:26,158 - INFO - Processing /viper/ptmp/arego/RC4K1/11544.h5
2025-09-18 23:05:27,838 - INFO - Completed /viper/ptmp/arego/RC4K1_EN_100/10911.h5 in 150.72 seconds
2025-09-18 23:05:28,004 - INFO - Processing /viper/ptmp/arego/RC4K1/1967.h5
2025-09-18 23:05:40,473 - INFO - File 11544: Filtered 35397020 hits and 7 records
2025-09-18 23:05:42,918 - INFO - File 1967: Filtered 22117246 hits and 6 records
2025-09-18 23:06:32,231 - INFO - Completed /viper/ptmp/arego/RC4K1_EN_100/19653.h5 in 129.54 seconds
2025-09-18 23:06:32,512 - INFO - Processing /viper/ptmp/arego/RC4K1/10600.h5
2025-09-18 23:06:46,693 - INFO - File 10600: Filtered 26450607 hits and 8 records
2025-09-18 23:06:53,359 - INFO - Completed /viper/ptmp/arego/RC4K1_EN_100/7508.h5 in 187.40 seconds
2025-09-18 23:06:53,531 - INFO - Processing /viper/ptmp/arego/RC4K1/22461.h5
2025-09-18 23:07:07,221 - INFO - File 22461: Filtered 43032593 hits and 12 records
2025-09-18 23:07:38,543 - INFO - Completed /viper/ptmp/arego/RC4K1_EN_100/9218.h5 in 201.29 seconds
2025-09-18 23:07:38,712 - INFO - Processing /viper/ptmp/arego/RC4K1/11699.h5
2025-09-18 23:07:43,540 - INFO - Completed /viper/ptmp/arego/RC4K1_EN_100/27917.h5 in 240.99 seconds
2025-09-18 23:07:43,715 - INFO - Processing /viper/ptmp/arego/RC4K1/17810.h5
2025-09-18 23:07:48,630 - INFO - Completed /viper/ptmp/arego/RC4K1_EN_100/13984.h5 in 170.46 seconds
2025-09-18 23:07:48,832 - INFO - Processing /viper/ptmp/arego/RC4K1/21348.h5
2025-09-18 23:07:51,319 - INFO - Completed /viper/ptmp/arego/RC4K1_EN_100/11544.h5 in 145.16 seconds
2025-09-18 23:07:51,512 - INFO - Processing /viper/ptmp/arego/RC4K1/14981.h5
2025-09-18 23:07:52,679 - INFO - File 11699: Filtered 44630908 hits and 6 records
2025-09-18 23:07:59,361 - INFO - File 17810: Filtered 24137354 hits and 8 records
2025-09-18 23:08:05,421 - INFO - Completed /viper/ptmp/arego/RC4K1_EN_100/12487.h5 in 630.23 seconds
2025-09-18 23:08:05,737 - INFO - Processing /viper/ptmp/arego/RC4K1/3966.h5
2025-09-18 23:08:06,708 - INFO - File 21348: Filtered 39166388 hits and 9 records
2025-09-18 23:08:09,395 - INFO - File 14981: Filtered 42446971 hits and 8 records
2025-09-18 23:08:21,193 - INFO - File 3966: Filtered 53203607 hits and 8 records
2025-09-18 23:08:51,594 - INFO - Completed /viper/ptmp/arego/RC4K1_EN_100/22461.h5 in 118.06 seconds
2025-09-18 23:08:51,761 - INFO - Processing /viper/ptmp/arego/RC4K1/15711.h5
2025-09-18 23:08:59,834 - INFO - Completed /viper/ptmp/arego/RC4K1_EN_100/1967.h5 in 211.83 seconds
2025-09-18 23:08:59,998 - INFO - Processing /viper/ptmp/arego/RC4K1/22591.h5
2025-09-18 23:09:07,247 - INFO - File 15711: Filtered 52390016 hits and 11 records
2025-09-18 23:09:16,642 - INFO - File 22591: Filtered 58662446 hits and 9 records
2025-09-18 23:09:41,593 - INFO - Completed /viper/ptmp/arego/RC4K1_EN_100/11699.h5 in 122.88 seconds
2025-09-18 23:09:41,758 - INFO - Processing /viper/ptmp/arego/RC4K1/5831.h5
2025-09-18 23:09:59,660 - INFO - Completed /viper/ptmp/arego/RC4K1_EN_100/3966.h5 in 113.92 seconds
2025-09-18 23:09:59,921 - INFO - Processing /viper/ptmp/arego/RC4K1/26804.h5
2025-09-18 23:10:01,063 - INFO - File 5831: Filtered 34755941 hits and 6 records
2025-09-18 23:10:11,032 - INFO - Completed /viper/ptmp/arego/RC4K1_EN_100/10600.h5 in 218.52 seconds
2025-09-18 23:10:11,209 - INFO - Processing /viper/ptmp/arego/RC4K1/23137.h5
2025-09-18 23:10:20,037 - INFO - File 26804: Filtered 63489661 hits and 12 records
2025-09-18 23:10:30,860 - INFO - Completed /viper/ptmp/arego/RC4K1_EN_100/14981.h5 in 159.35 seconds
2025-09-18 23:10:31,035 - INFO - Processing /viper/ptmp/arego/RC4K1/9767.h5
2025-09-18 23:10:31,456 - INFO - File 23137: Filtered 56160980 hits and 8 records
2025-09-18 23:10:47,461 - INFO - Completed /viper/ptmp/arego/RC4K1_EN_100/21348.h5 in 178.63 seconds
2025-09-18 23:10:47,665 - INFO - Processing /viper/ptmp/arego/RC4K1/24883.h5
2025-09-18 23:10:55,919 - INFO - File 9767: Filtered 57793609 hits and 7 records
2025-09-18 23:11:03,967 - INFO - Completed /viper/ptmp/arego/RC4K1_EN_100/15711.h5 in 132.21 seconds
2025-09-18 23:11:21,115 - INFO - Completed /viper/ptmp/arego/RC4K1_EN_100/22591.h5 in 141.12 seconds
2025-09-18 23:11:26,859 - INFO - File 24883: Filtered 60083799 hits and 7 records
2025-09-18 23:11:41,597 - INFO - Completed /viper/ptmp/arego/RC4K1_EN_100/17810.h5 in 237.88 seconds
2025-09-18 23:12:51,607 - INFO - Completed /viper/ptmp/arego/RC4K1_EN_100/26804.h5 in 171.69 seconds
2025-09-18 23:13:32,289 - INFO - Completed /viper/ptmp/arego/RC4K1_EN_100/23137.h5 in 201.08 seconds
2025-09-18 23:14:25,968 - INFO - Completed /viper/ptmp/arego/RC4K1_EN_100/5831.h5 in 284.21 seconds
2025-09-18 23:15:22,639 - INFO - Completed /viper/ptmp/arego/RC4K1_EN_100/9767.h5 in 291.60 seconds
2025-09-18 23:19:13,801 - INFO - Completed /viper/ptmp/arego/RC4K1_EN_100/24883.h5 in 506.14 seconds
