2025-09-19 05:04:24,069 - INFO - Loaded skip configuration: 0 files to skip entirely, 35364 files with partial record skips
2025-09-19 05:04:24,081 - INFO - Loaded skip configuration: 0 files to skip entirely, 35364 files with partial record skips
2025-09-19 05:04:24,931 - INFO - Processing /viper/ptmp/arego/RC4K1/1998.h5
2025-09-19 05:04:24,946 - INFO - Processing /viper/ptmp/arego/RC4K1/12047.h5
2025-09-19 05:04:25,511 - INFO - Processing /viper/ptmp/arego/RC4K1/2629.h5
2025-09-19 05:04:25,518 - INFO - Processing /viper/ptmp/arego/RC4K1/7214.h5
2025-09-19 05:04:25,525 - INFO - File 12047: Filtered 1434209 hits and 6 records
2025-09-19 05:04:25,604 - INFO - File 1998: Filtered 1202609 hits and 8 records
2025-09-19 05:04:25,853 - INFO - Completed /viper/ptmp/arego/RC4K1_1/12047.h5 in 0.91 seconds
2025-09-19 05:04:26,041 - INFO - Completed /viper/ptmp/arego/RC4K1_1/1998.h5 in 1.11 seconds
2025-09-19 05:04:26,079 - INFO - File 7214: Filtered 566924 hits and 4 records
2025-09-19 05:04:26,082 - INFO - Processing /viper/ptmp/arego/RC4K1/13997.h5
2025-09-19 05:04:26,125 - INFO - Processing /viper/ptmp/arego/RC4K1/6244.h5
2025-09-19 05:04:26,513 - INFO - File 2629: Filtered 1499346 hits and 7 records
2025-09-19 05:04:26,671 - INFO - Processing /viper/ptmp/arego/RC4K1/20853.h5
2025-09-19 05:04:26,675 - INFO - File 13997: Filtered 1004755 hits and 6 records
2025-09-19 05:04:26,807 - INFO - Processing /viper/ptmp/arego/RC4K1/4144.h5
2025-09-19 05:04:26,827 - INFO - Completed /viper/ptmp/arego/RC4K1_1/7214.h5 in 1.31 seconds
2025-09-19 05:04:27,259 - INFO - Processing /viper/ptmp/arego/RC4K1/14020.h5
2025-09-19 05:04:27,277 - INFO - File 6244: Filtered 1801967 hits and 6 records
2025-09-19 05:04:27,300 - INFO - File 20853: Filtered 1211031 hits and 6 records
2025-09-19 05:04:27,303 - INFO - Completed /viper/ptmp/arego/RC4K1_1/13997.h5 in 1.22 seconds
2025-09-19 05:04:27,436 - INFO - Processing /viper/ptmp/arego/RC4K1/7339.h5
2025-09-19 05:04:27,536 - INFO - Completed /viper/ptmp/arego/RC4K1_1/2629.h5 in 2.02 seconds
2025-09-19 05:04:27,843 - INFO - Processing /viper/ptmp/arego/RC4K1/4017.h5
2025-09-19 05:04:27,951 - INFO - File 14020: Filtered 1250137 hits and 6 records
2025-09-19 05:04:28,035 - INFO - Completed /viper/ptmp/arego/RC4K1_1/20853.h5 in 1.36 seconds
2025-09-19 05:04:28,181 - INFO - Processing /viper/ptmp/arego/RC4K1/17850.h5
2025-09-19 05:04:28,354 - INFO - File 4144: Filtered 5080347 hits and 9 records
2025-09-19 05:04:28,422 - INFO - Processing /viper/ptmp/arego/RC4K1/13645.h5
2025-09-19 05:04:28,482 - INFO - Completed /viper/ptmp/arego/RC4K1_1/6244.h5 in 2.36 seconds
2025-09-19 05:04:28,529 - INFO - File 4017: Filtered 1970108 hits and 3 records
2025-09-19 05:04:28,579 - INFO - Completed /viper/ptmp/arego/RC4K1_1/14020.h5 in 1.32 seconds
2025-09-19 05:04:28,913 - INFO - Processing /viper/ptmp/arego/RC4K1/25496.h5
2025-09-19 05:04:28,989 - INFO - Processing /viper/ptmp/arego/RC4K1/15820.h5
2025-09-19 05:04:29,122 - INFO - Completed /viper/ptmp/arego/RC4K1_1/4017.h5 in 1.28 seconds
2025-09-19 05:04:29,128 - INFO - Completed /viper/ptmp/arego/RC4K1_1/4144.h5 in 2.32 seconds
2025-09-19 05:04:29,183 - INFO - File 13645: Filtered 1764187 hits and 9 records
2025-09-19 05:04:29,471 - INFO - File 7339: Filtered 2977353 hits and 6 records
2025-09-19 05:04:29,535 - INFO - Processing /viper/ptmp/arego/RC4K1/4698.h5
2025-09-19 05:04:29,662 - INFO - Processing /viper/ptmp/arego/RC4K1/22553.h5
2025-09-19 05:04:29,814 - INFO - Completed /viper/ptmp/arego/RC4K1_1/13645.h5 in 1.39 seconds
2025-09-19 05:04:29,829 - INFO - File 15820: Filtered 2378073 hits and 7 records
2025-09-19 05:04:30,155 - INFO - Processing /viper/ptmp/arego/RC4K1/11517.h5
2025-09-19 05:04:30,425 - INFO - Processing /viper/ptmp/arego/RC4K1/12432.h5
2025-09-19 05:04:30,471 - INFO - Completed /viper/ptmp/arego/RC4K1_1/15820.h5 in 1.48 seconds
2025-09-19 05:04:30,585 - INFO - File 17850: Filtered 5103622 hits and 7 records
2025-09-19 05:04:30,640 - INFO - File 4698: Filtered 1593462 hits and 4 records
2025-09-19 05:04:30,777 - INFO - Processing /viper/ptmp/arego/RC4K1/11166.h5
2025-09-19 05:04:31,243 - INFO - File 25496: Filtered 6221231 hits and 7 records
2025-09-19 05:04:31,287 - INFO - Processing /viper/ptmp/arego/RC4K1/29586.h5
2025-09-19 05:04:31,312 - INFO - File 11517: Filtered 2025227 hits and 5 records
2025-09-19 05:04:31,448 - INFO - Processing /viper/ptmp/arego/RC4K1/16863.h5
2025-09-19 05:04:31,834 - INFO - Completed /viper/ptmp/arego/RC4K1_1/7339.h5 in 4.40 seconds
2025-09-19 05:04:31,997 - INFO - Completed /viper/ptmp/arego/RC4K1_1/4698.h5 in 2.46 seconds
2025-09-19 05:04:32,065 - INFO - File 11166: Filtered 3465644 hits and 7 records
2025-09-19 05:04:32,129 - INFO - Processing /viper/ptmp/arego/RC4K1/14164.h5
2025-09-19 05:04:32,166 - INFO - Processing /viper/ptmp/arego/RC4K1/774.h5
2025-09-19 05:04:32,200 - INFO - File 22553: Filtered 8193394 hits and 10 records
2025-09-19 05:04:32,464 - INFO - Completed /viper/ptmp/arego/RC4K1_1/17850.h5 in 4.28 seconds
2025-09-19 05:04:32,596 - INFO - Completed /viper/ptmp/arego/RC4K1_1/11517.h5 in 2.44 seconds
2025-09-19 05:04:32,680 - INFO - Completed /viper/ptmp/arego/RC4K1_1/25496.h5 in 3.77 seconds
2025-09-19 05:04:32,745 - INFO - File 16863: Filtered 3218735 hits and 8 records
2025-09-19 05:04:32,786 - INFO - Processing /viper/ptmp/arego/RC4K1/26609.h5
2025-09-19 05:04:32,891 - INFO - Processing /viper/ptmp/arego/RC4K1/29499.h5
2025-09-19 05:04:32,929 - INFO - File 12432: Filtered 8109940 hits and 6 records
2025-09-19 05:04:33,075 - INFO - Completed /viper/ptmp/arego/RC4K1_1/22553.h5 in 3.41 seconds
2025-09-19 05:04:33,244 - INFO - Completed /viper/ptmp/arego/RC4K1_1/11166.h5 in 2.47 seconds
2025-09-19 05:04:33,433 - INFO - File 14164: Filtered 3313851 hits and 7 records
2025-09-19 05:04:33,484 - INFO - Processing /viper/ptmp/arego/RC4K1/19250.h5
2025-09-19 05:04:33,654 - INFO - Processing /viper/ptmp/arego/RC4K1/2443.h5
2025-09-19 05:04:33,864 - INFO - Completed /viper/ptmp/arego/RC4K1_1/16863.h5 in 2.42 seconds
2025-09-19 05:04:33,947 - INFO - Completed /viper/ptmp/arego/RC4K1_1/12432.h5 in 3.52 seconds
2025-09-19 05:04:34,149 - INFO - File 26609: Filtered 2566159 hits and 7 records
2025-09-19 05:04:34,165 - INFO - Processing /viper/ptmp/arego/RC4K1/8194.h5
2025-09-19 05:04:34,464 - INFO - Processing /viper/ptmp/arego/RC4K1/28575.h5
2025-09-19 05:04:34,489 - INFO - File 29586: Filtered 13494206 hits and 7 records
2025-09-19 05:04:34,718 - INFO - Completed /viper/ptmp/arego/RC4K1_1/14164.h5 in 2.59 seconds
2025-09-19 05:04:34,842 - INFO - File 19250: Filtered 4685509 hits and 9 records
2025-09-19 05:04:34,868 - INFO - Processing /viper/ptmp/arego/RC4K1/12641.h5
2025-09-19 05:04:35,029 - INFO - Completed /viper/ptmp/arego/RC4K1_1/29586.h5 in 3.74 seconds
2025-09-19 05:04:35,323 - INFO - Processing /viper/ptmp/arego/RC4K1/2732.h5
2025-09-19 05:04:35,498 - INFO - Processing /viper/ptmp/arego/RC4K1/19318.h5
2025-09-19 05:04:35,511 - INFO - Completed /viper/ptmp/arego/RC4K1_1/26609.h5 in 2.73 seconds
2025-09-19 05:04:35,514 - INFO - Completed /viper/ptmp/arego/RC4K1_1/19250.h5 in 2.03 seconds
2025-09-19 05:04:35,575 - INFO - File 8194: Filtered 3896862 hits and 8 records
2025-09-19 05:04:35,692 - INFO - File 774: Filtered 4391691 hits and 6 records
2025-09-19 05:04:36,159 - INFO - Processing /viper/ptmp/arego/RC4K1/21295.h5
2025-09-19 05:04:36,182 - INFO - Processing /viper/ptmp/arego/RC4K1/15889.h5
2025-09-19 05:04:36,267 - INFO - File 29499: Filtered 9636849 hits and 4 records
2025-09-19 05:04:36,326 - INFO - File 12641: Filtered 2378932 hits and 6 records
2025-09-19 05:04:36,831 - INFO - Completed /viper/ptmp/arego/RC4K1_1/8194.h5 in 2.67 seconds
2025-09-19 05:04:36,915 - INFO - Processing /viper/ptmp/arego/RC4K1/3636.h5
2025-09-19 05:04:37,009 - INFO - File 19318: Filtered 2431382 hits and 6 records
2025-09-19 05:04:37,095 - INFO - Processing /viper/ptmp/arego/RC4K1/10969.h5
2025-09-19 05:04:37,662 - INFO - Processing /viper/ptmp/arego/RC4K1/27142.h5
2025-09-19 05:04:37,698 - INFO - File 15889: Filtered 3230574 hits and 6 records
2025-09-19 05:04:37,987 - INFO - Processing /viper/ptmp/arego/RC4K1/15385.h5
2025-09-19 05:04:38,047 - INFO - Completed /viper/ptmp/arego/RC4K1_1/12641.h5 in 3.18 seconds
2025-09-19 05:04:38,150 - INFO - File 2443: Filtered 16342057 hits and 9 records
2025-09-19 05:04:38,383 - INFO - Processing /viper/ptmp/arego/RC4K1/23453.h5
2025-09-19 05:04:38,410 - INFO - File 3636: Filtered 4746680 hits and 7 records
2025-09-19 05:04:38,641 - INFO - Completed /viper/ptmp/arego/RC4K1_1/29499.h5 in 5.75 seconds
2025-09-19 05:04:38,718 - INFO - Completed /viper/ptmp/arego/RC4K1_1/19318.h5 in 3.22 seconds
2025-09-19 05:04:39,086 - INFO - Completed /viper/ptmp/arego/RC4K1_1/15889.h5 in 2.90 seconds
2025-09-19 05:04:39,093 - INFO - Processing /viper/ptmp/arego/RC4K1/267.h5
2025-09-19 05:04:39,150 - INFO - Completed /viper/ptmp/arego/RC4K1_1/2443.h5 in 5.50 seconds
2025-09-19 05:04:39,168 - INFO - Processing /viper/ptmp/arego/RC4K1/20534.h5
2025-09-19 05:04:39,179 - INFO - File 27142: Filtered 3916574 hits and 5 records
2025-09-19 05:04:39,275 - INFO - Completed /viper/ptmp/arego/RC4K1_1/3636.h5 in 2.36 seconds
2025-09-19 05:04:39,371 - INFO - Completed /viper/ptmp/arego/RC4K1_1/774.h5 in 7.21 seconds
2025-09-19 05:04:39,692 - INFO - File 28575: Filtered 15549656 hits and 8 records
2025-09-19 05:04:39,803 - INFO - Processing /viper/ptmp/arego/RC4K1/11044.h5
2025-09-19 05:04:39,973 - INFO - File 23453: Filtered 3254482 hits and 9 records
2025-09-19 05:04:40,210 - INFO - Processing /viper/ptmp/arego/RC4K1/9358.h5
2025-09-19 05:04:40,618 - INFO - Processing /viper/ptmp/arego/RC4K1/20777.h5
2025-09-19 05:04:40,647 - INFO - File 267: Filtered 6149035 hits and 8 records
2025-09-19 05:04:40,671 - INFO - File 2732: Filtered 17593569 hits and 9 records
2025-09-19 05:04:41,080 - INFO - Completed /viper/ptmp/arego/RC4K1_1/27142.h5 in 3.42 seconds
2025-09-19 05:04:41,142 - INFO - Processing /viper/ptmp/arego/RC4K1/9551.h5
2025-09-19 05:04:41,321 - INFO - File 11044: Filtered 6325274 hits and 5 records
2025-09-19 05:04:41,347 - INFO - Processing /viper/ptmp/arego/RC4K1/13516.h5
2025-09-19 05:04:41,362 - INFO - Completed /viper/ptmp/arego/RC4K1_1/267.h5 in 2.27 seconds
2025-09-19 05:04:41,554 - INFO - Completed /viper/ptmp/arego/RC4K1_1/23453.h5 in 3.17 seconds
2025-09-19 05:04:41,909 - INFO - Completed /viper/ptmp/arego/RC4K1_1/11044.h5 in 2.11 seconds
2025-09-19 05:04:41,963 - INFO - Processing /viper/ptmp/arego/RC4K1/27233.h5
2025-09-19 05:04:42,058 - INFO - Completed /viper/ptmp/arego/RC4K1_1/28575.h5 in 7.59 seconds
2025-09-19 05:04:42,206 - INFO - File 20777: Filtered 2789973 hits and 5 records
2025-09-19 05:04:42,272 - INFO - Completed /viper/ptmp/arego/RC4K1_1/2732.h5 in 6.95 seconds
2025-09-19 05:04:42,285 - INFO - File 21295: Filtered 17441482 hits and 11 records
2025-09-19 05:04:42,538 - INFO - Processing /viper/ptmp/arego/RC4K1/11896.h5
2025-09-19 05:04:42,686 - INFO - Processing /viper/ptmp/arego/RC4K1/13054.h5
2025-09-19 05:04:43,127 - INFO - File 13516: Filtered 2958996 hits and 7 records
2025-09-19 05:04:43,255 - INFO - File 10969: Filtered 13647484 hits and 7 records
2025-09-19 05:04:43,443 - INFO - Processing /viper/ptmp/arego/RC4K1/11761.h5
2025-09-19 05:04:43,638 - INFO - Processing /viper/ptmp/arego/RC4K1/25961.h5
2025-09-19 05:04:43,769 - INFO - File 27233: Filtered 4451807 hits and 9 records
2025-09-19 05:04:43,832 - INFO - Completed /viper/ptmp/arego/RC4K1_1/21295.h5 in 7.67 seconds
2025-09-19 05:04:43,935 - INFO - Completed /viper/ptmp/arego/RC4K1_1/20777.h5 in 3.32 seconds
2025-09-19 05:04:44,292 - INFO - Processing /viper/ptmp/arego/RC4K1/19586.h5
2025-09-19 05:04:44,530 - INFO - File 13054: Filtered 4259784 hits and 5 records
2025-09-19 05:04:44,574 - INFO - Processing /viper/ptmp/arego/RC4K1/4790.h5
2025-09-19 05:04:44,929 - INFO - File 15385: Filtered 11799223 hits and 7 records
2025-09-19 05:04:45,079 - INFO - Processing /viper/ptmp/arego/RC4K1/23436.h5
2025-09-19 05:04:45,298 - INFO - File 11761: Filtered 5504477 hits and 8 records
2025-09-19 05:04:45,409 - INFO - Completed /viper/ptmp/arego/RC4K1_1/27233.h5 in 3.45 seconds
2025-09-19 05:04:45,673 - INFO - Processing /viper/ptmp/arego/RC4K1/15637.h5
2025-09-19 05:04:45,803 - INFO - Completed /viper/ptmp/arego/RC4K1_1/13516.h5 in 4.46 seconds
2025-09-19 05:04:46,116 - INFO - Completed /viper/ptmp/arego/RC4K1_1/13054.h5 in 3.43 seconds
2025-09-19 05:04:46,143 - INFO - File 19586: Filtered 3651098 hits and 7 records
2025-09-19 05:04:46,166 - INFO - File 20534: Filtered 13244106 hits and 9 records
2025-09-19 05:04:46,392 - INFO - Processing /viper/ptmp/arego/RC4K1/1356.h5
2025-09-19 05:04:46,539 - INFO - Completed /viper/ptmp/arego/RC4K1_1/11761.h5 in 3.10 seconds
2025-09-19 05:04:47,105 - INFO - File 23436: Filtered 5338641 hits and 6 records
2025-09-19 05:04:47,161 - INFO - Processing /viper/ptmp/arego/RC4K1/2174.h5
2025-09-19 05:04:47,174 - INFO - Completed /viper/ptmp/arego/RC4K1_1/10969.h5 in 10.08 seconds
2025-09-19 05:04:47,442 - INFO - File 15637: Filtered 7234824 hits and 10 records
2025-09-19 05:04:47,468 - INFO - File 9358: Filtered 14209927 hits and 12 records
2025-09-19 05:04:47,917 - INFO - Processing /viper/ptmp/arego/RC4K1/8295.h5
2025-09-19 05:04:47,921 - INFO - Completed /viper/ptmp/arego/RC4K1_1/19586.h5 in 3.63 seconds
2025-09-19 05:04:48,016 - INFO - Processing /viper/ptmp/arego/RC4K1/5229.h5
2025-09-19 05:04:48,217 - INFO - Completed /viper/ptmp/arego/RC4K1_1/15637.h5 in 2.54 seconds
2025-09-19 05:04:48,269 - INFO - File 9551: Filtered 22360452 hits and 9 records
2025-09-19 05:04:48,309 - INFO - File 1356: Filtered 5331247 hits and 8 records
2025-09-19 05:04:48,583 - INFO - Completed /viper/ptmp/arego/RC4K1_1/23436.h5 in 3.50 seconds
2025-09-19 05:04:48,651 - INFO - Processing /viper/ptmp/arego/RC4K1/29503.h5
2025-09-19 05:04:49,152 - INFO - File 2174: Filtered 3243453 hits and 5 records
2025-09-19 05:04:49,430 - INFO - Processing /viper/ptmp/arego/RC4K1/9130.h5
2025-09-19 05:04:49,529 - INFO - Completed /viper/ptmp/arego/RC4K1_1/9551.h5 in 8.39 seconds
2025-09-19 05:04:49,713 - INFO - Completed /viper/ptmp/arego/RC4K1_1/15385.h5 in 11.73 seconds
2025-09-19 05:04:49,860 - INFO - Completed /viper/ptmp/arego/RC4K1_1/1356.h5 in 3.47 seconds
2025-09-19 05:04:49,977 - INFO - File 8295: Filtered 5196879 hits and 6 records
2025-09-19 05:04:50,171 - INFO - Processing /viper/ptmp/arego/RC4K1/28696.h5
2025-09-19 05:04:50,278 - INFO - Processing /viper/ptmp/arego/RC4K1/7553.h5
2025-09-19 05:04:50,710 - INFO - Completed /viper/ptmp/arego/RC4K1_1/20534.h5 in 11.54 seconds
2025-09-19 05:04:50,735 - INFO - File 29503: Filtered 5111564 hits and 6 records
2025-09-19 05:04:50,983 - INFO - File 11896: Filtered 16622340 hits and 11 records
2025-09-19 05:04:51,119 - INFO - Processing /viper/ptmp/arego/RC4K1/22187.h5
2025-09-19 05:04:51,418 - INFO - Completed /viper/ptmp/arego/RC4K1_1/2174.h5 in 4.26 seconds
2025-09-19 05:04:51,431 - INFO - Processing /viper/ptmp/arego/RC4K1/29075.h5
2025-09-19 05:04:51,496 - INFO - File 9130: Filtered 8736364 hits and 7 records
2025-09-19 05:04:51,545 - INFO - Completed /viper/ptmp/arego/RC4K1_1/8295.h5 in 3.63 seconds
2025-09-19 05:04:51,548 - INFO - File 25961: Filtered 12751155 hits and 8 records
2025-09-19 05:04:51,815 - INFO - Processing /viper/ptmp/arego/RC4K1/19639.h5
2025-09-19 05:04:52,018 - INFO - Completed /viper/ptmp/arego/RC4K1_1/9358.h5 in 11.81 seconds
2025-09-19 05:04:52,110 - INFO - Completed /viper/ptmp/arego/RC4K1_1/9130.h5 in 2.68 seconds
2025-09-19 05:04:52,245 - INFO - File 4790: Filtered 17676268 hits and 8 records
2025-09-19 05:04:52,287 - INFO - File 7553: Filtered 7541556 hits and 8 records
2025-09-19 05:04:52,477 - INFO - Completed /viper/ptmp/arego/RC4K1_1/29503.h5 in 3.83 seconds
2025-09-19 05:04:52,512 - INFO - Processing /viper/ptmp/arego/RC4K1/18335.h5
2025-09-19 05:04:52,542 - INFO - Processing /viper/ptmp/arego/RC4K1/4387.h5
2025-09-19 05:04:53,243 - INFO - Completed /viper/ptmp/arego/RC4K1_1/7553.h5 in 2.96 seconds
2025-09-19 05:04:53,258 - INFO - Processing /viper/ptmp/arego/RC4K1/481.h5
2025-09-19 05:04:53,338 - INFO - File 22187: Filtered 1567464 hits and 4 records
2025-09-19 05:04:53,612 - INFO - Processing /viper/ptmp/arego/RC4K1/17708.h5
2025-09-19 05:04:53,944 - INFO - File 19639: Filtered 5320188 hits and 5 records
2025-09-19 05:04:54,108 - INFO - Processing /viper/ptmp/arego/RC4K1/5769.h5
2025-09-19 05:04:54,544 - INFO - Completed /viper/ptmp/arego/RC4K1_1/11896.h5 in 12.01 seconds
2025-09-19 05:04:54,879 - INFO - File 18335: Filtered 4737978 hits and 8 records
2025-09-19 05:04:54,979 - INFO - Processing /viper/ptmp/arego/RC4K1/25309.h5
2025-09-19 05:04:55,320 - INFO - Processing /viper/ptmp/arego/RC4K1/9514.h5
2025-09-19 05:04:55,396 - INFO - File 5229: Filtered 12129834 hits and 5 records
2025-09-19 05:04:55,544 - INFO - File 481: Filtered 8053224 hits and 8 records
2025-09-19 05:04:55,726 - INFO - Completed /viper/ptmp/arego/RC4K1_1/19639.h5 in 3.91 seconds
2025-09-19 05:04:55,795 - INFO - Completed /viper/ptmp/arego/RC4K1_1/4790.h5 in 11.22 seconds
2025-09-19 05:04:55,885 - INFO - Processing /viper/ptmp/arego/RC4K1/14212.h5
2025-09-19 05:04:56,180 - INFO - Completed /viper/ptmp/arego/RC4K1_1/22187.h5 in 5.06 seconds
2025-09-19 05:04:56,406 - INFO - File 5769: Filtered 6224495 hits and 6 records
2025-09-19 05:04:56,538 - INFO - Completed /viper/ptmp/arego/RC4K1_1/25961.h5 in 12.90 seconds
2025-09-19 05:04:56,556 - INFO - Processing /viper/ptmp/arego/RC4K1/3218.h5
2025-09-19 05:04:56,582 - INFO - Completed /viper/ptmp/arego/RC4K1_1/481.h5 in 3.32 seconds
2025-09-19 05:04:56,967 - INFO - Processing /viper/ptmp/arego/RC4K1/9262.h5
2025-09-19 05:04:57,363 - INFO - Processing /viper/ptmp/arego/RC4K1/18909.h5
2025-09-19 05:04:57,414 - INFO - File 25309: Filtered 9259689 hits and 6 records
2025-09-19 05:04:57,485 - INFO - Completed /viper/ptmp/arego/RC4K1_1/18335.h5 in 4.97 seconds
2025-09-19 05:04:58,010 - INFO - Completed /viper/ptmp/arego/RC4K1_1/5769.h5 in 3.90 seconds
2025-09-19 05:04:58,022 - INFO - File 28696: Filtered 18143231 hits and 8 records
2025-09-19 05:04:58,084 - INFO - Processing /viper/ptmp/arego/RC4K1/20525.h5
2025-09-19 05:04:58,381 - INFO - Processing /viper/ptmp/arego/RC4K1/16989.h5
2025-09-19 05:04:58,407 - INFO - File 14212: Filtered 5180874 hits and 9 records
2025-09-19 05:04:59,162 - INFO - File 3218: Filtered 6272969 hits and 8 records
2025-09-19 05:04:59,286 - INFO - Processing /viper/ptmp/arego/RC4K1/6699.h5
2025-09-19 05:04:59,708 - INFO - Completed /viper/ptmp/arego/RC4K1_1/25309.h5 in 4.73 seconds
2025-09-19 05:04:59,724 - INFO - File 29075: Filtered 10000923 hits and 8 records
2025-09-19 05:05:00,010 - INFO - Processing /viper/ptmp/arego/RC4K1/17535.h5
2025-09-19 05:05:00,090 - INFO - File 18909: Filtered 3492106 hits and 6 records
2025-09-19 05:05:00,542 - INFO - Completed /viper/ptmp/arego/RC4K1_1/14212.h5 in 4.66 seconds
2025-09-19 05:05:00,815 - INFO - File 4387: Filtered 13957766 hits and 7 records
2025-09-19 05:05:01,034 - INFO - Processing /viper/ptmp/arego/RC4K1/29338.h5
2025-09-19 05:05:01,212 - INFO - Completed /viper/ptmp/arego/RC4K1_1/3218.h5 in 4.66 seconds
2025-09-19 05:05:01,255 - INFO - File 16989: Filtered 6262332 hits and 11 records
2025-09-19 05:05:01,792 - INFO - Completed /viper/ptmp/arego/RC4K1_1/5229.h5 in 13.78 seconds
2025-09-19 05:05:01,984 - INFO - File 6699: Filtered 8670222 hits and 10 records
2025-09-19 05:05:02,188 - INFO - Processing /viper/ptmp/arego/RC4K1/16748.h5
2025-09-19 05:05:02,237 - INFO - Completed /viper/ptmp/arego/RC4K1_1/28696.h5 in 12.07 seconds
2025-09-19 05:05:02,752 - INFO - File 17535: Filtered 8670246 hits and 7 records
2025-09-19 05:05:02,779 - INFO - Processing /viper/ptmp/arego/RC4K1/22317.h5
2025-09-19 05:05:03,008 - INFO - Processing /viper/ptmp/arego/RC4K1/8305.h5
2025-09-19 05:05:03,145 - INFO - Completed /viper/ptmp/arego/RC4K1_1/6699.h5 in 3.86 seconds
2025-09-19 05:05:03,232 - INFO - Completed /viper/ptmp/arego/RC4K1_1/16989.h5 in 4.85 seconds
2025-09-19 05:05:03,634 - INFO - Processing /viper/ptmp/arego/RC4K1/25518.h5
2025-09-19 05:05:03,756 - INFO - File 17708: Filtered 22707629 hits and 7 records
2025-09-19 05:05:03,772 - INFO - File 29338: Filtered 6196699 hits and 6 records
2025-09-19 05:05:03,777 - INFO - Completed /viper/ptmp/arego/RC4K1_1/18909.h5 in 6.41 seconds
2025-09-19 05:05:03,822 - ERROR - Error processing /viper/ptmp/arego/RC4K1/17535.h5: low >= high
2025-09-19 05:05:03,996 - INFO - Processing /viper/ptmp/arego/RC4K1/12206.h5
2025-09-19 05:05:04,340 - INFO - Processing /viper/ptmp/arego/RC4K1/13290.h5
2025-09-19 05:05:04,551 - INFO - File 9514: Filtered 11969332 hits and 5 records
2025-09-19 05:05:04,893 - INFO - File 16748: Filtered 6272504 hits and 9 records
2025-09-19 05:05:05,286 - INFO - Processing /viper/ptmp/arego/RC4K1/29347.h5
2025-09-19 05:05:05,937 - INFO - Completed /viper/ptmp/arego/RC4K1_1/29338.h5 in 4.90 seconds
2025-09-19 05:05:06,089 - INFO - File 8305: Filtered 4109242 hits and 7 records
2025-09-19 05:05:06,187 - INFO - Processing /viper/ptmp/arego/RC4K1/26849.h5
2025-09-19 05:05:06,253 - INFO - File 9262: Filtered 8986793 hits and 6 records
2025-09-19 05:05:06,583 - INFO - Completed /viper/ptmp/arego/RC4K1_1/4387.h5 in 14.04 seconds
2025-09-19 05:05:06,857 - INFO - Completed /viper/ptmp/arego/RC4K1_1/29075.h5 in 15.43 seconds
2025-09-19 05:05:06,993 - INFO - File 25518: Filtered 6813438 hits and 8 records
2025-09-19 05:05:06,995 - INFO - Completed /viper/ptmp/arego/RC4K1_1/17708.h5 in 13.38 seconds
2025-09-19 05:05:07,116 - INFO - Processing /viper/ptmp/arego/RC4K1/14266.h5
2025-09-19 05:05:07,257 - INFO - File 20525: Filtered 20562148 hits and 9 records
2025-09-19 05:05:07,283 - INFO - Completed /viper/ptmp/arego/RC4K1_1/16748.h5 in 5.10 seconds
2025-09-19 05:05:07,395 - INFO - File 13290: Filtered 9318513 hits and 6 records
2025-09-19 05:05:07,486 - INFO - Processing /viper/ptmp/arego/RC4K1/5223.h5
2025-09-19 05:05:08,088 - INFO - Processing /viper/ptmp/arego/RC4K1/15663.h5
2025-09-19 05:05:08,578 - INFO - File 29347: Filtered 10951902 hits and 6 records
2025-09-19 05:05:08,627 - INFO - Processing /viper/ptmp/arego/RC4K1/4675.h5
2025-09-19 05:05:08,715 - INFO - File 26849: Filtered 6408591 hits and 6 records
2025-09-19 05:05:08,782 - INFO - Completed /viper/ptmp/arego/RC4K1_1/13290.h5 in 4.44 seconds
2025-09-19 05:05:08,809 - INFO - Processing /viper/ptmp/arego/RC4K1/930.h5
2025-09-19 05:05:09,129 - INFO - Completed /viper/ptmp/arego/RC4K1_1/8305.h5 in 6.12 seconds
2025-09-19 05:05:09,388 - INFO - Completed /viper/ptmp/arego/RC4K1_1/29347.h5 in 4.10 seconds
2025-09-19 05:05:09,562 - INFO - Processing /viper/ptmp/arego/RC4K1/19374.h5
2025-09-19 05:05:09,572 - INFO - Processing /viper/ptmp/arego/RC4K1/3633.h5
2025-09-19 05:05:09,715 - INFO - Completed /viper/ptmp/arego/RC4K1_1/25518.h5 in 6.08 seconds
2025-09-19 05:05:10,103 - INFO - File 14266: Filtered 9794474 hits and 9 records
2025-09-19 05:05:10,409 - INFO - Processing /viper/ptmp/arego/RC4K1/7707.h5
2025-09-19 05:05:10,638 - INFO - Completed /viper/ptmp/arego/RC4K1_1/26849.h5 in 4.45 seconds
2025-09-19 05:05:10,912 - INFO - Completed /viper/ptmp/arego/RC4K1_1/9514.h5 in 15.59 seconds
2025-09-19 05:05:10,973 - INFO - File 15663: Filtered 8325130 hits and 9 records
2025-09-19 05:05:11,104 - INFO - Completed /viper/ptmp/arego/RC4K1_1/20525.h5 in 13.02 seconds
2025-09-19 05:05:11,311 - INFO - Completed /viper/ptmp/arego/RC4K1_1/14266.h5 in 4.19 seconds
2025-09-19 05:05:11,384 - INFO - File 22317: Filtered 17779708 hits and 9 records
2025-09-19 05:05:11,425 - INFO - Processing /viper/ptmp/arego/RC4K1/6666.h5
2025-09-19 05:05:11,670 - INFO - Processing /viper/ptmp/arego/RC4K1/5460.h5
2025-09-19 05:05:12,074 - INFO - File 930: Filtered 6185229 hits and 7 records
2025-09-19 05:05:12,260 - INFO - Processing /viper/ptmp/arego/RC4K1/12779.h5
2025-09-19 05:05:12,408 - INFO - File 12206: Filtered 18785793 hits and 8 records
2025-09-19 05:05:12,625 - INFO - File 19374: Filtered 6609936 hits and 5 records
2025-09-19 05:05:12,651 - INFO - Processing /viper/ptmp/arego/RC4K1/23792.h5
2025-09-19 05:05:12,964 - INFO - Completed /viper/ptmp/arego/RC4K1_1/15663.h5 in 4.88 seconds
2025-09-19 05:05:13,216 - INFO - Processing /viper/ptmp/arego/RC4K1/12759.h5
2025-09-19 05:05:13,708 - INFO - File 7707: Filtered 5139697 hits and 5 records
2025-09-19 05:05:13,824 - INFO - Completed /viper/ptmp/arego/RC4K1_1/9262.h5 in 16.86 seconds
2025-09-19 05:05:14,068 - INFO - Processing /viper/ptmp/arego/RC4K1/25164.h5
2025-09-19 05:05:14,433 - INFO - File 6666: Filtered 8587394 hits and 7 records
2025-09-19 05:05:14,803 - INFO - Processing /viper/ptmp/arego/RC4K1/14959.h5
2025-09-19 05:05:14,952 - INFO - Processing /viper/ptmp/arego/RC4K1/23019.h5
2025-09-19 05:05:14,981 - INFO - Completed /viper/ptmp/arego/RC4K1_1/930.h5 in 6.17 seconds
2025-09-19 05:05:15,783 - INFO - Completed /viper/ptmp/arego/RC4K1_1/19374.h5 in 6.22 seconds
2025-09-19 05:05:15,803 - INFO - Processing /viper/ptmp/arego/RC4K1/27961.h5
2025-09-19 05:05:16,247 - INFO - Completed /viper/ptmp/arego/RC4K1_1/22317.h5 in 13.47 seconds
2025-09-19 05:05:16,368 - INFO - File 12779: Filtered 2198243 hits and 6 records
2025-09-19 05:05:16,553 - INFO - File 5223: Filtered 21316524 hits and 9 records
2025-09-19 05:05:16,688 - INFO - File 12759: Filtered 8200107 hits and 7 records
2025-09-19 05:05:16,715 - INFO - Processing /viper/ptmp/arego/RC4K1/29087.h5
2025-09-19 05:05:16,767 - INFO - Completed /viper/ptmp/arego/RC4K1_1/6666.h5 in 5.34 seconds
2025-09-19 05:05:17,020 - INFO - Processing /viper/ptmp/arego/RC4K1/5092.h5
2025-09-19 05:05:17,280 - INFO - Completed /viper/ptmp/arego/RC4K1_1/12206.h5 in 13.28 seconds
2025-09-19 05:05:17,558 - INFO - Completed /viper/ptmp/arego/RC4K1_1/7707.h5 in 7.15 seconds
2025-09-19 05:05:17,714 - INFO - Processing /viper/ptmp/arego/RC4K1/3248.h5
2025-09-19 05:05:17,801 - INFO - File 4675: Filtered 13366137 hits and 9 records
2025-09-19 05:05:17,841 - INFO - File 25164: Filtered 11323813 hits and 8 records
2025-09-19 05:05:18,306 - INFO - Processing /viper/ptmp/arego/RC4K1/29213.h5
2025-09-19 05:05:18,415 - INFO - Completed /viper/ptmp/arego/RC4K1_1/12759.h5 in 5.20 seconds
2025-09-19 05:05:18,586 - INFO - File 23019: Filtered 9064580 hits and 7 records
2025-09-19 05:05:18,684 - INFO - Processing /viper/ptmp/arego/RC4K1/10555.h5
2025-09-19 05:05:19,285 - INFO - Completed /viper/ptmp/arego/RC4K1_1/25164.h5 in 5.22 seconds
2025-09-19 05:05:19,415 - INFO - File 27961: Filtered 4154089 hits and 7 records
2025-09-19 05:05:19,532 - INFO - Processing /viper/ptmp/arego/RC4K1/1014.h5
2025-09-19 05:05:19,957 - INFO - File 3633: Filtered 10429777 hits and 6 records
2025-09-19 05:05:20,335 - INFO - Completed /viper/ptmp/arego/RC4K1_1/23019.h5 in 5.38 seconds
2025-09-19 05:05:20,444 - INFO - Processing /viper/ptmp/arego/RC4K1/4155.h5
2025-09-19 05:05:20,716 - INFO - File 29087: Filtered 11521032 hits and 12 records
2025-09-19 05:05:20,819 - INFO - Completed /viper/ptmp/arego/RC4K1_1/5223.h5 in 13.33 seconds
2025-09-19 05:05:20,888 - INFO - Completed /viper/ptmp/arego/RC4K1_1/12779.h5 in 8.63 seconds
2025-09-19 05:05:21,333 - INFO - Processing /viper/ptmp/arego/RC4K1/19733.h5
2025-09-19 05:05:21,342 - INFO - File 3248: Filtered 9574787 hits and 5 records
2025-09-19 05:05:21,507 - INFO - Completed /viper/ptmp/arego/RC4K1_1/29087.h5 in 4.79 seconds
2025-09-19 05:05:21,740 - INFO - Processing /viper/ptmp/arego/RC4K1/27847.h5
2025-09-19 05:05:22,169 - INFO - File 5460: Filtered 12896224 hits and 6 records
2025-09-19 05:05:22,262 - INFO - Processing /viper/ptmp/arego/RC4K1/28307.h5
2025-09-19 05:05:22,831 - INFO - File 10555: Filtered 4305571 hits and 4 records
2025-09-19 05:05:22,950 - INFO - Completed /viper/ptmp/arego/RC4K1_1/3248.h5 in 5.24 seconds
2025-09-19 05:05:23,032 - INFO - Processing /viper/ptmp/arego/RC4K1/1176.h5
2025-09-19 05:05:23,265 - INFO - File 4155: Filtered 10235259 hits and 8 records
2025-09-19 05:05:23,311 - INFO - File 1014: Filtered 4969972 hits and 7 records
2025-09-19 05:05:23,598 - INFO - File 23792: Filtered 11271529 hits and 8 records
2025-09-19 05:05:23,853 - INFO - Completed /viper/ptmp/arego/RC4K1_1/27961.h5 in 8.05 seconds
2025-09-19 05:05:24,049 - INFO - Processing /viper/ptmp/arego/RC4K1/14078.h5
2025-09-19 05:05:24,877 - INFO - File 19733: Filtered 6790080 hits and 5 records
2025-09-19 05:05:25,141 - INFO - Processing /viper/ptmp/arego/RC4K1/29328.h5
2025-09-19 05:05:25,358 - INFO - Completed /viper/ptmp/arego/RC4K1_1/4155.h5 in 4.91 seconds
2025-09-19 05:05:25,953 - INFO - Completed /viper/ptmp/arego/RC4K1_1/10555.h5 in 7.27 seconds
2025-09-19 05:05:26,054 - INFO - Completed /viper/ptmp/arego/RC4K1_1/4675.h5 in 17.43 seconds
2025-09-19 05:05:26,160 - INFO - File 28307: Filtered 5372024 hits and 6 records
2025-09-19 05:05:26,536 - INFO - File 14959: Filtered 30994565 hits and 7 records
2025-09-19 05:05:26,587 - INFO - Processing /viper/ptmp/arego/RC4K1/3896.h5
2025-09-19 05:05:27,156 - INFO - File 1176: Filtered 6331312 hits and 6 records
2025-09-19 05:05:27,192 - INFO - Processing /viper/ptmp/arego/RC4K1/6337.h5
2025-09-19 05:05:27,504 - INFO - File 14078: Filtered 13385096 hits and 6 records
2025-09-19 05:05:27,580 - INFO - Completed /viper/ptmp/arego/RC4K1_1/1014.h5 in 8.05 seconds
2025-09-19 05:05:27,991 - INFO - Processing /viper/ptmp/arego/RC4K1/4172.h5
2025-09-19 05:05:28,029 - INFO - Completed /viper/ptmp/arego/RC4K1_1/19733.h5 in 6.70 seconds
2025-09-19 05:05:28,093 - INFO - Completed /viper/ptmp/arego/RC4K1_1/14078.h5 in 4.04 seconds
2025-09-19 05:05:28,747 - INFO - File 29328: Filtered 9709775 hits and 7 records
2025-09-19 05:05:28,782 - INFO - Completed /viper/ptmp/arego/RC4K1_1/3633.h5 in 19.21 seconds
2025-09-19 05:05:28,860 - INFO - Completed /viper/ptmp/arego/RC4K1_1/14959.h5 in 14.06 seconds
2025-09-19 05:05:28,890 - INFO - Processing /viper/ptmp/arego/RC4K1/20981.h5
2025-09-19 05:05:28,934 - INFO - File 5092: Filtered 16714374 hits and 6 records
2025-09-19 05:05:29,354 - INFO - Processing /viper/ptmp/arego/RC4K1/15805.h5
2025-09-19 05:05:29,612 - INFO - Processing /viper/ptmp/arego/RC4K1/15532.h5
2025-09-19 05:05:29,646 - INFO - Completed /viper/ptmp/arego/RC4K1_1/28307.h5 in 7.38 seconds
2025-09-19 05:05:29,861 - INFO - Completed /viper/ptmp/arego/RC4K1_1/1176.h5 in 6.83 seconds
2025-09-19 05:05:29,896 - INFO - File 29213: Filtered 16837315 hits and 8 records
2025-09-19 05:05:30,214 - INFO - File 3896: Filtered 9623723 hits and 7 records
2025-09-19 05:05:30,352 - INFO - Processing /viper/ptmp/arego/RC4K1/19125.h5
2025-09-19 05:05:30,476 - INFO - Completed /viper/ptmp/arego/RC4K1_1/29328.h5 in 5.33 seconds
2025-09-19 05:05:30,643 - INFO - Processing /viper/ptmp/arego/RC4K1/1421.h5
2025-09-19 05:05:31,175 - INFO - Processing /viper/ptmp/arego/RC4K1/5477.h5
2025-09-19 05:05:31,403 - INFO - File 4172: Filtered 10810466 hits and 8 records
2025-09-19 05:05:31,800 - INFO - Completed /viper/ptmp/arego/RC4K1_1/5460.h5 in 20.13 seconds
2025-09-19 05:05:32,201 - INFO - Completed /viper/ptmp/arego/RC4K1_1/3896.h5 in 5.61 seconds
2025-09-19 05:05:32,238 - INFO - Processing /viper/ptmp/arego/RC4K1/26512.h5
2025-09-19 05:05:32,695 - INFO - Processing /viper/ptmp/arego/RC4K1/20916.h5
2025-09-19 05:05:32,990 - INFO - File 27847: Filtered 23898744 hits and 9 records
2025-09-19 05:05:33,044 - INFO - Processing /viper/ptmp/arego/RC4K1/26667.h5
2025-09-19 05:05:33,153 - INFO - File 20981: Filtered 8198628 hits and 9 records
2025-09-19 05:05:33,192 - INFO - Completed /viper/ptmp/arego/RC4K1_1/4172.h5 in 5.20 seconds
2025-09-19 05:05:33,321 - INFO - Completed /viper/ptmp/arego/RC4K1_1/23792.h5 in 20.67 seconds
2025-09-19 05:05:33,721 - INFO - File 15532: Filtered 12645949 hits and 9 records
2025-09-19 05:05:33,948 - INFO - Processing /viper/ptmp/arego/RC4K1/14487.h5
2025-09-19 05:05:34,468 - INFO - File 19125: Filtered 8420440 hits and 7 records
2025-09-19 05:05:34,584 - INFO - Processing /viper/ptmp/arego/RC4K1/17933.h5
2025-09-19 05:05:34,845 - INFO - Completed /viper/ptmp/arego/RC4K1_1/15532.h5 in 5.23 seconds
2025-09-19 05:05:35,299 - INFO - Processing /viper/ptmp/arego/RC4K1/23633.h5
2025-09-19 05:05:35,492 - INFO - File 5477: Filtered 11350637 hits and 9 records
2025-09-19 05:05:36,280 - INFO - Completed /viper/ptmp/arego/RC4K1_1/5092.h5 in 19.26 seconds
2025-09-19 05:05:36,400 - INFO - Completed /viper/ptmp/arego/RC4K1_1/20981.h5 in 7.51 seconds
2025-09-19 05:05:36,661 - INFO - File 26512: Filtered 7943898 hits and 4 records
2025-09-19 05:05:36,667 - INFO - Processing /viper/ptmp/arego/RC4K1/21218.h5
2025-09-19 05:05:36,835 - INFO - Completed /viper/ptmp/arego/RC4K1_1/29213.h5 in 18.53 seconds
2025-09-19 05:05:37,242 - INFO - Processing /viper/ptmp/arego/RC4K1/5243.h5
2025-09-19 05:05:37,282 - INFO - Completed /viper/ptmp/arego/RC4K1_1/5477.h5 in 6.11 seconds
2025-09-19 05:05:37,583 - INFO - Completed /viper/ptmp/arego/RC4K1_1/27847.h5 in 15.84 seconds
2025-09-19 05:05:37,696 - INFO - File 26667: Filtered 4666989 hits and 5 records
2025-09-19 05:05:37,829 - INFO - File 6337: Filtered 14608840 hits and 10 records
2025-09-19 05:05:38,051 - INFO - Completed /viper/ptmp/arego/RC4K1_1/19125.h5 in 7.70 seconds
2025-09-19 05:05:38,159 - INFO - Processing /viper/ptmp/arego/RC4K1/24967.h5
2025-09-19 05:05:38,312 - INFO - Processing /viper/ptmp/arego/RC4K1/4913.h5
2025-09-19 05:05:38,889 - INFO - Processing /viper/ptmp/arego/RC4K1/27372.h5
2025-09-19 05:05:38,962 - INFO - File 14487: Filtered 8606687 hits and 7 records
2025-09-19 05:05:39,171 - INFO - Processing /viper/ptmp/arego/RC4K1/19769.h5
2025-09-19 05:05:39,827 - INFO - Completed /viper/ptmp/arego/RC4K1_1/26512.h5 in 7.59 seconds
2025-09-19 05:05:39,912 - INFO - File 23633: Filtered 13018374 hits and 9 records
2025-09-19 05:05:40,057 - INFO - Processing /viper/ptmp/arego/RC4K1/23301.h5
2025-09-19 05:05:40,766 - INFO - Processing /viper/ptmp/arego/RC4K1/4121.h5
2025-09-19 05:05:40,986 - ERROR - Error processing /viper/ptmp/arego/RC4K1/23633.h5: low >= high
2025-09-19 05:05:41,165 - INFO - File 21218: Filtered 7383848 hits and 4 records
2025-09-19 05:05:41,675 - INFO - Processing /viper/ptmp/arego/RC4K1/4951.h5
2025-09-19 05:05:42,289 - INFO - Completed /viper/ptmp/arego/RC4K1_1/14487.h5 in 8.34 seconds
2025-09-19 05:05:42,706 - INFO - Processing /viper/ptmp/arego/RC4K1/406.h5
2025-09-19 05:05:42,734 - INFO - Completed /viper/ptmp/arego/RC4K1_1/26667.h5 in 9.69 seconds
2025-09-19 05:05:43,393 - INFO - File 4913: Filtered 9105728 hits and 6 records
2025-09-19 05:05:43,831 - INFO - Processing /viper/ptmp/arego/RC4K1/5654.h5
2025-09-19 05:05:44,870 - INFO - File 19769: Filtered 7637837 hits and 9 records
2025-09-19 05:05:44,879 - INFO - Completed /viper/ptmp/arego/RC4K1_1/21218.h5 in 8.21 seconds
2025-09-19 05:05:45,362 - INFO - File 23301: Filtered 10628677 hits and 9 records
2025-09-19 05:05:45,563 - INFO - Processing /viper/ptmp/arego/RC4K1/27298.h5
2025-09-19 05:05:46,218 - ERROR - Error processing /viper/ptmp/arego/RC4K1/6337.h5: low >= high
2025-09-19 05:05:46,507 - INFO - Completed /viper/ptmp/arego/RC4K1_1/4913.h5 in 8.19 seconds
2025-09-19 05:05:46,517 - INFO - File 4121: Filtered 7380363 hits and 10 records
2025-09-19 05:05:46,638 - INFO - File 4951: Filtered 11390139 hits and 10 records
2025-09-19 05:05:46,670 - INFO - File 15805: Filtered 12501070 hits and 8 records
2025-09-19 05:05:46,998 - INFO - Processing /viper/ptmp/arego/RC4K1/19696.h5
2025-09-19 05:05:47,267 - INFO - File 406: Filtered 15232150 hits and 8 records
2025-09-19 05:05:47,602 - INFO - Processing /viper/ptmp/arego/RC4K1/29355.h5
2025-09-19 05:05:48,179 - INFO - Completed /viper/ptmp/arego/RC4K1_1/406.h5 in 5.47 seconds
2025-09-19 05:05:48,300 - INFO - Completed /viper/ptmp/arego/RC4K1_1/23301.h5 in 8.24 seconds
2025-09-19 05:05:48,410 - INFO - File 5654: Filtered 10737699 hits and 9 records
2025-09-19 05:05:48,562 - INFO - Processing /viper/ptmp/arego/RC4K1/2191.h5
2025-09-19 05:05:48,768 - INFO - Completed /viper/ptmp/arego/RC4K1_1/4951.h5 in 7.09 seconds
2025-09-19 05:05:48,893 - INFO - Completed /viper/ptmp/arego/RC4K1_1/19769.h5 in 9.72 seconds
2025-09-19 05:05:49,391 - INFO - Processing /viper/ptmp/arego/RC4K1/24134.h5
2025-09-19 05:05:49,646 - INFO - File 27298: Filtered 8329941 hits and 6 records
2025-09-19 05:05:49,947 - INFO - Completed /viper/ptmp/arego/RC4K1_1/4121.h5 in 9.18 seconds
2025-09-19 05:05:50,178 - INFO - Processing /viper/ptmp/arego/RC4K1/2719.h5
2025-09-19 05:05:50,722 - INFO - File 19696: Filtered 13258753 hits and 10 records
2025-09-19 05:05:50,810 - INFO - Processing /viper/ptmp/arego/RC4K1/7588.h5
2025-09-19 05:05:51,305 - INFO - Completed /viper/ptmp/arego/RC4K1_1/5654.h5 in 7.47 seconds
2025-09-19 05:05:51,616 - INFO - File 1421: Filtered 43412360 hits and 8 records
2025-09-19 05:05:51,622 - INFO - Processing /viper/ptmp/arego/RC4K1/6367.h5
2025-09-19 05:05:52,297 - INFO - Completed /viper/ptmp/arego/RC4K1_1/19696.h5 in 5.30 seconds
2025-09-19 05:05:52,470 - INFO - Processing /viper/ptmp/arego/RC4K1/26018.h5
2025-09-19 05:05:52,927 - INFO - File 2191: Filtered 7369345 hits and 6 records
2025-09-19 05:05:52,978 - INFO - Completed /viper/ptmp/arego/RC4K1_1/27298.h5 in 7.42 seconds
2025-09-19 05:05:53,270 - INFO - Processing /viper/ptmp/arego/RC4K1/5355.h5
2025-09-19 05:05:54,002 - INFO - Processing /viper/ptmp/arego/RC4K1/9250.h5
2025-09-19 05:05:54,697 - INFO - File 24134: Filtered 9541577 hits and 5 records
2025-09-19 05:05:55,960 - INFO - File 2719: Filtered 10110614 hits and 7 records
2025-09-19 05:05:57,899 - INFO - File 7588: Filtered 3039148 hits and 6 records
2025-09-19 05:05:58,012 - INFO - Completed /viper/ptmp/arego/RC4K1_1/2191.h5 in 9.45 seconds
2025-09-19 05:05:58,373 - INFO - File 20916: Filtered 27595925 hits and 7 records
2025-09-19 05:05:58,697 - INFO - Processing /viper/ptmp/arego/RC4K1/5749.h5
2025-09-19 05:05:58,797 - INFO - File 6367: Filtered 16443034 hits and 10 records
2025-09-19 05:05:59,028 - INFO - File 26018: Filtered 10799660 hits and 7 records
2025-09-19 05:05:59,062 - INFO - File 5355: Filtered 10599115 hits and 12 records
2025-09-19 05:05:59,413 - INFO - Completed /viper/ptmp/arego/RC4K1_1/24134.h5 in 10.02 seconds
2025-09-19 05:05:59,841 - INFO - Completed /viper/ptmp/arego/RC4K1_1/6367.h5 in 8.22 seconds
2025-09-19 05:06:00,006 - INFO - Processing /viper/ptmp/arego/RC4K1/5684.h5
2025-09-19 05:06:00,322 - INFO - File 9250: Filtered 12202456 hits and 7 records
2025-09-19 05:06:00,614 - INFO - Completed /viper/ptmp/arego/RC4K1_1/2719.h5 in 10.44 seconds
2025-09-19 05:06:00,956 - INFO - Processing /viper/ptmp/arego/RC4K1/22656.h5
2025-09-19 05:06:01,294 - INFO - File 17933: Filtered 53025308 hits and 11 records
2025-09-19 05:06:01,614 - INFO - Processing /viper/ptmp/arego/RC4K1/644.h5
2025-09-19 05:06:02,297 - INFO - Completed /viper/ptmp/arego/RC4K1_1/26018.h5 in 9.83 seconds
2025-09-19 05:06:02,665 - INFO - Processing /viper/ptmp/arego/RC4K1/12142.h5
2025-09-19 05:06:02,859 - INFO - Completed /viper/ptmp/arego/RC4K1_1/9250.h5 in 8.86 seconds
2025-09-19 05:06:02,889 - INFO - Completed /viper/ptmp/arego/RC4K1_1/15805.h5 in 33.53 seconds
2025-09-19 05:06:03,423 - INFO - File 5243: Filtered 46663454 hits and 7 records
2025-09-19 05:06:03,600 - INFO - File 5749: Filtered 12638752 hits and 8 records
2025-09-19 05:06:03,645 - INFO - Completed /viper/ptmp/arego/RC4K1_1/5355.h5 in 10.37 seconds
2025-09-19 05:06:03,836 - INFO - Processing /viper/ptmp/arego/RC4K1/19222.h5
2025-09-19 05:06:04,483 - INFO - Completed /viper/ptmp/arego/RC4K1_1/7588.h5 in 13.67 seconds
2025-09-19 05:06:04,625 - INFO - Completed /viper/ptmp/arego/RC4K1_1/1421.h5 in 33.98 seconds
2025-09-19 05:06:04,936 - INFO - Processing /viper/ptmp/arego/RC4K1/28300.h5
2025-09-19 05:06:05,343 - INFO - Processing /viper/ptmp/arego/RC4K1/11000.h5
2025-09-19 05:06:05,844 - INFO - File 24967: Filtered 56311444 hits and 12 records
2025-09-19 05:06:06,130 - INFO - Processing /viper/ptmp/arego/RC4K1/1298.h5
2025-09-19 05:06:06,287 - INFO - File 5684: Filtered 10787296 hits and 7 records
2025-09-19 05:06:06,784 - INFO - File 27372: Filtered 27965666 hits and 5 records
2025-09-19 05:06:07,029 - INFO - Processing /viper/ptmp/arego/RC4K1/11008.h5
2025-09-19 05:06:07,129 - INFO - Completed /viper/ptmp/arego/RC4K1_1/5749.h5 in 8.43 seconds
2025-09-19 05:06:07,567 - INFO - Processing /viper/ptmp/arego/RC4K1/17638.h5
2025-09-19 05:06:08,169 - INFO - File 22656: Filtered 7404647 hits and 8 records
2025-09-19 05:06:08,759 - INFO - File 12142: Filtered 18839248 hits and 9 records
2025-09-19 05:06:09,018 - INFO - File 644: Filtered 2500665 hits and 5 records
2025-09-19 05:06:09,766 - INFO - Completed /viper/ptmp/arego/RC4K1_1/12142.h5 in 7.10 seconds
2025-09-19 05:06:09,978 - INFO - Processing /viper/ptmp/arego/RC4K1/13168.h5
2025-09-19 05:06:10,856 - INFO - File 19222: Filtered 3188107 hits and 7 records
2025-09-19 05:06:11,009 - INFO - Completed /viper/ptmp/arego/RC4K1_1/5684.h5 in 11.00 seconds
2025-09-19 05:06:11,565 - INFO - Processing /viper/ptmp/arego/RC4K1/7822.h5
2025-09-19 05:06:12,410 - INFO - File 28300: Filtered 10473592 hits and 10 records
2025-09-19 05:06:12,673 - INFO - Completed /viper/ptmp/arego/RC4K1_1/17933.h5 in 38.09 seconds
2025-09-19 05:06:13,646 - INFO - File 1298: Filtered 14683561 hits and 13 records
2025-09-19 05:06:14,275 - INFO - File 29355: Filtered 53450302 hits and 11 records
2025-09-19 05:06:15,056 - INFO - Completed /viper/ptmp/arego/RC4K1_1/22656.h5 in 14.10 seconds
2025-09-19 05:06:15,679 - INFO - File 17638: Filtered 12364666 hits and 8 records
2025-09-19 05:06:15,693 - INFO - Processing /viper/ptmp/arego/RC4K1/22399.h5
2025-09-19 05:06:15,751 - INFO - Completed /viper/ptmp/arego/RC4K1_1/24967.h5 in 37.59 seconds
2025-09-19 05:06:16,119 - INFO - File 13168: Filtered 16073814 hits and 9 records
2025-09-19 05:06:16,196 - INFO - Completed /viper/ptmp/arego/RC4K1_1/644.h5 in 14.58 seconds
2025-09-19 05:06:16,684 - INFO - Completed /viper/ptmp/arego/RC4K1_1/5243.h5 in 39.44 seconds
2025-09-19 05:06:17,146 - INFO - Processing /viper/ptmp/arego/RC4K1/10898.h5
2025-09-19 05:06:17,446 - INFO - Completed /viper/ptmp/arego/RC4K1_1/1298.h5 in 11.32 seconds
2025-09-19 05:06:17,900 - INFO - File 7822: Filtered 12312864 hits and 11 records
2025-09-19 05:06:17,994 - INFO - Processing /viper/ptmp/arego/RC4K1/9962.h5
2025-09-19 05:06:18,089 - INFO - Completed /viper/ptmp/arego/RC4K1_1/28300.h5 in 13.15 seconds
2025-09-19 05:06:18,529 - INFO - Completed /viper/ptmp/arego/RC4K1_1/19222.h5 in 14.69 seconds
2025-09-19 05:06:18,749 - INFO - Completed /viper/ptmp/arego/RC4K1_1/13168.h5 in 8.77 seconds
2025-09-19 05:06:18,800 - INFO - Completed /viper/ptmp/arego/RC4K1_1/17638.h5 in 11.23 seconds
2025-09-19 05:06:19,116 - INFO - Processing /viper/ptmp/arego/RC4K1/23710.h5
2025-09-19 05:06:19,625 - INFO - Completed /viper/ptmp/arego/RC4K1_1/20916.h5 in 46.93 seconds
2025-09-19 05:06:19,889 - INFO - Processing /viper/ptmp/arego/RC4K1/12329.h5
2025-09-19 05:06:20,600 - INFO - Processing /viper/ptmp/arego/RC4K1/25185.h5
2025-09-19 05:06:20,914 - INFO - Completed /viper/ptmp/arego/RC4K1_1/7822.h5 in 9.35 seconds
2025-09-19 05:06:21,453 - INFO - File 22399: Filtered 9547149 hits and 7 records
2025-09-19 05:06:21,724 - INFO - Processing /viper/ptmp/arego/RC4K1/21886.h5
2025-09-19 05:06:22,369 - INFO - Processing /viper/ptmp/arego/RC4K1/23712.h5
2025-09-19 05:06:23,119 - INFO - File 9962: Filtered 10660940 hits and 6 records
2025-09-19 05:06:23,658 - INFO - File 10898: Filtered 8851421 hits and 8 records
2025-09-19 05:06:25,036 - ERROR - Error processing /viper/ptmp/arego/RC4K1/29355.h5: low >= high
2025-09-19 05:06:25,481 - INFO - Completed /viper/ptmp/arego/RC4K1_1/27372.h5 in 46.59 seconds
2025-09-19 05:06:25,736 - INFO - File 23710: Filtered 8410434 hits and 9 records
2025-09-19 05:06:26,204 - INFO - Completed /viper/ptmp/arego/RC4K1_1/22399.h5 in 10.51 seconds
2025-09-19 05:06:26,371 - INFO - File 12329: Filtered 18811340 hits and 11 records
2025-09-19 05:06:26,730 - INFO - Processing /viper/ptmp/arego/RC4K1/21185.h5
2025-09-19 05:06:26,880 - INFO - File 11000: Filtered 57879004 hits and 9 records
2025-09-19 05:06:26,958 - INFO - Completed /viper/ptmp/arego/RC4K1_1/9962.h5 in 8.96 seconds
2025-09-19 05:06:27,426 - INFO - Processing /viper/ptmp/arego/RC4K1/27460.h5
2025-09-19 05:06:27,782 - INFO - Completed /viper/ptmp/arego/RC4K1_1/12329.h5 in 7.89 seconds
2025-09-19 05:06:27,970 - INFO - File 25185: Filtered 8458010 hits and 5 records
2025-09-19 05:06:28,191 - INFO - Processing /viper/ptmp/arego/RC4K1/2682.h5
2025-09-19 05:06:29,069 - INFO - File 21886: Filtered 9890851 hits and 7 records
2025-09-19 05:06:29,241 - INFO - Completed /viper/ptmp/arego/RC4K1_1/10898.h5 in 12.09 seconds
2025-09-19 05:06:29,504 - INFO - File 11008: Filtered 53179369 hits and 7 records
2025-09-19 05:06:29,519 - INFO - File 23712: Filtered 7317468 hits and 8 records
2025-09-19 05:06:29,859 - INFO - Processing /viper/ptmp/arego/RC4K1/20043.h5
2025-09-19 05:06:31,435 - INFO - Completed /viper/ptmp/arego/RC4K1_1/23710.h5 in 12.32 seconds
2025-09-19 05:06:31,967 - INFO - Processing /viper/ptmp/arego/RC4K1/1833.h5
2025-09-19 05:06:32,869 - INFO - Completed /viper/ptmp/arego/RC4K1_1/25185.h5 in 12.27 seconds
2025-09-19 05:06:33,460 - INFO - Processing /viper/ptmp/arego/RC4K1/12534.h5
2025-09-19 05:06:33,557 - INFO - File 21185: Filtered 16474313 hits and 10 records
2025-09-19 05:06:34,106 - INFO - File 2682: Filtered 9618211 hits and 6 records
2025-09-19 05:06:34,260 - INFO - Completed /viper/ptmp/arego/RC4K1_1/21886.h5 in 12.54 seconds
2025-09-19 05:06:34,424 - INFO - File 27460: Filtered 13589889 hits and 10 records
2025-09-19 05:06:34,884 - INFO - Processing /viper/ptmp/arego/RC4K1/20170.h5
2025-09-19 05:06:34,993 - INFO - Completed /viper/ptmp/arego/RC4K1_1/23712.h5 in 12.62 seconds
2025-09-19 05:06:35,709 - INFO - Processing /viper/ptmp/arego/RC4K1/15509.h5
2025-09-19 05:06:36,226 - INFO - File 20043: Filtered 12188133 hits and 7 records
2025-09-19 05:06:36,666 - INFO - Completed /viper/ptmp/arego/RC4K1_1/11000.h5 in 31.32 seconds
2025-09-19 05:06:36,946 - INFO - Completed /viper/ptmp/arego/RC4K1_1/21185.h5 in 10.22 seconds
2025-09-19 05:06:37,396 - INFO - Processing /viper/ptmp/arego/RC4K1/7871.h5
2025-09-19 05:06:38,337 - INFO - File 1833: Filtered 6170356 hits and 4 records
2025-09-19 05:06:39,244 - INFO - Completed /viper/ptmp/arego/RC4K1_1/2682.h5 in 11.05 seconds
2025-09-19 05:06:39,379 - INFO - Completed /viper/ptmp/arego/RC4K1_1/27460.h5 in 11.95 seconds
2025-09-19 05:06:39,774 - INFO - Processing /viper/ptmp/arego/RC4K1/26374.h5
2025-09-19 05:06:40,729 - INFO - Processing /viper/ptmp/arego/RC4K1/8887.h5
2025-09-19 05:06:40,921 - INFO - Completed /viper/ptmp/arego/RC4K1_1/20043.h5 in 11.06 seconds
2025-09-19 05:06:41,032 - INFO - File 12534: Filtered 2600711 hits and 9 records
2025-09-19 05:06:41,988 - INFO - Processing /viper/ptmp/arego/RC4K1/2338.h5
2025-09-19 05:06:42,117 - INFO - File 20170: Filtered 15762001 hits and 7 records
2025-09-19 05:06:42,816 - INFO - File 15509: Filtered 12792729 hits and 7 records
2025-09-19 05:06:44,072 - INFO - Completed /viper/ptmp/arego/RC4K1_1/11008.h5 in 37.04 seconds
2025-09-19 05:06:44,126 - INFO - File 7871: Filtered 9636554 hits and 7 records
2025-09-19 05:06:45,345 - INFO - Completed /viper/ptmp/arego/RC4K1_1/20170.h5 in 10.46 seconds
2025-09-19 05:06:45,785 - INFO - Processing /viper/ptmp/arego/RC4K1/9314.h5
2025-09-19 05:06:45,826 - INFO - File 26374: Filtered 12655099 hits and 7 records
2025-09-19 05:06:46,831 - INFO - File 8887: Filtered 16055359 hits and 7 records
2025-09-19 05:06:46,946 - INFO - Completed /viper/ptmp/arego/RC4K1_1/1833.h5 in 14.98 seconds
2025-09-19 05:06:47,036 - INFO - Completed /viper/ptmp/arego/RC4K1_1/15509.h5 in 11.33 seconds
2025-09-19 05:06:47,597 - INFO - Processing /viper/ptmp/arego/RC4K1/15413.h5
2025-09-19 05:06:48,189 - INFO - File 2338: Filtered 11137156 hits and 5 records
2025-09-19 05:06:48,259 - INFO - Processing /viper/ptmp/arego/RC4K1/10887.h5
2025-09-19 05:06:48,662 - ERROR - Error processing /viper/ptmp/arego/RC4K1/12534.h5: low >= high
2025-09-19 05:06:49,590 - INFO - Processing /viper/ptmp/arego/RC4K1/18273.h5
2025-09-19 05:06:49,647 - INFO - Completed /viper/ptmp/arego/RC4K1_1/7871.h5 in 12.25 seconds
2025-09-19 05:06:50,051 - INFO - Completed /viper/ptmp/arego/RC4K1_1/8887.h5 in 9.32 seconds
2025-09-19 05:06:50,187 - INFO - Completed /viper/ptmp/arego/RC4K1_1/26374.h5 in 10.41 seconds
2025-09-19 05:06:50,195 - INFO - Processing /viper/ptmp/arego/RC4K1/7988.h5
2025-09-19 05:06:50,787 - INFO - Processing /viper/ptmp/arego/RC4K1/4254.h5
2025-09-19 05:06:51,652 - INFO - Processing /viper/ptmp/arego/RC4K1/6910.h5
2025-09-19 05:06:52,061 - INFO - File 9314: Filtered 16423467 hits and 7 records
2025-09-19 05:06:52,383 - INFO - Completed /viper/ptmp/arego/RC4K1_1/2338.h5 in 10.39 seconds
2025-09-19 05:06:53,267 - INFO - Processing /viper/ptmp/arego/RC4K1/7326.h5
2025-09-19 05:06:55,413 - INFO - Completed /viper/ptmp/arego/RC4K1_1/9314.h5 in 9.63 seconds
2025-09-19 05:06:55,481 - INFO - File 15413: Filtered 7864631 hits and 8 records
2025-09-19 05:06:55,584 - INFO - File 10887: Filtered 19466560 hits and 7 records
2025-09-19 05:06:56,107 - INFO - Processing /viper/ptmp/arego/RC4K1/29072.h5
2025-09-19 05:06:57,339 - INFO - File 18273: Filtered 16444613 hits and 9 records
2025-09-19 05:06:57,522 - INFO - File 7988: Filtered 16162406 hits and 10 records
2025-09-19 05:06:58,220 - INFO - Completed /viper/ptmp/arego/RC4K1_1/10887.h5 in 9.96 seconds
2025-09-19 05:06:58,682 - INFO - Processing /viper/ptmp/arego/RC4K1/27293.h5
2025-09-19 05:06:58,862 - INFO - File 4254: Filtered 13101446 hits and 8 records
2025-09-19 05:06:59,101 - INFO - File 6910: Filtered 24754388 hits and 8 records
2025-09-19 05:06:59,843 - INFO - Completed /viper/ptmp/arego/RC4K1_1/6910.h5 in 8.19 seconds
2025-09-19 05:07:00,007 - INFO - Processing /viper/ptmp/arego/RC4K1/3689.h5
2025-09-19 05:07:00,577 - INFO - File 7326: Filtered 18793909 hits and 7 records
2025-09-19 05:07:00,985 - INFO - Completed /viper/ptmp/arego/RC4K1_1/18273.h5 in 11.40 seconds
2025-09-19 05:07:01,198 - INFO - Completed /viper/ptmp/arego/RC4K1_1/7988.h5 in 11.00 seconds
2025-09-19 05:07:01,492 - INFO - Processing /viper/ptmp/arego/RC4K1/15608.h5
2025-09-19 05:07:02,594 - INFO - Completed /viper/ptmp/arego/RC4K1_1/15413.h5 in 15.00 seconds
2025-09-19 05:07:02,656 - INFO - Processing /viper/ptmp/arego/RC4K1/16386.h5
2025-09-19 05:07:03,099 - INFO - Completed /viper/ptmp/arego/RC4K1_1/7326.h5 in 9.83 seconds
2025-09-19 05:07:03,556 - INFO - File 29072: Filtered 17455217 hits and 9 records
2025-09-19 05:07:03,791 - INFO - Processing /viper/ptmp/arego/RC4K1/27529.h5
2025-09-19 05:07:04,142 - INFO - Completed /viper/ptmp/arego/RC4K1_1/4254.h5 in 13.35 seconds
2025-09-19 05:07:04,667 - INFO - Processing /viper/ptmp/arego/RC4K1/18748.h5
2025-09-19 05:07:05,532 - INFO - Processing /viper/ptmp/arego/RC4K1/12911.h5
2025-09-19 05:07:06,704 - INFO - Completed /viper/ptmp/arego/RC4K1_1/29072.h5 in 10.60 seconds
2025-09-19 05:07:06,999 - INFO - File 27293: Filtered 14121690 hits and 7 records
2025-09-19 05:07:07,221 - INFO - Processing /viper/ptmp/arego/RC4K1/10437.h5
2025-09-19 05:07:08,562 - INFO - File 3689: Filtered 15394544 hits and 6 records
2025-09-19 05:07:09,918 - INFO - File 15608: Filtered 9782893 hits and 5 records
2025-09-19 05:07:11,755 - INFO - File 16386: Filtered 16080347 hits and 5 records
2025-09-19 05:07:12,403 - INFO - Completed /viper/ptmp/arego/RC4K1_1/3689.h5 in 12.40 seconds
2025-09-19 05:07:12,790 - INFO - Processing /viper/ptmp/arego/RC4K1/22522.h5
2025-09-19 05:07:14,245 - INFO - File 27529: Filtered 11746976 hits and 5 records
2025-09-19 05:07:14,998 - INFO - Completed /viper/ptmp/arego/RC4K1_1/27293.h5 in 16.32 seconds
2025-09-19 05:07:15,720 - INFO - Processing /viper/ptmp/arego/RC4K1/7877.h5
2025-09-19 05:07:15,896 - INFO - File 18748: Filtered 17105149 hits and 7 records
2025-09-19 05:07:15,995 - INFO - File 12911: Filtered 9466955 hits and 8 records
2025-09-19 05:07:16,629 - INFO - File 10437: Filtered 13792556 hits and 6 records
2025-09-19 05:07:16,794 - INFO - Completed /viper/ptmp/arego/RC4K1_1/16386.h5 in 14.14 seconds
2025-09-19 05:07:17,315 - INFO - Processing /viper/ptmp/arego/RC4K1/11340.h5
2025-09-19 05:07:17,596 - INFO - Completed /viper/ptmp/arego/RC4K1_1/15608.h5 in 16.10 seconds
2025-09-19 05:07:18,465 - INFO - Processing /viper/ptmp/arego/RC4K1/7719.h5
2025-09-19 05:07:19,625 - INFO - File 22522: Filtered 5919036 hits and 5 records
2025-09-19 05:07:19,919 - INFO - Completed /viper/ptmp/arego/RC4K1_1/18748.h5 in 15.25 seconds
2025-09-19 05:07:20,497 - INFO - Processing /viper/ptmp/arego/RC4K1/12725.h5
2025-09-19 05:07:20,555 - INFO - Completed /viper/ptmp/arego/RC4K1_1/27529.h5 in 16.76 seconds
2025-09-19 05:07:21,606 - INFO - Processing /viper/ptmp/arego/RC4K1/16430.h5
2025-09-19 05:07:22,091 - INFO - Completed /viper/ptmp/arego/RC4K1_1/10437.h5 in 14.87 seconds
2025-09-19 05:07:22,628 - INFO - Completed /viper/ptmp/arego/RC4K1_1/12911.h5 in 17.10 seconds
2025-09-19 05:07:22,949 - INFO - Processing /viper/ptmp/arego/RC4K1/16510.h5
2025-09-19 05:07:23,931 - INFO - Processing /viper/ptmp/arego/RC4K1/16104.h5
2025-09-19 05:07:24,476 - INFO - File 7877: Filtered 11662930 hits and 7 records
2025-09-19 05:07:26,595 - INFO - File 11340: Filtered 11260206 hits and 4 records
2025-09-19 05:07:27,003 - INFO - File 7719: Filtered 24549713 hits and 8 records
2025-09-19 05:07:27,529 - INFO - Completed /viper/ptmp/arego/RC4K1_1/22522.h5 in 14.74 seconds
2025-09-19 05:07:28,366 - INFO - Processing /viper/ptmp/arego/RC4K1/14456.h5
2025-09-19 05:07:29,048 - INFO - Completed /viper/ptmp/arego/RC4K1_1/7719.h5 in 10.58 seconds
2025-09-19 05:07:29,394 - INFO - Processing /viper/ptmp/arego/RC4K1/2891.h5
2025-09-19 05:07:30,101 - INFO - File 12725: Filtered 20403676 hits and 8 records
2025-09-19 05:07:31,640 - INFO - File 16104: Filtered 7025910 hits and 8 records
2025-09-19 05:07:31,995 - INFO - File 16430: Filtered 16589323 hits and 8 records
2025-09-19 05:07:32,025 - INFO - File 16510: Filtered 19144048 hits and 6 records
2025-09-19 05:07:32,066 - INFO - Completed /viper/ptmp/arego/RC4K1_1/7877.h5 in 16.35 seconds
2025-09-19 05:07:32,877 - INFO - Processing /viper/ptmp/arego/RC4K1/5131.h5
2025-09-19 05:07:33,898 - INFO - Completed /viper/ptmp/arego/RC4K1_1/12725.h5 in 13.40 seconds
2025-09-19 05:07:34,261 - INFO - Processing /viper/ptmp/arego/RC4K1/13707.h5
2025-09-19 05:07:34,302 - INFO - Completed /viper/ptmp/arego/RC4K1_1/11340.h5 in 16.99 seconds
2025-09-19 05:07:35,334 - INFO - File 14456: Filtered 17973817 hits and 8 records
2025-09-19 05:07:35,578 - INFO - Processing /viper/ptmp/arego/RC4K1/21761.h5
2025-09-19 05:07:36,630 - INFO - Completed /viper/ptmp/arego/RC4K1_1/16430.h5 in 15.02 seconds
2025-09-19 05:07:37,067 - INFO - Processing /viper/ptmp/arego/RC4K1/45.h5
2025-09-19 05:07:37,462 - INFO - File 2891: Filtered 21985852 hits and 10 records
2025-09-19 05:07:37,721 - INFO - Completed /viper/ptmp/arego/RC4K1_1/16510.h5 in 14.77 seconds
2025-09-19 05:07:38,316 - INFO - Processing /viper/ptmp/arego/RC4K1/4561.h5
2025-09-19 05:07:39,289 - INFO - Completed /viper/ptmp/arego/RC4K1_1/14456.h5 in 10.92 seconds
2025-09-19 05:07:39,805 - INFO - Processing /viper/ptmp/arego/RC4K1/24177.h5
2025-09-19 05:07:40,177 - INFO - Completed /viper/ptmp/arego/RC4K1_1/2891.h5 in 10.78 seconds
2025-09-19 05:07:41,108 - INFO - File 5131: Filtered 15887674 hits and 8 records
2025-09-19 05:07:41,357 - INFO - Processing /viper/ptmp/arego/RC4K1/17047.h5
2025-09-19 05:07:41,940 - INFO - Completed /viper/ptmp/arego/RC4K1_1/16104.h5 in 18.01 seconds
2025-09-19 05:07:43,191 - INFO - Processing /viper/ptmp/arego/RC4K1/6174.h5
2025-09-19 05:07:44,617 - INFO - File 13707: Filtered 16373205 hits and 8 records
2025-09-19 05:07:45,841 - INFO - File 21761: Filtered 11797799 hits and 7 records
2025-09-19 05:07:47,734 - INFO - File 45: Filtered 18339507 hits and 10 records
2025-09-19 05:07:49,403 - INFO - File 4561: Filtered 13082732 hits and 10 records
2025-09-19 05:07:50,128 - INFO - Completed /viper/ptmp/arego/RC4K1_1/5131.h5 in 17.25 seconds
2025-09-19 05:07:50,874 - INFO - Processing /viper/ptmp/arego/RC4K1/12778.h5
2025-09-19 05:07:50,878 - INFO - File 24177: Filtered 19021284 hits and 6 records
2025-09-19 05:07:51,718 - INFO - Completed /viper/ptmp/arego/RC4K1_1/13707.h5 in 17.46 seconds
2025-09-19 05:07:51,831 - INFO - File 17047: Filtered 23973804 hits and 8 records
2025-09-19 05:07:51,864 - INFO - Completed /viper/ptmp/arego/RC4K1_1/45.h5 in 14.80 seconds
2025-09-19 05:07:52,398 - INFO - Processing /viper/ptmp/arego/RC4K1/6528.h5
2025-09-19 05:07:53,113 - INFO - File 6174: Filtered 20198541 hits and 9 records
2025-09-19 05:07:53,231 - INFO - Processing /viper/ptmp/arego/RC4K1/27660.h5
2025-09-19 05:07:53,990 - INFO - Completed /viper/ptmp/arego/RC4K1_1/21761.h5 in 18.41 seconds
2025-09-19 05:07:54,755 - INFO - Processing /viper/ptmp/arego/RC4K1/6020.h5
2025-09-19 05:07:55,292 - INFO - Completed /viper/ptmp/arego/RC4K1_1/24177.h5 in 15.49 seconds
2025-09-19 05:07:55,492 - INFO - Completed /viper/ptmp/arego/RC4K1_1/4561.h5 in 17.18 seconds
2025-09-19 05:07:55,803 - INFO - Processing /viper/ptmp/arego/RC4K1/8427.h5
2025-09-19 05:07:55,922 - INFO - Completed /viper/ptmp/arego/RC4K1_1/17047.h5 in 14.57 seconds
2025-09-19 05:07:56,738 - INFO - Processing /viper/ptmp/arego/RC4K1/28924.h5
2025-09-19 05:07:56,774 - INFO - Completed /viper/ptmp/arego/RC4K1_1/6174.h5 in 13.58 seconds
2025-09-19 05:07:57,423 - INFO - Processing /viper/ptmp/arego/RC4K1/29447.h5
2025-09-19 05:07:58,045 - INFO - Processing /viper/ptmp/arego/RC4K1/28711.h5
2025-09-19 05:07:59,965 - INFO - File 12778: Filtered 16350134 hits and 7 records
2025-09-19 05:08:05,779 - INFO - File 27660: Filtered 22316296 hits and 8 records
2025-09-19 05:08:07,432 - INFO - File 6020: Filtered 28235481 hits and 6 records
2025-09-19 05:08:09,553 - INFO - File 8427: Filtered 7931028 hits and 5 records
2025-09-19 05:08:10,102 - INFO - Completed /viper/ptmp/arego/RC4K1_1/12778.h5 in 19.23 seconds
2025-09-19 05:08:10,242 - INFO - File 6528: Filtered 8000813 hits and 4 records
2025-09-19 05:08:10,436 - INFO - File 28711: Filtered 26528564 hits and 7 records
2025-09-19 05:08:10,582 - INFO - File 28924: Filtered 15127593 hits and 8 records
2025-09-19 05:08:10,699 - INFO - Completed /viper/ptmp/arego/RC4K1_1/6020.h5 in 15.94 seconds
2025-09-19 05:08:10,846 - INFO - File 29447: Filtered 12536299 hits and 9 records
2025-09-19 05:08:11,037 - INFO - Processing /viper/ptmp/arego/RC4K1/9166.h5
2025-09-19 05:08:11,117 - INFO - Completed /viper/ptmp/arego/RC4K1_1/27660.h5 in 17.89 seconds
2025-09-19 05:08:12,129 - INFO - Processing /viper/ptmp/arego/RC4K1/23924.h5
2025-09-19 05:08:12,890 - INFO - Processing /viper/ptmp/arego/RC4K1/18674.h5
2025-09-19 05:08:13,810 - INFO - Completed /viper/ptmp/arego/RC4K1_1/28711.h5 in 15.76 seconds
2025-09-19 05:08:14,136 - INFO - Processing /viper/ptmp/arego/RC4K1/4559.h5
2025-09-19 05:08:17,080 - INFO - Completed /viper/ptmp/arego/RC4K1_1/28924.h5 in 20.34 seconds
2025-09-19 05:08:17,631 - INFO - Processing /viper/ptmp/arego/RC4K1/10196.h5
2025-09-19 05:08:18,599 - INFO - Completed /viper/ptmp/arego/RC4K1_1/29447.h5 in 21.18 seconds
2025-09-19 05:08:19,296 - INFO - Completed /viper/ptmp/arego/RC4K1_1/8427.h5 in 23.49 seconds
2025-09-19 05:08:19,596 - INFO - Processing /viper/ptmp/arego/RC4K1/10901.h5
2025-09-19 05:08:20,822 - INFO - Processing /viper/ptmp/arego/RC4K1/26832.h5
2025-09-19 05:08:22,205 - INFO - File 9166: Filtered 14915680 hits and 6 records
2025-09-19 05:08:22,464 - INFO - File 23924: Filtered 22454222 hits and 6 records
2025-09-19 05:08:23,440 - INFO - File 18674: Filtered 18797326 hits and 7 records
2025-09-19 05:08:23,528 - INFO - Completed /viper/ptmp/arego/RC4K1_1/6528.h5 in 31.13 seconds
2025-09-19 05:08:24,666 - INFO - File 4559: Filtered 19253688 hits and 5 records
2025-09-19 05:08:24,793 - INFO - Processing /viper/ptmp/arego/RC4K1/27306.h5
2025-09-19 05:08:26,280 - INFO - File 10196: Filtered 25952096 hits and 9 records
2025-09-19 05:08:28,019 - INFO - Completed /viper/ptmp/arego/RC4K1_1/23924.h5 in 15.89 seconds
2025-09-19 05:08:28,497 - INFO - Processing /viper/ptmp/arego/RC4K1/25459.h5
2025-09-19 05:08:30,227 - INFO - Completed /viper/ptmp/arego/RC4K1_1/18674.h5 in 17.34 seconds
2025-09-19 05:08:30,590 - INFO - File 10901: Filtered 22091242 hits and 7 records
2025-09-19 05:08:30,900 - INFO - Processing /viper/ptmp/arego/RC4K1/8873.h5
2025-09-19 05:08:30,929 - INFO - Completed /viper/ptmp/arego/RC4K1_1/9166.h5 in 19.89 seconds
2025-09-19 05:08:31,002 - INFO - File 26832: Filtered 17820580 hits and 8 records
2025-09-19 05:08:31,112 - INFO - Completed /viper/ptmp/arego/RC4K1_1/4559.h5 in 16.98 seconds
2025-09-19 05:08:31,607 - INFO - Completed /viper/ptmp/arego/RC4K1_1/10196.h5 in 13.98 seconds
2025-09-19 05:08:31,788 - INFO - Processing /viper/ptmp/arego/RC4K1/9177.h5
2025-09-19 05:08:32,632 - INFO - Processing /viper/ptmp/arego/RC4K1/18329.h5
2025-09-19 05:08:33,221 - INFO - File 27306: Filtered 19647926 hits and 8 records
2025-09-19 05:08:33,304 - INFO - Processing /viper/ptmp/arego/RC4K1/19275.h5
2025-09-19 05:08:35,657 - INFO - Completed /viper/ptmp/arego/RC4K1_1/10901.h5 in 16.06 seconds
2025-09-19 05:08:36,189 - INFO - Processing /viper/ptmp/arego/RC4K1/25421.h5
2025-09-19 05:08:37,639 - INFO - Completed /viper/ptmp/arego/RC4K1_1/26832.h5 in 16.82 seconds
2025-09-19 05:08:38,376 - INFO - Processing /viper/ptmp/arego/RC4K1/20705.h5
2025-09-19 05:08:38,990 - INFO - File 25459: Filtered 28756512 hits and 9 records
2025-09-19 05:08:41,741 - INFO - File 8873: Filtered 17239277 hits and 7 records
2025-09-19 05:08:41,745 - INFO - Completed /viper/ptmp/arego/RC4K1_1/27306.h5 in 16.95 seconds
2025-09-19 05:08:43,059 - INFO - Processing /viper/ptmp/arego/RC4K1/29813.h5
2025-09-19 05:08:43,122 - ERROR - Error processing /viper/ptmp/arego/RC4K1/25459.h5: low >= high
2025-09-19 05:08:45,122 - INFO - Processing /viper/ptmp/arego/RC4K1/21829.h5
2025-09-19 05:08:45,736 - INFO - File 9177: Filtered 18450262 hits and 10 records
2025-09-19 05:08:47,092 - INFO - File 18329: Filtered 12879704 hits and 6 records
2025-09-19 05:08:47,313 - INFO - File 19275: Filtered 26960069 hits and 11 records
2025-09-19 05:08:48,580 - INFO - Completed /viper/ptmp/arego/RC4K1_1/8873.h5 in 17.68 seconds
2025-09-19 05:08:48,871 - INFO - File 25421: Filtered 16821727 hits and 11 records
2025-09-19 05:08:49,157 - INFO - Processing /viper/ptmp/arego/RC4K1/10916.h5
2025-09-19 05:08:50,229 - INFO - File 20705: Filtered 24791575 hits and 8 records
2025-09-19 05:08:51,297 - INFO - Completed /viper/ptmp/arego/RC4K1_1/19275.h5 in 17.99 seconds
2025-09-19 05:08:51,816 - INFO - Processing /viper/ptmp/arego/RC4K1/20669.h5
2025-09-19 05:08:52,763 - INFO - Completed /viper/ptmp/arego/RC4K1_1/9177.h5 in 20.97 seconds
2025-09-19 05:08:53,291 - INFO - Processing /viper/ptmp/arego/RC4K1/5472.h5
2025-09-19 05:08:54,810 - INFO - Completed /viper/ptmp/arego/RC4K1_1/20705.h5 in 16.43 seconds
2025-09-19 05:08:55,290 - INFO - Processing /viper/ptmp/arego/RC4K1/13445.h5
2025-09-19 05:08:55,312 - INFO - File 29813: Filtered 16452713 hits and 8 records
2025-09-19 05:08:56,374 - INFO - Completed /viper/ptmp/arego/RC4K1_1/25421.h5 in 20.19 seconds
2025-09-19 05:08:56,745 - INFO - File 21829: Filtered 23887274 hits and 7 records
2025-09-19 05:08:57,151 - INFO - Processing /viper/ptmp/arego/RC4K1/399.h5
2025-09-19 05:08:58,149 - INFO - File 10916: Filtered 21204661 hits and 7 records
2025-09-19 05:08:58,177 - INFO - Completed /viper/ptmp/arego/RC4K1_1/18329.h5 in 25.55 seconds
2025-09-19 05:08:59,616 - INFO - Processing /viper/ptmp/arego/RC4K1/24015.h5
2025-09-19 05:09:02,323 - INFO - Completed /viper/ptmp/arego/RC4K1_1/21829.h5 in 17.20 seconds
2025-09-19 05:09:02,587 - INFO - File 20669: Filtered 18749894 hits and 6 records
2025-09-19 05:09:02,689 - INFO - File 5472: Filtered 14040139 hits and 5 records
2025-09-19 05:09:02,941 - INFO - Processing /viper/ptmp/arego/RC4K1/10374.h5
2025-09-19 05:09:03,138 - INFO - Completed /viper/ptmp/arego/RC4K1_1/29813.h5 in 20.08 seconds
2025-09-19 05:09:04,087 - INFO - Processing /viper/ptmp/arego/RC4K1/20591.h5
2025-09-19 05:09:04,521 - INFO - Completed /viper/ptmp/arego/RC4K1_1/10916.h5 in 15.36 seconds
2025-09-19 05:09:05,199 - INFO - Processing /viper/ptmp/arego/RC4K1/21962.h5
2025-09-19 05:09:06,416 - INFO - File 13445: Filtered 30266050 hits and 9 records
2025-09-19 05:09:08,480 - INFO - File 399: Filtered 17461803 hits and 8 records
2025-09-19 05:09:09,328 - INFO - Completed /viper/ptmp/arego/RC4K1_1/13445.h5 in 14.04 seconds
2025-09-19 05:09:09,737 - INFO - Processing /viper/ptmp/arego/RC4K1/27842.h5
2025-09-19 05:09:10,570 - INFO - File 24015: Filtered 16222158 hits and 5 records
2025-09-19 05:09:11,112 - INFO - Completed /viper/ptmp/arego/RC4K1_1/5472.h5 in 17.82 seconds
2025-09-19 05:09:11,833 - INFO - Processing /viper/ptmp/arego/RC4K1/8398.h5
2025-09-19 05:09:13,446 - INFO - Completed /viper/ptmp/arego/RC4K1_1/20669.h5 in 21.63 seconds
2025-09-19 05:09:14,440 - INFO - Processing /viper/ptmp/arego/RC4K1/23098.h5
2025-09-19 05:09:16,418 - INFO - File 10374: Filtered 16451840 hits and 10 records
2025-09-19 05:09:17,025 - INFO - Completed /viper/ptmp/arego/RC4K1_1/399.h5 in 19.87 seconds
2025-09-19 05:09:17,336 - INFO - File 20591: Filtered 31596944 hits and 9 records
2025-09-19 05:09:17,453 - INFO - File 21962: Filtered 19766340 hits and 8 records
2025-09-19 05:09:18,379 - INFO - Processing /viper/ptmp/arego/RC4K1/6779.h5
2025-09-19 05:09:20,543 - INFO - Completed /viper/ptmp/arego/RC4K1_1/24015.h5 in 20.93 seconds
2025-09-19 05:09:20,923 - INFO - File 8398: Filtered 32709637 hits and 9 records
2025-09-19 05:09:21,382 - INFO - Processing /viper/ptmp/arego/RC4K1/12450.h5
2025-09-19 05:09:21,885 - INFO - File 27842: Filtered 24821730 hits and 7 records
2025-09-19 05:09:22,318 - INFO - Completed /viper/ptmp/arego/RC4K1_1/20591.h5 in 18.23 seconds
2025-09-19 05:09:22,890 - INFO - Processing /viper/ptmp/arego/RC4K1/10620.h5
2025-09-19 05:09:23,813 - INFO - Completed /viper/ptmp/arego/RC4K1_1/8398.h5 in 11.98 seconds
2025-09-19 05:09:24,117 - INFO - Processing /viper/ptmp/arego/RC4K1/23672.h5
2025-09-19 05:09:25,079 - INFO - Completed /viper/ptmp/arego/RC4K1_1/21962.h5 in 19.88 seconds
2025-09-19 05:09:25,605 - INFO - File 23098: Filtered 22122663 hits and 12 records
2025-09-19 05:09:25,607 - INFO - Completed /viper/ptmp/arego/RC4K1_1/10374.h5 in 22.67 seconds
2025-09-19 05:09:25,916 - INFO - Processing /viper/ptmp/arego/RC4K1/5806.h5
2025-09-19 05:09:26,686 - INFO - Completed /viper/ptmp/arego/RC4K1_1/27842.h5 in 16.95 seconds
2025-09-19 05:09:26,929 - INFO - Processing /viper/ptmp/arego/RC4K1/3917.h5
2025-09-19 05:09:27,569 - INFO - Processing /viper/ptmp/arego/RC4K1/15575.h5
2025-09-19 05:09:31,470 - INFO - File 6779: Filtered 24996391 hits and 9 records
2025-09-19 05:09:31,925 - INFO - Completed /viper/ptmp/arego/RC4K1_1/23098.h5 in 17.48 seconds
2025-09-19 05:09:32,925 - INFO - Processing /viper/ptmp/arego/RC4K1/21531.h5
2025-09-19 05:09:36,897 - INFO - File 10620: Filtered 11457926 hits and 5 records
2025-09-19 05:09:37,501 - INFO - File 12450: Filtered 17603548 hits and 9 records
2025-09-19 05:09:38,155 - INFO - Completed /viper/ptmp/arego/RC4K1_1/6779.h5 in 19.78 seconds
2025-09-19 05:09:38,662 - INFO - Processing /viper/ptmp/arego/RC4K1/13193.h5
2025-09-19 05:09:39,020 - INFO - File 23672: Filtered 26118528 hits and 10 records
2025-09-19 05:09:40,286 - INFO - File 5806: Filtered 29924799 hits and 8 records
2025-09-19 05:09:42,744 - INFO - File 15575: Filtered 30401216 hits and 9 records
2025-09-19 05:09:43,783 - INFO - File 3917: Filtered 27105658 hits and 10 records
2025-09-19 05:09:45,461 - INFO - Completed /viper/ptmp/arego/RC4K1_1/5806.h5 in 19.55 seconds
2025-09-19 05:09:46,185 - INFO - Processing /viper/ptmp/arego/RC4K1/20452.h5
2025-09-19 05:09:46,209 - INFO - File 21531: Filtered 15769455 hits and 7 records
2025-09-19 05:09:47,215 - INFO - Completed /viper/ptmp/arego/RC4K1_1/23672.h5 in 23.10 seconds
2025-09-19 05:09:47,583 - INFO - Completed /viper/ptmp/arego/RC4K1_1/12450.h5 in 26.20 seconds
2025-09-19 05:09:47,668 - INFO - Processing /viper/ptmp/arego/RC4K1/1163.h5
2025-09-19 05:09:47,969 - INFO - Completed /viper/ptmp/arego/RC4K1_1/15575.h5 in 20.40 seconds
2025-09-19 05:09:48,394 - INFO - File 13193: Filtered 22191646 hits and 7 records
2025-09-19 05:09:48,605 - INFO - Processing /viper/ptmp/arego/RC4K1/20125.h5
2025-09-19 05:09:49,285 - INFO - Processing /viper/ptmp/arego/RC4K1/4579.h5
2025-09-19 05:09:49,371 - INFO - Completed /viper/ptmp/arego/RC4K1_1/3917.h5 in 22.44 seconds
2025-09-19 05:09:49,911 - INFO - Processing /viper/ptmp/arego/RC4K1/17322.h5
2025-09-19 05:09:49,936 - INFO - Completed /viper/ptmp/arego/RC4K1_1/10620.h5 in 27.05 seconds
2025-09-19 05:09:50,933 - INFO - Processing /viper/ptmp/arego/RC4K1/9500.h5
2025-09-19 05:09:54,965 - INFO - Completed /viper/ptmp/arego/RC4K1_1/13193.h5 in 16.30 seconds
2025-09-19 05:09:55,669 - INFO - Completed /viper/ptmp/arego/RC4K1_1/21531.h5 in 22.74 seconds
2025-09-19 05:09:55,881 - INFO - Processing /viper/ptmp/arego/RC4K1/1531.h5
2025-09-19 05:09:56,920 - INFO - Processing /viper/ptmp/arego/RC4K1/8785.h5
2025-09-19 05:09:59,909 - INFO - File 20452: Filtered 30351521 hits and 8 records
2025-09-19 05:10:01,387 - INFO - File 20125: Filtered 20825067 hits and 8 records
2025-09-19 05:10:01,894 - INFO - File 1163: Filtered 23454870 hits and 7 records
2025-09-19 05:10:04,781 - INFO - File 4579: Filtered 23813311 hits and 10 records
2025-09-19 05:10:06,011 - INFO - File 17322: Filtered 26686434 hits and 7 records
2025-09-19 05:10:06,381 - ERROR - Error processing /viper/ptmp/arego/RC4K1/20452.h5: low >= high
2025-09-19 05:10:07,001 - INFO - Processing /viper/ptmp/arego/RC4K1/10313.h5
2025-09-19 05:10:07,526 - INFO - File 9500: Filtered 29186364 hits and 9 records
2025-09-19 05:10:07,655 - INFO - File 1531: Filtered 32407320 hits and 9 records
2025-09-19 05:10:10,617 - INFO - File 8785: Filtered 17863075 hits and 8 records
2025-09-19 05:10:11,058 - INFO - Completed /viper/ptmp/arego/RC4K1_1/20125.h5 in 22.45 seconds
2025-09-19 05:10:11,446 - INFO - Completed /viper/ptmp/arego/RC4K1_1/1163.h5 in 23.78 seconds
2025-09-19 05:10:12,126 - INFO - Processing /viper/ptmp/arego/RC4K1/24985.h5
2025-09-19 05:10:13,042 - INFO - Processing /viper/ptmp/arego/RC4K1/24949.h5
2025-09-19 05:10:13,650 - INFO - Completed /viper/ptmp/arego/RC4K1_1/4579.h5 in 24.37 seconds
2025-09-19 05:10:13,681 - INFO - Completed /viper/ptmp/arego/RC4K1_1/1531.h5 in 17.80 seconds
2025-09-19 05:10:13,730 - INFO - Completed /viper/ptmp/arego/RC4K1_1/17322.h5 in 23.82 seconds
2025-09-19 05:10:14,451 - INFO - Processing /viper/ptmp/arego/RC4K1/28509.h5
2025-09-19 05:10:14,789 - INFO - Completed /viper/ptmp/arego/RC4K1_1/9500.h5 in 23.86 seconds
2025-09-19 05:10:15,125 - INFO - Processing /viper/ptmp/arego/RC4K1/22234.h5
2025-09-19 05:10:15,737 - INFO - Processing /viper/ptmp/arego/RC4K1/14185.h5
2025-09-19 05:10:16,352 - INFO - Processing /viper/ptmp/arego/RC4K1/9299.h5
2025-09-19 05:10:18,964 - INFO - File 10313: Filtered 27511028 hits and 9 records
2025-09-19 05:10:20,911 - INFO - Completed /viper/ptmp/arego/RC4K1_1/8785.h5 in 23.99 seconds
2025-09-19 05:10:21,852 - INFO - Processing /viper/ptmp/arego/RC4K1/8372.h5
2025-09-19 05:10:25,309 - INFO - Completed /viper/ptmp/arego/RC4K1_1/10313.h5 in 18.31 seconds
2025-09-19 05:10:25,973 - INFO - Processing /viper/ptmp/arego/RC4K1/5532.h5
2025-09-19 05:10:27,616 - INFO - File 24949: Filtered 23096405 hits and 6 records
2025-09-19 05:10:28,204 - INFO - File 24985: Filtered 28244260 hits and 6 records
2025-09-19 05:10:30,185 - INFO - File 14185: Filtered 19840286 hits and 8 records
2025-09-19 05:10:30,324 - INFO - File 28509: Filtered 30128609 hits and 10 records
2025-09-19 05:10:30,399 - INFO - File 9299: Filtered 34414533 hits and 8 records
2025-09-19 05:10:36,536 - INFO - File 8372: Filtered 28764306 hits and 10 records
2025-09-19 05:10:36,863 - ERROR - Error processing /viper/ptmp/arego/RC4K1/9299.h5: low >= high
2025-09-19 05:10:36,974 - INFO - Completed /viper/ptmp/arego/RC4K1_1/28509.h5 in 22.52 seconds
2025-09-19 05:10:37,638 - INFO - Processing /viper/ptmp/arego/RC4K1/19081.h5
2025-09-19 05:10:38,206 - INFO - Processing /viper/ptmp/arego/RC4K1/17147.h5
2025-09-19 05:10:40,554 - INFO - Completed /viper/ptmp/arego/RC4K1_1/24985.h5 in 28.43 seconds
2025-09-19 05:10:40,618 - INFO - File 5532: Filtered 27985247 hits and 10 records
2025-09-19 05:10:41,534 - INFO - Processing /viper/ptmp/arego/RC4K1/23937.h5
2025-09-19 05:10:41,954 - INFO - Completed /viper/ptmp/arego/RC4K1_1/14185.h5 in 26.22 seconds
2025-09-19 05:10:42,809 - INFO - Completed /viper/ptmp/arego/RC4K1_1/24949.h5 in 29.77 seconds
2025-09-19 05:10:42,815 - INFO - Processing /viper/ptmp/arego/RC4K1/13402.h5
2025-09-19 05:10:43,669 - INFO - Processing /viper/ptmp/arego/RC4K1/16651.h5
2025-09-19 05:10:47,337 - INFO - Completed /viper/ptmp/arego/RC4K1_1/8372.h5 in 25.48 seconds
2025-09-19 05:10:48,017 - INFO - Processing /viper/ptmp/arego/RC4K1/11356.h5
2025-09-19 05:10:49,602 - INFO - Completed /viper/ptmp/arego/RC4K1_1/5532.h5 in 23.63 seconds
2025-09-19 05:10:50,358 - INFO - Processing /viper/ptmp/arego/RC4K1/27450.h5
2025-09-19 05:10:54,385 - INFO - File 17147: Filtered 36705552 hits and 11 records
2025-09-19 05:10:55,115 - INFO - File 19081: Filtered 27594609 hits and 6 records
2025-09-19 05:10:56,843 - INFO - File 23937: Filtered 38145510 hits and 9 records
2025-09-19 05:10:59,811 - INFO - Completed /viper/ptmp/arego/RC4K1_1/17147.h5 in 21.60 seconds
2025-09-19 05:11:00,212 - INFO - File 22234: Filtered 55083926 hits and 10 records
2025-09-19 05:11:00,378 - INFO - Processing /viper/ptmp/arego/RC4K1/22659.h5
2025-09-19 05:11:01,521 - INFO - File 13402: Filtered 17413562 hits and 5 records
2025-09-19 05:11:02,360 - INFO - Completed /viper/ptmp/arego/RC4K1_1/23937.h5 in 20.83 seconds
2025-09-19 05:11:02,824 - INFO - File 16651: Filtered 21169832 hits and 7 records
2025-09-19 05:11:02,855 - INFO - Processing /viper/ptmp/arego/RC4K1/5217.h5
2025-09-19 05:11:05,892 - INFO - Completed /viper/ptmp/arego/RC4K1_1/19081.h5 in 28.25 seconds
2025-09-19 05:11:06,545 - INFO - File 11356: Filtered 18682556 hits and 7 records
2025-09-19 05:11:06,738 - INFO - Processing /viper/ptmp/arego/RC4K1/7546.h5
2025-09-19 05:11:08,817 - INFO - File 27450: Filtered 39640975 hits and 11 records
2025-09-19 05:11:12,793 - INFO - File 22659: Filtered 29906452 hits and 7 records
2025-09-19 05:11:14,139 - INFO - Completed /viper/ptmp/arego/RC4K1_1/13402.h5 in 31.32 seconds
2025-09-19 05:11:14,467 - INFO - Completed /viper/ptmp/arego/RC4K1_1/27450.h5 in 24.11 seconds
2025-09-19 05:11:15,004 - INFO - Processing /viper/ptmp/arego/RC4K1/1955.h5
2025-09-19 05:11:15,426 - INFO - Completed /viper/ptmp/arego/RC4K1_1/16651.h5 in 31.76 seconds
2025-09-19 05:11:15,926 - INFO - Processing /viper/ptmp/arego/RC4K1/25583.h5
2025-09-19 05:11:16,688 - INFO - Processing /viper/ptmp/arego/RC4K1/11522.h5
2025-09-19 05:11:17,294 - INFO - File 5217: Filtered 36791185 hits and 9 records
2025-09-19 05:11:19,614 - INFO - File 7546: Filtered 37720539 hits and 11 records
2025-09-19 05:11:20,005 - INFO - Completed /viper/ptmp/arego/RC4K1_1/11356.h5 in 31.99 seconds
2025-09-19 05:11:20,761 - INFO - Completed /viper/ptmp/arego/RC4K1_1/22659.h5 in 20.38 seconds
2025-09-19 05:11:21,278 - INFO - Processing /viper/ptmp/arego/RC4K1/18103.h5
2025-09-19 05:11:22,046 - INFO - Processing /viper/ptmp/arego/RC4K1/22137.h5
2025-09-19 05:11:23,390 - INFO - Completed /viper/ptmp/arego/RC4K1_1/5217.h5 in 20.54 seconds
2025-09-19 05:11:23,987 - INFO - Processing /viper/ptmp/arego/RC4K1/27350.h5
2025-09-19 05:11:25,987 - INFO - Completed /viper/ptmp/arego/RC4K1_1/7546.h5 in 19.25 seconds
2025-09-19 05:11:26,970 - INFO - Processing /viper/ptmp/arego/RC4K1/28430.h5
2025-09-19 05:11:30,421 - INFO - File 1955: Filtered 25200149 hits and 8 records
2025-09-19 05:11:30,602 - INFO - Completed /viper/ptmp/arego/RC4K1_1/22234.h5 in 75.48 seconds
2025-09-19 05:11:32,872 - INFO - Processing /viper/ptmp/arego/RC4K1/4577.h5
2025-09-19 05:11:34,969 - INFO - File 11522: Filtered 22103107 hits and 9 records
2025-09-19 05:11:35,373 - INFO - File 25583: Filtered 32257307 hits and 9 records
2025-09-19 05:11:41,706 - INFO - File 18103: Filtered 35377421 hits and 11 records
2025-09-19 05:11:41,783 - INFO - Completed /viper/ptmp/arego/RC4K1_1/1955.h5 in 26.78 seconds
2025-09-19 05:11:42,723 - INFO - Processing /viper/ptmp/arego/RC4K1/977.h5
2025-09-19 05:11:43,239 - INFO - File 22137: Filtered 23039468 hits and 5 records
2025-09-19 05:11:45,818 - INFO - File 27350: Filtered 8229834 hits and 3 records
2025-09-19 05:11:46,839 - INFO - File 28430: Filtered 23704172 hits and 7 records
2025-09-19 05:11:47,998 - INFO - File 4577: Filtered 48825761 hits and 11 records
2025-09-19 05:11:48,748 - INFO - Completed /viper/ptmp/arego/RC4K1_1/25583.h5 in 32.82 seconds
2025-09-19 05:11:49,555 - INFO - Processing /viper/ptmp/arego/RC4K1/19465.h5
2025-09-19 05:11:51,009 - INFO - Completed /viper/ptmp/arego/RC4K1_1/11522.h5 in 34.32 seconds
2025-09-19 05:11:51,233 - INFO - Completed /viper/ptmp/arego/RC4K1_1/18103.h5 in 29.95 seconds
2025-09-19 05:11:51,941 - INFO - Processing /viper/ptmp/arego/RC4K1/16812.h5
2025-09-19 05:11:52,649 - INFO - Processing /viper/ptmp/arego/RC4K1/24181.h5
2025-09-19 05:11:54,231 - INFO - Completed /viper/ptmp/arego/RC4K1_1/4577.h5 in 21.36 seconds
2025-09-19 05:11:54,797 - INFO - Processing /viper/ptmp/arego/RC4K1/7061.h5
2025-09-19 05:11:55,579 - INFO - Completed /viper/ptmp/arego/RC4K1_1/22137.h5 in 33.53 seconds
2025-09-19 05:11:56,513 - INFO - Processing /viper/ptmp/arego/RC4K1/3036.h5
2025-09-19 05:11:58,668 - INFO - Completed /viper/ptmp/arego/RC4K1_1/28430.h5 in 31.70 seconds
2025-09-19 05:11:59,625 - INFO - Processing /viper/ptmp/arego/RC4K1/20039.h5
2025-09-19 05:12:00,715 - INFO - File 977: Filtered 38510861 hits and 11 records
2025-09-19 05:12:02,331 - INFO - Completed /viper/ptmp/arego/RC4K1_1/27350.h5 in 38.34 seconds
2025-09-19 05:12:04,306 - INFO - Processing /viper/ptmp/arego/RC4K1/16060.h5
2025-09-19 05:12:08,049 - INFO - File 19465: Filtered 35761213 hits and 9 records
2025-09-19 05:12:10,441 - INFO - File 16812: Filtered 36176114 hits and 8 records
2025-09-19 05:12:12,870 - INFO - Completed /viper/ptmp/arego/RC4K1_1/977.h5 in 30.15 seconds
2025-09-19 05:12:13,531 - INFO - File 24181: Filtered 32223669 hits and 7 records
2025-09-19 05:12:13,806 - INFO - Processing /viper/ptmp/arego/RC4K1/12947.h5
2025-09-19 05:12:16,025 - INFO - File 7061: Filtered 33416941 hits and 10 records
2025-09-19 05:12:16,971 - INFO - File 3036: Filtered 30374870 hits and 10 records
2025-09-19 05:12:19,453 - INFO - Completed /viper/ptmp/arego/RC4K1_1/19465.h5 in 29.90 seconds
2025-09-19 05:12:20,344 - INFO - Processing /viper/ptmp/arego/RC4K1/15837.h5
2025-09-19 05:12:20,846 - INFO - File 20039: Filtered 29765824 hits and 10 records
2025-09-19 05:12:23,127 - INFO - File 16060: Filtered 25262261 hits and 5 records
2025-09-19 05:12:23,571 - INFO - Completed /viper/ptmp/arego/RC4K1_1/16812.h5 in 31.63 seconds
2025-09-19 05:12:24,786 - INFO - Processing /viper/ptmp/arego/RC4K1/85.h5
2025-09-19 05:12:25,374 - INFO - Completed /viper/ptmp/arego/RC4K1_1/7061.h5 in 30.58 seconds
2025-09-19 05:12:25,899 - INFO - Completed /viper/ptmp/arego/RC4K1_1/24181.h5 in 33.25 seconds
2025-09-19 05:12:26,404 - INFO - Processing /viper/ptmp/arego/RC4K1/15448.h5
2025-09-19 05:12:27,137 - INFO - Processing /viper/ptmp/arego/RC4K1/14093.h5
2025-09-19 05:12:28,596 - INFO - Completed /viper/ptmp/arego/RC4K1_1/3036.h5 in 32.08 seconds
2025-09-19 05:12:29,446 - INFO - Processing /viper/ptmp/arego/RC4K1/8401.h5
2025-09-19 05:12:31,749 - INFO - Completed /viper/ptmp/arego/RC4K1_1/20039.h5 in 32.12 seconds
2025-09-19 05:12:32,741 - INFO - Processing /viper/ptmp/arego/RC4K1/27278.h5
2025-09-19 05:12:32,965 - INFO - File 12947: Filtered 33186996 hits and 6 records
2025-09-19 05:12:37,305 - INFO - Completed /viper/ptmp/arego/RC4K1_1/16060.h5 in 33.00 seconds
2025-09-19 05:12:37,726 - INFO - File 15837: Filtered 36950925 hits and 9 records
2025-09-19 05:12:38,697 - INFO - Processing /viper/ptmp/arego/RC4K1/25166.h5
2025-09-19 05:12:45,146 - INFO - File 85: Filtered 23678303 hits and 8 records
2025-09-19 05:12:47,957 - INFO - File 15448: Filtered 34363613 hits and 8 records
2025-09-19 05:12:48,361 - INFO - File 14093: Filtered 24909414 hits and 7 records
2025-09-19 05:12:48,967 - INFO - File 8401: Filtered 40836514 hits and 6 records
2025-09-19 05:12:50,998 - INFO - Completed /viper/ptmp/arego/RC4K1_1/15837.h5 in 30.65 seconds
2025-09-19 05:12:51,329 - INFO - Completed /viper/ptmp/arego/RC4K1_1/12947.h5 in 37.52 seconds
2025-09-19 05:12:52,278 - INFO - Processing /viper/ptmp/arego/RC4K1/22714.h5
2025-09-19 05:12:53,188 - INFO - Processing /viper/ptmp/arego/RC4K1/12384.h5
2025-09-19 05:12:53,589 - INFO - File 27278: Filtered 36709936 hits and 9 records
2025-09-19 05:12:57,493 - INFO - File 25166: Filtered 23087386 hits and 4 records
2025-09-19 05:12:59,130 - INFO - Completed /viper/ptmp/arego/RC4K1_1/85.h5 in 34.34 seconds
2025-09-19 05:13:00,088 - INFO - Completed /viper/ptmp/arego/RC4K1_1/8401.h5 in 30.64 seconds
2025-09-19 05:13:00,354 - INFO - Processing /viper/ptmp/arego/RC4K1/26168.h5
2025-09-19 05:13:00,809 - INFO - Completed /viper/ptmp/arego/RC4K1_1/15448.h5 in 34.40 seconds
2025-09-19 05:13:01,271 - INFO - Processing /viper/ptmp/arego/RC4K1/29545.h5
2025-09-19 05:13:02,123 - INFO - Processing /viper/ptmp/arego/RC4K1/20795.h5
2025-09-19 05:13:04,184 - INFO - Completed /viper/ptmp/arego/RC4K1_1/27278.h5 in 31.44 seconds
2025-09-19 05:13:04,794 - INFO - Completed /viper/ptmp/arego/RC4K1_1/14093.h5 in 37.66 seconds
2025-09-19 05:13:05,452 - INFO - Processing /viper/ptmp/arego/RC4K1/20751.h5
2025-09-19 05:13:06,692 - INFO - Processing /viper/ptmp/arego/RC4K1/19003.h5
2025-09-19 05:13:12,964 - INFO - File 22714: Filtered 26248078 hits and 8 records
2025-09-19 05:13:13,974 - INFO - Completed /viper/ptmp/arego/RC4K1_1/25166.h5 in 35.28 seconds
2025-09-19 05:13:14,629 - INFO - File 12384: Filtered 17137273 hits and 6 records
2025-09-19 05:13:15,647 - INFO - Processing /viper/ptmp/arego/RC4K1/7485.h5
2025-09-19 05:13:23,905 - INFO - File 26168: Filtered 30985421 hits and 6 records
2025-09-19 05:13:25,997 - INFO - File 29545: Filtered 36209503 hits and 10 records
2025-09-19 05:13:26,131 - INFO - File 20795: Filtered 43861807 hits and 7 records
2025-09-19 05:13:29,250 - INFO - File 20751: Filtered 17003678 hits and 8 records
2025-09-19 05:13:29,974 - INFO - File 19003: Filtered 53468853 hits and 7 records
2025-09-19 05:13:32,416 - INFO - Completed /viper/ptmp/arego/RC4K1_1/22714.h5 in 40.14 seconds
2025-09-19 05:13:33,639 - INFO - Processing /viper/ptmp/arego/RC4K1/378.h5
2025-09-19 05:13:36,556 - INFO - File 7485: Filtered 40603899 hits and 10 records
2025-09-19 05:13:37,092 - INFO - Completed /viper/ptmp/arego/RC4K1_1/20795.h5 in 34.97 seconds
2025-09-19 05:13:37,791 - INFO - Completed /viper/ptmp/arego/RC4K1_1/19003.h5 in 31.10 seconds
2025-09-19 05:13:38,014 - INFO - Processing /viper/ptmp/arego/RC4K1/11046.h5
2025-09-19 05:13:38,804 - INFO - Completed /viper/ptmp/arego/RC4K1_1/12384.h5 in 45.62 seconds
2025-09-19 05:13:38,908 - INFO - Processing /viper/ptmp/arego/RC4K1/16770.h5
2025-09-19 05:13:40,070 - INFO - Completed /viper/ptmp/arego/RC4K1_1/26168.h5 in 39.72 seconds
2025-09-19 05:13:40,549 - INFO - Processing /viper/ptmp/arego/RC4K1/18032.h5
2025-09-19 05:13:40,555 - INFO - Completed /viper/ptmp/arego/RC4K1_1/29545.h5 in 39.28 seconds
2025-09-19 05:13:41,268 - INFO - Processing /viper/ptmp/arego/RC4K1/20545.h5
2025-09-19 05:13:41,990 - INFO - Processing /viper/ptmp/arego/RC4K1/15252.h5
2025-09-19 05:13:49,247 - INFO - Completed /viper/ptmp/arego/RC4K1_1/7485.h5 in 33.60 seconds
2025-09-19 05:13:49,545 - INFO - Completed /viper/ptmp/arego/RC4K1_1/20751.h5 in 44.09 seconds
2025-09-19 05:13:50,388 - INFO - Processing /viper/ptmp/arego/RC4K1/363.h5
2025-09-19 05:13:51,162 - INFO - Processing /viper/ptmp/arego/RC4K1/28363.h5
2025-09-19 05:13:57,706 - INFO - File 378: Filtered 22650582 hits and 6 records
2025-09-19 05:14:00,136 - INFO - File 11046: Filtered 43823860 hits and 11 records
2025-09-19 05:14:01,383 - INFO - File 16770: Filtered 25662120 hits and 6 records
2025-09-19 05:14:08,179 - INFO - File 18032: Filtered 36494532 hits and 9 records
2025-09-19 05:14:09,848 - INFO - File 20545: Filtered 31937185 hits and 7 records
2025-09-19 05:14:11,877 - INFO - File 15252: Filtered 38373677 hits and 9 records
2025-09-19 05:14:12,877 - INFO - Completed /viper/ptmp/arego/RC4K1_1/11046.h5 in 34.86 seconds
2025-09-19 05:14:13,833 - INFO - Processing /viper/ptmp/arego/RC4K1/9532.h5
2025-09-19 05:14:19,529 - INFO - File 363: Filtered 35503462 hits and 7 records
2025-09-19 05:14:19,576 - INFO - File 28363: Filtered 27478345 hits and 5 records
2025-09-19 05:14:20,142 - INFO - Completed /viper/ptmp/arego/RC4K1_1/16770.h5 in 41.23 seconds
2025-09-19 05:14:21,721 - INFO - Processing /viper/ptmp/arego/RC4K1/3695.h5
2025-09-19 05:14:22,409 - INFO - Completed /viper/ptmp/arego/RC4K1_1/378.h5 in 48.77 seconds
2025-09-19 05:14:23,919 - INFO - Processing /viper/ptmp/arego/RC4K1/1587.h5
2025-09-19 05:14:25,763 - INFO - Completed /viper/ptmp/arego/RC4K1_1/18032.h5 in 45.21 seconds
2025-09-19 05:14:26,900 - INFO - Processing /viper/ptmp/arego/RC4K1/16501.h5
2025-09-19 05:14:28,909 - INFO - Completed /viper/ptmp/arego/RC4K1_1/20545.h5 in 47.64 seconds
2025-09-19 05:14:30,113 - INFO - Processing /viper/ptmp/arego/RC4K1/17470.h5
2025-09-19 05:14:33,776 - INFO - Completed /viper/ptmp/arego/RC4K1_1/15252.h5 in 51.79 seconds
2025-09-19 05:14:35,461 - INFO - Processing /viper/ptmp/arego/RC4K1/11883.h5
2025-09-19 05:14:35,997 - INFO - Completed /viper/ptmp/arego/RC4K1_1/363.h5 in 45.61 seconds
2025-09-19 05:14:37,516 - INFO - Processing /viper/ptmp/arego/RC4K1/4098.h5
2025-09-19 05:14:38,996 - INFO - Completed /viper/ptmp/arego/RC4K1_1/28363.h5 in 47.83 seconds
2025-09-19 05:14:40,106 - INFO - File 9532: Filtered 48602428 hits and 8 records
2025-09-19 05:14:41,150 - INFO - Processing /viper/ptmp/arego/RC4K1/27410.h5
2025-09-19 05:14:45,485 - INFO - File 3695: Filtered 47374355 hits and 8 records
2025-09-19 05:14:49,216 - INFO - File 1587: Filtered 52290212 hits and 9 records
2025-09-19 05:14:53,939 - INFO - File 16501: Filtered 36299772 hits and 7 records
2025-09-19 05:14:57,202 - INFO - File 17470: Filtered 41162420 hits and 9 records
2025-09-19 05:14:59,972 - INFO - Completed /viper/ptmp/arego/RC4K1_1/3695.h5 in 38.25 seconds
2025-09-19 05:15:00,429 - INFO - File 11883: Filtered 51238008 hits and 11 records
2025-09-19 05:15:00,603 - INFO - Completed /viper/ptmp/arego/RC4K1_1/9532.h5 in 46.77 seconds
2025-09-19 05:15:01,317 - INFO - Processing /viper/ptmp/arego/RC4K1/8160.h5
2025-09-19 05:15:02,255 - INFO - Processing /viper/ptmp/arego/RC4K1/27021.h5
2025-09-19 05:15:04,712 - INFO - Completed /viper/ptmp/arego/RC4K1_1/1587.h5 in 40.79 seconds
2025-09-19 05:15:06,168 - INFO - Processing /viper/ptmp/arego/RC4K1/26433.h5
2025-09-19 05:15:07,882 - INFO - File 4098: Filtered 41243681 hits and 7 records
2025-09-19 05:15:09,786 - INFO - File 27410: Filtered 50208192 hits and 7 records
2025-09-19 05:15:14,561 - INFO - Completed /viper/ptmp/arego/RC4K1_1/16501.h5 in 47.66 seconds
2025-09-19 05:15:15,957 - INFO - Processing /viper/ptmp/arego/RC4K1/29517.h5
2025-09-19 05:15:16,672 - INFO - Completed /viper/ptmp/arego/RC4K1_1/11883.h5 in 41.21 seconds
2025-09-19 05:15:17,101 - INFO - Completed /viper/ptmp/arego/RC4K1_1/17470.h5 in 46.99 seconds
2025-09-19 05:15:17,847 - INFO - Processing /viper/ptmp/arego/RC4K1/17597.h5
2025-09-19 05:15:18,706 - INFO - Processing /viper/ptmp/arego/RC4K1/25338.h5
2025-09-19 05:15:24,404 - INFO - Completed /viper/ptmp/arego/RC4K1_1/4098.h5 in 46.89 seconds
2025-09-19 05:15:25,222 - INFO - Completed /viper/ptmp/arego/RC4K1_1/27410.h5 in 44.07 seconds
2025-09-19 05:15:25,869 - INFO - Processing /viper/ptmp/arego/RC4K1/22083.h5
2025-09-19 05:15:28,589 - INFO - File 8160: Filtered 58119091 hits and 8 records
2025-09-19 05:15:28,625 - INFO - File 27021: Filtered 51658892 hits and 5 records
2025-09-19 05:15:32,973 - INFO - File 26433: Filtered 41617887 hits and 9 records
2025-09-19 05:15:43,643 - INFO - Completed /viper/ptmp/arego/RC4K1_1/8160.h5 in 42.33 seconds
2025-09-19 05:15:44,292 - INFO - Completed /viper/ptmp/arego/RC4K1_1/27021.h5 in 42.04 seconds
2025-09-19 05:15:47,892 - INFO - File 29517: Filtered 35340233 hits and 9 records
2025-09-19 05:15:50,556 - INFO - File 17597: Filtered 51782804 hits and 9 records
2025-09-19 05:15:57,376 - INFO - File 25338: Filtered 40786503 hits and 8 records
2025-09-19 05:15:58,015 - INFO - Completed /viper/ptmp/arego/RC4K1_1/26433.h5 in 51.85 seconds
2025-09-19 05:16:09,426 - INFO - File 22083: Filtered 135336879 hits and 11 records
2025-09-19 05:16:12,174 - INFO - Completed /viper/ptmp/arego/RC4K1_1/17597.h5 in 54.33 seconds
2025-09-19 05:16:12,947 - INFO - Completed /viper/ptmp/arego/RC4K1_1/29517.h5 in 56.99 seconds
2025-09-19 05:16:18,388 - INFO - Completed /viper/ptmp/arego/RC4K1_1/22083.h5 in 52.52 seconds
2025-09-19 05:16:27,866 - INFO - Completed /viper/ptmp/arego/RC4K1_1/25338.h5 in 69.16 seconds
