2025-09-19 03:26:24,251 - INFO - Loaded skip configuration: 0 files to skip entirely, 35364 files with partial record skips
2025-09-19 03:26:25,049 - INFO - Processing /viper/ptmp/arego/RC4K1/7386.h5
2025-09-19 03:26:25,357 - INFO - File 7386: Filtered 370677 hits and 5 records
2025-09-19 03:26:25,561 - INFO - Processing /viper/ptmp/arego/RC4K1/26279.h5
2025-09-19 03:26:25,684 - INFO - Completed /viper/ptmp/arego/RC4K1_1/7386.h5 in 0.64 seconds
2025-09-19 03:26:25,919 - INFO - File 26279: Filtered 249055 hits and 4 records
2025-09-19 03:26:26,057 - INFO - Processing /viper/ptmp/arego/RC4K1/25118.h5
2025-09-19 03:26:26,453 - INFO - Completed /viper/ptmp/arego/RC4K1_1/26279.h5 in 0.89 seconds
2025-09-19 03:26:26,567 - INFO - Processing /viper/ptmp/arego/RC4K1/8559.h5
2025-09-19 03:26:26,673 - INFO - File 25118: Filtered 502815 hits and 3 records
2025-09-19 03:26:27,173 - INFO - Processing /viper/ptmp/arego/RC4K1/2960.h5
2025-09-19 03:26:27,177 - INFO - File 8559: Filtered 701261 hits and 4 records
2025-09-19 03:26:27,464 - INFO - Completed /viper/ptmp/arego/RC4K1_1/25118.h5 in 1.41 seconds
2025-09-19 03:26:27,714 - INFO - Processing /viper/ptmp/arego/RC4K1/27496.h5
2025-09-19 03:26:27,799 - INFO - File 2960: Filtered 1712291 hits and 7 records
2025-09-19 03:26:27,969 - INFO - Completed /viper/ptmp/arego/RC4K1_1/8559.h5 in 1.40 seconds
2025-09-19 03:26:28,264 - INFO - Processing /viper/ptmp/arego/RC4K1/121.h5
2025-09-19 03:26:28,344 - INFO - Completed /viper/ptmp/arego/RC4K1_1/2960.h5 in 1.17 seconds
2025-09-19 03:26:28,407 - INFO - File 27496: Filtered 2091219 hits and 5 records
2025-09-19 03:26:28,806 - INFO - Processing /viper/ptmp/arego/RC4K1/25658.h5
2025-09-19 03:26:28,943 - INFO - Completed /viper/ptmp/arego/RC4K1_1/27496.h5 in 1.23 seconds
2025-09-19 03:26:29,011 - INFO - File 121: Filtered 1599953 hits and 7 records
2025-09-19 03:26:29,278 - INFO - Processing /viper/ptmp/arego/RC4K1/2808.h5
2025-09-19 03:26:29,554 - INFO - File 25658: Filtered 1630870 hits and 8 records
2025-09-19 03:26:29,890 - INFO - Processing /viper/ptmp/arego/RC4K1/7187.h5
2025-09-19 03:26:30,025 - INFO - File 2808: Filtered 2337178 hits and 7 records
2025-09-19 03:26:30,199 - INFO - Completed /viper/ptmp/arego/RC4K1_1/121.h5 in 1.94 seconds
2025-09-19 03:26:30,320 - INFO - Completed /viper/ptmp/arego/RC4K1_1/25658.h5 in 1.51 seconds
2025-09-19 03:26:30,507 - INFO - Processing /viper/ptmp/arego/RC4K1/12315.h5
2025-09-19 03:26:30,609 - INFO - Completed /viper/ptmp/arego/RC4K1_1/2808.h5 in 1.33 seconds
2025-09-19 03:26:30,690 - INFO - File 7187: Filtered 1476130 hits and 3 records
2025-09-19 03:26:31,064 - INFO - Processing /viper/ptmp/arego/RC4K1/790.h5
2025-09-19 03:26:31,279 - INFO - File 12315: Filtered 1075564 hits and 4 records
2025-09-19 03:26:31,618 - INFO - Completed /viper/ptmp/arego/RC4K1_1/7187.h5 in 1.73 seconds
2025-09-19 03:26:31,650 - INFO - Processing /viper/ptmp/arego/RC4K1/24554.h5
2025-09-19 03:26:31,849 - INFO - File 790: Filtered 3681146 hits and 7 records
2025-09-19 03:26:32,186 - INFO - Completed /viper/ptmp/arego/RC4K1_1/790.h5 in 1.12 seconds
2025-09-19 03:26:32,204 - INFO - Completed /viper/ptmp/arego/RC4K1_1/12315.h5 in 1.70 seconds
2025-09-19 03:26:32,246 - INFO - Processing /viper/ptmp/arego/RC4K1/4077.h5
2025-09-19 03:26:32,505 - INFO - File 24554: Filtered 2621374 hits and 9 records
2025-09-19 03:26:32,771 - INFO - Processing /viper/ptmp/arego/RC4K1/20574.h5
2025-09-19 03:26:33,079 - INFO - File 4077: Filtered 3709330 hits and 10 records
2025-09-19 03:26:33,155 - INFO - Completed /viper/ptmp/arego/RC4K1_1/24554.h5 in 1.50 seconds
2025-09-19 03:26:33,359 - INFO - Processing /viper/ptmp/arego/RC4K1/6397.h5
2025-09-19 03:26:33,450 - INFO - Completed /viper/ptmp/arego/RC4K1_1/4077.h5 in 1.20 seconds
2025-09-19 03:26:33,687 - INFO - File 20574: Filtered 1709468 hits and 5 records
2025-09-19 03:26:33,926 - INFO - Processing /viper/ptmp/arego/RC4K1/22841.h5
2025-09-19 03:26:34,350 - INFO - File 6397: Filtered 1563087 hits and 5 records
2025-09-19 03:26:34,505 - INFO - Processing /viper/ptmp/arego/RC4K1/25700.h5
2025-09-19 03:26:34,748 - INFO - Completed /viper/ptmp/arego/RC4K1_1/20574.h5 in 1.98 seconds
2025-09-19 03:26:34,949 - INFO - File 22841: Filtered 3053936 hits and 7 records
2025-09-19 03:26:35,143 - INFO - Processing /viper/ptmp/arego/RC4K1/11925.h5
2025-09-19 03:26:35,565 - INFO - Completed /viper/ptmp/arego/RC4K1_1/6397.h5 in 2.21 seconds
2025-09-19 03:26:35,604 - INFO - File 25700: Filtered 2332935 hits and 6 records
2025-09-19 03:26:35,774 - INFO - Completed /viper/ptmp/arego/RC4K1_1/22841.h5 in 1.85 seconds
2025-09-19 03:26:36,013 - INFO - Processing /viper/ptmp/arego/RC4K1/24702.h5
2025-09-19 03:26:36,308 - INFO - File 11925: Filtered 4064832 hits and 6 records
2025-09-19 03:26:36,630 - INFO - Completed /viper/ptmp/arego/RC4K1_1/25700.h5 in 2.13 seconds
2025-09-19 03:26:36,666 - INFO - Processing /viper/ptmp/arego/RC4K1/14455.h5
2025-09-19 03:26:37,021 - INFO - Completed /viper/ptmp/arego/RC4K1_1/11925.h5 in 1.88 seconds
2025-09-19 03:26:37,092 - INFO - File 24702: Filtered 4228069 hits and 8 records
2025-09-19 03:26:37,202 - INFO - Processing /viper/ptmp/arego/RC4K1/15147.h5
2025-09-19 03:26:37,696 - INFO - Completed /viper/ptmp/arego/RC4K1_1/24702.h5 in 1.68 seconds
2025-09-19 03:26:37,769 - INFO - File 14455: Filtered 3366529 hits and 5 records
2025-09-19 03:26:37,769 - INFO - Processing /viper/ptmp/arego/RC4K1/3148.h5
2025-09-19 03:26:38,264 - INFO - Processing /viper/ptmp/arego/RC4K1/22611.h5
2025-09-19 03:26:38,273 - INFO - File 15147: Filtered 5107974 hits and 5 records
2025-09-19 03:26:38,634 - INFO - Completed /viper/ptmp/arego/RC4K1_1/14455.h5 in 1.97 seconds
2025-09-19 03:26:38,774 - INFO - Completed /viper/ptmp/arego/RC4K1_1/15147.h5 in 1.57 seconds
2025-09-19 03:26:38,833 - INFO - Processing /viper/ptmp/arego/RC4K1/23424.h5
2025-09-19 03:26:38,890 - INFO - File 3148: Filtered 1738995 hits and 4 records
2025-09-19 03:26:39,420 - INFO - File 22611: Filtered 1220288 hits and 4 records
2025-09-19 03:26:39,432 - INFO - Processing /viper/ptmp/arego/RC4K1/19128.h5
2025-09-19 03:26:40,120 - INFO - File 23424: Filtered 4011001 hits and 9 records
2025-09-19 03:26:40,129 - INFO - Processing /viper/ptmp/arego/RC4K1/16098.h5
2025-09-19 03:26:40,283 - INFO - Completed /viper/ptmp/arego/RC4K1_1/3148.h5 in 2.51 seconds
2025-09-19 03:26:40,672 - INFO - Processing /viper/ptmp/arego/RC4K1/19676.h5
2025-09-19 03:26:40,676 - INFO - File 19128: Filtered 3254163 hits and 6 records
2025-09-19 03:26:40,990 - INFO - Completed /viper/ptmp/arego/RC4K1_1/23424.h5 in 2.16 seconds
2025-09-19 03:26:41,055 - INFO - Completed /viper/ptmp/arego/RC4K1_1/22611.h5 in 2.79 seconds
2025-09-19 03:26:41,190 - INFO - Processing /viper/ptmp/arego/RC4K1/15170.h5
2025-09-19 03:26:41,457 - INFO - File 16098: Filtered 3032426 hits and 6 records
2025-09-19 03:26:41,760 - INFO - Processing /viper/ptmp/arego/RC4K1/22024.h5
2025-09-19 03:26:41,827 - INFO - Completed /viper/ptmp/arego/RC4K1_1/19128.h5 in 2.39 seconds
2025-09-19 03:26:41,892 - INFO - File 19676: Filtered 3633356 hits and 5 records
2025-09-19 03:26:42,314 - INFO - Processing /viper/ptmp/arego/RC4K1/14877.h5
2025-09-19 03:26:42,442 - INFO - File 15170: Filtered 3312052 hits and 8 records
2025-09-19 03:26:42,609 - INFO - Completed /viper/ptmp/arego/RC4K1_1/16098.h5 in 2.48 seconds
2025-09-19 03:26:42,959 - INFO - Processing /viper/ptmp/arego/RC4K1/9650.h5
2025-09-19 03:26:42,997 - INFO - Completed /viper/ptmp/arego/RC4K1_1/19676.h5 in 2.33 seconds
2025-09-19 03:26:43,093 - INFO - File 22024: Filtered 3854281 hits and 10 records
2025-09-19 03:26:43,561 - INFO - File 14877: Filtered 4059771 hits and 7 records
2025-09-19 03:26:43,744 - INFO - Processing /viper/ptmp/arego/RC4K1/19467.h5
2025-09-19 03:26:43,911 - INFO - Completed /viper/ptmp/arego/RC4K1_1/15170.h5 in 2.72 seconds
2025-09-19 03:26:44,270 - INFO - Processing /viper/ptmp/arego/RC4K1/22417.h5
2025-09-19 03:26:44,348 - INFO - File 9650: Filtered 3511052 hits and 8 records
2025-09-19 03:26:44,395 - INFO - Completed /viper/ptmp/arego/RC4K1_1/22024.h5 in 2.63 seconds
2025-09-19 03:26:44,529 - INFO - Completed /viper/ptmp/arego/RC4K1_1/14877.h5 in 2.22 seconds
2025-09-19 03:26:44,787 - INFO - Processing /viper/ptmp/arego/RC4K1/12066.h5
2025-09-19 03:26:45,172 - INFO - File 19467: Filtered 5135414 hits and 8 records
2025-09-19 03:26:45,277 - INFO - Processing /viper/ptmp/arego/RC4K1/15255.h5
2025-09-19 03:26:45,584 - INFO - Completed /viper/ptmp/arego/RC4K1_1/9650.h5 in 2.63 seconds
2025-09-19 03:26:45,640 - INFO - File 22417: Filtered 3590331 hits and 6 records
2025-09-19 03:26:45,846 - INFO - Processing /viper/ptmp/arego/RC4K1/8835.h5
2025-09-19 03:26:45,925 - INFO - Completed /viper/ptmp/arego/RC4K1_1/19467.h5 in 2.18 seconds
2025-09-19 03:26:46,114 - INFO - File 12066: Filtered 3334371 hits and 5 records
2025-09-19 03:26:46,494 - INFO - Processing /viper/ptmp/arego/RC4K1/9429.h5
2025-09-19 03:26:46,644 - INFO - File 15255: Filtered 2534169 hits and 6 records
2025-09-19 03:26:46,758 - INFO - Completed /viper/ptmp/arego/RC4K1_1/22417.h5 in 2.49 seconds
2025-09-19 03:26:47,033 - INFO - Processing /viper/ptmp/arego/RC4K1/9321.h5
2025-09-19 03:26:47,288 - INFO - File 8835: Filtered 2773410 hits and 7 records
2025-09-19 03:26:47,375 - INFO - Completed /viper/ptmp/arego/RC4K1_1/12066.h5 in 2.59 seconds
2025-09-19 03:26:47,594 - INFO - Processing /viper/ptmp/arego/RC4K1/13006.h5
2025-09-19 03:26:47,946 - INFO - File 9429: Filtered 3248981 hits and 5 records
2025-09-19 03:26:48,145 - INFO - Processing /viper/ptmp/arego/RC4K1/25727.h5
2025-09-19 03:26:48,220 - INFO - Completed /viper/ptmp/arego/RC4K1_1/15255.h5 in 2.94 seconds
2025-09-19 03:26:48,469 - INFO - File 9321: Filtered 3598517 hits and 11 records
2025-09-19 03:26:48,754 - INFO - Processing /viper/ptmp/arego/RC4K1/2753.h5
2025-09-19 03:26:48,948 - INFO - Completed /viper/ptmp/arego/RC4K1_1/8835.h5 in 3.10 seconds
2025-09-19 03:26:49,144 - INFO - File 13006: Filtered 5126215 hits and 4 records
2025-09-19 03:26:49,351 - INFO - Processing /viper/ptmp/arego/RC4K1/19725.h5
2025-09-19 03:26:49,542 - INFO - Completed /viper/ptmp/arego/RC4K1_1/9429.h5 in 3.05 seconds
2025-09-19 03:26:49,717 - INFO - File 25727: Filtered 4588410 hits and 9 records
2025-09-19 03:26:49,826 - INFO - Processing /viper/ptmp/arego/RC4K1/15835.h5
2025-09-19 03:26:49,844 - INFO - Completed /viper/ptmp/arego/RC4K1_1/9321.h5 in 2.81 seconds
2025-09-19 03:26:50,267 - INFO - File 2753: Filtered 5022364 hits and 7 records
2025-09-19 03:26:50,317 - INFO - Completed /viper/ptmp/arego/RC4K1_1/13006.h5 in 2.72 seconds
2025-09-19 03:26:50,386 - INFO - Processing /viper/ptmp/arego/RC4K1/8061.h5
2025-09-19 03:26:50,910 - INFO - File 19725: Filtered 2763194 hits and 6 records
2025-09-19 03:26:50,962 - INFO - Processing /viper/ptmp/arego/RC4K1/13217.h5
2025-09-19 03:26:50,983 - INFO - Completed /viper/ptmp/arego/RC4K1_1/25727.h5 in 2.84 seconds
2025-09-19 03:26:51,392 - INFO - Completed /viper/ptmp/arego/RC4K1_1/2753.h5 in 2.64 seconds
2025-09-19 03:26:51,407 - INFO - File 15835: Filtered 5931374 hits and 9 records
2025-09-19 03:26:51,533 - INFO - Processing /viper/ptmp/arego/RC4K1/11033.h5
2025-09-19 03:26:51,961 - INFO - File 8061: Filtered 4121006 hits and 7 records
2025-09-19 03:26:52,157 - INFO - Processing /viper/ptmp/arego/RC4K1/1475.h5
2025-09-19 03:26:52,324 - INFO - Completed /viper/ptmp/arego/RC4K1_1/15835.h5 in 2.50 seconds
2025-09-19 03:26:52,604 - INFO - File 13217: Filtered 3993296 hits and 7 records
2025-09-19 03:26:52,689 - INFO - Processing /viper/ptmp/arego/RC4K1/22421.h5
2025-09-19 03:26:52,785 - INFO - Completed /viper/ptmp/arego/RC4K1_1/19725.h5 in 3.43 seconds
2025-09-19 03:26:53,027 - INFO - File 11033: Filtered 6536718 hits and 7 records
2025-09-19 03:26:53,303 - INFO - Processing /viper/ptmp/arego/RC4K1/809.h5
2025-09-19 03:26:53,437 - INFO - Completed /viper/ptmp/arego/RC4K1_1/8061.h5 in 3.05 seconds
2025-09-19 03:26:53,723 - INFO - Completed /viper/ptmp/arego/RC4K1_1/11033.h5 in 2.19 seconds
2025-09-19 03:26:53,789 - INFO - Processing /viper/ptmp/arego/RC4K1/3262.h5
2025-09-19 03:26:53,863 - INFO - File 1475: Filtered 2107957 hits and 4 records
2025-09-19 03:26:54,119 - INFO - Completed /viper/ptmp/arego/RC4K1_1/13217.h5 in 3.16 seconds
2025-09-19 03:26:54,388 - INFO - Processing /viper/ptmp/arego/RC4K1/9134.h5
2025-09-19 03:26:54,388 - INFO - File 22421: Filtered 3646770 hits and 6 records
2025-09-19 03:26:54,944 - INFO - Processing /viper/ptmp/arego/RC4K1/4281.h5
2025-09-19 03:26:55,000 - INFO - File 809: Filtered 5757912 hits and 9 records
2025-09-19 03:26:55,458 - INFO - File 3262: Filtered 2425145 hits and 6 records
2025-09-19 03:26:55,460 - INFO - Processing /viper/ptmp/arego/RC4K1/11408.h5
2025-09-19 03:26:55,808 - ERROR - Error processing /viper/ptmp/arego/RC4K1/809.h5: low >= high
2025-09-19 03:26:56,084 - INFO - Completed /viper/ptmp/arego/RC4K1_1/22421.h5 in 3.40 seconds
2025-09-19 03:26:56,167 - INFO - Completed /viper/ptmp/arego/RC4K1_1/1475.h5 in 4.01 seconds
2025-09-19 03:26:56,182 - INFO - Processing /viper/ptmp/arego/RC4K1/10681.h5
2025-09-19 03:26:56,224 - INFO - File 9134: Filtered 4090764 hits and 7 records
2025-09-19 03:26:56,720 - INFO - File 4281: Filtered 2773140 hits and 3 records
2025-09-19 03:26:56,756 - INFO - Processing /viper/ptmp/arego/RC4K1/21249.h5
2025-09-19 03:26:57,229 - INFO - File 11408: Filtered 5279137 hits and 8 records
2025-09-19 03:26:57,229 - INFO - Processing /viper/ptmp/arego/RC4K1/14283.h5
2025-09-19 03:26:57,746 - INFO - Completed /viper/ptmp/arego/RC4K1_1/3262.h5 in 3.96 seconds
2025-09-19 03:26:57,797 - INFO - Processing /viper/ptmp/arego/RC4K1/27752.h5
2025-09-19 03:26:57,984 - INFO - Completed /viper/ptmp/arego/RC4K1_1/9134.h5 in 3.60 seconds
2025-09-19 03:26:58,091 - INFO - File 10681: Filtered 4615771 hits and 5 records
2025-09-19 03:26:58,410 - INFO - Processing /viper/ptmp/arego/RC4K1/13105.h5
2025-09-19 03:26:58,596 - INFO - Completed /viper/ptmp/arego/RC4K1_1/11408.h5 in 3.14 seconds
2025-09-19 03:26:58,689 - INFO - File 21249: Filtered 4600450 hits and 4 records
2025-09-19 03:26:58,800 - INFO - Completed /viper/ptmp/arego/RC4K1_1/4281.h5 in 3.86 seconds
2025-09-19 03:26:58,892 - INFO - Processing /viper/ptmp/arego/RC4K1/24579.h5
2025-09-19 03:26:59,078 - INFO - File 14283: Filtered 6589413 hits and 9 records
2025-09-19 03:26:59,452 - INFO - Processing /viper/ptmp/arego/RC4K1/5638.h5
2025-09-19 03:26:59,594 - INFO - File 27752: Filtered 3690343 hits and 5 records
2025-09-19 03:26:59,865 - INFO - Completed /viper/ptmp/arego/RC4K1_1/10681.h5 in 3.68 seconds
2025-09-19 03:27:00,115 - INFO - Completed /viper/ptmp/arego/RC4K1_1/14283.h5 in 2.89 seconds
2025-09-19 03:27:00,134 - INFO - Processing /viper/ptmp/arego/RC4K1/11931.h5
2025-09-19 03:27:00,274 - INFO - File 13105: Filtered 6488835 hits and 8 records
2025-09-19 03:27:00,344 - INFO - Completed /viper/ptmp/arego/RC4K1_1/21249.h5 in 3.59 seconds
2025-09-19 03:27:00,662 - INFO - Processing /viper/ptmp/arego/RC4K1/4938.h5
2025-09-19 03:27:00,694 - INFO - File 24579: Filtered 8492736 hits and 8 records
2025-09-19 03:27:01,236 - INFO - File 5638: Filtered 5400232 hits and 5 records
2025-09-19 03:27:01,260 - INFO - Completed /viper/ptmp/arego/RC4K1_1/24579.h5 in 2.37 seconds
2025-09-19 03:27:01,318 - INFO - Processing /viper/ptmp/arego/RC4K1/16625.h5
2025-09-19 03:27:01,447 - INFO - Completed /viper/ptmp/arego/RC4K1_1/13105.h5 in 3.04 seconds
2025-09-19 03:27:01,689 - INFO - Completed /viper/ptmp/arego/RC4K1_1/27752.h5 in 3.89 seconds
2025-09-19 03:27:01,920 - INFO - Processing /viper/ptmp/arego/RC4K1/27421.h5
2025-09-19 03:27:02,383 - INFO - File 11931: Filtered 4679895 hits and 8 records
2025-09-19 03:27:02,609 - INFO - Completed /viper/ptmp/arego/RC4K1_1/5638.h5 in 3.16 seconds
2025-09-19 03:27:02,677 - INFO - Processing /viper/ptmp/arego/RC4K1/5200.h5
2025-09-19 03:27:02,774 - INFO - File 4938: Filtered 5110059 hits and 8 records
2025-09-19 03:27:03,194 - INFO - Processing /viper/ptmp/arego/RC4K1/6686.h5
2025-09-19 03:27:03,568 - INFO - File 16625: Filtered 3436497 hits and 8 records
2025-09-19 03:27:03,709 - INFO - Processing /viper/ptmp/arego/RC4K1/23292.h5
2025-09-19 03:27:04,084 - INFO - File 27421: Filtered 3256005 hits and 4 records
2025-09-19 03:27:04,346 - INFO - Processing /viper/ptmp/arego/RC4K1/19207.h5
2025-09-19 03:27:04,356 - INFO - Completed /viper/ptmp/arego/RC4K1_1/11931.h5 in 4.22 seconds
2025-09-19 03:27:04,601 - INFO - Completed /viper/ptmp/arego/RC4K1_1/4938.h5 in 3.94 seconds
2025-09-19 03:27:04,611 - INFO - File 5200: Filtered 5447545 hits and 8 records
2025-09-19 03:27:05,054 - INFO - Processing /viper/ptmp/arego/RC4K1/843.h5
2025-09-19 03:27:05,275 - INFO - File 6686: Filtered 4000082 hits and 7 records
2025-09-19 03:27:05,831 - INFO - Completed /viper/ptmp/arego/RC4K1_1/16625.h5 in 4.51 seconds
2025-09-19 03:27:05,993 - INFO - File 23292: Filtered 6725876 hits and 5 records
2025-09-19 03:27:06,287 - INFO - Processing /viper/ptmp/arego/RC4K1/10002.h5
2025-09-19 03:27:06,370 - INFO - Completed /viper/ptmp/arego/RC4K1_1/27421.h5 in 4.45 seconds
2025-09-19 03:27:06,405 - INFO - Completed /viper/ptmp/arego/RC4K1_1/5200.h5 in 3.73 seconds
2025-09-19 03:27:06,677 - INFO - File 19207: Filtered 4575014 hits and 5 records
2025-09-19 03:27:06,794 - INFO - Processing /viper/ptmp/arego/RC4K1/7109.h5
2025-09-19 03:27:07,139 - INFO - File 843: Filtered 6961313 hits and 6 records
2025-09-19 03:27:07,333 - INFO - Completed /viper/ptmp/arego/RC4K1_1/6686.h5 in 4.14 seconds
2025-09-19 03:27:07,386 - INFO - Processing /viper/ptmp/arego/RC4K1/6217.h5
2025-09-19 03:27:07,492 - INFO - Completed /viper/ptmp/arego/RC4K1_1/23292.h5 in 3.78 seconds
2025-09-19 03:27:07,930 - INFO - Processing /viper/ptmp/arego/RC4K1/6430.h5
2025-09-19 03:27:08,444 - INFO - Processing /viper/ptmp/arego/RC4K1/24403.h5
2025-09-19 03:27:08,482 - INFO - File 10002: Filtered 8767464 hits and 10 records
2025-09-19 03:27:08,632 - INFO - Completed /viper/ptmp/arego/RC4K1_1/843.h5 in 3.58 seconds
2025-09-19 03:27:08,675 - INFO - Completed /viper/ptmp/arego/RC4K1_1/19207.h5 in 4.33 seconds
2025-09-19 03:27:09,042 - INFO - File 7109: Filtered 2995691 hits and 9 records
2025-09-19 03:27:09,095 - INFO - Processing /viper/ptmp/arego/RC4K1/27084.h5
2025-09-19 03:27:09,373 - INFO - File 6217: Filtered 10100037 hits and 6 records
2025-09-19 03:27:09,586 - INFO - Completed /viper/ptmp/arego/RC4K1_1/10002.h5 in 3.30 seconds
2025-09-19 03:27:09,707 - INFO - Processing /viper/ptmp/arego/RC4K1/9419.h5
2025-09-19 03:27:09,952 - INFO - Completed /viper/ptmp/arego/RC4K1_1/6217.h5 in 2.57 seconds
2025-09-19 03:27:10,177 - INFO - File 6430: Filtered 3986820 hits and 8 records
2025-09-19 03:27:10,195 - INFO - Processing /viper/ptmp/arego/RC4K1/2895.h5
2025-09-19 03:27:10,754 - INFO - File 24403: Filtered 2353433 hits and 6 records
2025-09-19 03:27:10,818 - INFO - Processing /viper/ptmp/arego/RC4K1/25661.h5
2025-09-19 03:27:11,294 - INFO - File 27084: Filtered 5119002 hits and 8 records
2025-09-19 03:27:11,425 - INFO - Processing /viper/ptmp/arego/RC4K1/567.h5
2025-09-19 03:27:11,783 - INFO - Completed /viper/ptmp/arego/RC4K1_1/7109.h5 in 4.99 seconds
2025-09-19 03:27:12,124 - INFO - File 9419: Filtered 6901289 hits and 6 records
2025-09-19 03:27:12,178 - INFO - Processing /viper/ptmp/arego/RC4K1/8749.h5
2025-09-19 03:27:12,391 - INFO - File 2895: Filtered 9015259 hits and 7 records
2025-09-19 03:27:13,259 - INFO - Completed /viper/ptmp/arego/RC4K1_1/6430.h5 in 5.33 seconds
2025-09-19 03:27:13,435 - INFO - Completed /viper/ptmp/arego/RC4K1_1/27084.h5 in 4.34 seconds
2025-09-19 03:27:13,439 - INFO - Completed /viper/ptmp/arego/RC4K1_1/2895.h5 in 3.24 seconds
2025-09-19 03:27:13,499 - INFO - File 25661: Filtered 7514241 hits and 10 records
2025-09-19 03:27:13,615 - INFO - File 567: Filtered 8284254 hits and 8 records
2025-09-19 03:27:13,712 - INFO - Processing /viper/ptmp/arego/RC4K1/28880.h5
2025-09-19 03:27:13,830 - INFO - Completed /viper/ptmp/arego/RC4K1_1/24403.h5 in 5.39 seconds
2025-09-19 03:27:13,864 - INFO - Completed /viper/ptmp/arego/RC4K1_1/9419.h5 in 4.16 seconds
2025-09-19 03:27:14,200 - INFO - Processing /viper/ptmp/arego/RC4K1/12760.h5
2025-09-19 03:27:14,466 - INFO - File 8749: Filtered 10048802 hits and 7 records
2025-09-19 03:27:14,712 - INFO - Processing /viper/ptmp/arego/RC4K1/22328.h5
2025-09-19 03:27:14,876 - INFO - Completed /viper/ptmp/arego/RC4K1_1/567.h5 in 3.45 seconds
2025-09-19 03:27:15,274 - INFO - Processing /viper/ptmp/arego/RC4K1/18880.h5
2025-09-19 03:27:15,330 - INFO - Completed /viper/ptmp/arego/RC4K1_1/8749.h5 in 3.15 seconds
2025-09-19 03:27:15,837 - INFO - Processing /viper/ptmp/arego/RC4K1/26771.h5
2025-09-19 03:27:15,839 - INFO - Completed /viper/ptmp/arego/RC4K1_1/25661.h5 in 5.02 seconds
2025-09-19 03:27:16,108 - INFO - File 28880: Filtered 3111086 hits and 8 records
2025-09-19 03:27:16,480 - INFO - File 12760: Filtered 12092756 hits and 7 records
2025-09-19 03:27:16,609 - INFO - Processing /viper/ptmp/arego/RC4K1/14384.h5
2025-09-19 03:27:17,135 - INFO - Completed /viper/ptmp/arego/RC4K1_1/12760.h5 in 2.93 seconds
2025-09-19 03:27:17,154 - INFO - File 22328: Filtered 6230061 hits and 5 records
2025-09-19 03:27:17,176 - INFO - Processing /viper/ptmp/arego/RC4K1/29431.h5
2025-09-19 03:27:17,765 - INFO - File 18880: Filtered 10415780 hits and 11 records
2025-09-19 03:27:17,891 - INFO - Processing /viper/ptmp/arego/RC4K1/11590.h5
2025-09-19 03:27:18,228 - INFO - File 26771: Filtered 5152897 hits and 9 records
2025-09-19 03:27:18,424 - INFO - Processing /viper/ptmp/arego/RC4K1/16717.h5
2025-09-19 03:27:18,479 - ERROR - Error processing /viper/ptmp/arego/RC4K1/18880.h5: low >= high
2025-09-19 03:27:18,898 - INFO - Completed /viper/ptmp/arego/RC4K1_1/28880.h5 in 5.19 seconds
2025-09-19 03:27:19,189 - INFO - File 14384: Filtered 5971679 hits and 7 records
2025-09-19 03:27:19,238 - INFO - Processing /viper/ptmp/arego/RC4K1/16667.h5
2025-09-19 03:27:19,280 - INFO - Completed /viper/ptmp/arego/RC4K1_1/22328.h5 in 4.57 seconds
2025-09-19 03:27:19,710 - INFO - File 29431: Filtered 7137274 hits and 7 records
2025-09-19 03:27:19,853 - INFO - Processing /viper/ptmp/arego/RC4K1/5958.h5
2025-09-19 03:27:20,282 - INFO - Processing /viper/ptmp/arego/RC4K1/22354.h5
2025-09-19 03:27:20,478 - INFO - File 11590: Filtered 11430153 hits and 7 records
2025-09-19 03:27:20,670 - INFO - Completed /viper/ptmp/arego/RC4K1_1/26771.h5 in 4.83 seconds
2025-09-19 03:27:20,885 - INFO - File 16717: Filtered 3940118 hits and 8 records
2025-09-19 03:27:20,998 - INFO - Processing /viper/ptmp/arego/RC4K1/4146.h5
2025-09-19 03:27:21,516 - INFO - Completed /viper/ptmp/arego/RC4K1_1/14384.h5 in 4.91 seconds
2025-09-19 03:27:21,594 - INFO - Completed /viper/ptmp/arego/RC4K1_1/11590.h5 in 3.70 seconds
2025-09-19 03:27:21,841 - INFO - Processing /viper/ptmp/arego/RC4K1/22850.h5
2025-09-19 03:27:21,928 - INFO - Completed /viper/ptmp/arego/RC4K1_1/29431.h5 in 4.75 seconds
2025-09-19 03:27:21,999 - INFO - File 16667: Filtered 5502581 hits and 8 records
2025-09-19 03:27:22,612 - INFO - File 5958: Filtered 6716998 hits and 6 records
2025-09-19 03:27:22,904 - INFO - File 22354: Filtered 3928479 hits and 7 records
2025-09-19 03:27:22,978 - INFO - Processing /viper/ptmp/arego/RC4K1/68.h5
2025-09-19 03:27:23,660 - INFO - File 4146: Filtered 6347953 hits and 7 records
2025-09-19 03:27:23,991 - INFO - Processing /viper/ptmp/arego/RC4K1/26689.h5
2025-09-19 03:27:24,316 - INFO - Completed /viper/ptmp/arego/RC4K1_1/16717.h5 in 5.89 seconds
2025-09-19 03:27:24,722 - INFO - Completed /viper/ptmp/arego/RC4K1_1/5958.h5 in 4.87 seconds
2025-09-19 03:27:24,764 - INFO - Processing /viper/ptmp/arego/RC4K1/7602.h5
2025-09-19 03:27:24,770 - INFO - File 22850: Filtered 4666175 hits and 6 records
2025-09-19 03:27:24,834 - INFO - Completed /viper/ptmp/arego/RC4K1_1/16667.h5 in 5.60 seconds
2025-09-19 03:27:25,493 - INFO - Processing /viper/ptmp/arego/RC4K1/21580.h5
2025-09-19 03:27:25,626 - INFO - File 68: Filtered 6273273 hits and 9 records
2025-09-19 03:27:25,988 - INFO - Completed /viper/ptmp/arego/RC4K1_1/22354.h5 in 5.71 seconds
2025-09-19 03:27:26,028 - INFO - Completed /viper/ptmp/arego/RC4K1_1/4146.h5 in 5.03 seconds
2025-09-19 03:27:26,125 - INFO - Processing /viper/ptmp/arego/RC4K1/2799.h5
2025-09-19 03:27:26,737 - INFO - File 26689: Filtered 3377791 hits and 7 records
2025-09-19 03:27:26,800 - INFO - Processing /viper/ptmp/arego/RC4K1/24021.h5
2025-09-19 03:27:27,258 - INFO - File 7602: Filtered 11227883 hits and 7 records
2025-09-19 03:27:27,425 - INFO - Processing /viper/ptmp/arego/RC4K1/20822.h5
2025-09-19 03:27:28,115 - INFO - File 21580: Filtered 9623021 hits and 6 records
2025-09-19 03:27:28,117 - INFO - Completed /viper/ptmp/arego/RC4K1_1/68.h5 in 5.14 seconds
2025-09-19 03:27:28,283 - INFO - Completed /viper/ptmp/arego/RC4K1_1/7602.h5 in 3.52 seconds
2025-09-19 03:27:28,321 - INFO - Completed /viper/ptmp/arego/RC4K1_1/22850.h5 in 6.48 seconds
2025-09-19 03:27:28,475 - INFO - Processing /viper/ptmp/arego/RC4K1/3347.h5
2025-09-19 03:27:29,054 - INFO - File 2799: Filtered 8328868 hits and 7 records
2025-09-19 03:27:29,198 - INFO - Processing /viper/ptmp/arego/RC4K1/19679.h5
2025-09-19 03:27:29,748 - INFO - File 24021: Filtered 6202577 hits and 6 records
2025-09-19 03:27:29,799 - INFO - Completed /viper/ptmp/arego/RC4K1_1/21580.h5 in 4.31 seconds
2025-09-19 03:27:29,882 - INFO - Processing /viper/ptmp/arego/RC4K1/27798.h5
2025-09-19 03:27:29,911 - INFO - Completed /viper/ptmp/arego/RC4K1_1/26689.h5 in 5.92 seconds
2025-09-19 03:27:30,197 - INFO - File 20822: Filtered 7855467 hits and 8 records
2025-09-19 03:27:30,497 - INFO - Processing /viper/ptmp/arego/RC4K1/6419.h5
2025-09-19 03:27:31,004 - INFO - Processing /viper/ptmp/arego/RC4K1/1231.h5
2025-09-19 03:27:31,378 - INFO - File 3347: Filtered 8012238 hits and 9 records
2025-09-19 03:27:31,573 - INFO - Completed /viper/ptmp/arego/RC4K1_1/2799.h5 in 5.45 seconds
2025-09-19 03:27:32,010 - INFO - Processing /viper/ptmp/arego/RC4K1/29822.h5
2025-09-19 03:27:32,047 - INFO - File 19679: Filtered 7107041 hits and 6 records
2025-09-19 03:27:32,310 - INFO - Completed /viper/ptmp/arego/RC4K1_1/24021.h5 in 5.51 seconds
2025-09-19 03:27:32,453 - INFO - Completed /viper/ptmp/arego/RC4K1_1/20822.h5 in 5.03 seconds
2025-09-19 03:27:32,827 - INFO - Processing /viper/ptmp/arego/RC4K1/10664.h5
2025-09-19 03:27:33,028 - INFO - File 27798: Filtered 3516619 hits and 3 records
2025-09-19 03:27:33,438 - INFO - Processing /viper/ptmp/arego/RC4K1/4258.h5
2025-09-19 03:27:33,682 - INFO - File 6419: Filtered 14783925 hits and 8 records
2025-09-19 03:27:34,239 - INFO - File 1231: Filtered 13926725 hits and 8 records
2025-09-19 03:27:34,264 - INFO - Completed /viper/ptmp/arego/RC4K1_1/3347.h5 in 5.79 seconds
2025-09-19 03:27:34,362 - INFO - Completed /viper/ptmp/arego/RC4K1_1/6419.h5 in 3.86 seconds
2025-09-19 03:27:34,612 - INFO - Processing /viper/ptmp/arego/RC4K1/48.h5
2025-09-19 03:27:34,879 - INFO - Completed /viper/ptmp/arego/RC4K1_1/19679.h5 in 5.68 seconds
2025-09-19 03:27:34,954 - INFO - Completed /viper/ptmp/arego/RC4K1_1/1231.h5 in 3.95 seconds
2025-09-19 03:27:35,238 - INFO - File 29822: Filtered 8022461 hits and 7 records
2025-09-19 03:27:35,582 - INFO - Processing /viper/ptmp/arego/RC4K1/19006.h5
2025-09-19 03:27:36,087 - INFO - File 10664: Filtered 8266222 hits and 8 records
2025-09-19 03:27:36,244 - INFO - Processing /viper/ptmp/arego/RC4K1/20851.h5
2025-09-19 03:27:36,295 - INFO - File 4258: Filtered 14040668 hits and 11 records
2025-09-19 03:27:36,635 - INFO - Completed /viper/ptmp/arego/RC4K1_1/27798.h5 in 6.75 seconds
2025-09-19 03:27:36,808 - INFO - Processing /viper/ptmp/arego/RC4K1/28686.h5
2025-09-19 03:27:37,040 - INFO - Completed /viper/ptmp/arego/RC4K1_1/4258.h5 in 3.60 seconds
2025-09-19 03:27:37,369 - INFO - Processing /viper/ptmp/arego/RC4K1/25901.h5
2025-09-19 03:27:37,420 - INFO - File 48: Filtered 6751736 hits and 6 records
2025-09-19 03:27:37,700 - INFO - Completed /viper/ptmp/arego/RC4K1_1/29822.h5 in 5.69 seconds
2025-09-19 03:27:38,182 - INFO - Processing /viper/ptmp/arego/RC4K1/25362.h5
2025-09-19 03:27:38,638 - INFO - File 19006: Filtered 6772243 hits and 8 records
2025-09-19 03:27:38,739 - INFO - Processing /viper/ptmp/arego/RC4K1/21922.h5
2025-09-19 03:27:39,051 - INFO - Completed /viper/ptmp/arego/RC4K1_1/10664.h5 in 6.22 seconds
2025-09-19 03:27:39,494 - INFO - Processing /viper/ptmp/arego/RC4K1/23683.h5
2025-09-19 03:27:39,552 - INFO - File 20851: Filtered 8039721 hits and 8 records
2025-09-19 03:27:39,680 - INFO - File 28686: Filtered 14193978 hits and 6 records
2025-09-19 03:27:40,312 - INFO - Completed /viper/ptmp/arego/RC4K1_1/48.h5 in 5.70 seconds
2025-09-19 03:27:40,483 - INFO - Completed /viper/ptmp/arego/RC4K1_1/28686.h5 in 3.68 seconds
2025-09-19 03:27:40,755 - INFO - Processing /viper/ptmp/arego/RC4K1/1777.h5
2025-09-19 03:27:40,818 - INFO - File 25901: Filtered 4462038 hits and 10 records
2025-09-19 03:27:41,341 - INFO - File 25362: Filtered 6620649 hits and 6 records
2025-09-19 03:27:41,604 - INFO - Processing /viper/ptmp/arego/RC4K1/22309.h5
2025-09-19 03:27:41,690 - INFO - Completed /viper/ptmp/arego/RC4K1_1/19006.h5 in 6.11 seconds
2025-09-19 03:27:42,183 - INFO - File 21922: Filtered 10888493 hits and 10 records
2025-09-19 03:27:42,390 - INFO - Completed /viper/ptmp/arego/RC4K1_1/20851.h5 in 6.15 seconds
2025-09-19 03:27:42,738 - INFO - Processing /viper/ptmp/arego/RC4K1/15598.h5
2025-09-19 03:27:42,859 - INFO - File 23683: Filtered 6666820 hits and 7 records
2025-09-19 03:27:43,789 - INFO - Processing /viper/ptmp/arego/RC4K1/16205.h5
2025-09-19 03:27:43,846 - INFO - File 1777: Filtered 8593686 hits and 9 records
2025-09-19 03:27:43,969 - INFO - Completed /viper/ptmp/arego/RC4K1_1/21922.h5 in 5.23 seconds
2025-09-19 03:27:44,372 - INFO - Completed /viper/ptmp/arego/RC4K1_1/25362.h5 in 6.19 seconds
2025-09-19 03:27:44,611 - INFO - Processing /viper/ptmp/arego/RC4K1/20393.h5
2025-09-19 03:27:44,800 - INFO - Completed /viper/ptmp/arego/RC4K1_1/25901.h5 in 7.43 seconds
2025-09-19 03:27:45,186 - INFO - Processing /viper/ptmp/arego/RC4K1/27955.h5
2025-09-19 03:27:45,232 - INFO - File 22309: Filtered 5480870 hits and 6 records
2025-09-19 03:27:45,782 - INFO - Processing /viper/ptmp/arego/RC4K1/4649.h5
2025-09-19 03:27:45,789 - INFO - Completed /viper/ptmp/arego/RC4K1_1/23683.h5 in 6.30 seconds
2025-09-19 03:27:45,824 - INFO - File 15598: Filtered 8371556 hits and 7 records
2025-09-19 03:27:46,471 - INFO - Completed /viper/ptmp/arego/RC4K1_1/1777.h5 in 5.72 seconds
2025-09-19 03:27:46,781 - INFO - Processing /viper/ptmp/arego/RC4K1/9101.h5
2025-09-19 03:27:47,007 - INFO - File 16205: Filtered 11421685 hits and 8 records
2025-09-19 03:27:47,789 - INFO - Processing /viper/ptmp/arego/RC4K1/18245.h5
2025-09-19 03:27:47,873 - INFO - File 20393: Filtered 14818653 hits and 9 records
2025-09-19 03:27:48,393 - INFO - File 27955: Filtered 9364638 hits and 5 records
2025-09-19 03:27:48,890 - INFO - Completed /viper/ptmp/arego/RC4K1_1/20393.h5 in 4.28 seconds
2025-09-19 03:27:49,022 - INFO - Completed /viper/ptmp/arego/RC4K1_1/15598.h5 in 6.28 seconds
2025-09-19 03:27:49,031 - INFO - Completed /viper/ptmp/arego/RC4K1_1/16205.h5 in 5.24 seconds
2025-09-19 03:27:49,114 - INFO - Processing /viper/ptmp/arego/RC4K1/2688.h5
2025-09-19 03:27:49,383 - INFO - File 4649: Filtered 11339850 hits and 8 records
2025-09-19 03:27:49,454 - INFO - Completed /viper/ptmp/arego/RC4K1_1/22309.h5 in 7.85 seconds
2025-09-19 03:27:50,046 - INFO - Processing /viper/ptmp/arego/RC4K1/18237.h5
2025-09-19 03:27:50,325 - INFO - File 9101: Filtered 10216620 hits and 8 records
2025-09-19 03:27:50,708 - INFO - Processing /viper/ptmp/arego/RC4K1/14936.h5
2025-09-19 03:27:50,933 - INFO - Completed /viper/ptmp/arego/RC4K1_1/27955.h5 in 5.75 seconds
2025-09-19 03:27:51,235 - INFO - File 18245: Filtered 4940673 hits and 6 records
2025-09-19 03:27:51,510 - INFO - Processing /viper/ptmp/arego/RC4K1/17706.h5
2025-09-19 03:27:51,755 - INFO - Completed /viper/ptmp/arego/RC4K1_1/4649.h5 in 5.97 seconds
2025-09-19 03:27:52,279 - INFO - Processing /viper/ptmp/arego/RC4K1/15347.h5
2025-09-19 03:27:52,535 - INFO - File 2688: Filtered 6189452 hits and 7 records
2025-09-19 03:27:52,656 - INFO - Completed /viper/ptmp/arego/RC4K1_1/9101.h5 in 5.87 seconds
2025-09-19 03:27:52,826 - INFO - Processing /viper/ptmp/arego/RC4K1/3715.h5
2025-09-19 03:27:53,442 - INFO - Processing /viper/ptmp/arego/RC4K1/13746.h5
2025-09-19 03:27:53,864 - INFO - File 18237: Filtered 10540387 hits and 10 records
2025-09-19 03:27:54,484 - INFO - File 14936: Filtered 5857241 hits and 6 records
2025-09-19 03:27:55,065 - INFO - File 17706: Filtered 11199696 hits and 9 records
2025-09-19 03:27:55,711 - INFO - Completed /viper/ptmp/arego/RC4K1_1/18245.h5 in 7.92 seconds
2025-09-19 03:27:56,083 - INFO - File 15347: Filtered 15709241 hits and 6 records
2025-09-19 03:27:56,164 - INFO - Completed /viper/ptmp/arego/RC4K1_1/2688.h5 in 7.05 seconds
2025-09-19 03:27:56,359 - INFO - Processing /viper/ptmp/arego/RC4K1/26454.h5
2025-09-19 03:27:56,410 - INFO - Completed /viper/ptmp/arego/RC4K1_1/18237.h5 in 6.36 seconds
2025-09-19 03:27:56,726 - INFO - File 3715: Filtered 14915924 hits and 8 records
2025-09-19 03:27:57,038 - INFO - Completed /viper/ptmp/arego/RC4K1_1/15347.h5 in 4.76 seconds
2025-09-19 03:27:57,317 - INFO - Processing /viper/ptmp/arego/RC4K1/652.h5
2025-09-19 03:27:57,323 - INFO - File 13746: Filtered 11088806 hits and 7 records
2025-09-19 03:27:57,495 - INFO - Completed /viper/ptmp/arego/RC4K1_1/17706.h5 in 5.98 seconds
2025-09-19 03:27:57,790 - INFO - Processing /viper/ptmp/arego/RC4K1/7340.h5
2025-09-19 03:27:58,274 - INFO - Completed /viper/ptmp/arego/RC4K1_1/3715.h5 in 5.45 seconds
2025-09-19 03:27:58,298 - INFO - Completed /viper/ptmp/arego/RC4K1_1/14936.h5 in 7.59 seconds
2025-09-19 03:27:58,358 - INFO - Processing /viper/ptmp/arego/RC4K1/11910.h5
2025-09-19 03:27:59,004 - INFO - Processing /viper/ptmp/arego/RC4K1/5270.h5
2025-09-19 03:27:59,587 - INFO - Processing /viper/ptmp/arego/RC4K1/17273.h5
2025-09-19 03:27:59,747 - INFO - Completed /viper/ptmp/arego/RC4K1_1/13746.h5 in 6.30 seconds
2025-09-19 03:27:59,910 - INFO - File 26454: Filtered 8437383 hits and 6 records
2025-09-19 03:28:00,119 - INFO - Processing /viper/ptmp/arego/RC4K1/3058.h5
2025-09-19 03:28:00,717 - INFO - File 652: Filtered 11490525 hits and 9 records
2025-09-19 03:28:00,828 - INFO - Processing /viper/ptmp/arego/RC4K1/11538.h5
2025-09-19 03:28:01,729 - INFO - File 7340: Filtered 15439558 hits and 8 records
2025-09-19 03:28:02,279 - INFO - File 11910: Filtered 17728360 hits and 10 records
2025-09-19 03:28:02,792 - INFO - File 5270: Filtered 8972407 hits and 6 records
2025-09-19 03:28:02,796 - INFO - Completed /viper/ptmp/arego/RC4K1_1/11910.h5 in 4.44 seconds
2025-09-19 03:28:03,027 - INFO - Completed /viper/ptmp/arego/RC4K1_1/7340.h5 in 5.24 seconds
2025-09-19 03:28:03,049 - INFO - Processing /viper/ptmp/arego/RC4K1/19966.h5
2025-09-19 03:28:03,069 - INFO - Completed /viper/ptmp/arego/RC4K1_1/652.h5 in 5.75 seconds
2025-09-19 03:28:03,429 - INFO - Completed /viper/ptmp/arego/RC4K1_1/26454.h5 in 7.07 seconds
2025-09-19 03:28:03,773 - INFO - File 17273: Filtered 7343064 hits and 5 records
2025-09-19 03:28:03,943 - INFO - Processing /viper/ptmp/arego/RC4K1/8185.h5
2025-09-19 03:28:04,083 - INFO - File 3058: Filtered 10043695 hits and 6 records
2025-09-19 03:28:04,708 - INFO - Processing /viper/ptmp/arego/RC4K1/4445.h5
2025-09-19 03:28:04,954 - INFO - File 11538: Filtered 12083683 hits and 12 records
2025-09-19 03:28:05,227 - INFO - Processing /viper/ptmp/arego/RC4K1/3535.h5
2025-09-19 03:28:05,860 - INFO - Completed /viper/ptmp/arego/RC4K1_1/5270.h5 in 6.86 seconds
2025-09-19 03:28:06,200 - INFO - Processing /viper/ptmp/arego/RC4K1/29276.h5
2025-09-19 03:28:07,030 - INFO - File 19966: Filtered 6573076 hits and 5 records
2025-09-19 03:28:07,065 - ERROR - Error processing /viper/ptmp/arego/RC4K1/11538.h5: low >= high
2025-09-19 03:28:07,154 - INFO - Completed /viper/ptmp/arego/RC4K1_1/3058.h5 in 7.04 seconds
2025-09-19 03:28:07,367 - INFO - Processing /viper/ptmp/arego/RC4K1/16591.h5
2025-09-19 03:28:07,564 - INFO - Completed /viper/ptmp/arego/RC4K1_1/17273.h5 in 7.98 seconds
2025-09-19 03:28:07,891 - INFO - File 8185: Filtered 13240825 hits and 12 records
2025-09-19 03:28:08,222 - INFO - Processing /viper/ptmp/arego/RC4K1/20466.h5
2025-09-19 03:28:08,782 - INFO - Processing /viper/ptmp/arego/RC4K1/22554.h5
2025-09-19 03:28:08,805 - INFO - File 4445: Filtered 6692335 hits and 8 records
2025-09-19 03:28:09,223 - INFO - File 3535: Filtered 12189807 hits and 9 records
2025-09-19 03:28:10,044 - INFO - Completed /viper/ptmp/arego/RC4K1_1/8185.h5 in 6.10 seconds
2025-09-19 03:28:10,306 - INFO - Processing /viper/ptmp/arego/RC4K1/15692.h5
2025-09-19 03:28:10,551 - INFO - File 29276: Filtered 12626740 hits and 8 records
2025-09-19 03:28:11,195 - INFO - Completed /viper/ptmp/arego/RC4K1_1/19966.h5 in 8.15 seconds
2025-09-19 03:28:11,482 - INFO - File 16591: Filtered 9277792 hits and 8 records
2025-09-19 03:28:11,618 - INFO - Completed /viper/ptmp/arego/RC4K1_1/3535.h5 in 6.39 seconds
2025-09-19 03:28:11,782 - INFO - Processing /viper/ptmp/arego/RC4K1/22493.h5
2025-09-19 03:28:12,268 - INFO - File 20466: Filtered 12699926 hits and 8 records
2025-09-19 03:28:12,484 - INFO - Processing /viper/ptmp/arego/RC4K1/29146.h5
2025-09-19 03:28:13,051 - INFO - Completed /viper/ptmp/arego/RC4K1_1/29276.h5 in 6.85 seconds
2025-09-19 03:28:13,105 - INFO - Completed /viper/ptmp/arego/RC4K1_1/4445.h5 in 8.40 seconds
2025-09-19 03:28:13,202 - INFO - File 22554: Filtered 10679916 hits and 8 records
2025-09-19 03:28:13,396 - INFO - Processing /viper/ptmp/arego/RC4K1/27124.h5
2025-09-19 03:28:14,163 - INFO - Processing /viper/ptmp/arego/RC4K1/27229.h5
2025-09-19 03:28:14,573 - INFO - File 15692: Filtered 7317087 hits and 6 records
2025-09-19 03:28:14,763 - INFO - Completed /viper/ptmp/arego/RC4K1_1/20466.h5 in 6.54 seconds
2025-09-19 03:28:14,795 - INFO - Completed /viper/ptmp/arego/RC4K1_1/16591.h5 in 7.43 seconds
2025-09-19 03:28:15,154 - INFO - Processing /viper/ptmp/arego/RC4K1/18898.h5
2025-09-19 03:28:15,738 - INFO - Processing /viper/ptmp/arego/RC4K1/12006.h5
2025-09-19 03:28:16,269 - INFO - File 22493: Filtered 8906746 hits and 5 records
2025-09-19 03:28:16,390 - INFO - Completed /viper/ptmp/arego/RC4K1_1/22554.h5 in 7.61 seconds
2025-09-19 03:28:16,908 - INFO - Processing /viper/ptmp/arego/RC4K1/18953.h5
2025-09-19 03:28:16,988 - INFO - File 29146: Filtered 8932302 hits and 10 records
2025-09-19 03:28:17,603 - INFO - File 27124: Filtered 10791049 hits and 4 records
2025-09-19 03:28:18,964 - INFO - Completed /viper/ptmp/arego/RC4K1_1/15692.h5 in 8.66 seconds
2025-09-19 03:28:19,157 - INFO - File 27229: Filtered 7648975 hits and 8 records
2025-09-19 03:28:19,266 - INFO - File 18898: Filtered 12967538 hits and 7 records
2025-09-19 03:28:19,394 - INFO - Processing /viper/ptmp/arego/RC4K1/12948.h5
2025-09-19 03:28:19,989 - INFO - Completed /viper/ptmp/arego/RC4K1_1/22493.h5 in 8.21 seconds
2025-09-19 03:28:20,494 - INFO - Processing /viper/ptmp/arego/RC4K1/22748.h5
2025-09-19 03:28:20,512 - INFO - Completed /viper/ptmp/arego/RC4K1_1/29146.h5 in 8.03 seconds
2025-09-19 03:28:20,523 - INFO - File 12006: Filtered 10489715 hits and 7 records
2025-09-19 03:28:21,085 - INFO - Completed /viper/ptmp/arego/RC4K1_1/27124.h5 in 7.69 seconds
2025-09-19 03:28:21,246 - INFO - Processing /viper/ptmp/arego/RC4K1/16188.h5
2025-09-19 03:28:21,617 - INFO - File 18953: Filtered 6334921 hits and 7 records
2025-09-19 03:28:21,767 - INFO - Processing /viper/ptmp/arego/RC4K1/27653.h5
2025-09-19 03:28:21,954 - INFO - Completed /viper/ptmp/arego/RC4K1_1/18898.h5 in 6.80 seconds
2025-09-19 03:28:22,685 - INFO - Processing /viper/ptmp/arego/RC4K1/10326.h5
2025-09-19 03:28:23,614 - INFO - File 12948: Filtered 8121931 hits and 8 records
2025-09-19 03:28:23,741 - INFO - Completed /viper/ptmp/arego/RC4K1_1/12006.h5 in 8.00 seconds
2025-09-19 03:28:23,767 - INFO - Completed /viper/ptmp/arego/RC4K1_1/27229.h5 in 9.60 seconds
2025-09-19 03:28:24,093 - INFO - Processing /viper/ptmp/arego/RC4K1/10044.h5
2025-09-19 03:28:24,746 - INFO - Processing /viper/ptmp/arego/RC4K1/6650.h5
2025-09-19 03:28:25,318 - INFO - File 22748: Filtered 9373946 hits and 9 records
2025-09-19 03:28:26,128 - INFO - File 16188: Filtered 9431605 hits and 11 records
2025-09-19 03:28:26,542 - INFO - Completed /viper/ptmp/arego/RC4K1_1/18953.h5 in 9.63 seconds
2025-09-19 03:28:26,683 - INFO - File 27653: Filtered 7764083 hits and 6 records
2025-09-19 03:28:27,047 - INFO - Processing /viper/ptmp/arego/RC4K1/27375.h5
2025-09-19 03:28:27,535 - INFO - File 10326: Filtered 13229756 hits and 11 records
2025-09-19 03:28:27,936 - INFO - Completed /viper/ptmp/arego/RC4K1_1/12948.h5 in 8.54 seconds
2025-09-19 03:28:28,359 - INFO - Processing /viper/ptmp/arego/RC4K1/16327.h5
2025-09-19 03:28:29,130 - INFO - Completed /viper/ptmp/arego/RC4K1_1/22748.h5 in 8.64 seconds
2025-09-19 03:28:29,142 - INFO - File 10044: Filtered 15881745 hits and 9 records
2025-09-19 03:28:29,547 - INFO - Processing /viper/ptmp/arego/RC4K1/18063.h5
2025-09-19 03:28:29,869 - INFO - Completed /viper/ptmp/arego/RC4K1_1/16188.h5 in 8.62 seconds
2025-09-19 03:28:30,166 - INFO - File 6650: Filtered 8118735 hits and 9 records
2025-09-19 03:28:30,450 - INFO - Completed /viper/ptmp/arego/RC4K1_1/10326.h5 in 7.76 seconds
2025-09-19 03:28:30,538 - INFO - Processing /viper/ptmp/arego/RC4K1/19118.h5
2025-09-19 03:28:31,176 - INFO - Processing /viper/ptmp/arego/RC4K1/3999.h5
2025-09-19 03:28:31,462 - INFO - Completed /viper/ptmp/arego/RC4K1_1/27653.h5 in 9.70 seconds
2025-09-19 03:28:31,676 - INFO - Completed /viper/ptmp/arego/RC4K1_1/10044.h5 in 7.58 seconds
2025-09-19 03:28:31,920 - INFO - Processing /viper/ptmp/arego/RC4K1/13235.h5
2025-09-19 03:28:31,940 - INFO - File 27375: Filtered 16970894 hits and 7 records
2025-09-19 03:28:32,647 - INFO - Processing /viper/ptmp/arego/RC4K1/2069.h5
2025-09-19 03:28:33,054 - INFO - File 16327: Filtered 8217727 hits and 6 records
2025-09-19 03:28:33,700 - INFO - Completed /viper/ptmp/arego/RC4K1_1/27375.h5 in 6.65 seconds
2025-09-19 03:28:33,957 - INFO - Processing /viper/ptmp/arego/RC4K1/23167.h5
2025-09-19 03:28:34,290 - INFO - File 18063: Filtered 12411116 hits and 10 records
2025-09-19 03:28:34,914 - INFO - Completed /viper/ptmp/arego/RC4K1_1/6650.h5 in 10.17 seconds
2025-09-19 03:28:35,397 - INFO - Processing /viper/ptmp/arego/RC4K1/19110.h5
2025-09-19 03:28:35,790 - INFO - File 19118: Filtered 15978953 hits and 8 records
2025-09-19 03:28:36,240 - INFO - File 3999: Filtered 10607991 hits and 6 records
2025-09-19 03:28:37,044 - INFO - File 13235: Filtered 16639952 hits and 10 records
2025-09-19 03:28:37,607 - INFO - Completed /viper/ptmp/arego/RC4K1_1/18063.h5 in 8.06 seconds
2025-09-19 03:28:37,893 - INFO - Completed /viper/ptmp/arego/RC4K1_1/19118.h5 in 7.35 seconds
2025-09-19 03:28:37,909 - INFO - Completed /viper/ptmp/arego/RC4K1_1/16327.h5 in 9.55 seconds
2025-09-19 03:28:37,937 - INFO - Processing /viper/ptmp/arego/RC4K1/4734.h5
2025-09-19 03:28:37,989 - INFO - File 2069: Filtered 12446984 hits and 9 records
2025-09-19 03:28:38,650 - INFO - Processing /viper/ptmp/arego/RC4K1/27550.h5
2025-09-19 03:28:39,246 - INFO - File 23167: Filtered 17410997 hits and 8 records
2025-09-19 03:28:39,311 - INFO - Processing /viper/ptmp/arego/RC4K1/14201.h5
2025-09-19 03:28:40,097 - INFO - Completed /viper/ptmp/arego/RC4K1_1/13235.h5 in 8.18 seconds
2025-09-19 03:28:40,281 - INFO - Completed /viper/ptmp/arego/RC4K1_1/3999.h5 in 9.10 seconds
2025-09-19 03:28:40,348 - INFO - File 19110: Filtered 12653826 hits and 8 records
2025-09-19 03:28:40,410 - INFO - Processing /viper/ptmp/arego/RC4K1/1120.h5
2025-09-19 03:28:41,374 - INFO - Completed /viper/ptmp/arego/RC4K1_1/23167.h5 in 7.42 seconds
2025-09-19 03:28:41,439 - INFO - Processing /viper/ptmp/arego/RC4K1/18627.h5
2025-09-19 03:28:42,014 - INFO - Completed /viper/ptmp/arego/RC4K1_1/2069.h5 in 9.37 seconds
2025-09-19 03:28:42,042 - INFO - Processing /viper/ptmp/arego/RC4K1/4507.h5
2025-09-19 03:28:42,578 - INFO - Processing /viper/ptmp/arego/RC4K1/1678.h5
2025-09-19 03:28:43,012 - INFO - File 4734: Filtered 7750581 hits and 8 records
2025-09-19 03:28:43,780 - INFO - File 27550: Filtered 13952537 hits and 9 records
2025-09-19 03:28:44,518 - INFO - File 14201: Filtered 12970725 hits and 8 records
2025-09-19 03:28:45,357 - INFO - File 1120: Filtered 6031896 hits and 7 records
2025-09-19 03:28:46,619 - INFO - Completed /viper/ptmp/arego/RC4K1_1/19110.h5 in 11.22 seconds
2025-09-19 03:28:46,978 - INFO - Processing /viper/ptmp/arego/RC4K1/27930.h5
2025-09-19 03:28:48,820 - INFO - Completed /viper/ptmp/arego/RC4K1_1/27550.h5 in 10.17 seconds
2025-09-19 03:28:48,863 - INFO - File 18627: Filtered 7732819 hits and 6 records
2025-09-19 03:28:49,198 - INFO - Processing /viper/ptmp/arego/RC4K1/14030.h5
2025-09-19 03:28:49,262 - INFO - Completed /viper/ptmp/arego/RC4K1_1/4734.h5 in 11.32 seconds
2025-09-19 03:28:49,306 - INFO - Completed /viper/ptmp/arego/RC4K1_1/14201.h5 in 10.00 seconds
2025-09-19 03:28:50,098 - INFO - Processing /viper/ptmp/arego/RC4K1/29091.h5
2025-09-19 03:28:50,794 - INFO - Completed /viper/ptmp/arego/RC4K1_1/1120.h5 in 10.38 seconds
2025-09-19 03:28:50,892 - INFO - Processing /viper/ptmp/arego/RC4K1/26595.h5
2025-09-19 03:28:51,838 - INFO - Processing /viper/ptmp/arego/RC4K1/23299.h5
2025-09-19 03:28:52,934 - INFO - File 4507: Filtered 10654034 hits and 6 records
2025-09-19 03:28:53,463 - INFO - File 1678: Filtered 10881025 hits and 8 records
2025-09-19 03:28:53,734 - INFO - Completed /viper/ptmp/arego/RC4K1_1/18627.h5 in 12.29 seconds
2025-09-19 03:28:54,388 - INFO - File 14030: Filtered 7849283 hits and 4 records
2025-09-19 03:28:54,424 - INFO - Processing /viper/ptmp/arego/RC4K1/19114.h5
2025-09-19 03:28:54,780 - INFO - File 27930: Filtered 19269937 hits and 10 records
2025-09-19 03:28:55,979 - INFO - File 29091: Filtered 14242348 hits and 7 records
2025-09-19 03:28:56,606 - INFO - Completed /viper/ptmp/arego/RC4K1_1/27930.h5 in 9.63 seconds
2025-09-19 03:28:56,940 - INFO - Processing /viper/ptmp/arego/RC4K1/1488.h5
2025-09-19 03:28:57,200 - INFO - File 26595: Filtered 15655168 hits and 13 records
2025-09-19 03:28:57,814 - INFO - Completed /viper/ptmp/arego/RC4K1_1/4507.h5 in 15.77 seconds
2025-09-19 03:28:58,245 - INFO - Completed /viper/ptmp/arego/RC4K1_1/1678.h5 in 15.67 seconds
2025-09-19 03:28:58,278 - INFO - Processing /viper/ptmp/arego/RC4K1/2165.h5
2025-09-19 03:28:58,458 - INFO - File 23299: Filtered 15476265 hits and 7 records
2025-09-19 03:28:59,043 - INFO - Processing /viper/ptmp/arego/RC4K1/26079.h5
2025-09-19 03:28:59,791 - INFO - Completed /viper/ptmp/arego/RC4K1_1/29091.h5 in 9.69 seconds
2025-09-19 03:28:59,844 - INFO - File 19114: Filtered 12480175 hits and 6 records
2025-09-19 03:29:00,178 - INFO - Processing /viper/ptmp/arego/RC4K1/10646.h5
2025-09-19 03:29:00,214 - INFO - Completed /viper/ptmp/arego/RC4K1_1/26595.h5 in 9.32 seconds
2025-09-19 03:29:00,554 - INFO - Completed /viper/ptmp/arego/RC4K1_1/14030.h5 in 11.36 seconds
2025-09-19 03:29:00,978 - INFO - Processing /viper/ptmp/arego/RC4K1/2358.h5
2025-09-19 03:29:01,527 - INFO - Processing /viper/ptmp/arego/RC4K1/2716.h5
2025-09-19 03:29:01,948 - INFO - Completed /viper/ptmp/arego/RC4K1_1/23299.h5 in 10.11 seconds
2025-09-19 03:29:02,448 - INFO - Processing /viper/ptmp/arego/RC4K1/13733.h5
2025-09-19 03:29:03,459 - INFO - File 1488: Filtered 13872573 hits and 7 records
2025-09-19 03:29:04,380 - INFO - Completed /viper/ptmp/arego/RC4K1_1/19114.h5 in 9.96 seconds
2025-09-19 03:29:04,835 - INFO - File 2165: Filtered 13925957 hits and 8 records
2025-09-19 03:29:05,007 - INFO - Processing /viper/ptmp/arego/RC4K1/7313.h5
2025-09-19 03:29:05,647 - INFO - File 26079: Filtered 10191765 hits and 7 records
2025-09-19 03:29:06,109 - INFO - File 10646: Filtered 11969261 hits and 6 records
2025-09-19 03:29:07,609 - INFO - File 2358: Filtered 8781672 hits and 6 records
2025-09-19 03:29:07,942 - INFO - Completed /viper/ptmp/arego/RC4K1_1/1488.h5 in 11.00 seconds
2025-09-19 03:29:08,077 - INFO - File 2716: Filtered 13938869 hits and 8 records
2025-09-19 03:29:08,376 - INFO - Processing /viper/ptmp/arego/RC4K1/24758.h5
2025-09-19 03:29:09,111 - INFO - File 13733: Filtered 20658934 hits and 7 records
2025-09-19 03:29:09,229 - INFO - Completed /viper/ptmp/arego/RC4K1_1/2165.h5 in 10.95 seconds
2025-09-19 03:29:09,649 - INFO - Processing /viper/ptmp/arego/RC4K1/27785.h5
2025-09-19 03:29:10,887 - INFO - File 7313: Filtered 17883300 hits and 10 records
2025-09-19 03:29:10,963 - INFO - Completed /viper/ptmp/arego/RC4K1_1/10646.h5 in 10.78 seconds
2025-09-19 03:29:11,278 - INFO - Completed /viper/ptmp/arego/RC4K1_1/26079.h5 in 12.24 seconds
2025-09-19 03:29:11,466 - INFO - Completed /viper/ptmp/arego/RC4K1_1/13733.h5 in 9.02 seconds
2025-09-19 03:29:11,543 - INFO - Processing /viper/ptmp/arego/RC4K1/683.h5
2025-09-19 03:29:11,880 - INFO - Completed /viper/ptmp/arego/RC4K1_1/2716.h5 in 10.35 seconds
2025-09-19 03:29:12,052 - INFO - Processing /viper/ptmp/arego/RC4K1/16326.h5
2025-09-19 03:29:12,636 - INFO - Processing /viper/ptmp/arego/RC4K1/14609.h5
2025-09-19 03:29:13,207 - INFO - Processing /viper/ptmp/arego/RC4K1/26184.h5
2025-09-19 03:29:13,790 - INFO - Completed /viper/ptmp/arego/RC4K1_1/2358.h5 in 12.81 seconds
2025-09-19 03:29:14,480 - INFO - Processing /viper/ptmp/arego/RC4K1/15988.h5
2025-09-19 03:29:14,608 - INFO - Completed /viper/ptmp/arego/RC4K1_1/7313.h5 in 9.60 seconds
2025-09-19 03:29:15,065 - INFO - Processing /viper/ptmp/arego/RC4K1/2533.h5
2025-09-19 03:29:15,313 - INFO - File 24758: Filtered 9709161 hits and 4 records
2025-09-19 03:29:15,852 - INFO - File 27785: Filtered 15871255 hits and 9 records
2025-09-19 03:29:17,380 - INFO - File 683: Filtered 17268673 hits and 7 records
2025-09-19 03:29:19,121 - INFO - File 16326: Filtered 7470885 hits and 6 records
2025-09-19 03:29:19,849 - INFO - File 26184: Filtered 14470701 hits and 10 records
2025-09-19 03:29:19,994 - INFO - Completed /viper/ptmp/arego/RC4K1_1/27785.h5 in 10.34 seconds
2025-09-19 03:29:20,057 - INFO - File 14609: Filtered 16066503 hits and 9 records
2025-09-19 03:29:20,428 - INFO - Processing /viper/ptmp/arego/RC4K1/20260.h5
2025-09-19 03:29:21,289 - INFO - File 15988: Filtered 20461934 hits and 9 records
2025-09-19 03:29:21,310 - INFO - Completed /viper/ptmp/arego/RC4K1_1/24758.h5 in 12.93 seconds
2025-09-19 03:29:21,786 - INFO - Completed /viper/ptmp/arego/RC4K1_1/683.h5 in 10.24 seconds
2025-09-19 03:29:21,854 - INFO - Processing /viper/ptmp/arego/RC4K1/8773.h5
2025-09-19 03:29:22,174 - INFO - File 2533: Filtered 15876771 hits and 7 records
2025-09-19 03:29:22,718 - INFO - Processing /viper/ptmp/arego/RC4K1/1340.h5
2025-09-19 03:29:23,973 - INFO - Completed /viper/ptmp/arego/RC4K1_1/15988.h5 in 9.49 seconds
2025-09-19 03:29:24,083 - INFO - Completed /viper/ptmp/arego/RC4K1_1/14609.h5 in 11.45 seconds
2025-09-19 03:29:24,374 - INFO - Processing /viper/ptmp/arego/RC4K1/5694.h5
2025-09-19 03:29:24,625 - INFO - Completed /viper/ptmp/arego/RC4K1_1/26184.h5 in 11.42 seconds
2025-09-19 03:29:25,339 - INFO - Processing /viper/ptmp/arego/RC4K1/8079.h5
2025-09-19 03:29:25,813 - INFO - Processing /viper/ptmp/arego/RC4K1/18771.h5
2025-09-19 03:29:25,831 - INFO - Completed /viper/ptmp/arego/RC4K1_1/16326.h5 in 13.78 seconds
2025-09-19 03:29:26,381 - INFO - Completed /viper/ptmp/arego/RC4K1_1/2533.h5 in 11.32 seconds
2025-09-19 03:29:26,459 - INFO - Processing /viper/ptmp/arego/RC4K1/2348.h5
2025-09-19 03:29:27,477 - INFO - Processing /viper/ptmp/arego/RC4K1/11030.h5
2025-09-19 03:29:27,678 - INFO - File 20260: Filtered 14800788 hits and 7 records
2025-09-19 03:29:28,835 - INFO - File 8773: Filtered 13565838 hits and 8 records
2025-09-19 03:29:29,008 - INFO - File 1340: Filtered 13361690 hits and 4 records
2025-09-19 03:29:30,671 - INFO - File 5694: Filtered 14809515 hits and 8 records
2025-09-19 03:29:32,303 - INFO - File 18771: Filtered 16345893 hits and 7 records
2025-09-19 03:29:32,724 - INFO - Completed /viper/ptmp/arego/RC4K1_1/20260.h5 in 12.30 seconds
2025-09-19 03:29:33,182 - INFO - Processing /viper/ptmp/arego/RC4K1/27836.h5
2025-09-19 03:29:33,188 - INFO - File 8079: Filtered 14874823 hits and 9 records
2025-09-19 03:29:33,406 - INFO - File 2348: Filtered 24752332 hits and 10 records
2025-09-19 03:29:33,997 - INFO - File 11030: Filtered 18476094 hits and 9 records
2025-09-19 03:29:34,432 - INFO - Completed /viper/ptmp/arego/RC4K1_1/8773.h5 in 12.58 seconds
2025-09-19 03:29:34,890 - INFO - Processing /viper/ptmp/arego/RC4K1/1734.h5
2025-09-19 03:29:35,203 - INFO - Completed /viper/ptmp/arego/RC4K1_1/5694.h5 in 10.83 seconds
2025-09-19 03:29:35,380 - INFO - Completed /viper/ptmp/arego/RC4K1_1/1340.h5 in 12.66 seconds
2025-09-19 03:29:35,385 - INFO - Completed /viper/ptmp/arego/RC4K1_1/2348.h5 in 8.93 seconds
2025-09-19 03:29:35,775 - INFO - Processing /viper/ptmp/arego/RC4K1/26869.h5
2025-09-19 03:29:36,349 - INFO - Completed /viper/ptmp/arego/RC4K1_1/18771.h5 in 10.54 seconds
2025-09-19 03:29:36,359 - INFO - Processing /viper/ptmp/arego/RC4K1/15968.h5
2025-09-19 03:29:37,085 - INFO - Processing /viper/ptmp/arego/RC4K1/13234.h5
2025-09-19 03:29:37,651 - INFO - Processing /viper/ptmp/arego/RC4K1/26002.h5
2025-09-19 03:29:37,920 - INFO - Completed /viper/ptmp/arego/RC4K1_1/8079.h5 in 12.58 seconds
2025-09-19 03:29:38,103 - INFO - Completed /viper/ptmp/arego/RC4K1_1/11030.h5 in 10.63 seconds
2025-09-19 03:29:38,436 - INFO - Processing /viper/ptmp/arego/RC4K1/15356.h5
2025-09-19 03:29:39,090 - INFO - Processing /viper/ptmp/arego/RC4K1/16977.h5
2025-09-19 03:29:40,499 - INFO - File 27836: Filtered 23053222 hits and 9 records
2025-09-19 03:29:41,503 - INFO - File 26869: Filtered 20113661 hits and 6 records
2025-09-19 03:29:42,126 - INFO - File 1734: Filtered 12389168 hits and 4 records
2025-09-19 03:29:43,429 - INFO - Completed /viper/ptmp/arego/RC4K1_1/27836.h5 in 10.25 seconds
2025-09-19 03:29:43,831 - INFO - Processing /viper/ptmp/arego/RC4K1/28968.h5
2025-09-19 03:29:44,017 - INFO - File 15968: Filtered 26735338 hits and 10 records
2025-09-19 03:29:44,473 - INFO - File 26002: Filtered 17933353 hits and 10 records
2025-09-19 03:29:44,537 - INFO - File 13234: Filtered 17931387 hits and 9 records
2025-09-19 03:29:45,542 - INFO - Completed /viper/ptmp/arego/RC4K1_1/26869.h5 in 9.77 seconds
2025-09-19 03:29:45,584 - INFO - Completed /viper/ptmp/arego/RC4K1_1/15968.h5 in 9.23 seconds
2025-09-19 03:29:45,824 - INFO - Processing /viper/ptmp/arego/RC4K1/2404.h5
2025-09-19 03:29:45,911 - INFO - File 15356: Filtered 18303132 hits and 8 records
2025-09-19 03:29:46,438 - INFO - Processing /viper/ptmp/arego/RC4K1/23059.h5
2025-09-19 03:29:47,728 - INFO - File 16977: Filtered 22336523 hits and 9 records
2025-09-19 03:29:48,472 - INFO - Completed /viper/ptmp/arego/RC4K1_1/1734.h5 in 13.58 seconds
2025-09-19 03:29:48,512 - INFO - Completed /viper/ptmp/arego/RC4K1_1/13234.h5 in 11.43 seconds
2025-09-19 03:29:48,664 - INFO - Completed /viper/ptmp/arego/RC4K1_1/26002.h5 in 11.01 seconds
2025-09-19 03:29:49,009 - INFO - Processing /viper/ptmp/arego/RC4K1/1883.h5
2025-09-19 03:29:49,612 - INFO - Completed /viper/ptmp/arego/RC4K1_1/15356.h5 in 11.18 seconds
2025-09-19 03:29:49,616 - INFO - Processing /viper/ptmp/arego/RC4K1/9502.h5
2025-09-19 03:29:50,204 - INFO - Processing /viper/ptmp/arego/RC4K1/18449.h5
2025-09-19 03:29:50,494 - INFO - Completed /viper/ptmp/arego/RC4K1_1/16977.h5 in 11.40 seconds
2025-09-19 03:29:50,749 - INFO - Processing /viper/ptmp/arego/RC4K1/6493.h5
2025-09-19 03:29:51,240 - INFO - Processing /viper/ptmp/arego/RC4K1/7564.h5
2025-09-19 03:29:52,617 - INFO - File 23059: Filtered 14522384 hits and 7 records
2025-09-19 03:29:55,199 - INFO - File 28968: Filtered 15590763 hits and 7 records
2025-09-19 03:29:56,525 - INFO - File 9502: Filtered 21783395 hits and 9 records
2025-09-19 03:29:56,848 - INFO - File 2404: Filtered 16497300 hits and 7 records
2025-09-19 03:29:57,009 - INFO - File 1883: Filtered 26971656 hits and 9 records
2025-09-19 03:29:58,103 - INFO - File 18449: Filtered 9000784 hits and 7 records
2025-09-19 03:29:58,412 - INFO - Completed /viper/ptmp/arego/RC4K1_1/23059.h5 in 11.97 seconds
2025-09-19 03:29:59,118 - INFO - Processing /viper/ptmp/arego/RC4K1/17812.h5
2025-09-19 03:29:59,259 - INFO - Completed /viper/ptmp/arego/RC4K1_1/1883.h5 in 10.25 seconds
2025-09-19 03:29:59,396 - INFO - File 7564: Filtered 14653491 hits and 9 records
2025-09-19 03:29:59,946 - INFO - Processing /viper/ptmp/arego/RC4K1/22858.h5
2025-09-19 03:30:00,415 - INFO - Completed /viper/ptmp/arego/RC4K1_1/9502.h5 in 10.80 seconds
2025-09-19 03:30:00,775 - INFO - Completed /viper/ptmp/arego/RC4K1_1/28968.h5 in 16.94 seconds
2025-09-19 03:30:00,789 - INFO - Processing /viper/ptmp/arego/RC4K1/17958.h5
2025-09-19 03:30:01,479 - INFO - Processing /viper/ptmp/arego/RC4K1/20889.h5
2025-09-19 03:30:01,697 - INFO - Completed /viper/ptmp/arego/RC4K1_1/2404.h5 in 15.87 seconds
2025-09-19 03:30:02,159 - INFO - Processing /viper/ptmp/arego/RC4K1/8302.h5
2025-09-19 03:30:02,483 - INFO - File 6493: Filtered 19133420 hits and 10 records
2025-09-19 03:30:05,168 - INFO - Completed /viper/ptmp/arego/RC4K1_1/7564.h5 in 13.93 seconds
2025-09-19 03:30:05,426 - INFO - Completed /viper/ptmp/arego/RC4K1_1/18449.h5 in 15.22 seconds
2025-09-19 03:30:05,919 - INFO - Processing /viper/ptmp/arego/RC4K1/18356.h5
2025-09-19 03:30:06,089 - INFO - File 17812: Filtered 15733209 hits and 9 records
2025-09-19 03:30:06,665 - INFO - Processing /viper/ptmp/arego/RC4K1/23886.h5
2025-09-19 03:30:07,133 - INFO - Completed /viper/ptmp/arego/RC4K1_1/6493.h5 in 16.38 seconds
2025-09-19 03:30:07,746 - INFO - Processing /viper/ptmp/arego/RC4K1/4514.h5
2025-09-19 03:30:07,894 - INFO - File 17958: Filtered 18028279 hits and 8 records
2025-09-19 03:30:10,075 - INFO - File 20889: Filtered 8394527 hits and 6 records
2025-09-19 03:30:11,767 - INFO - Completed /viper/ptmp/arego/RC4K1_1/17812.h5 in 12.65 seconds
2025-09-19 03:30:12,650 - INFO - Processing /viper/ptmp/arego/RC4K1/19024.h5
2025-09-19 03:30:13,016 - INFO - Completed /viper/ptmp/arego/RC4K1_1/17958.h5 in 12.23 seconds
2025-09-19 03:30:13,509 - INFO - File 18356: Filtered 20690867 hits and 7 records
2025-09-19 03:30:13,704 - INFO - Processing /viper/ptmp/arego/RC4K1/22816.h5
2025-09-19 03:30:14,034 - INFO - File 23886: Filtered 23134045 hits and 10 records
2025-09-19 03:30:15,540 - INFO - File 22858: Filtered 15989237 hits and 8 records
2025-09-19 03:30:15,772 - INFO - File 8302: Filtered 12980131 hits and 10 records
2025-09-19 03:30:17,382 - INFO - File 4514: Filtered 22737755 hits and 8 records
2025-09-19 03:30:17,769 - INFO - Completed /viper/ptmp/arego/RC4K1_1/23886.h5 in 11.10 seconds
2025-09-19 03:30:17,978 - INFO - Completed /viper/ptmp/arego/RC4K1_1/18356.h5 in 12.06 seconds
2025-09-19 03:30:18,411 - INFO - Processing /viper/ptmp/arego/RC4K1/6610.h5
2025-09-19 03:30:18,991 - INFO - Processing /viper/ptmp/arego/RC4K1/9367.h5
2025-09-19 03:30:19,973 - INFO - File 19024: Filtered 18759855 hits and 8 records
2025-09-19 03:30:20,342 - INFO - Completed /viper/ptmp/arego/RC4K1_1/20889.h5 in 18.86 seconds
2025-09-19 03:30:21,011 - INFO - Processing /viper/ptmp/arego/RC4K1/11807.h5
2025-09-19 03:30:22,100 - INFO - Completed /viper/ptmp/arego/RC4K1_1/22858.h5 in 22.15 seconds
2025-09-19 03:30:22,105 - INFO - Completed /viper/ptmp/arego/RC4K1_1/4514.h5 in 14.36 seconds
2025-09-19 03:30:22,628 - INFO - Processing /viper/ptmp/arego/RC4K1/14793.h5
2025-09-19 03:30:23,150 - INFO - Processing /viper/ptmp/arego/RC4K1/22242.h5
2025-09-19 03:30:23,747 - INFO - Completed /viper/ptmp/arego/RC4K1_1/8302.h5 in 21.59 seconds
2025-09-19 03:30:24,311 - INFO - Processing /viper/ptmp/arego/RC4K1/18760.h5
2025-09-19 03:30:25,070 - INFO - Completed /viper/ptmp/arego/RC4K1_1/19024.h5 in 12.42 seconds
2025-09-19 03:30:25,828 - INFO - Processing /viper/ptmp/arego/RC4K1/16332.h5
2025-09-19 03:30:26,847 - INFO - File 6610: Filtered 17001006 hits and 9 records
2025-09-19 03:30:27,085 - INFO - File 22816: Filtered 24868422 hits and 11 records
2025-09-19 03:30:27,714 - INFO - File 9367: Filtered 10276256 hits and 6 records
2025-09-19 03:30:30,607 - INFO - Completed /viper/ptmp/arego/RC4K1_1/22816.h5 in 16.90 seconds
2025-09-19 03:30:31,005 - INFO - Processing /viper/ptmp/arego/RC4K1/12833.h5
2025-09-19 03:30:32,512 - INFO - File 11807: Filtered 14228686 hits and 5 records
2025-09-19 03:30:32,888 - INFO - Completed /viper/ptmp/arego/RC4K1_1/6610.h5 in 14.48 seconds
2025-09-19 03:30:33,526 - INFO - Processing /viper/ptmp/arego/RC4K1/23698.h5
2025-09-19 03:30:33,640 - INFO - File 16332: Filtered 19470861 hits and 8 records
2025-09-19 03:30:35,103 - INFO - Completed /viper/ptmp/arego/RC4K1_1/9367.h5 in 16.11 seconds
2025-09-19 03:30:35,753 - INFO - Processing /viper/ptmp/arego/RC4K1/12268.h5
2025-09-19 03:30:38,744 - INFO - File 12833: Filtered 25758628 hits and 10 records
2025-09-19 03:30:39,027 - INFO - Completed /viper/ptmp/arego/RC4K1_1/16332.h5 in 13.20 seconds
2025-09-19 03:30:39,684 - INFO - File 22242: Filtered 26628571 hits and 10 records
2025-09-19 03:30:39,700 - INFO - Processing /viper/ptmp/arego/RC4K1/11945.h5
2025-09-19 03:30:39,870 - INFO - Completed /viper/ptmp/arego/RC4K1_1/11807.h5 in 18.86 seconds
2025-09-19 03:30:39,874 - INFO - File 14793: Filtered 26516532 hits and 12 records
2025-09-19 03:30:39,959 - INFO - File 18760: Filtered 25127639 hits and 8 records
2025-09-19 03:30:40,798 - INFO - Processing /viper/ptmp/arego/RC4K1/21000.h5
2025-09-19 03:30:41,588 - INFO - File 23698: Filtered 13739293 hits and 6 records
2025-09-19 03:30:42,793 - ERROR - Error processing /viper/ptmp/arego/RC4K1/14793.h5: low >= high
2025-09-19 03:30:43,063 - INFO - Completed /viper/ptmp/arego/RC4K1_1/12833.h5 in 12.06 seconds
2025-09-19 03:30:43,127 - INFO - Completed /viper/ptmp/arego/RC4K1_1/22242.h5 in 19.98 seconds
2025-09-19 03:30:43,326 - INFO - Processing /viper/ptmp/arego/RC4K1/21684.h5
2025-09-19 03:30:43,513 - INFO - Processing /viper/ptmp/arego/RC4K1/14452.h5
2025-09-19 03:30:43,756 - INFO - Completed /viper/ptmp/arego/RC4K1_1/18760.h5 in 19.44 seconds
2025-09-19 03:30:44,226 - INFO - Processing /viper/ptmp/arego/RC4K1/8848.h5
2025-09-19 03:30:44,248 - INFO - File 12268: Filtered 16070989 hits and 8 records
2025-09-19 03:30:44,789 - INFO - Processing /viper/ptmp/arego/RC4K1/21850.h5
2025-09-19 03:30:47,744 - INFO - File 11945: Filtered 21901719 hits and 9 records
2025-09-19 03:30:49,086 - INFO - Completed /viper/ptmp/arego/RC4K1_1/23698.h5 in 15.56 seconds
2025-09-19 03:30:49,907 - INFO - Processing /viper/ptmp/arego/RC4K1/6252.h5
2025-09-19 03:30:50,655 - INFO - File 21000: Filtered 17296913 hits and 9 records
2025-09-19 03:30:51,218 - INFO - Completed /viper/ptmp/arego/RC4K1_1/12268.h5 in 15.47 seconds
2025-09-19 03:30:51,499 - INFO - File 14452: Filtered 22780397 hits and 10 records
2025-09-19 03:30:51,878 - INFO - Processing /viper/ptmp/arego/RC4K1/8368.h5
2025-09-19 03:30:52,960 - INFO - Completed /viper/ptmp/arego/RC4K1_1/11945.h5 in 13.26 seconds
2025-09-19 03:30:53,479 - INFO - Processing /viper/ptmp/arego/RC4K1/14014.h5
2025-09-19 03:30:53,600 - INFO - File 21684: Filtered 16494582 hits and 4 records
2025-09-19 03:30:55,929 - INFO - File 21850: Filtered 13654383 hits and 8 records
2025-09-19 03:30:56,826 - INFO - File 8848: Filtered 27707660 hits and 11 records
2025-09-19 03:30:56,951 - INFO - Completed /viper/ptmp/arego/RC4K1_1/14452.h5 in 13.44 seconds
2025-09-19 03:30:57,856 - INFO - Processing /viper/ptmp/arego/RC4K1/315.h5
2025-09-19 03:30:58,338 - INFO - File 6252: Filtered 17561777 hits and 5 records
2025-09-19 03:30:59,498 - INFO - Completed /viper/ptmp/arego/RC4K1_1/21000.h5 in 18.70 seconds
2025-09-19 03:31:00,076 - INFO - Processing /viper/ptmp/arego/RC4K1/501.h5
2025-09-19 03:31:01,534 - INFO - File 8368: Filtered 16541888 hits and 8 records
2025-09-19 03:31:01,644 - INFO - Completed /viper/ptmp/arego/RC4K1_1/21684.h5 in 18.32 seconds
2025-09-19 03:31:02,334 - INFO - Processing /viper/ptmp/arego/RC4K1/6755.h5
2025-09-19 03:31:03,128 - INFO - File 14014: Filtered 20513774 hits and 10 records
2025-09-19 03:31:03,465 - INFO - Completed /viper/ptmp/arego/RC4K1_1/8848.h5 in 19.24 seconds
2025-09-19 03:31:04,110 - INFO - Processing /viper/ptmp/arego/RC4K1/6321.h5
2025-09-19 03:31:04,484 - ERROR - Error processing /viper/ptmp/arego/RC4K1/21850.h5: low >= high
2025-09-19 03:31:05,585 - INFO - Processing /viper/ptmp/arego/RC4K1/4652.h5
2025-09-19 03:31:06,396 - INFO - Completed /viper/ptmp/arego/RC4K1_1/6252.h5 in 16.49 seconds
2025-09-19 03:31:06,953 - INFO - File 315: Filtered 23098388 hits and 11 records
2025-09-19 03:31:07,117 - INFO - Processing /viper/ptmp/arego/RC4K1/11142.h5
2025-09-19 03:31:09,388 - INFO - Completed /viper/ptmp/arego/RC4K1_1/8368.h5 in 17.51 seconds
2025-09-19 03:31:10,023 - INFO - Completed /viper/ptmp/arego/RC4K1_1/14014.h5 in 16.54 seconds
2025-09-19 03:31:10,029 - INFO - Processing /viper/ptmp/arego/RC4K1/3659.h5
2025-09-19 03:31:10,240 - INFO - File 501: Filtered 38855459 hits and 9 records
2025-09-19 03:31:11,010 - INFO - Processing /viper/ptmp/arego/RC4K1/16630.h5
2025-09-19 03:31:12,013 - INFO - Completed /viper/ptmp/arego/RC4K1_1/501.h5 in 11.94 seconds
2025-09-19 03:31:12,389 - INFO - Processing /viper/ptmp/arego/RC4K1/9008.h5
2025-09-19 03:31:12,687 - ERROR - Error processing /viper/ptmp/arego/RC4K1/315.h5: low >= high
2025-09-19 03:31:12,901 - INFO - File 6755: Filtered 24075201 hits and 6 records
2025-09-19 03:31:14,501 - INFO - Processing /viper/ptmp/arego/RC4K1/25486.h5
2025-09-19 03:31:15,726 - INFO - File 6321: Filtered 25500034 hits and 7 records
2025-09-19 03:31:16,160 - INFO - File 11142: Filtered 25288922 hits and 11 records
2025-09-19 03:31:16,561 - INFO - File 4652: Filtered 18575901 hits and 7 records
2025-09-19 03:31:19,963 - INFO - Completed /viper/ptmp/arego/RC4K1_1/6755.h5 in 17.63 seconds
2025-09-19 03:31:20,491 - INFO - File 3659: Filtered 23888455 hits and 9 records
2025-09-19 03:31:20,530 - INFO - Processing /viper/ptmp/arego/RC4K1/12678.h5
2025-09-19 03:31:21,890 - INFO - Completed /viper/ptmp/arego/RC4K1_1/6321.h5 in 17.78 seconds
2025-09-19 03:31:21,958 - INFO - File 16630: Filtered 23432028 hits and 8 records
2025-09-19 03:31:22,520 - INFO - Processing /viper/ptmp/arego/RC4K1/8122.h5
2025-09-19 03:31:23,186 - INFO - File 9008: Filtered 27390292 hits and 8 records
2025-09-19 03:31:23,564 - INFO - Completed /viper/ptmp/arego/RC4K1_1/11142.h5 in 16.45 seconds
2025-09-19 03:31:24,233 - INFO - Processing /viper/ptmp/arego/RC4K1/14227.h5
2025-09-19 03:31:24,701 - INFO - File 25486: Filtered 29943124 hits and 9 records
2025-09-19 03:31:25,251 - INFO - Completed /viper/ptmp/arego/RC4K1_1/4652.h5 in 19.67 seconds
2025-09-19 03:31:25,970 - INFO - Processing /viper/ptmp/arego/RC4K1/20678.h5
2025-09-19 03:31:28,437 - INFO - Completed /viper/ptmp/arego/RC4K1_1/3659.h5 in 18.41 seconds
2025-09-19 03:31:29,455 - INFO - Processing /viper/ptmp/arego/RC4K1/26389.h5
2025-09-19 03:31:29,530 - INFO - Completed /viper/ptmp/arego/RC4K1_1/25486.h5 in 15.03 seconds
2025-09-19 03:31:29,605 - INFO - Completed /viper/ptmp/arego/RC4K1_1/16630.h5 in 18.60 seconds
2025-09-19 03:31:29,633 - INFO - Completed /viper/ptmp/arego/RC4K1_1/9008.h5 in 17.24 seconds
2025-09-19 03:31:30,306 - INFO - Processing /viper/ptmp/arego/RC4K1/3474.h5
2025-09-19 03:31:30,931 - INFO - Processing /viper/ptmp/arego/RC4K1/2615.h5
2025-09-19 03:31:31,617 - INFO - Processing /viper/ptmp/arego/RC4K1/21594.h5
2025-09-19 03:31:33,313 - INFO - File 12678: Filtered 20612657 hits and 8 records
2025-09-19 03:31:33,475 - INFO - File 14227: Filtered 29627287 hits and 8 records
2025-09-19 03:31:35,064 - INFO - File 8122: Filtered 30881018 hits and 9 records
2025-09-19 03:31:38,396 - INFO - File 20678: Filtered 34644765 hits and 11 records
2025-09-19 03:31:39,630 - INFO - Completed /viper/ptmp/arego/RC4K1_1/14227.h5 in 15.40 seconds
2025-09-19 03:31:40,754 - INFO - Processing /viper/ptmp/arego/RC4K1/9032.h5
2025-09-19 03:31:41,336 - INFO - Completed /viper/ptmp/arego/RC4K1_1/8122.h5 in 18.82 seconds
2025-09-19 03:31:42,035 - INFO - Processing /viper/ptmp/arego/RC4K1/6387.h5
2025-09-19 03:31:42,627 - INFO - File 3474: Filtered 30015543 hits and 5 records
2025-09-19 03:31:42,675 - INFO - File 26389: Filtered 28871040 hits and 9 records
2025-09-19 03:31:43,324 - INFO - File 2615: Filtered 27328588 hits and 9 records
2025-09-19 03:31:43,518 - ERROR - Error processing /viper/ptmp/arego/RC4K1/20678.h5: low >= high
2025-09-19 03:31:44,170 - INFO - Processing /viper/ptmp/arego/RC4K1/26363.h5
2025-09-19 03:31:44,368 - INFO - Completed /viper/ptmp/arego/RC4K1_1/12678.h5 in 23.84 seconds
2025-09-19 03:31:44,456 - INFO - File 21594: Filtered 25772860 hits and 9 records
2025-09-19 03:31:45,127 - INFO - Processing /viper/ptmp/arego/RC4K1/25820.h5
2025-09-19 03:31:49,966 - INFO - Completed /viper/ptmp/arego/RC4K1_1/26389.h5 in 20.51 seconds
2025-09-19 03:31:50,322 - INFO - Completed /viper/ptmp/arego/RC4K1_1/3474.h5 in 20.02 seconds
2025-09-19 03:31:50,704 - INFO - Processing /viper/ptmp/arego/RC4K1/24768.h5
2025-09-19 03:31:51,544 - INFO - File 9032: Filtered 22966378 hits and 9 records
2025-09-19 03:31:51,613 - INFO - Processing /viper/ptmp/arego/RC4K1/26434.h5
2025-09-19 03:31:51,842 - INFO - Completed /viper/ptmp/arego/RC4K1_1/2615.h5 in 20.91 seconds
2025-09-19 03:31:52,259 - INFO - Completed /viper/ptmp/arego/RC4K1_1/21594.h5 in 20.64 seconds
2025-09-19 03:31:52,907 - INFO - Processing /viper/ptmp/arego/RC4K1/1919.h5
2025-09-19 03:31:53,630 - INFO - Processing /viper/ptmp/arego/RC4K1/15890.h5
2025-09-19 03:31:56,961 - INFO - File 6387: Filtered 27196558 hits and 8 records
2025-09-19 03:31:58,503 - INFO - File 26363: Filtered 24454415 hits and 8 records
2025-09-19 03:32:00,282 - INFO - Completed /viper/ptmp/arego/RC4K1_1/9032.h5 in 19.53 seconds
2025-09-19 03:32:01,259 - INFO - File 25820: Filtered 13608471 hits and 6 records
2025-09-19 03:32:01,286 - INFO - Processing /viper/ptmp/arego/RC4K1/24122.h5
2025-09-19 03:32:02,250 - INFO - File 24768: Filtered 21184496 hits and 10 records
2025-09-19 03:32:03,523 - INFO - File 26434: Filtered 10736634 hits and 3 records
2025-09-19 03:32:06,540 - INFO - Completed /viper/ptmp/arego/RC4K1_1/6387.h5 in 24.50 seconds
2025-09-19 03:32:07,246 - INFO - Processing /viper/ptmp/arego/RC4K1/18776.h5
2025-09-19 03:32:09,301 - INFO - File 15890: Filtered 37395659 hits and 10 records
2025-09-19 03:32:09,903 - INFO - File 1919: Filtered 18165866 hits and 9 records
2025-09-19 03:32:10,589 - INFO - Completed /viper/ptmp/arego/RC4K1_1/26363.h5 in 26.42 seconds
2025-09-19 03:32:11,429 - INFO - Processing /viper/ptmp/arego/RC4K1/7495.h5
2025-09-19 03:32:11,811 - INFO - Completed /viper/ptmp/arego/RC4K1_1/24768.h5 in 21.11 seconds
2025-09-19 03:32:12,711 - INFO - Processing /viper/ptmp/arego/RC4K1/10565.h5
2025-09-19 03:32:12,770 - INFO - File 24122: Filtered 28126793 hits and 9 records
2025-09-19 03:32:16,427 - INFO - Completed /viper/ptmp/arego/RC4K1_1/25820.h5 in 31.30 seconds
2025-09-19 03:32:16,736 - INFO - Completed /viper/ptmp/arego/RC4K1_1/26434.h5 in 25.12 seconds
2025-09-19 03:32:17,242 - INFO - Completed /viper/ptmp/arego/RC4K1_1/15890.h5 in 23.61 seconds
2025-09-19 03:32:17,466 - INFO - Processing /viper/ptmp/arego/RC4K1/16356.h5
2025-09-19 03:32:18,151 - INFO - Processing /viper/ptmp/arego/RC4K1/25976.h5
2025-09-19 03:32:18,736 - INFO - Processing /viper/ptmp/arego/RC4K1/13893.h5
2025-09-19 03:32:21,339 - INFO - Completed /viper/ptmp/arego/RC4K1_1/24122.h5 in 20.05 seconds
2025-09-19 03:32:22,190 - INFO - Processing /viper/ptmp/arego/RC4K1/22264.h5
2025-09-19 03:32:23,489 - INFO - File 18776: Filtered 23659189 hits and 7 records
2025-09-19 03:32:23,716 - INFO - Completed /viper/ptmp/arego/RC4K1_1/1919.h5 in 30.81 seconds
2025-09-19 03:32:24,886 - INFO - Processing /viper/ptmp/arego/RC4K1/18345.h5
2025-09-19 03:32:25,281 - INFO - File 10565: Filtered 27119561 hits and 8 records
2025-09-19 03:32:27,194 - INFO - File 7495: Filtered 26297216 hits and 7 records
2025-09-19 03:32:31,993 - INFO - File 25976: Filtered 40781180 hits and 9 records
2025-09-19 03:32:33,703 - INFO - File 16356: Filtered 46907355 hits and 10 records
2025-09-19 03:32:36,085 - INFO - File 13893: Filtered 34425012 hits and 9 records
2025-09-19 03:32:36,585 - INFO - Completed /viper/ptmp/arego/RC4K1_1/10565.h5 in 23.87 seconds
2025-09-19 03:32:37,598 - INFO - Processing /viper/ptmp/arego/RC4K1/21436.h5
2025-09-19 03:32:37,660 - INFO - Completed /viper/ptmp/arego/RC4K1_1/18776.h5 in 30.41 seconds
2025-09-19 03:32:37,911 - INFO - File 22264: Filtered 30934997 hits and 8 records
2025-09-19 03:32:38,555 - INFO - Processing /viper/ptmp/arego/RC4K1/8196.h5
2025-09-19 03:32:38,975 - INFO - Completed /viper/ptmp/arego/RC4K1_1/16356.h5 in 21.51 seconds
2025-09-19 03:32:39,491 - INFO - Processing /viper/ptmp/arego/RC4K1/2726.h5
2025-09-19 03:32:39,901 - INFO - Completed /viper/ptmp/arego/RC4K1_1/7495.h5 in 28.47 seconds
2025-09-19 03:32:40,795 - INFO - Processing /viper/ptmp/arego/RC4K1/23250.h5
2025-09-19 03:32:40,978 - INFO - Completed /viper/ptmp/arego/RC4K1_1/25976.h5 in 22.83 seconds
2025-09-19 03:32:41,756 - INFO - Processing /viper/ptmp/arego/RC4K1/19410.h5
2025-09-19 03:32:42,515 - INFO - File 18345: Filtered 22484922 hits and 7 records
2025-09-19 03:32:46,661 - INFO - Completed /viper/ptmp/arego/RC4K1_1/13893.h5 in 27.92 seconds
2025-09-19 03:32:47,618 - INFO - Processing /viper/ptmp/arego/RC4K1/10248.h5
2025-09-19 03:32:49,661 - INFO - Completed /viper/ptmp/arego/RC4K1_1/22264.h5 in 27.47 seconds
2025-09-19 03:32:50,673 - INFO - Processing /viper/ptmp/arego/RC4K1/5674.h5
2025-09-19 03:32:52,457 - INFO - File 21436: Filtered 13397691 hits and 6 records
2025-09-19 03:32:58,366 - INFO - File 8196: Filtered 36152680 hits and 8 records
2025-09-19 03:32:58,404 - INFO - File 19410: Filtered 41427745 hits and 8 records
2025-09-19 03:32:59,247 - INFO - Completed /viper/ptmp/arego/RC4K1_1/18345.h5 in 34.36 seconds
2025-09-19 03:32:59,866 - INFO - File 2726: Filtered 37703036 hits and 6 records
2025-09-19 03:33:00,513 - INFO - Processing /viper/ptmp/arego/RC4K1/2957.h5
2025-09-19 03:33:01,432 - INFO - File 23250: Filtered 23264274 hits and 7 records
2025-09-19 03:33:05,875 - INFO - File 10248: Filtered 26883561 hits and 7 records
2025-09-19 03:33:09,967 - INFO - Completed /viper/ptmp/arego/RC4K1_1/19410.h5 in 28.21 seconds
2025-09-19 03:33:10,197 - INFO - Completed /viper/ptmp/arego/RC4K1_1/8196.h5 in 31.64 seconds
2025-09-19 03:33:10,766 - INFO - Completed /viper/ptmp/arego/RC4K1_1/21436.h5 in 33.17 seconds
2025-09-19 03:33:11,084 - INFO - Processing /viper/ptmp/arego/RC4K1/257.h5
2025-09-19 03:33:11,932 - INFO - Completed /viper/ptmp/arego/RC4K1_1/2726.h5 in 32.44 seconds
2025-09-19 03:33:13,882 - INFO - File 5674: Filtered 61865970 hits and 7 records
2025-09-19 03:33:18,846 - INFO - Completed /viper/ptmp/arego/RC4K1_1/23250.h5 in 38.05 seconds
2025-09-19 03:33:22,158 - ERROR - Error processing /viper/ptmp/arego/RC4K1/10248.h5: low >= high
2025-09-19 03:33:27,701 - INFO - Completed /viper/ptmp/arego/RC4K1_1/5674.h5 in 37.03 seconds
2025-09-19 03:33:36,624 - INFO - File 2957: Filtered 58902189 hits and 7 records
2025-09-19 03:34:02,943 - INFO - Completed /viper/ptmp/arego/RC4K1_1/2957.h5 in 62.43 seconds
2025-09-19 03:36:07,327 - INFO - File 257: Filtered 256820011 hits and 9 records
2025-09-19 03:37:48,568 - INFO - Completed /viper/ptmp/arego/RC4K1_1/257.h5 in 277.48 seconds
