2025-09-18 16:37:42,936 - INFO - Loaded skip configuration: 0 files to skip entirely, 35364 files with partial record skips
2025-09-18 16:37:43,790 - INFO - Processing /viper/ptmp/arego/RC4K1/6960.h5
2025-09-18 16:37:44,273 - INFO - Processing /viper/ptmp/arego/RC4K1/25630.h5
2025-09-18 16:37:44,794 - INFO - Processing /viper/ptmp/arego/RC4K1/6145.h5
2025-09-18 16:37:44,797 - INFO - File 6960: Filtered 693949 hits and 6 records
2025-09-18 16:37:44,991 - INFO - File 25630: Filtered 1635626 hits and 7 records
2025-09-18 16:37:45,402 - INFO - Processing /viper/ptmp/arego/RC4K1/20910.h5
2025-09-18 16:37:45,427 - INFO - File 6145: Filtered 1037866 hits and 4 records
2025-09-18 16:37:45,957 - INFO - Processing /viper/ptmp/arego/RC4K1/13198.h5
2025-09-18 16:37:46,165 - INFO - File 20910: Filtered 1500183 hits and 4 records
2025-09-18 16:37:46,564 - INFO - Processing /viper/ptmp/arego/RC4K1/17966.h5
2025-09-18 16:37:46,747 - INFO - File 13198: Filtered 1317935 hits and 5 records
2025-09-18 16:37:47,189 - INFO - Processing /viper/ptmp/arego/RC4K1/14052.h5
2025-09-18 16:37:47,356 - INFO - File 17966: Filtered 2272106 hits and 9 records
2025-09-18 16:37:47,877 - INFO - Processing /viper/ptmp/arego/RC4K1/17094.h5
2025-09-18 16:37:48,045 - INFO - File 14052: Filtered 1625906 hits and 5 records
2025-09-18 16:37:48,340 - INFO - Completed /viper/ptmp/arego/RC4K1_EN_100/6960.h5 in 4.55 seconds
2025-09-18 16:37:48,518 - INFO - Processing /viper/ptmp/arego/RC4K1/16741.h5
2025-09-18 16:37:48,593 - INFO - Completed /viper/ptmp/arego/RC4K1_EN_100/25630.h5 in 4.32 seconds
2025-09-18 16:37:48,782 - INFO - File 17094: Filtered 3029592 hits and 4 records
2025-09-18 16:37:49,278 - INFO - Processing /viper/ptmp/arego/RC4K1/25343.h5
2025-09-18 16:37:49,340 - INFO - File 16741: Filtered 2124300 hits and 7 records
2025-09-18 16:37:50,188 - INFO - File 25343: Filtered 3512700 hits and 6 records
2025-09-18 16:37:52,042 - INFO - Completed /viper/ptmp/arego/RC4K1_EN_100/6145.h5 in 7.25 seconds
2025-09-18 16:37:52,211 - INFO - Completed /viper/ptmp/arego/RC4K1_EN_100/17966.h5 in 5.65 seconds
2025-09-18 16:37:52,212 - INFO - Processing /viper/ptmp/arego/RC4K1/18291.h5
2025-09-18 16:37:52,369 - INFO - Completed /viper/ptmp/arego/RC4K1_EN_100/25343.h5 in 3.09 seconds
2025-09-18 16:37:52,540 - INFO - Completed /viper/ptmp/arego/RC4K1_EN_100/17094.h5 in 4.66 seconds
2025-09-18 16:37:52,866 - INFO - Processing /viper/ptmp/arego/RC4K1/25902.h5
2025-09-18 16:37:53,032 - INFO - File 18291: Filtered 1930706 hits and 5 records
2025-09-18 16:37:53,471 - INFO - Processing /viper/ptmp/arego/RC4K1/20345.h5
2025-09-18 16:37:53,728 - INFO - File 25902: Filtered 2355487 hits and 8 records
2025-09-18 16:37:53,756 - INFO - Completed /viper/ptmp/arego/RC4K1_EN_100/20910.h5 in 8.35 seconds
2025-09-18 16:37:54,127 - INFO - Processing /viper/ptmp/arego/RC4K1/26357.h5
2025-09-18 16:37:54,351 - INFO - File 20345: Filtered 3403642 hits and 7 records
2025-09-18 16:37:54,760 - INFO - Processing /viper/ptmp/arego/RC4K1/9549.h5
2025-09-18 16:37:55,041 - INFO - File 26357: Filtered 1479930 hits and 5 records
2025-09-18 16:37:55,306 - INFO - Completed /viper/ptmp/arego/RC4K1_EN_100/13198.h5 in 9.35 seconds
2025-09-18 16:37:55,562 - INFO - Processing /viper/ptmp/arego/RC4K1/15419.h5
2025-09-18 16:37:55,732 - INFO - File 9549: Filtered 2497705 hits and 6 records
2025-09-18 16:37:56,495 - INFO - File 15419: Filtered 1479765 hits and 4 records
2025-09-18 16:37:57,052 - INFO - Completed /viper/ptmp/arego/RC4K1_EN_100/16741.h5 in 8.53 seconds
2025-09-18 16:37:57,222 - INFO - Processing /viper/ptmp/arego/RC4K1/12234.h5
2025-09-18 16:37:57,246 - INFO - Completed /viper/ptmp/arego/RC4K1_EN_100/14052.h5 in 10.06 seconds
2025-09-18 16:37:57,954 - INFO - Processing /viper/ptmp/arego/RC4K1/11310.h5
2025-09-18 16:37:58,125 - INFO - File 12234: Filtered 2897161 hits and 10 records
2025-09-18 16:37:58,154 - INFO - Completed /viper/ptmp/arego/RC4K1_EN_100/20345.h5 in 4.68 seconds
2025-09-18 16:37:58,602 - INFO - Processing /viper/ptmp/arego/RC4K1/12035.h5
2025-09-18 16:37:59,018 - INFO - File 11310: Filtered 1808267 hits and 5 records
2025-09-18 16:37:59,733 - INFO - File 12035: Filtered 2988820 hits and 7 records
2025-09-18 16:38:01,073 - INFO - Completed /viper/ptmp/arego/RC4K1_EN_100/25902.h5 in 8.21 seconds
2025-09-18 16:38:01,242 - INFO - Processing /viper/ptmp/arego/RC4K1/1436.h5
2025-09-18 16:38:01,624 - INFO - Completed /viper/ptmp/arego/RC4K1_EN_100/18291.h5 in 9.41 seconds
2025-09-18 16:38:02,159 - INFO - Processing /viper/ptmp/arego/RC4K1/25720.h5
2025-09-18 16:38:02,348 - INFO - File 1436: Filtered 3681409 hits and 8 records
2025-09-18 16:38:02,391 - INFO - Completed /viper/ptmp/arego/RC4K1_EN_100/9549.h5 in 7.63 seconds
2025-09-18 16:38:02,788 - INFO - Processing /viper/ptmp/arego/RC4K1/23583.h5
2025-09-18 16:38:03,290 - INFO - File 25720: Filtered 2487742 hits and 3 records
2025-09-18 16:38:04,012 - INFO - File 23583: Filtered 2382761 hits and 5 records
2025-09-18 16:38:04,425 - INFO - Completed /viper/ptmp/arego/RC4K1_EN_100/12234.h5 in 7.20 seconds
2025-09-18 16:38:04,636 - INFO - Processing /viper/ptmp/arego/RC4K1/1514.h5
2025-09-18 16:38:05,913 - INFO - File 1514: Filtered 2680618 hits and 5 records
2025-09-18 16:38:06,743 - INFO - Completed /viper/ptmp/arego/RC4K1_EN_100/15419.h5 in 11.18 seconds
2025-09-18 16:38:06,911 - INFO - Processing /viper/ptmp/arego/RC4K1/11654.h5
2025-09-18 16:38:06,919 - INFO - Completed /viper/ptmp/arego/RC4K1_EN_100/26357.h5 in 12.79 seconds
2025-09-18 16:38:07,538 - INFO - Processing /viper/ptmp/arego/RC4K1/7456.h5
2025-09-18 16:38:07,950 - INFO - Completed /viper/ptmp/arego/RC4K1_EN_100/12035.h5 in 9.35 seconds
2025-09-18 16:38:08,057 - INFO - File 11654: Filtered 4148631 hits and 6 records
2025-09-18 16:38:08,304 - INFO - Completed /viper/ptmp/arego/RC4K1_EN_100/1436.h5 in 7.06 seconds
2025-09-18 16:38:08,322 - INFO - Processing /viper/ptmp/arego/RC4K1/26200.h5
2025-09-18 16:38:08,829 - INFO - File 7456: Filtered 4754309 hits and 9 records
2025-09-18 16:38:09,137 - INFO - Processing /viper/ptmp/arego/RC4K1/24443.h5
2025-09-18 16:38:09,608 - INFO - File 26200: Filtered 1304728 hits and 8 records
2025-09-18 16:38:10,606 - INFO - File 24443: Filtered 2468264 hits and 6 records
2025-09-18 16:38:11,449 - INFO - Completed /viper/ptmp/arego/RC4K1_EN_100/11310.h5 in 13.50 seconds
2025-09-18 16:38:11,682 - INFO - Processing /viper/ptmp/arego/RC4K1/28280.h5
2025-09-18 16:38:13,081 - INFO - File 28280: Filtered 3411210 hits and 5 records
2025-09-18 16:38:13,626 - INFO - Completed /viper/ptmp/arego/RC4K1_EN_100/25720.h5 in 11.47 seconds
2025-09-18 16:38:13,835 - INFO - Processing /viper/ptmp/arego/RC4K1/5337.h5
2025-09-18 16:38:14,777 - INFO - Completed /viper/ptmp/arego/RC4K1_EN_100/11654.h5 in 7.87 seconds
2025-09-18 16:38:14,839 - INFO - Completed /viper/ptmp/arego/RC4K1_EN_100/7456.h5 in 7.30 seconds
2025-09-18 16:38:15,015 - INFO - Processing /viper/ptmp/arego/RC4K1/8994.h5
2025-09-18 16:38:15,104 - INFO - File 5337: Filtered 5042377 hits and 7 records
2025-09-18 16:38:15,711 - INFO - Processing /viper/ptmp/arego/RC4K1/27830.h5
2025-09-18 16:38:15,924 - INFO - Completed /viper/ptmp/arego/RC4K1_EN_100/23583.h5 in 13.14 seconds
2025-09-18 16:38:16,317 - INFO - File 8994: Filtered 4763545 hits and 8 records
2025-09-18 16:38:16,354 - INFO - Processing /viper/ptmp/arego/RC4K1/2319.h5
2025-09-18 16:38:17,172 - INFO - File 27830: Filtered 4045282 hits and 6 records
2025-09-18 16:38:17,877 - INFO - File 2319: Filtered 2611057 hits and 6 records
2025-09-18 16:38:18,132 - INFO - Completed /viper/ptmp/arego/RC4K1_EN_100/1514.h5 in 13.50 seconds
2025-09-18 16:38:18,315 - INFO - Processing /viper/ptmp/arego/RC4K1/16030.h5
2025-09-18 16:38:19,784 - INFO - File 16030: Filtered 3296424 hits and 3 records
2025-09-18 16:38:21,288 - INFO - Completed /viper/ptmp/arego/RC4K1_EN_100/5337.h5 in 7.45 seconds
2025-09-18 16:38:21,459 - INFO - Processing /viper/ptmp/arego/RC4K1/19358.h5
2025-09-18 16:38:23,013 - INFO - File 19358: Filtered 5370429 hits and 7 records
2025-09-18 16:38:23,902 - INFO - Completed /viper/ptmp/arego/RC4K1_EN_100/8994.h5 in 8.89 seconds
2025-09-18 16:38:24,073 - INFO - Processing /viper/ptmp/arego/RC4K1/12474.h5
2025-09-18 16:38:25,465 - INFO - Completed /viper/ptmp/arego/RC4K1_EN_100/28280.h5 in 13.78 seconds
2025-09-18 16:38:25,647 - INFO - File 12474: Filtered 2722352 hits and 5 records
2025-09-18 16:38:25,694 - INFO - Processing /viper/ptmp/arego/RC4K1/18780.h5
2025-09-18 16:38:26,309 - INFO - Completed /viper/ptmp/arego/RC4K1_EN_100/24443.h5 in 17.17 seconds
2025-09-18 16:38:26,491 - INFO - Processing /viper/ptmp/arego/RC4K1/4453.h5
2025-09-18 16:38:27,274 - INFO - File 18780: Filtered 5815490 hits and 7 records
2025-09-18 16:38:28,200 - INFO - File 4453: Filtered 3229489 hits and 8 records
2025-09-18 16:38:28,742 - INFO - Completed /viper/ptmp/arego/RC4K1_EN_100/27830.h5 in 13.03 seconds
2025-09-18 16:38:28,838 - INFO - Completed /viper/ptmp/arego/RC4K1_EN_100/26200.h5 in 20.52 seconds
2025-09-18 16:38:28,968 - INFO - Processing /viper/ptmp/arego/RC4K1/23150.h5
2025-09-18 16:38:29,608 - INFO - Processing /viper/ptmp/arego/RC4K1/20289.h5
2025-09-18 16:38:30,568 - INFO - File 23150: Filtered 4595503 hits and 5 records
2025-09-18 16:38:31,407 - INFO - File 20289: Filtered 3389584 hits and 8 records
2025-09-18 16:38:32,710 - INFO - Completed /viper/ptmp/arego/RC4K1_EN_100/19358.h5 in 11.25 seconds
2025-09-18 16:38:32,876 - INFO - Processing /viper/ptmp/arego/RC4K1/22584.h5
2025-09-18 16:38:34,514 - INFO - File 22584: Filtered 4025800 hits and 5 records
2025-09-18 16:38:35,524 - INFO - Completed /viper/ptmp/arego/RC4K1_EN_100/18780.h5 in 9.83 seconds
2025-09-18 16:38:35,637 - INFO - Completed /viper/ptmp/arego/RC4K1_EN_100/2319.h5 in 19.28 seconds
2025-09-18 16:38:35,738 - INFO - Processing /viper/ptmp/arego/RC4K1/17272.h5
2025-09-18 16:38:36,307 - INFO - Completed /viper/ptmp/arego/RC4K1_EN_100/16030.h5 in 17.99 seconds
2025-09-18 16:38:36,378 - INFO - Processing /viper/ptmp/arego/RC4K1/2869.h5
2025-09-18 16:38:37,062 - INFO - Processing /viper/ptmp/arego/RC4K1/4997.h5
2025-09-18 16:38:37,365 - INFO - File 17272: Filtered 5259020 hits and 10 records
2025-09-18 16:38:38,065 - INFO - File 2869: Filtered 5178223 hits and 3 records
2025-09-18 16:38:38,873 - INFO - File 4997: Filtered 6277720 hits and 7 records
2025-09-18 16:38:44,127 - INFO - Completed /viper/ptmp/arego/RC4K1_EN_100/23150.h5 in 15.16 seconds
2025-09-18 16:38:44,302 - INFO - Processing /viper/ptmp/arego/RC4K1/20386.h5
2025-09-18 16:38:45,000 - INFO - Completed /viper/ptmp/arego/RC4K1_EN_100/12474.h5 in 20.93 seconds
2025-09-18 16:38:45,177 - INFO - Processing /viper/ptmp/arego/RC4K1/5354.h5
2025-09-18 16:38:46,144 - INFO - File 20386: Filtered 4255658 hits and 6 records
2025-09-18 16:38:46,702 - INFO - Completed /viper/ptmp/arego/RC4K1_EN_100/4453.h5 in 20.21 seconds
2025-09-18 16:38:46,916 - INFO - Processing /viper/ptmp/arego/RC4K1/641.h5
2025-09-18 16:38:46,938 - INFO - Completed /viper/ptmp/arego/RC4K1_EN_100/4997.h5 in 9.88 seconds
2025-09-18 16:38:47,079 - INFO - File 5354: Filtered 3843158 hits and 3 records
2025-09-18 16:38:47,679 - INFO - Processing /viper/ptmp/arego/RC4K1/22365.h5
2025-09-18 16:38:48,879 - INFO - File 641: Filtered 896052 hits and 7 records
2025-09-18 16:38:49,603 - INFO - Completed /viper/ptmp/arego/RC4K1_EN_100/17272.h5 in 13.86 seconds
2025-09-18 16:38:49,659 - INFO - File 22365: Filtered 5026151 hits and 9 records
2025-09-18 16:38:49,806 - INFO - Processing /viper/ptmp/arego/RC4K1/18813.h5
2025-09-18 16:38:50,235 - INFO - Completed /viper/ptmp/arego/RC4K1_EN_100/2869.h5 in 13.86 seconds
2025-09-18 16:38:50,607 - INFO - Completed /viper/ptmp/arego/RC4K1_EN_100/20289.h5 in 21.00 seconds
2025-09-18 16:38:50,720 - INFO - Processing /viper/ptmp/arego/RC4K1/24872.h5
2025-09-18 16:38:50,782 - INFO - Completed /viper/ptmp/arego/RC4K1_EN_100/22584.h5 in 17.91 seconds
2025-09-18 16:38:51,282 - INFO - Processing /viper/ptmp/arego/RC4K1/23038.h5
2025-09-18 16:38:51,566 - INFO - File 18813: Filtered 5389857 hits and 4 records
2025-09-18 16:38:51,957 - INFO - Processing /viper/ptmp/arego/RC4K1/19121.h5
2025-09-18 16:38:52,623 - INFO - File 24872: Filtered 5132687 hits and 6 records
2025-09-18 16:38:53,229 - INFO - File 23038: Filtered 5536360 hits and 8 records
2025-09-18 16:38:53,990 - INFO - File 19121: Filtered 6299973 hits and 9 records
2025-09-18 16:39:04,046 - INFO - Completed /viper/ptmp/arego/RC4K1_EN_100/20386.h5 in 19.74 seconds
2025-09-18 16:39:04,213 - INFO - Processing /viper/ptmp/arego/RC4K1/16400.h5
2025-09-18 16:39:05,148 - INFO - Completed /viper/ptmp/arego/RC4K1_EN_100/22365.h5 in 17.47 seconds
2025-09-18 16:39:05,361 - INFO - Processing /viper/ptmp/arego/RC4K1/15732.h5
2025-09-18 16:39:05,788 - INFO - Completed /viper/ptmp/arego/RC4K1_EN_100/19121.h5 in 13.83 seconds
2025-09-18 16:39:05,830 - INFO - Completed /viper/ptmp/arego/RC4K1_EN_100/18813.h5 in 16.02 seconds
2025-09-18 16:39:06,114 - INFO - File 16400: Filtered 4860974 hits and 8 records
2025-09-18 16:39:06,206 - INFO - Completed /viper/ptmp/arego/RC4K1_EN_100/5354.h5 in 21.03 seconds
2025-09-18 16:39:06,303 - INFO - Processing /viper/ptmp/arego/RC4K1/23328.h5
2025-09-18 16:39:06,993 - INFO - Processing /viper/ptmp/arego/RC4K1/27025.h5
2025-09-18 16:39:07,299 - INFO - File 15732: Filtered 2307105 hits and 3 records
2025-09-18 16:39:07,731 - INFO - Processing /viper/ptmp/arego/RC4K1/14518.h5
2025-09-18 16:39:08,374 - INFO - Completed /viper/ptmp/arego/RC4K1_EN_100/23038.h5 in 17.09 seconds
2025-09-18 16:39:08,441 - INFO - File 23328: Filtered 4825145 hits and 8 records
2025-09-18 16:39:08,732 - INFO - Processing /viper/ptmp/arego/RC4K1/5470.h5
2025-09-18 16:39:08,760 - INFO - Completed /viper/ptmp/arego/RC4K1_EN_100/24872.h5 in 18.04 seconds
2025-09-18 16:39:09,117 - INFO - File 27025: Filtered 6336704 hits and 8 records
2025-09-18 16:39:09,633 - INFO - Processing /viper/ptmp/arego/RC4K1/2934.h5
2025-09-18 16:39:09,936 - INFO - File 14518: Filtered 6564266 hits and 7 records
2025-09-18 16:39:10,736 - INFO - File 5470: Filtered 8318097 hits and 10 records
2025-09-18 16:39:11,753 - INFO - File 2934: Filtered 4095220 hits and 7 records
2025-09-18 16:39:16,825 - INFO - Completed /viper/ptmp/arego/RC4K1_EN_100/5470.h5 in 8.09 seconds
2025-09-18 16:39:16,999 - INFO - Processing /viper/ptmp/arego/RC4K1/23014.h5
2025-09-18 16:39:19,028 - INFO - File 23014: Filtered 5556251 hits and 7 records
2025-09-18 16:39:20,836 - INFO - Completed /viper/ptmp/arego/RC4K1_EN_100/641.h5 in 33.92 seconds
2025-09-18 16:39:21,007 - INFO - Processing /viper/ptmp/arego/RC4K1/1804.h5
2025-09-18 16:39:22,556 - INFO - Completed /viper/ptmp/arego/RC4K1_EN_100/14518.h5 in 14.83 seconds
2025-09-18 16:39:22,605 - INFO - Completed /viper/ptmp/arego/RC4K1_EN_100/27025.h5 in 15.61 seconds
2025-09-18 16:39:22,798 - INFO - Processing /viper/ptmp/arego/RC4K1/11270.h5
2025-09-18 16:39:22,993 - INFO - File 1804: Filtered 3592012 hits and 6 records
2025-09-18 16:39:23,539 - INFO - Processing /viper/ptmp/arego/RC4K1/8542.h5
2025-09-18 16:39:24,014 - INFO - Completed /viper/ptmp/arego/RC4K1_EN_100/16400.h5 in 19.80 seconds
2025-09-18 16:39:24,265 - INFO - Processing /viper/ptmp/arego/RC4K1/18163.h5
2025-09-18 16:39:24,805 - INFO - File 11270: Filtered 8016228 hits and 7 records
2025-09-18 16:39:25,701 - INFO - File 8542: Filtered 7197548 hits and 6 records
2025-09-18 16:39:26,419 - INFO - File 18163: Filtered 9673143 hits and 9 records
2025-09-18 16:39:26,954 - INFO - Completed /viper/ptmp/arego/RC4K1_EN_100/23328.h5 in 20.65 seconds
2025-09-18 16:39:27,129 - INFO - Processing /viper/ptmp/arego/RC4K1/25402.h5
2025-09-18 16:39:29,247 - INFO - File 25402: Filtered 4690116 hits and 9 records
2025-09-18 16:39:30,094 - INFO - Completed /viper/ptmp/arego/RC4K1_EN_100/18163.h5 in 5.83 seconds
2025-09-18 16:39:30,259 - INFO - Processing /viper/ptmp/arego/RC4K1/14597.h5
2025-09-18 16:39:32,349 - INFO - File 14597: Filtered 4900425 hits and 7 records
2025-09-18 16:39:33,403 - INFO - Completed /viper/ptmp/arego/RC4K1_EN_100/11270.h5 in 10.60 seconds
2025-09-18 16:39:33,564 - INFO - Processing /viper/ptmp/arego/RC4K1/8629.h5
2025-09-18 16:39:34,965 - INFO - Completed /viper/ptmp/arego/RC4K1_EN_100/2934.h5 in 25.33 seconds
2025-09-18 16:39:35,210 - INFO - Processing /viper/ptmp/arego/RC4K1/13031.h5
2025-09-18 16:39:35,399 - INFO - Completed /viper/ptmp/arego/RC4K1_EN_100/15732.h5 in 30.04 seconds
2025-09-18 16:39:35,908 - INFO - File 8629: Filtered 5761268 hits and 7 records
2025-09-18 16:39:36,057 - INFO - Processing /viper/ptmp/arego/RC4K1/8502.h5
2025-09-18 16:39:37,403 - INFO - File 13031: Filtered 9218171 hits and 6 records
2025-09-18 16:39:37,459 - INFO - Completed /viper/ptmp/arego/RC4K1_EN_100/23014.h5 in 20.46 seconds
2025-09-18 16:39:37,684 - INFO - Processing /viper/ptmp/arego/RC4K1/26989.h5
2025-09-18 16:39:38,369 - INFO - File 8502: Filtered 4940079 hits and 9 records
2025-09-18 16:39:39,826 - INFO - File 26989: Filtered 7691963 hits and 9 records
2025-09-18 16:39:40,087 - INFO - Completed /viper/ptmp/arego/RC4K1_EN_100/8542.h5 in 16.55 seconds
2025-09-18 16:39:40,258 - INFO - Processing /viper/ptmp/arego/RC4K1/7586.h5
2025-09-18 16:39:42,347 - INFO - File 7586: Filtered 9494626 hits and 11 records
2025-09-18 16:39:45,004 - INFO - Completed /viper/ptmp/arego/RC4K1_EN_100/13031.h5 in 9.79 seconds
2025-09-18 16:39:45,165 - INFO - Processing /viper/ptmp/arego/RC4K1/816.h5
2025-09-18 16:39:47,341 - INFO - File 816: Filtered 5335023 hits and 5 records
2025-09-18 16:39:48,908 - INFO - Completed /viper/ptmp/arego/RC4K1_EN_100/1804.h5 in 27.90 seconds
2025-09-18 16:39:49,010 - INFO - Completed /viper/ptmp/arego/RC4K1_EN_100/7586.h5 in 8.75 seconds
2025-09-18 16:39:49,111 - INFO - Processing /viper/ptmp/arego/RC4K1/18120.h5
2025-09-18 16:39:49,763 - INFO - Processing /viper/ptmp/arego/RC4K1/24775.h5
2025-09-18 16:39:51,336 - INFO - File 18120: Filtered 5525464 hits and 4 records
2025-09-18 16:39:52,239 - INFO - File 24775: Filtered 6641984 hits and 8 records
2025-09-18 16:39:53,219 - INFO - Completed /viper/ptmp/arego/RC4K1_EN_100/26989.h5 in 15.53 seconds
2025-09-18 16:39:53,388 - INFO - Processing /viper/ptmp/arego/RC4K1/26457.h5
2025-09-18 16:39:53,608 - INFO - Completed /viper/ptmp/arego/RC4K1_EN_100/25402.h5 in 26.48 seconds
2025-09-18 16:39:54,104 - INFO - Processing /viper/ptmp/arego/RC4K1/11982.h5
2025-09-18 16:39:55,574 - INFO - File 26457: Filtered 5949306 hits and 6 records
2025-09-18 16:39:56,505 - INFO - File 11982: Filtered 8018116 hits and 12 records
2025-09-18 16:39:56,775 - INFO - Completed /viper/ptmp/arego/RC4K1_EN_100/14597.h5 in 26.52 seconds
2025-09-18 16:39:56,847 - INFO - Completed /viper/ptmp/arego/RC4K1_EN_100/8629.h5 in 23.28 seconds
2025-09-18 16:39:56,940 - INFO - Processing /viper/ptmp/arego/RC4K1/9703.h5
2025-09-18 16:39:57,582 - INFO - Processing /viper/ptmp/arego/RC4K1/21652.h5
2025-09-18 16:39:59,276 - INFO - File 9703: Filtered 7016670 hits and 10 records
2025-09-18 16:40:00,009 - INFO - File 21652: Filtered 9165282 hits and 6 records
2025-09-18 16:40:02,937 - INFO - Completed /viper/ptmp/arego/RC4K1_EN_100/8502.h5 in 26.88 seconds
2025-09-18 16:40:03,110 - INFO - Processing /viper/ptmp/arego/RC4K1/25981.h5
2025-09-18 16:40:05,538 - INFO - File 25981: Filtered 5794126 hits and 11 records
2025-09-18 16:40:10,389 - INFO - Completed /viper/ptmp/arego/RC4K1_EN_100/24775.h5 in 20.63 seconds
2025-09-18 16:40:10,455 - INFO - Completed /viper/ptmp/arego/RC4K1_EN_100/816.h5 in 25.29 seconds
2025-09-18 16:40:10,544 - INFO - Processing /viper/ptmp/arego/RC4K1/12793.h5
2025-09-18 16:40:11,056 - INFO - Completed /viper/ptmp/arego/RC4K1_EN_100/11982.h5 in 16.95 seconds
2025-09-18 16:40:11,209 - INFO - Processing /viper/ptmp/arego/RC4K1/4821.h5
2025-09-18 16:40:11,240 - INFO - Completed /viper/ptmp/arego/RC4K1_EN_100/21652.h5 in 13.66 seconds
2025-09-18 16:40:11,742 - INFO - Processing /viper/ptmp/arego/RC4K1/18796.h5
2025-09-18 16:40:12,435 - INFO - Processing /viper/ptmp/arego/RC4K1/3547.h5
2025-09-18 16:40:12,834 - INFO - File 12793: Filtered 10299489 hits and 6 records
2025-09-18 16:40:13,780 - INFO - File 4821: Filtered 8765439 hits and 8 records
2025-09-18 16:40:14,387 - INFO - Completed /viper/ptmp/arego/RC4K1_EN_100/18120.h5 in 25.28 seconds
2025-09-18 16:40:14,618 - INFO - File 18796: Filtered 7340774 hits and 8 records
2025-09-18 16:40:14,640 - INFO - Processing /viper/ptmp/arego/RC4K1/23258.h5
2025-09-18 16:40:15,312 - INFO - File 3547: Filtered 8309246 hits and 8 records
2025-09-18 16:40:17,191 - INFO - File 23258: Filtered 9642353 hits and 9 records
2025-09-18 16:40:17,555 - INFO - Completed /viper/ptmp/arego/RC4K1_EN_100/26457.h5 in 24.17 seconds
2025-09-18 16:40:17,710 - INFO - Processing /viper/ptmp/arego/RC4K1/15246.h5
2025-09-18 16:40:18,640 - INFO - Completed /viper/ptmp/arego/RC4K1_EN_100/9703.h5 in 21.70 seconds
2025-09-18 16:40:18,812 - INFO - Processing /viper/ptmp/arego/RC4K1/28140.h5
2025-09-18 16:40:19,307 - INFO - Completed /viper/ptmp/arego/RC4K1_EN_100/12793.h5 in 8.76 seconds
2025-09-18 16:40:19,720 - INFO - Processing /viper/ptmp/arego/RC4K1/10866.h5
2025-09-18 16:40:20,124 - INFO - File 15246: Filtered 8536045 hits and 6 records
2025-09-18 16:40:21,614 - INFO - File 28140: Filtered 4276564 hits and 6 records
2025-09-18 16:40:22,436 - INFO - File 10866: Filtered 8920518 hits and 11 records
2025-09-18 16:40:27,631 - INFO - Completed /viper/ptmp/arego/RC4K1_EN_100/4821.h5 in 16.42 seconds
2025-09-18 16:40:27,801 - INFO - Processing /viper/ptmp/arego/RC4K1/11683.h5
2025-09-18 16:40:30,308 - INFO - File 11683: Filtered 9383390 hits and 8 records
2025-09-18 16:40:30,455 - INFO - Completed /viper/ptmp/arego/RC4K1_EN_100/25981.h5 in 27.35 seconds
2025-09-18 16:40:30,629 - INFO - Processing /viper/ptmp/arego/RC4K1/21381.h5
2025-09-18 16:40:31,658 - INFO - Completed /viper/ptmp/arego/RC4K1_EN_100/23258.h5 in 17.02 seconds
2025-09-18 16:40:31,823 - INFO - Processing /viper/ptmp/arego/RC4K1/29313.h5
2025-09-18 16:40:33,221 - INFO - File 21381: Filtered 7709354 hits and 5 records
2025-09-18 16:40:34,191 - INFO - Completed /viper/ptmp/arego/RC4K1_EN_100/3547.h5 in 21.76 seconds
2025-09-18 16:40:34,368 - INFO - Processing /viper/ptmp/arego/RC4K1/4898.h5
2025-09-18 16:40:34,596 - INFO - File 29313: Filtered 6924955 hits and 7 records
2025-09-18 16:40:36,772 - INFO - Completed /viper/ptmp/arego/RC4K1_EN_100/18796.h5 in 25.03 seconds
2025-09-18 16:40:36,957 - INFO - Processing /viper/ptmp/arego/RC4K1/3510.h5
2025-09-18 16:40:37,010 - INFO - File 4898: Filtered 9149535 hits and 7 records
2025-09-18 16:40:37,306 - INFO - Completed /viper/ptmp/arego/RC4K1_EN_100/15246.h5 in 19.60 seconds
2025-09-18 16:40:37,701 - INFO - Processing /viper/ptmp/arego/RC4K1/12941.h5
2025-09-18 16:40:39,215 - INFO - Completed /viper/ptmp/arego/RC4K1_EN_100/10866.h5 in 19.50 seconds
2025-09-18 16:40:39,398 - INFO - Processing /viper/ptmp/arego/RC4K1/23437.h5
2025-09-18 16:40:39,744 - INFO - File 3510: Filtered 10467907 hits and 8 records
2025-09-18 16:40:40,619 - INFO - File 12941: Filtered 7002721 hits and 5 records
2025-09-18 16:40:42,266 - INFO - File 23437: Filtered 8139448 hits and 7 records
2025-09-18 16:40:46,444 - INFO - Completed /viper/ptmp/arego/RC4K1_EN_100/11683.h5 in 18.64 seconds
2025-09-18 16:40:46,602 - INFO - Processing /viper/ptmp/arego/RC4K1/24244.h5
2025-09-18 16:40:49,292 - INFO - File 24244: Filtered 8714813 hits and 6 records
2025-09-18 16:40:53,527 - INFO - Completed /viper/ptmp/arego/RC4K1_EN_100/3510.h5 in 16.57 seconds
2025-09-18 16:40:53,678 - INFO - Processing /viper/ptmp/arego/RC4K1/29495.h5
2025-09-18 16:40:55,628 - INFO - Completed /viper/ptmp/arego/RC4K1_EN_100/4898.h5 in 21.26 seconds
2025-09-18 16:40:55,829 - INFO - Processing /viper/ptmp/arego/RC4K1/5185.h5
2025-09-18 16:40:56,232 - INFO - Completed /viper/ptmp/arego/RC4K1_EN_100/21381.h5 in 25.60 seconds
2025-09-18 16:40:56,247 - INFO - Completed /viper/ptmp/arego/RC4K1_EN_100/28140.h5 in 37.43 seconds
2025-09-18 16:40:56,548 - INFO - File 29495: Filtered 5068205 hits and 7 records
2025-09-18 16:40:56,554 - INFO - Processing /viper/ptmp/arego/RC4K1/8874.h5
2025-09-18 16:40:57,262 - INFO - Processing /viper/ptmp/arego/RC4K1/21757.h5
2025-09-18 16:40:58,968 - INFO - File 5185: Filtered 10076246 hits and 8 records
2025-09-18 16:41:00,142 - INFO - File 8874: Filtered 3136196 hits and 11 records
2025-09-18 16:41:00,723 - INFO - File 21757: Filtered 7667946 hits and 8 records
2025-09-18 16:41:02,900 - INFO - Completed /viper/ptmp/arego/RC4K1_EN_100/29313.h5 in 31.08 seconds
2025-09-18 16:41:03,070 - INFO - Processing /viper/ptmp/arego/RC4K1/20960.h5
2025-09-18 16:41:05,781 - INFO - Completed /viper/ptmp/arego/RC4K1_EN_100/23437.h5 in 26.38 seconds
2025-09-18 16:41:05,951 - INFO - File 20960: Filtered 6336836 hits and 7 records
2025-09-18 16:41:05,988 - INFO - Processing /viper/ptmp/arego/RC4K1/22958.h5
2025-09-18 16:41:06,936 - INFO - Completed /viper/ptmp/arego/RC4K1_EN_100/12941.h5 in 29.23 seconds
2025-09-18 16:41:07,168 - INFO - Processing /viper/ptmp/arego/RC4K1/12439.h5
2025-09-18 16:41:09,045 - INFO - File 22958: Filtered 6274695 hits and 6 records
2025-09-18 16:41:10,512 - INFO - File 12439: Filtered 5699525 hits and 5 records
2025-09-18 16:41:11,907 - INFO - Completed /viper/ptmp/arego/RC4K1_EN_100/24244.h5 in 25.30 seconds
2025-09-18 16:41:12,055 - INFO - Processing /viper/ptmp/arego/RC4K1/29652.h5
2025-09-18 16:41:14,996 - INFO - File 29652: Filtered 11586016 hits and 8 records
2025-09-18 16:41:18,359 - INFO - Completed /viper/ptmp/arego/RC4K1_EN_100/5185.h5 in 22.53 seconds
2025-09-18 16:41:18,552 - INFO - Processing /viper/ptmp/arego/RC4K1/23832.h5
2025-09-18 16:41:21,475 - INFO - File 23832: Filtered 13474777 hits and 7 records
2025-09-18 16:41:29,201 - INFO - Completed /viper/ptmp/arego/RC4K1_EN_100/21757.h5 in 31.94 seconds
2025-09-18 16:41:29,358 - INFO - Processing /viper/ptmp/arego/RC4K1/21314.h5
2025-09-18 16:41:30,182 - INFO - Completed /viper/ptmp/arego/RC4K1_EN_100/29652.h5 in 18.13 seconds
2025-09-18 16:41:30,375 - INFO - Processing /viper/ptmp/arego/RC4K1/25386.h5
2025-09-18 16:41:30,876 - INFO - Completed /viper/ptmp/arego/RC4K1_EN_100/23832.h5 in 12.32 seconds
2025-09-18 16:41:31,275 - INFO - Processing /viper/ptmp/arego/RC4K1/23960.h5
2025-09-18 16:41:32,527 - INFO - File 21314: Filtered 9372975 hits and 6 records
2025-09-18 16:41:33,619 - INFO - Completed /viper/ptmp/arego/RC4K1_EN_100/29495.h5 in 39.94 seconds
2025-09-18 16:41:33,820 - INFO - File 25386: Filtered 5432029 hits and 4 records
2025-09-18 16:41:33,954 - INFO - Processing /viper/ptmp/arego/RC4K1/7138.h5
2025-09-18 16:41:35,083 - INFO - File 23960: Filtered 9660926 hits and 8 records
2025-09-18 16:41:37,070 - INFO - File 7138: Filtered 9705837 hits and 9 records
2025-09-18 16:41:41,087 - INFO - Completed /viper/ptmp/arego/RC4K1_EN_100/20960.h5 in 38.02 seconds
2025-09-18 16:41:41,248 - INFO - Processing /viper/ptmp/arego/RC4K1/12873.h5
2025-09-18 16:41:44,201 - INFO - File 12873: Filtered 7381953 hits and 5 records
2025-09-18 16:41:46,409 - INFO - Completed /viper/ptmp/arego/RC4K1_EN_100/22958.h5 in 40.42 seconds
2025-09-18 16:41:46,582 - INFO - Processing /viper/ptmp/arego/RC4K1/2389.h5
2025-09-18 16:41:47,146 - INFO - Completed /viper/ptmp/arego/RC4K1_EN_100/12439.h5 in 39.98 seconds
2025-09-18 16:41:47,316 - INFO - Processing /viper/ptmp/arego/RC4K1/10093.h5
2025-09-18 16:41:49,174 - INFO - Completed /viper/ptmp/arego/RC4K1_EN_100/8874.h5 in 52.62 seconds
2025-09-18 16:41:49,390 - INFO - Processing /viper/ptmp/arego/RC4K1/14223.h5
2025-09-18 16:41:49,886 - INFO - File 2389: Filtered 8343630 hits and 9 records
2025-09-18 16:41:50,788 - INFO - File 10093: Filtered 2867460 hits and 8 records
2025-09-18 16:41:53,078 - INFO - File 14223: Filtered 5907154 hits and 6 records
2025-09-18 16:41:58,398 - INFO - Completed /viper/ptmp/arego/RC4K1_EN_100/21314.h5 in 29.04 seconds
2025-09-18 16:41:58,584 - INFO - Processing /viper/ptmp/arego/RC4K1/15092.h5
2025-09-18 16:41:59,999 - INFO - Completed /viper/ptmp/arego/RC4K1_EN_100/23960.h5 in 28.72 seconds
2025-09-18 16:42:00,158 - INFO - Processing /viper/ptmp/arego/RC4K1/22866.h5
2025-09-18 16:42:01,699 - INFO - File 15092: Filtered 8668343 hits and 7 records
2025-09-18 16:42:02,312 - INFO - Completed /viper/ptmp/arego/RC4K1_EN_100/7138.h5 in 28.36 seconds
2025-09-18 16:42:02,508 - INFO - Processing /viper/ptmp/arego/RC4K1/28128.h5
2025-09-18 16:42:03,503 - INFO - File 22866: Filtered 7182648 hits and 8 records
2025-09-18 16:42:05,627 - INFO - File 28128: Filtered 14315429 hits and 9 records
2025-09-18 16:42:13,838 - INFO - Completed /viper/ptmp/arego/RC4K1_EN_100/28128.h5 in 11.33 seconds
2025-09-18 16:42:14,005 - INFO - Processing /viper/ptmp/arego/RC4K1/18379.h5
2025-09-18 16:42:15,801 - INFO - Completed /viper/ptmp/arego/RC4K1_EN_100/25386.h5 in 45.43 seconds
2025-09-18 16:42:15,986 - INFO - Processing /viper/ptmp/arego/RC4K1/28628.h5
2025-09-18 16:42:17,075 - INFO - File 18379: Filtered 13626319 hits and 9 records
2025-09-18 16:42:19,282 - INFO - Completed /viper/ptmp/arego/RC4K1_EN_100/2389.h5 in 32.70 seconds
2025-09-18 16:42:19,289 - INFO - File 28628: Filtered 11210599 hits and 9 records
2025-09-18 16:42:19,450 - INFO - Processing /viper/ptmp/arego/RC4K1/23537.h5
2025-09-18 16:42:22,283 - INFO - Completed /viper/ptmp/arego/RC4K1_EN_100/12873.h5 in 41.04 seconds
2025-09-18 16:42:22,541 - INFO - Processing /viper/ptmp/arego/RC4K1/27931.h5
2025-09-18 16:42:22,792 - INFO - File 23537: Filtered 7545513 hits and 9 records
2025-09-18 16:42:25,884 - INFO - File 27931: Filtered 13620661 hits and 7 records
2025-09-18 16:42:28,249 - INFO - Completed /viper/ptmp/arego/RC4K1_EN_100/18379.h5 in 14.24 seconds
2025-09-18 16:42:28,402 - INFO - Processing /viper/ptmp/arego/RC4K1/25855.h5
2025-09-18 16:42:31,608 - INFO - File 25855: Filtered 8279856 hits and 8 records
2025-09-18 16:42:32,372 - INFO - Completed /viper/ptmp/arego/RC4K1_EN_100/15092.h5 in 33.79 seconds
2025-09-18 16:42:32,562 - INFO - Processing /viper/ptmp/arego/RC4K1/19959.h5
2025-09-18 16:42:33,824 - INFO - Completed /viper/ptmp/arego/RC4K1_EN_100/14223.h5 in 44.43 seconds
2025-09-18 16:42:34,032 - INFO - Processing /viper/ptmp/arego/RC4K1/11490.h5
2025-09-18 16:42:35,671 - INFO - File 19959: Filtered 14698720 hits and 8 records
2025-09-18 16:42:37,390 - INFO - File 11490: Filtered 8153733 hits and 7 records
2025-09-18 16:42:38,584 - INFO - Completed /viper/ptmp/arego/RC4K1_EN_100/10093.h5 in 51.27 seconds
2025-09-18 16:42:38,748 - INFO - Processing /viper/ptmp/arego/RC4K1/6604.h5
2025-09-18 16:42:39,419 - INFO - Completed /viper/ptmp/arego/RC4K1_EN_100/22866.h5 in 39.26 seconds
2025-09-18 16:42:39,528 - INFO - Completed /viper/ptmp/arego/RC4K1_EN_100/27931.h5 in 16.99 seconds
2025-09-18 16:42:39,667 - INFO - Processing /viper/ptmp/arego/RC4K1/26239.h5
2025-09-18 16:42:40,295 - INFO - Processing /viper/ptmp/arego/RC4K1/22002.h5
2025-09-18 16:42:41,773 - INFO - Completed /viper/ptmp/arego/RC4K1_EN_100/28628.h5 in 25.79 seconds
2025-09-18 16:42:42,016 - INFO - Processing /viper/ptmp/arego/RC4K1/14861.h5
2025-09-18 16:42:42,197 - INFO - File 6604: Filtered 9397995 hits and 7 records
2025-09-18 16:42:43,640 - INFO - File 26239: Filtered 14756523 hits and 6 records
2025-09-18 16:42:44,479 - INFO - File 22002: Filtered 4817218 hits and 5 records
2025-09-18 16:42:44,822 - INFO - Completed /viper/ptmp/arego/RC4K1_EN_100/19959.h5 in 12.26 seconds
2025-09-18 16:42:45,074 - INFO - Processing /viper/ptmp/arego/RC4K1/15798.h5
2025-09-18 16:42:45,929 - INFO - File 14861: Filtered 12974111 hits and 7 records
2025-09-18 16:42:48,564 - INFO - File 15798: Filtered 3630662 hits and 7 records
2025-09-18 16:42:55,438 - INFO - Completed /viper/ptmp/arego/RC4K1_EN_100/26239.h5 in 15.77 seconds
2025-09-18 16:42:55,592 - INFO - Processing /viper/ptmp/arego/RC4K1/21861.h5
2025-09-18 16:42:59,024 - INFO - File 21861: Filtered 12678994 hits and 7 records
2025-09-18 16:43:00,153 - INFO - Completed /viper/ptmp/arego/RC4K1_EN_100/23537.h5 in 40.70 seconds
2025-09-18 16:43:00,327 - INFO - Processing /viper/ptmp/arego/RC4K1/24074.h5
2025-09-18 16:43:03,551 - INFO - File 24074: Filtered 15713038 hits and 6 records
2025-09-18 16:43:05,579 - INFO - Completed /viper/ptmp/arego/RC4K1_EN_100/14861.h5 in 23.56 seconds
2025-09-18 16:43:05,729 - INFO - Processing /viper/ptmp/arego/RC4K1/2782.h5
2025-09-18 16:43:07,076 - INFO - Completed /viper/ptmp/arego/RC4K1_EN_100/25855.h5 in 38.67 seconds
2025-09-18 16:43:07,277 - INFO - Processing /viper/ptmp/arego/RC4K1/11405.h5
2025-09-18 16:43:09,065 - INFO - File 2782: Filtered 14735112 hits and 7 records
2025-09-18 16:43:10,770 - INFO - File 11405: Filtered 15876080 hits and 4 records
2025-09-18 16:43:12,042 - INFO - Completed /viper/ptmp/arego/RC4K1_EN_100/24074.h5 in 11.71 seconds
2025-09-18 16:43:12,198 - INFO - Processing /viper/ptmp/arego/RC4K1/22881.h5
2025-09-18 16:43:14,933 - INFO - Completed /viper/ptmp/arego/RC4K1_EN_100/6604.h5 in 36.18 seconds
2025-09-18 16:43:15,113 - INFO - Processing /viper/ptmp/arego/RC4K1/11994.h5
2025-09-18 16:43:15,636 - INFO - Completed /viper/ptmp/arego/RC4K1_EN_100/11490.h5 in 41.60 seconds
2025-09-18 16:43:15,692 - INFO - File 22881: Filtered 14664867 hits and 8 records
2025-09-18 16:43:15,825 - INFO - Processing /viper/ptmp/arego/RC4K1/27934.h5
2025-09-18 16:43:19,338 - INFO - File 11994: Filtered 10914272 hits and 7 records
2025-09-18 16:43:19,652 - INFO - File 27934: Filtered 11649495 hits and 7 records
2025-09-18 16:43:20,468 - INFO - Completed /viper/ptmp/arego/RC4K1_EN_100/21861.h5 in 24.88 seconds
2025-09-18 16:43:20,654 - INFO - Processing /viper/ptmp/arego/RC4K1/14965.h5
2025-09-18 16:43:20,837 - INFO - Completed /viper/ptmp/arego/RC4K1_EN_100/11405.h5 in 13.56 seconds
2025-09-18 16:43:21,389 - INFO - Processing /viper/ptmp/arego/RC4K1/10752.h5
2025-09-18 16:43:23,384 - INFO - Completed /viper/ptmp/arego/RC4K1_EN_100/2782.h5 in 17.65 seconds
2025-09-18 16:43:23,653 - INFO - Processing /viper/ptmp/arego/RC4K1/10826.h5
2025-09-18 16:43:24,973 - INFO - File 14965: Filtered 6658315 hits and 7 records
2025-09-18 16:43:25,602 - INFO - File 10752: Filtered 13275867 hits and 6 records
2025-09-18 16:43:27,929 - INFO - File 10826: Filtered 11008826 hits and 8 records
2025-09-18 16:43:30,865 - INFO - Completed /viper/ptmp/arego/RC4K1_EN_100/22881.h5 in 18.67 seconds
2025-09-18 16:43:31,028 - INFO - Processing /viper/ptmp/arego/RC4K1/2142.h5
2025-09-18 16:43:34,184 - INFO - Completed /viper/ptmp/arego/RC4K1_EN_100/22002.h5 in 53.89 seconds
2025-09-18 16:43:34,383 - INFO - Processing /viper/ptmp/arego/RC4K1/10629.h5
2025-09-18 16:43:34,911 - INFO - File 2142: Filtered 10115220 hits and 7 records
2025-09-18 16:43:38,433 - INFO - File 10629: Filtered 14932926 hits and 9 records
2025-09-18 16:43:45,837 - INFO - Completed /viper/ptmp/arego/RC4K1_EN_100/27934.h5 in 30.01 seconds
2025-09-18 16:43:45,992 - INFO - Processing /viper/ptmp/arego/RC4K1/20925.h5
2025-09-18 16:43:48,737 - INFO - Completed /viper/ptmp/arego/RC4K1_EN_100/15798.h5 in 63.66 seconds
2025-09-18 16:43:48,945 - INFO - Processing /viper/ptmp/arego/RC4K1/18963.h5
2025-09-18 16:43:49,882 - INFO - File 20925: Filtered 10170692 hits and 4 records
2025-09-18 16:43:50,058 - INFO - Completed /viper/ptmp/arego/RC4K1_EN_100/10752.h5 in 28.67 seconds
2025-09-18 16:43:50,234 - INFO - Processing /viper/ptmp/arego/RC4K1/9196.h5
2025-09-18 16:43:53,078 - INFO - File 18963: Filtered 7994076 hits and 11 records
2025-09-18 16:43:53,228 - INFO - Completed /viper/ptmp/arego/RC4K1_EN_100/11994.h5 in 38.11 seconds
2025-09-18 16:43:53,503 - INFO - Processing /viper/ptmp/arego/RC4K1/18271.h5
2025-09-18 16:43:54,530 - INFO - File 9196: Filtered 11537460 hits and 9 records
2025-09-18 16:43:57,431 - INFO - Completed /viper/ptmp/arego/RC4K1_EN_100/10629.h5 in 23.05 seconds
2025-09-18 16:43:57,452 - INFO - File 18271: Filtered 13858654 hits and 7 records
2025-09-18 16:43:57,590 - INFO - Processing /viper/ptmp/arego/RC4K1/721.h5
2025-09-18 16:44:01,435 - INFO - Completed /viper/ptmp/arego/RC4K1_EN_100/10826.h5 in 37.78 seconds
2025-09-18 16:44:01,606 - INFO - Processing /viper/ptmp/arego/RC4K1/18639.h5
2025-09-18 16:44:01,660 - INFO - File 721: Filtered 10487062 hits and 8 records
2025-09-18 16:44:05,530 - INFO - File 18639: Filtered 11751224 hits and 8 records
2025-09-18 16:44:12,238 - INFO - Completed /viper/ptmp/arego/RC4K1_EN_100/2142.h5 in 41.21 seconds
2025-09-18 16:44:12,501 - INFO - Processing /viper/ptmp/arego/RC4K1/6132.h5
2025-09-18 16:44:14,001 - INFO - Completed /viper/ptmp/arego/RC4K1_EN_100/14965.h5 in 53.35 seconds
2025-09-18 16:44:14,196 - INFO - Processing /viper/ptmp/arego/RC4K1/11131.h5
2025-09-18 16:44:16,718 - INFO - File 6132: Filtered 3635826 hits and 6 records
2025-09-18 16:44:18,769 - INFO - File 11131: Filtered 10582128 hits and 9 records
2025-09-18 16:44:20,757 - INFO - Completed /viper/ptmp/arego/RC4K1_EN_100/18271.h5 in 27.25 seconds
2025-09-18 16:44:20,926 - INFO - Processing /viper/ptmp/arego/RC4K1/20829.h5
2025-09-18 16:44:24,958 - INFO - File 20829: Filtered 13138877 hits and 4 records
2025-09-18 16:44:27,833 - INFO - Completed /viper/ptmp/arego/RC4K1_EN_100/9196.h5 in 37.60 seconds
2025-09-18 16:44:27,996 - INFO - Processing /viper/ptmp/arego/RC4K1/1649.h5
2025-09-18 16:44:28,747 - INFO - Completed /viper/ptmp/arego/RC4K1_EN_100/20925.h5 in 42.76 seconds
2025-09-18 16:44:28,915 - INFO - Processing /viper/ptmp/arego/RC4K1/26663.h5
2025-09-18 16:44:32,415 - INFO - File 1649: Filtered 10423066 hits and 6 records
2025-09-18 16:44:33,334 - INFO - File 26663: Filtered 11905934 hits and 7 records
2025-09-18 16:44:36,717 - INFO - Completed /viper/ptmp/arego/RC4K1_EN_100/18963.h5 in 47.77 seconds
2025-09-18 16:44:36,885 - INFO - Processing /viper/ptmp/arego/RC4K1/1926.h5
2025-09-18 16:44:37,646 - INFO - Completed /viper/ptmp/arego/RC4K1_EN_100/18639.h5 in 36.04 seconds
2025-09-18 16:44:37,796 - INFO - Processing /viper/ptmp/arego/RC4K1/24235.h5
2025-09-18 16:44:41,566 - INFO - File 1926: Filtered 4369550 hits and 5 records
2025-09-18 16:44:42,130 - INFO - Completed /viper/ptmp/arego/RC4K1_EN_100/721.h5 in 44.54 seconds
2025-09-18 16:44:42,356 - INFO - Processing /viper/ptmp/arego/RC4K1/13222.h5
2025-09-18 16:44:42,407 - INFO - File 24235: Filtered 11980266 hits and 7 records
2025-09-18 16:44:46,675 - INFO - File 13222: Filtered 11478825 hits and 9 records
2025-09-18 16:44:54,224 - INFO - Completed /viper/ptmp/arego/RC4K1_EN_100/20829.h5 in 33.30 seconds
2025-09-18 16:44:54,376 - INFO - Processing /viper/ptmp/arego/RC4K1/24221.h5
2025-09-18 16:44:57,840 - INFO - Completed /viper/ptmp/arego/RC4K1_EN_100/11131.h5 in 43.64 seconds
2025-09-18 16:44:58,050 - INFO - Processing /viper/ptmp/arego/RC4K1/10767.h5
2025-09-18 16:44:58,712 - INFO - File 24221: Filtered 10397596 hits and 9 records
2025-09-18 16:45:02,425 - INFO - File 10767: Filtered 13692756 hits and 8 records
2025-09-18 16:45:07,783 - INFO - Completed /viper/ptmp/arego/RC4K1_EN_100/26663.h5 in 38.87 seconds
2025-09-18 16:45:07,990 - INFO - Processing /viper/ptmp/arego/RC4K1/26094.h5
2025-09-18 16:45:09,586 - INFO - Completed /viper/ptmp/arego/RC4K1_EN_100/1649.h5 in 41.59 seconds
2025-09-18 16:45:09,777 - INFO - Processing /viper/ptmp/arego/RC4K1/4337.h5
2025-09-18 16:45:12,247 - INFO - File 26094: Filtered 14339904 hits and 12 records
2025-09-18 16:45:14,365 - INFO - File 4337: Filtered 7671052 hits and 8 records
2025-09-18 16:45:17,735 - INFO - Completed /viper/ptmp/arego/RC4K1_EN_100/24235.h5 in 39.94 seconds
2025-09-18 16:45:17,955 - INFO - Processing /viper/ptmp/arego/RC4K1/1217.h5
2025-09-18 16:45:22,528 - INFO - File 1217: Filtered 7818809 hits and 10 records
2025-09-18 16:45:24,665 - INFO - Completed /viper/ptmp/arego/RC4K1_EN_100/13222.h5 in 42.31 seconds
2025-09-18 16:45:24,832 - INFO - Processing /viper/ptmp/arego/RC4K1/8492.h5
2025-09-18 16:45:28,714 - INFO - Completed /viper/ptmp/arego/RC4K1_EN_100/6132.h5 in 76.21 seconds
2025-09-18 16:45:28,912 - INFO - Processing /viper/ptmp/arego/RC4K1/2504.h5
2025-09-18 16:45:29,222 - INFO - File 8492: Filtered 8510464 hits and 3 records
2025-09-18 16:45:33,405 - INFO - File 2504: Filtered 11691594 hits and 8 records
2025-09-18 16:45:33,686 - INFO - Completed /viper/ptmp/arego/RC4K1_EN_100/10767.h5 in 35.64 seconds
2025-09-18 16:45:33,868 - INFO - Processing /viper/ptmp/arego/RC4K1/19982.h5
2025-09-18 16:45:38,324 - INFO - File 19982: Filtered 10146067 hits and 7 records
2025-09-18 16:45:40,681 - INFO - Completed /viper/ptmp/arego/RC4K1_EN_100/26094.h5 in 32.69 seconds
2025-09-18 16:45:40,850 - INFO - Processing /viper/ptmp/arego/RC4K1/12976.h5
2025-09-18 16:45:41,110 - INFO - Completed /viper/ptmp/arego/RC4K1_EN_100/24221.h5 in 46.73 seconds
2025-09-18 16:45:41,506 - INFO - Processing /viper/ptmp/arego/RC4K1/26170.h5
2025-09-18 16:45:45,597 - INFO - File 12976: Filtered 11027460 hits and 6 records
2025-09-18 16:45:46,427 - INFO - File 26170: Filtered 11591643 hits and 8 records
2025-09-18 16:45:51,229 - INFO - Completed /viper/ptmp/arego/RC4K1_EN_100/1926.h5 in 74.34 seconds
2025-09-18 16:45:51,390 - INFO - Processing /viper/ptmp/arego/RC4K1/21657.h5
2025-09-18 16:45:55,733 - INFO - File 21657: Filtered 13048937 hits and 9 records
2025-09-18 16:46:09,973 - INFO - Completed /viper/ptmp/arego/RC4K1_EN_100/2504.h5 in 41.06 seconds
2025-09-18 16:46:10,147 - INFO - Processing /viper/ptmp/arego/RC4K1/13452.h5
2025-09-18 16:46:12,293 - INFO - Completed /viper/ptmp/arego/RC4K1_EN_100/4337.h5 in 62.52 seconds
2025-09-18 16:46:12,475 - INFO - Processing /viper/ptmp/arego/RC4K1/28960.h5
2025-09-18 16:46:14,804 - INFO - File 13452: Filtered 7617686 hits and 7 records
2025-09-18 16:46:17,500 - INFO - File 28960: Filtered 14700921 hits and 8 records
2025-09-18 16:46:20,600 - INFO - Completed /viper/ptmp/arego/RC4K1_EN_100/1217.h5 in 62.64 seconds
2025-09-18 16:46:20,880 - INFO - Processing /viper/ptmp/arego/RC4K1/28705.h5
2025-09-18 16:46:23,496 - INFO - Completed /viper/ptmp/arego/RC4K1_EN_100/19982.h5 in 49.63 seconds
2025-09-18 16:46:23,669 - INFO - Processing /viper/ptmp/arego/RC4K1/15244.h5
2025-09-18 16:46:24,348 - INFO - Completed /viper/ptmp/arego/RC4K1_EN_100/8492.h5 in 59.52 seconds
2025-09-18 16:46:24,550 - INFO - Processing /viper/ptmp/arego/RC4K1/12179.h5
2025-09-18 16:46:25,398 - INFO - Completed /viper/ptmp/arego/RC4K1_EN_100/26170.h5 in 43.89 seconds
2025-09-18 16:46:25,575 - INFO - Completed /viper/ptmp/arego/RC4K1_EN_100/12976.h5 in 44.72 seconds
2025-09-18 16:46:25,643 - INFO - Processing /viper/ptmp/arego/RC4K1/19052.h5
2025-09-18 16:46:25,795 - INFO - File 28705: Filtered 12581276 hits and 11 records
2025-09-18 16:46:26,374 - INFO - Processing /viper/ptmp/arego/RC4K1/5007.h5
2025-09-18 16:46:28,712 - INFO - File 15244: Filtered 19092778 hits and 8 records
2025-09-18 16:46:30,134 - INFO - File 12179: Filtered 15344108 hits and 4 records
2025-09-18 16:46:31,424 - INFO - File 19052: Filtered 14140281 hits and 8 records
2025-09-18 16:46:32,133 - INFO - File 5007: Filtered 12979216 hits and 9 records
2025-09-18 16:46:33,558 - INFO - Completed /viper/ptmp/arego/RC4K1_EN_100/21657.h5 in 42.17 seconds
2025-09-18 16:46:33,837 - INFO - Processing /viper/ptmp/arego/RC4K1/26222.h5
2025-09-18 16:46:38,571 - INFO - File 26222: Filtered 18271512 hits and 10 records
2025-09-18 16:46:43,930 - INFO - Completed /viper/ptmp/arego/RC4K1_EN_100/15244.h5 in 20.26 seconds
2025-09-18 16:46:44,092 - INFO - Processing /viper/ptmp/arego/RC4K1/557.h5
2025-09-18 16:46:48,790 - INFO - File 557: Filtered 10268413 hits and 6 records
2025-09-18 16:46:49,618 - INFO - Completed /viper/ptmp/arego/RC4K1_EN_100/28960.h5 in 37.14 seconds
2025-09-18 16:46:49,801 - INFO - Processing /viper/ptmp/arego/RC4K1/4626.h5
2025-09-18 16:46:54,571 - INFO - File 4626: Filtered 18139846 hits and 10 records
2025-09-18 16:47:00,303 - INFO - Completed /viper/ptmp/arego/RC4K1_EN_100/26222.h5 in 26.47 seconds
2025-09-18 16:47:00,465 - INFO - Processing /viper/ptmp/arego/RC4K1/21247.h5
2025-09-18 16:47:01,495 - INFO - Completed /viper/ptmp/arego/RC4K1_EN_100/12179.h5 in 36.95 seconds
2025-09-18 16:47:01,693 - INFO - Processing /viper/ptmp/arego/RC4K1/14868.h5
2025-09-18 16:47:01,803 - INFO - Completed /viper/ptmp/arego/RC4K1_EN_100/28705.h5 in 40.92 seconds
2025-09-18 16:47:02,407 - INFO - Processing /viper/ptmp/arego/RC4K1/8889.h5
2025-09-18 16:47:05,837 - INFO - File 21247: Filtered 10059892 hits and 7 records
2025-09-18 16:47:07,512 - INFO - File 14868: Filtered 11193724 hits and 9 records
2025-09-18 16:47:08,236 - INFO - File 8889: Filtered 16217738 hits and 9 records
2025-09-18 16:47:09,156 - INFO - Completed /viper/ptmp/arego/RC4K1_EN_100/19052.h5 in 43.51 seconds
2025-09-18 16:47:09,339 - INFO - Processing /viper/ptmp/arego/RC4K1/21624.h5
2025-09-18 16:47:10,926 - INFO - Completed /viper/ptmp/arego/RC4K1_EN_100/5007.h5 in 44.55 seconds
2025-09-18 16:47:11,089 - INFO - Processing /viper/ptmp/arego/RC4K1/18578.h5
2025-09-18 16:47:14,169 - INFO - File 21624: Filtered 10312985 hits and 7 records
2025-09-18 16:47:16,275 - INFO - Completed /viper/ptmp/arego/RC4K1_EN_100/4626.h5 in 26.47 seconds
2025-09-18 16:47:16,433 - INFO - File 18578: Filtered 10705593 hits and 7 records
2025-09-18 16:47:16,522 - INFO - Processing /viper/ptmp/arego/RC4K1/25567.h5
2025-09-18 16:47:19,181 - INFO - Completed /viper/ptmp/arego/RC4K1_EN_100/13452.h5 in 69.03 seconds
2025-09-18 16:47:19,335 - INFO - Processing /viper/ptmp/arego/RC4K1/9516.h5
2025-09-18 16:47:21,482 - INFO - File 25567: Filtered 14325288 hits and 7 records
2025-09-18 16:47:24,368 - INFO - File 9516: Filtered 15749364 hits and 7 records
2025-09-18 16:47:38,804 - INFO - Completed /viper/ptmp/arego/RC4K1_EN_100/8889.h5 in 36.40 seconds
2025-09-18 16:47:38,954 - INFO - Processing /viper/ptmp/arego/RC4K1/29034.h5
2025-09-18 16:47:41,568 - INFO - Completed /viper/ptmp/arego/RC4K1_EN_100/557.h5 in 57.48 seconds
2025-09-18 16:47:41,725 - INFO - Processing /viper/ptmp/arego/RC4K1/22548.h5
2025-09-18 16:47:43,792 - INFO - File 29034: Filtered 19639145 hits and 7 records
2025-09-18 16:47:46,993 - INFO - File 22548: Filtered 5938613 hits and 6 records
2025-09-18 16:47:58,148 - INFO - Completed /viper/ptmp/arego/RC4K1_EN_100/14868.h5 in 56.46 seconds
2025-09-18 16:47:58,321 - INFO - Processing /viper/ptmp/arego/RC4K1/2264.h5
2025-09-18 16:47:58,391 - INFO - Completed /viper/ptmp/arego/RC4K1_EN_100/25567.h5 in 41.87 seconds
2025-09-18 16:47:58,904 - INFO - Completed /viper/ptmp/arego/RC4K1_EN_100/9516.h5 in 39.57 seconds
2025-09-18 16:47:59,013 - INFO - Processing /viper/ptmp/arego/RC4K1/25177.h5
2025-09-18 16:47:59,607 - INFO - Processing /viper/ptmp/arego/RC4K1/16950.h5
2025-09-18 16:48:02,096 - INFO - Completed /viper/ptmp/arego/RC4K1_EN_100/29034.h5 in 23.14 seconds
2025-09-18 16:48:02,322 - INFO - Processing /viper/ptmp/arego/RC4K1/9853.h5
2025-09-18 16:48:03,796 - INFO - Completed /viper/ptmp/arego/RC4K1_EN_100/21247.h5 in 63.33 seconds
2025-09-18 16:48:04,105 - INFO - Processing /viper/ptmp/arego/RC4K1/780.h5
2025-09-18 16:48:04,426 - INFO - File 2264: Filtered 8505445 hits and 5 records
2025-09-18 16:48:05,425 - INFO - File 25177: Filtered 6589921 hits and 6 records
2025-09-18 16:48:06,097 - INFO - File 16950: Filtered 15775574 hits and 7 records
2025-09-18 16:48:09,630 - INFO - File 9853: Filtered 13173011 hits and 10 records
2025-09-18 16:48:10,131 - INFO - Completed /viper/ptmp/arego/RC4K1_EN_100/21624.h5 in 60.79 seconds
2025-09-18 16:48:10,339 - INFO - Processing /viper/ptmp/arego/RC4K1/221.h5
2025-09-18 16:48:10,578 - INFO - File 780: Filtered 16896911 hits and 8 records
2025-09-18 16:48:12,165 - INFO - Completed /viper/ptmp/arego/RC4K1_EN_100/18578.h5 in 61.08 seconds
2025-09-18 16:48:12,364 - INFO - Processing /viper/ptmp/arego/RC4K1/23560.h5
2025-09-18 16:48:15,345 - INFO - File 221: Filtered 14732266 hits and 10 records
2025-09-18 16:48:17,793 - INFO - File 23560: Filtered 12922165 hits and 6 records
2025-09-18 16:48:44,463 - INFO - Completed /viper/ptmp/arego/RC4K1_EN_100/780.h5 in 40.36 seconds
2025-09-18 16:48:44,634 - INFO - Processing /viper/ptmp/arego/RC4K1/17434.h5
2025-09-18 16:48:47,269 - INFO - Completed /viper/ptmp/arego/RC4K1_EN_100/16950.h5 in 47.66 seconds
2025-09-18 16:48:47,432 - INFO - Processing /viper/ptmp/arego/RC4K1/23254.h5
2025-09-18 16:48:50,174 - INFO - File 17434: Filtered 10677648 hits and 8 records
2025-09-18 16:48:53,465 - INFO - File 23254: Filtered 6348374 hits and 5 records
2025-09-18 16:48:56,237 - INFO - Completed /viper/ptmp/arego/RC4K1_EN_100/221.h5 in 45.90 seconds
2025-09-18 16:48:56,411 - INFO - Processing /viper/ptmp/arego/RC4K1/13293.h5
2025-09-18 16:49:00,884 - INFO - Completed /viper/ptmp/arego/RC4K1_EN_100/9853.h5 in 58.56 seconds
2025-09-18 16:49:01,065 - INFO - Processing /viper/ptmp/arego/RC4K1/8665.h5
2025-09-18 16:49:01,778 - INFO - File 13293: Filtered 11891904 hits and 4 records
2025-09-18 16:49:06,641 - INFO - File 8665: Filtered 12540664 hits and 6 records
2025-09-18 16:49:08,149 - INFO - Completed /viper/ptmp/arego/RC4K1_EN_100/22548.h5 in 86.42 seconds
2025-09-18 16:49:08,369 - INFO - Processing /viper/ptmp/arego/RC4K1/26179.h5
2025-09-18 16:49:08,727 - INFO - Completed /viper/ptmp/arego/RC4K1_EN_100/23560.h5 in 56.36 seconds
2025-09-18 16:49:09,161 - INFO - Processing /viper/ptmp/arego/RC4K1/7669.h5
2025-09-18 16:49:14,334 - INFO - File 26179: Filtered 11401324 hits and 6 records
2025-09-18 16:49:15,210 - INFO - File 7669: Filtered 16686288 hits and 10 records
2025-09-18 16:49:18,117 - INFO - Completed /viper/ptmp/arego/RC4K1_EN_100/2264.h5 in 79.80 seconds
2025-09-18 16:49:18,284 - INFO - Processing /viper/ptmp/arego/RC4K1/16869.h5
2025-09-18 16:49:23,900 - INFO - File 16869: Filtered 14965932 hits and 9 records
2025-09-18 16:49:25,627 - INFO - Completed /viper/ptmp/arego/RC4K1_EN_100/25177.h5 in 86.61 seconds
2025-09-18 16:49:25,800 - INFO - Processing /viper/ptmp/arego/RC4K1/10129.h5
2025-09-18 16:49:31,374 - INFO - File 10129: Filtered 21267217 hits and 9 records
2025-09-18 16:49:59,447 - INFO - Completed /viper/ptmp/arego/RC4K1_EN_100/17434.h5 in 74.81 seconds
2025-09-18 16:49:59,618 - INFO - Processing /viper/ptmp/arego/RC4K1/21670.h5
2025-09-18 16:50:00,178 - INFO - Completed /viper/ptmp/arego/RC4K1_EN_100/7669.h5 in 51.02 seconds
2025-09-18 16:50:00,546 - INFO - Processing /viper/ptmp/arego/RC4K1/18827.h5
2025-09-18 16:50:02,202 - INFO - Completed /viper/ptmp/arego/RC4K1_EN_100/10129.h5 in 36.40 seconds
2025-09-18 16:50:02,413 - INFO - Processing /viper/ptmp/arego/RC4K1/24449.h5
2025-09-18 16:50:04,156 - INFO - Completed /viper/ptmp/arego/RC4K1_EN_100/13293.h5 in 67.75 seconds
2025-09-18 16:50:04,364 - INFO - Processing /viper/ptmp/arego/RC4K1/11137.h5
2025-09-18 16:50:06,333 - INFO - File 21670: Filtered 11259341 hits and 8 records
2025-09-18 16:50:08,023 - INFO - File 18827: Filtered 12244729 hits and 7 records
2025-09-18 16:50:09,720 - INFO - Completed /viper/ptmp/arego/RC4K1_EN_100/8665.h5 in 68.65 seconds
2025-09-18 16:50:10,029 - INFO - Processing /viper/ptmp/arego/RC4K1/27024.h5
2025-09-18 16:50:10,118 - INFO - File 24449: Filtered 14775810 hits and 6 records
2025-09-18 16:50:12,348 - INFO - File 11137: Filtered 21272945 hits and 11 records
2025-09-18 16:50:16,451 - INFO - File 27024: Filtered 15225210 hits and 8 records
2025-09-18 16:50:19,437 - INFO - Completed /viper/ptmp/arego/RC4K1_EN_100/16869.h5 in 61.15 seconds
2025-09-18 16:50:19,610 - INFO - Processing /viper/ptmp/arego/RC4K1/29012.h5
2025-09-18 16:50:22,028 - INFO - Completed /viper/ptmp/arego/RC4K1_EN_100/26179.h5 in 73.66 seconds
2025-09-18 16:50:22,205 - INFO - Processing /viper/ptmp/arego/RC4K1/9046.h5
2025-09-18 16:50:22,429 - INFO - Completed /viper/ptmp/arego/RC4K1_EN_100/23254.h5 in 95.00 seconds
2025-09-18 16:50:23,028 - INFO - Processing /viper/ptmp/arego/RC4K1/10359.h5
2025-09-18 16:50:25,841 - INFO - File 29012: Filtered 19180174 hits and 9 records
2025-09-18 16:50:29,306 - INFO - File 9046: Filtered 16567591 hits and 9 records
2025-09-18 16:50:30,335 - INFO - File 10359: Filtered 12336164 hits and 8 records
2025-09-18 16:50:50,673 - INFO - Completed /viper/ptmp/arego/RC4K1_EN_100/11137.h5 in 46.31 seconds
2025-09-18 16:50:50,840 - INFO - Processing /viper/ptmp/arego/RC4K1/21965.h5
2025-09-18 16:50:57,124 - INFO - File 21965: Filtered 16710457 hits and 6 records
2025-09-18 16:51:09,897 - INFO - Completed /viper/ptmp/arego/RC4K1_EN_100/29012.h5 in 50.29 seconds
2025-09-18 16:51:10,075 - INFO - Processing /viper/ptmp/arego/RC4K1/18389.h5
2025-09-18 16:51:11,173 - INFO - Completed /viper/ptmp/arego/RC4K1_EN_100/24449.h5 in 68.76 seconds
2025-09-18 16:51:11,346 - INFO - Processing /viper/ptmp/arego/RC4K1/4666.h5
2025-09-18 16:51:17,356 - INFO - File 18389: Filtered 14308801 hits and 10 records
2025-09-18 16:51:18,570 - INFO - File 4666: Filtered 22376715 hits and 9 records
2025-09-18 16:51:22,310 - INFO - Completed /viper/ptmp/arego/RC4K1_EN_100/18827.h5 in 81.76 seconds
2025-09-18 16:51:22,480 - INFO - Processing /viper/ptmp/arego/RC4K1/14103.h5
2025-09-18 16:51:22,573 - INFO - Completed /viper/ptmp/arego/RC4K1_EN_100/27024.h5 in 72.54 seconds
2025-09-18 16:51:23,219 - INFO - Processing /viper/ptmp/arego/RC4K1/11037.h5
2025-09-18 16:51:26,535 - INFO - Completed /viper/ptmp/arego/RC4K1_EN_100/21670.h5 in 86.92 seconds
2025-09-18 16:51:26,741 - INFO - Processing /viper/ptmp/arego/RC4K1/2632.h5
2025-09-18 16:51:29,505 - INFO - File 14103: Filtered 20179661 hits and 9 records
2025-09-18 16:51:30,391 - INFO - File 11037: Filtered 27793329 hits and 11 records
2025-09-18 16:51:33,551 - INFO - Completed /viper/ptmp/arego/RC4K1_EN_100/9046.h5 in 71.35 seconds
2025-09-18 16:51:33,702 - INFO - File 2632: Filtered 17570827 hits and 8 records
2025-09-18 16:51:33,739 - INFO - Processing /viper/ptmp/arego/RC4K1/18855.h5
2025-09-18 16:51:40,191 - INFO - File 18855: Filtered 24080176 hits and 10 records
2025-09-18 16:51:50,815 - INFO - Completed /viper/ptmp/arego/RC4K1_EN_100/11037.h5 in 27.60 seconds
2025-09-18 16:51:50,959 - INFO - Processing /viper/ptmp/arego/RC4K1/14249.h5
2025-09-18 16:51:53,784 - INFO - Completed /viper/ptmp/arego/RC4K1_EN_100/10359.h5 in 90.76 seconds
2025-09-18 16:51:53,958 - INFO - Processing /viper/ptmp/arego/RC4K1/12139.h5
2025-09-18 16:51:54,965 - INFO - Completed /viper/ptmp/arego/RC4K1_EN_100/4666.h5 in 43.62 seconds
2025-09-18 16:51:55,165 - INFO - Processing /viper/ptmp/arego/RC4K1/23574.h5
2025-09-18 16:51:57,424 - INFO - File 14249: Filtered 14302074 hits and 6 records
2025-09-18 16:52:01,568 - INFO - File 12139: Filtered 18576246 hits and 7 records
2025-09-18 16:52:02,779 - INFO - Completed /viper/ptmp/arego/RC4K1_EN_100/21965.h5 in 71.94 seconds
2025-09-18 16:52:02,800 - INFO - File 23574: Filtered 23729725 hits and 5 records
2025-09-18 16:52:03,018 - INFO - Processing /viper/ptmp/arego/RC4K1/24452.h5
2025-09-18 16:52:09,951 - INFO - File 24452: Filtered 16738800 hits and 9 records
2025-09-18 16:52:18,371 - INFO - Completed /viper/ptmp/arego/RC4K1_EN_100/14103.h5 in 55.89 seconds
2025-09-18 16:52:18,535 - INFO - Processing /viper/ptmp/arego/RC4K1/6101.h5
2025-09-18 16:52:19,055 - INFO - Completed /viper/ptmp/arego/RC4K1_EN_100/18855.h5 in 45.32 seconds
2025-09-18 16:52:19,273 - INFO - Processing /viper/ptmp/arego/RC4K1/9881.h5
2025-09-18 16:52:26,072 - INFO - File 6101: Filtered 20534947 hits and 13 records
2025-09-18 16:52:26,941 - INFO - File 9881: Filtered 22116528 hits and 8 records
2025-09-18 16:52:29,550 - INFO - Completed /viper/ptmp/arego/RC4K1_EN_100/18389.h5 in 79.47 seconds
2025-09-18 16:52:29,712 - INFO - Processing /viper/ptmp/arego/RC4K1/3861.h5
2025-09-18 16:52:32,726 - INFO - Completed /viper/ptmp/arego/RC4K1_EN_100/2632.h5 in 65.99 seconds
2025-09-18 16:52:32,932 - INFO - Processing /viper/ptmp/arego/RC4K1/23398.h5
2025-09-18 16:52:36,652 - INFO - File 3861: Filtered 18104367 hits and 7 records
2025-09-18 16:52:39,773 - INFO - Completed /viper/ptmp/arego/RC4K1_EN_100/23574.h5 in 44.61 seconds
2025-09-18 16:52:39,937 - INFO - Processing /viper/ptmp/arego/RC4K1/26929.h5
2025-09-18 16:52:40,574 - INFO - File 23398: Filtered 14247021 hits and 7 records
2025-09-18 16:52:47,230 - INFO - File 26929: Filtered 17534869 hits and 8 records
2025-09-18 16:53:02,814 - INFO - Completed /viper/ptmp/arego/RC4K1_EN_100/12139.h5 in 68.86 seconds
2025-09-18 16:53:02,987 - INFO - Processing /viper/ptmp/arego/RC4K1/1529.h5
2025-09-18 16:53:10,358 - INFO - File 1529: Filtered 6387226 hits and 6 records
2025-09-18 16:53:16,596 - INFO - Completed /viper/ptmp/arego/RC4K1_EN_100/9881.h5 in 57.32 seconds
2025-09-18 16:53:16,783 - INFO - Processing /viper/ptmp/arego/RC4K1/18622.h5
2025-09-18 16:53:19,305 - INFO - Completed /viper/ptmp/arego/RC4K1_EN_100/14249.h5 in 88.35 seconds
2025-09-18 16:53:19,469 - INFO - Processing /viper/ptmp/arego/RC4K1/12446.h5
2025-09-18 16:53:22,599 - INFO - Completed /viper/ptmp/arego/RC4K1_EN_100/24452.h5 in 79.58 seconds
2025-09-18 16:53:22,802 - INFO - Processing /viper/ptmp/arego/RC4K1/9910.h5
2025-09-18 16:53:24,011 - INFO - Completed /viper/ptmp/arego/RC4K1_EN_100/6101.h5 in 65.48 seconds
2025-09-18 16:53:24,055 - INFO - File 18622: Filtered 19069089 hits and 6 records
2025-09-18 16:53:24,222 - INFO - Processing /viper/ptmp/arego/RC4K1/5814.h5
2025-09-18 16:53:27,279 - INFO - File 12446: Filtered 19899590 hits and 5 records
2025-09-18 16:53:31,748 - INFO - File 9910: Filtered 17216381 hits and 5 records
2025-09-18 16:53:32,527 - INFO - File 5814: Filtered 25072443 hits and 7 records
2025-09-18 16:53:49,861 - INFO - Completed /viper/ptmp/arego/RC4K1_EN_100/3861.h5 in 80.15 seconds
2025-09-18 16:53:50,067 - INFO - Processing /viper/ptmp/arego/RC4K1/20422.h5
2025-09-18 16:53:57,320 - INFO - File 20422: Filtered 8836566 hits and 6 records
2025-09-18 16:54:05,535 - INFO - Completed /viper/ptmp/arego/RC4K1_EN_100/26929.h5 in 85.60 seconds
2025-09-18 16:54:05,739 - INFO - Processing /viper/ptmp/arego/RC4K1/7289.h5
2025-09-18 16:54:10,500 - INFO - Completed /viper/ptmp/arego/RC4K1_EN_100/23398.h5 in 97.57 seconds
2025-09-18 16:54:10,716 - INFO - Processing /viper/ptmp/arego/RC4K1/11364.h5
2025-09-18 16:54:11,493 - INFO - Completed /viper/ptmp/arego/RC4K1_EN_100/5814.h5 in 47.27 seconds
2025-09-18 16:54:11,757 - INFO - Processing /viper/ptmp/arego/RC4K1/29008.h5
2025-09-18 16:54:13,553 - INFO - File 7289: Filtered 16381024 hits and 10 records
2025-09-18 16:54:19,519 - INFO - File 11364: Filtered 14627951 hits and 9 records
2025-09-18 16:54:20,254 - INFO - File 29008: Filtered 10255268 hits and 6 records
2025-09-18 16:54:30,195 - INFO - Completed /viper/ptmp/arego/RC4K1_EN_100/12446.h5 in 70.73 seconds
2025-09-18 16:54:30,361 - INFO - Processing /viper/ptmp/arego/RC4K1/13687.h5
2025-09-18 16:54:34,918 - INFO - Completed /viper/ptmp/arego/RC4K1_EN_100/18622.h5 in 78.14 seconds
2025-09-18 16:54:35,114 - INFO - Processing /viper/ptmp/arego/RC4K1/6718.h5
2025-09-18 16:54:37,666 - INFO - File 13687: Filtered 25996773 hits and 9 records
2025-09-18 16:54:42,593 - INFO - File 6718: Filtered 18842803 hits and 7 records
2025-09-18 16:54:51,569 - INFO - Completed /viper/ptmp/arego/RC4K1_EN_100/9910.h5 in 88.77 seconds
2025-09-18 16:54:51,793 - INFO - Processing /viper/ptmp/arego/RC4K1/11558.h5
2025-09-18 16:54:59,412 - INFO - File 11558: Filtered 21724720 hits and 6 records
2025-09-18 16:55:15,587 - INFO - Completed /viper/ptmp/arego/RC4K1_EN_100/13687.h5 in 45.23 seconds
2025-09-18 16:55:15,788 - INFO - Processing /viper/ptmp/arego/RC4K1/26603.h5
2025-09-18 16:55:18,981 - INFO - Completed /viper/ptmp/arego/RC4K1_EN_100/1529.h5 in 135.99 seconds
2025-09-18 16:55:19,159 - INFO - Processing /viper/ptmp/arego/RC4K1/26835.h5
2025-09-18 16:55:23,671 - INFO - File 26603: Filtered 11787163 hits and 6 records
2025-09-18 16:55:27,806 - INFO - File 26835: Filtered 10547177 hits and 6 records
2025-09-18 16:55:43,531 - INFO - Completed /viper/ptmp/arego/RC4K1_EN_100/7289.h5 in 97.79 seconds
2025-09-18 16:55:43,709 - INFO - Processing /viper/ptmp/arego/RC4K1/17253.h5
2025-09-18 16:55:51,214 - INFO - File 17253: Filtered 37279858 hits and 8 records
2025-09-18 16:55:53,398 - INFO - Completed /viper/ptmp/arego/RC4K1_EN_100/11364.h5 in 102.68 seconds
2025-09-18 16:55:53,569 - INFO - Processing /viper/ptmp/arego/RC4K1/20553.h5
2025-09-18 16:55:53,585 - INFO - Completed /viper/ptmp/arego/RC4K1_EN_100/17253.h5 in 9.88 seconds
2025-09-18 16:55:54,269 - INFO - Processing /viper/ptmp/arego/RC4K1/2445.h5
2025-09-18 16:55:56,210 - INFO - Completed /viper/ptmp/arego/RC4K1_EN_100/20422.h5 in 126.14 seconds
2025-09-18 16:55:56,386 - INFO - Processing /viper/ptmp/arego/RC4K1/16629.h5
2025-09-18 16:55:57,247 - INFO - Completed /viper/ptmp/arego/RC4K1_EN_100/6718.h5 in 82.13 seconds
2025-09-18 16:55:57,454 - INFO - Processing /viper/ptmp/arego/RC4K1/22382.h5
2025-09-18 16:56:02,111 - INFO - File 20553: Filtered 21984668 hits and 10 records
2025-09-18 16:56:03,902 - INFO - Completed /viper/ptmp/arego/RC4K1_EN_100/11558.h5 in 72.11 seconds
2025-09-18 16:56:03,905 - INFO - File 2445: Filtered 18198070 hits and 7 records
2025-09-18 16:56:04,228 - INFO - Processing /viper/ptmp/arego/RC4K1/18111.h5
2025-09-18 16:56:07,017 - INFO - File 16629: Filtered 28060905 hits and 10 records
2025-09-18 16:56:08,051 - INFO - File 22382: Filtered 22553776 hits and 11 records
2025-09-18 16:56:12,694 - INFO - File 18111: Filtered 23493384 hits and 7 records
2025-09-18 16:56:18,911 - INFO - Completed /viper/ptmp/arego/RC4K1_EN_100/29008.h5 in 127.15 seconds
2025-09-18 16:56:19,081 - INFO - Processing /viper/ptmp/arego/RC4K1/25891.h5
2025-09-18 16:56:27,023 - INFO - File 25891: Filtered 25042345 hits and 8 records
2025-09-18 16:56:52,521 - INFO - Completed /viper/ptmp/arego/RC4K1_EN_100/16629.h5 in 56.13 seconds
2025-09-18 16:56:52,696 - INFO - Processing /viper/ptmp/arego/RC4K1/13651.h5
2025-09-18 16:57:01,237 - INFO - File 13651: Filtered 18229018 hits and 8 records
2025-09-18 16:57:14,297 - INFO - Completed /viper/ptmp/arego/RC4K1_EN_100/20553.h5 in 80.73 seconds
2025-09-18 16:57:14,475 - INFO - Processing /viper/ptmp/arego/RC4K1/3105.h5
2025-09-18 16:57:17,266 - INFO - Completed /viper/ptmp/arego/RC4K1_EN_100/26603.h5 in 121.48 seconds
2025-09-18 16:57:17,501 - INFO - Processing /viper/ptmp/arego/RC4K1/28518.h5
2025-09-18 16:57:20,806 - INFO - Completed /viper/ptmp/arego/RC4K1_EN_100/18111.h5 in 76.58 seconds
2025-09-18 16:57:21,080 - INFO - Processing /viper/ptmp/arego/RC4K1/1956.h5
2025-09-18 16:57:23,046 - INFO - File 3105: Filtered 19250728 hits and 6 records
2025-09-18 16:57:24,546 - INFO - Completed /viper/ptmp/arego/RC4K1_EN_100/22382.h5 in 87.09 seconds
2025-09-18 16:57:24,799 - INFO - Processing /viper/ptmp/arego/RC4K1/13566.h5
2025-09-18 16:57:26,758 - INFO - File 28518: Filtered 22026113 hits and 6 records
2025-09-18 16:57:28,515 - INFO - Completed /viper/ptmp/arego/RC4K1_EN_100/26835.h5 in 129.36 seconds
2025-09-18 16:57:28,735 - INFO - Processing /viper/ptmp/arego/RC4K1/6048.h5
2025-09-18 16:57:30,555 - INFO - File 1956: Filtered 29346362 hits and 9 records
2025-09-18 16:57:33,967 - INFO - File 13566: Filtered 36616196 hits and 8 records
2025-09-18 16:57:36,542 - INFO - Completed /viper/ptmp/arego/RC4K1_EN_100/2445.h5 in 102.27 seconds
2025-09-18 16:57:36,743 - INFO - Processing /viper/ptmp/arego/RC4K1/22666.h5
2025-09-18 16:57:37,839 - INFO - File 6048: Filtered 19951437 hits and 9 records
2025-09-18 16:57:37,999 - INFO - Completed /viper/ptmp/arego/RC4K1_EN_100/25891.h5 in 78.92 seconds
2025-09-18 16:57:38,194 - INFO - Processing /viper/ptmp/arego/RC4K1/3687.h5
2025-09-18 16:57:46,112 - INFO - File 22666: Filtered 29569709 hits and 8 records
2025-09-18 16:57:47,759 - INFO - File 3687: Filtered 13052897 hits and 5 records
2025-09-18 16:57:59,561 - INFO - Completed /viper/ptmp/arego/RC4K1_EN_100/13566.h5 in 34.76 seconds
2025-09-18 16:57:59,729 - INFO - Processing /viper/ptmp/arego/RC4K1/19041.h5
2025-09-18 16:58:08,176 - INFO - File 19041: Filtered 31509578 hits and 11 records
2025-09-18 16:58:22,383 - INFO - Completed /viper/ptmp/arego/RC4K1_EN_100/1956.h5 in 61.30 seconds
2025-09-18 16:58:22,552 - INFO - Processing /viper/ptmp/arego/RC4K1/11378.h5
2025-09-18 16:58:32,257 - INFO - File 11378: Filtered 13475963 hits and 6 records
2025-09-18 16:58:40,275 - INFO - Completed /viper/ptmp/arego/RC4K1_EN_100/13651.h5 in 107.58 seconds
2025-09-18 16:58:40,445 - INFO - Processing /viper/ptmp/arego/RC4K1/26394.h5
2025-09-18 16:58:40,929 - INFO - Completed /viper/ptmp/arego/RC4K1_EN_100/22666.h5 in 64.19 seconds
2025-09-18 16:58:41,219 - INFO - Processing /viper/ptmp/arego/RC4K1/25002.h5
2025-09-18 16:58:50,373 - INFO - File 26394: Filtered 26105207 hits and 7 records
2025-09-18 16:58:50,806 - INFO - File 25002: Filtered 33021477 hits and 8 records
2025-09-18 16:58:51,991 - INFO - Completed /viper/ptmp/arego/RC4K1_EN_100/28518.h5 in 94.49 seconds
2025-09-18 16:58:52,191 - INFO - Processing /viper/ptmp/arego/RC4K1/26356.h5
2025-09-18 16:58:55,352 - INFO - Completed /viper/ptmp/arego/RC4K1_EN_100/19041.h5 in 55.62 seconds
2025-09-18 16:58:55,519 - INFO - Processing /viper/ptmp/arego/RC4K1/16921.h5
2025-09-18 16:59:00,162 - INFO - Completed /viper/ptmp/arego/RC4K1_EN_100/3105.h5 in 105.69 seconds
2025-09-18 16:59:00,360 - INFO - Processing /viper/ptmp/arego/RC4K1/19906.h5
2025-09-18 16:59:01,595 - INFO - File 26356: Filtered 27389011 hits and 10 records
2025-09-18 16:59:05,339 - INFO - File 16921: Filtered 21029107 hits and 4 records
2025-09-18 16:59:10,247 - INFO - File 19906: Filtered 24239009 hits and 10 records
2025-09-18 16:59:19,623 - INFO - Completed /viper/ptmp/arego/RC4K1_EN_100/6048.h5 in 110.89 seconds
2025-09-18 16:59:19,789 - INFO - Processing /viper/ptmp/arego/RC4K1/20429.h5
2025-09-18 16:59:29,069 - INFO - File 20429: Filtered 16340965 hits and 9 records
2025-09-18 16:59:29,137 - INFO - Completed /viper/ptmp/arego/RC4K1_EN_100/25002.h5 in 47.92 seconds
2025-09-18 16:59:29,305 - INFO - Processing /viper/ptmp/arego/RC4K1/5034.h5
2025-09-18 16:59:38,420 - INFO - File 5034: Filtered 23023267 hits and 7 records
2025-09-18 17:00:07,068 - INFO - Completed /viper/ptmp/arego/RC4K1_EN_100/3687.h5 in 148.87 seconds
2025-09-18 17:00:07,231 - INFO - Processing /viper/ptmp/arego/RC4K1/12664.h5
2025-09-18 17:00:08,818 - INFO - Completed /viper/ptmp/arego/RC4K1_EN_100/26394.h5 in 88.37 seconds
2025-09-18 17:00:08,991 - INFO - Processing /viper/ptmp/arego/RC4K1/10081.h5
2025-09-18 17:00:17,904 - INFO - Completed /viper/ptmp/arego/RC4K1_EN_100/26356.h5 in 85.71 seconds
2025-09-18 17:00:18,140 - INFO - Processing /viper/ptmp/arego/RC4K1/23124.h5
2025-09-18 17:00:18,217 - INFO - File 12664: Filtered 21466808 hits and 9 records
2025-09-18 17:00:20,070 - INFO - File 10081: Filtered 33294278 hits and 10 records
2025-09-18 17:00:28,907 - INFO - File 23124: Filtered 30962590 hits and 6 records
2025-09-18 17:00:40,088 - INFO - Completed /viper/ptmp/arego/RC4K1_EN_100/19906.h5 in 99.73 seconds
2025-09-18 17:00:40,262 - INFO - Processing /viper/ptmp/arego/RC4K1/28798.h5
2025-09-18 17:00:48,891 - INFO - Completed /viper/ptmp/arego/RC4K1_EN_100/16921.h5 in 113.37 seconds
2025-09-18 17:00:49,084 - INFO - Processing /viper/ptmp/arego/RC4K1/28364.h5
2025-09-18 17:00:50,764 - INFO - File 28798: Filtered 16994606 hits and 8 records
2025-09-18 17:01:00,369 - INFO - File 28364: Filtered 26351255 hits and 10 records
2025-09-18 17:01:02,071 - INFO - Completed /viper/ptmp/arego/RC4K1_EN_100/11378.h5 in 159.52 seconds
2025-09-18 17:01:02,245 - INFO - Processing /viper/ptmp/arego/RC4K1/17162.h5
2025-09-18 17:01:13,039 - INFO - File 17162: Filtered 11912890 hits and 9 records
2025-09-18 17:01:17,198 - INFO - Completed /viper/ptmp/arego/RC4K1_EN_100/5034.h5 in 107.89 seconds
2025-09-18 17:01:17,383 - INFO - Processing /viper/ptmp/arego/RC4K1/4242.h5
2025-09-18 17:01:29,089 - INFO - File 4242: Filtered 29741993 hits and 8 records
2025-09-18 17:01:33,396 - INFO - Completed /viper/ptmp/arego/RC4K1_EN_100/20429.h5 in 133.61 seconds
2025-09-18 17:01:33,667 - INFO - Processing /viper/ptmp/arego/RC4K1/14406.h5
2025-09-18 17:01:35,351 - INFO - Completed /viper/ptmp/arego/RC4K1_EN_100/10081.h5 in 86.36 seconds
2025-09-18 17:01:35,516 - INFO - Processing /viper/ptmp/arego/RC4K1/29154.h5
2025-09-18 17:01:45,710 - INFO - File 14406: Filtered 27552406 hits and 7 records
2025-09-18 17:01:47,514 - INFO - File 29154: Filtered 21115292 hits and 5 records
2025-09-18 17:01:56,435 - INFO - Completed /viper/ptmp/arego/RC4K1_EN_100/23124.h5 in 98.29 seconds
2025-09-18 17:01:56,628 - INFO - Processing /viper/ptmp/arego/RC4K1/4775.h5
2025-09-18 17:02:07,721 - INFO - File 4775: Filtered 19140528 hits and 10 records
2025-09-18 17:02:18,076 - INFO - Completed /viper/ptmp/arego/RC4K1_EN_100/12664.h5 in 130.85 seconds
2025-09-18 17:02:18,285 - INFO - Processing /viper/ptmp/arego/RC4K1/3250.h5
2025-09-18 17:02:29,373 - INFO - File 3250: Filtered 33347172 hits and 6 records
2025-09-18 17:02:51,638 - INFO - Completed /viper/ptmp/arego/RC4K1_EN_100/28364.h5 in 122.55 seconds
2025-09-18 17:02:51,805 - INFO - Processing /viper/ptmp/arego/RC4K1/8954.h5
2025-09-18 17:03:03,578 - INFO - File 8954: Filtered 43392336 hits and 11 records
2025-09-18 17:03:08,414 - INFO - Completed /viper/ptmp/arego/RC4K1_EN_100/4242.h5 in 111.03 seconds
2025-09-18 17:03:08,581 - INFO - Processing /viper/ptmp/arego/RC4K1/5913.h5
2025-09-18 17:03:20,325 - INFO - File 5913: Filtered 37453429 hits and 7 records
2025-09-18 17:03:25,318 - INFO - Completed /viper/ptmp/arego/RC4K1_EN_100/28798.h5 in 165.06 seconds
2025-09-18 17:03:25,528 - INFO - Processing /viper/ptmp/arego/RC4K1/18986.h5
2025-09-18 17:03:35,823 - INFO - Completed /viper/ptmp/arego/RC4K1_EN_100/14406.h5 in 122.16 seconds
2025-09-18 17:03:36,029 - INFO - Processing /viper/ptmp/arego/RC4K1/27811.h5
2025-09-18 17:03:37,883 - INFO - File 18986: Filtered 23738239 hits and 6 records
2025-09-18 17:03:48,497 - INFO - File 27811: Filtered 39753019 hits and 7 records
2025-09-18 17:04:05,372 - INFO - Completed /viper/ptmp/arego/RC4K1_EN_100/8954.h5 in 73.57 seconds
2025-09-18 17:04:05,589 - INFO - Processing /viper/ptmp/arego/RC4K1/16803.h5
2025-09-18 17:04:07,419 - INFO - Completed /viper/ptmp/arego/RC4K1_EN_100/17162.h5 in 185.17 seconds
2025-09-18 17:04:07,447 - INFO - Completed /viper/ptmp/arego/RC4K1_EN_100/29154.h5 in 151.93 seconds
2025-09-18 17:04:07,586 - INFO - Processing /viper/ptmp/arego/RC4K1/20808.h5
2025-09-18 17:04:08,311 - INFO - Processing /viper/ptmp/arego/RC4K1/6543.h5
2025-09-18 17:04:10,275 - INFO - Completed /viper/ptmp/arego/RC4K1_EN_100/3250.h5 in 111.99 seconds
2025-09-18 17:04:10,448 - INFO - Processing /viper/ptmp/arego/RC4K1/6266.h5
2025-09-18 17:04:22,097 - INFO - File 16803: Filtered 31171999 hits and 7 records
2025-09-18 17:04:25,748 - INFO - File 20808: Filtered 27361500 hits and 9 records
2025-09-18 17:04:26,446 - INFO - File 6543: Filtered 33822748 hits and 7 records
2025-09-18 17:04:28,473 - INFO - File 6266: Filtered 38657212 hits and 9 records
2025-09-18 17:04:45,194 - INFO - Completed /viper/ptmp/arego/RC4K1_EN_100/4775.h5 in 168.57 seconds
2025-09-18 17:04:45,368 - INFO - Processing /viper/ptmp/arego/RC4K1/2848.h5
2025-09-18 17:04:53,336 - INFO - Completed /viper/ptmp/arego/RC4K1_EN_100/5913.h5 in 104.75 seconds
2025-09-18 17:04:53,505 - INFO - Processing /viper/ptmp/arego/RC4K1/28981.h5
2025-09-18 17:04:59,104 - INFO - File 2848: Filtered 30239126 hits and 6 records
2025-09-18 17:05:08,008 - INFO - File 28981: Filtered 23162514 hits and 5 records
2025-09-18 17:05:21,679 - INFO - Completed /viper/ptmp/arego/RC4K1_EN_100/27811.h5 in 105.65 seconds
2025-09-18 17:05:21,847 - INFO - Processing /viper/ptmp/arego/RC4K1/14089.h5
2025-09-18 17:05:36,328 - INFO - File 14089: Filtered 39621104 hits and 11 records
2025-09-18 17:06:13,925 - INFO - Completed /viper/ptmp/arego/RC4K1_EN_100/18986.h5 in 168.40 seconds
2025-09-18 17:06:14,099 - INFO - Processing /viper/ptmp/arego/RC4K1/23298.h5
2025-09-18 17:06:21,597 - INFO - Completed /viper/ptmp/arego/RC4K1_EN_100/6266.h5 in 131.15 seconds
2025-09-18 17:06:21,770 - INFO - Processing /viper/ptmp/arego/RC4K1/28166.h5
2025-09-18 17:06:28,490 - INFO - File 23298: Filtered 28677288 hits and 7 records
2025-09-18 17:06:36,383 - INFO - Completed /viper/ptmp/arego/RC4K1_EN_100/16803.h5 in 150.79 seconds
2025-09-18 17:06:36,574 - INFO - Processing /viper/ptmp/arego/RC4K1/15221.h5
2025-09-18 17:06:37,671 - INFO - File 28166: Filtered 28125179 hits and 7 records
2025-09-18 17:06:38,807 - INFO - Completed /viper/ptmp/arego/RC4K1_EN_100/6543.h5 in 150.50 seconds
2025-09-18 17:06:39,010 - INFO - Processing /viper/ptmp/arego/RC4K1/5022.h5
2025-09-18 17:06:51,402 - INFO - File 15221: Filtered 45961067 hits and 9 records
2025-09-18 17:07:04,378 - INFO - File 5022: Filtered 40106601 hits and 6 records
2025-09-18 17:07:08,048 - INFO - Completed /viper/ptmp/arego/RC4K1_EN_100/20808.h5 in 180.46 seconds
2025-09-18 17:07:08,296 - INFO - Processing /viper/ptmp/arego/RC4K1/1225.h5
2025-09-18 17:07:23,177 - INFO - File 1225: Filtered 40344718 hits and 9 records
2025-09-18 17:07:53,113 - INFO - Completed /viper/ptmp/arego/RC4K1_EN_100/2848.h5 in 187.75 seconds
2025-09-18 17:07:53,342 - INFO - Processing /viper/ptmp/arego/RC4K1/18236.h5
2025-09-18 17:07:57,771 - INFO - Completed /viper/ptmp/arego/RC4K1_EN_100/14089.h5 in 155.92 seconds
2025-09-18 17:07:57,943 - INFO - Processing /viper/ptmp/arego/RC4K1/27171.h5
2025-09-18 17:08:09,049 - INFO - File 18236: Filtered 34150423 hits and 6 records
2025-09-18 17:08:14,792 - INFO - File 27171: Filtered 32725199 hits and 9 records
2025-09-18 17:08:38,770 - INFO - Completed /viper/ptmp/arego/RC4K1_EN_100/28981.h5 in 225.26 seconds
2025-09-18 17:08:38,939 - INFO - Processing /viper/ptmp/arego/RC4K1/24815.h5
2025-09-18 17:08:51,520 - INFO - Completed /viper/ptmp/arego/RC4K1_EN_100/15221.h5 in 134.95 seconds
2025-09-18 17:08:51,731 - INFO - Processing /viper/ptmp/arego/RC4K1/7776.h5
2025-09-18 17:08:54,961 - INFO - File 24815: Filtered 36186987 hits and 10 records
2025-09-18 17:09:07,772 - INFO - File 7776: Filtered 31263596 hits and 8 records
2025-09-18 17:09:43,840 - INFO - Completed /viper/ptmp/arego/RC4K1_EN_100/23298.h5 in 209.74 seconds
2025-09-18 17:09:44,017 - INFO - Processing /viper/ptmp/arego/RC4K1/24309.h5
2025-09-18 17:09:48,781 - INFO - Completed /viper/ptmp/arego/RC4K1_EN_100/1225.h5 in 160.48 seconds
2025-09-18 17:09:48,959 - INFO - Processing /viper/ptmp/arego/RC4K1/12644.h5
2025-09-18 17:09:56,820 - INFO - Completed /viper/ptmp/arego/RC4K1_EN_100/28166.h5 in 215.05 seconds
2025-09-18 17:09:57,006 - INFO - Processing /viper/ptmp/arego/RC4K1/19834.h5
2025-09-18 17:10:01,953 - INFO - File 24309: Filtered 44701573 hits and 10 records
2025-09-18 17:10:06,772 - INFO - File 12644: Filtered 59197092 hits and 9 records
2025-09-18 17:10:15,514 - INFO - File 19834: Filtered 30209098 hits and 8 records
2025-09-18 17:11:19,562 - INFO - Completed /viper/ptmp/arego/RC4K1_EN_100/18236.h5 in 206.22 seconds
2025-09-18 17:11:19,737 - INFO - Processing /viper/ptmp/arego/RC4K1/9484.h5
2025-09-18 17:11:28,156 - INFO - Completed /viper/ptmp/arego/RC4K1_EN_100/27171.h5 in 210.21 seconds
2025-09-18 17:11:28,393 - INFO - Processing /viper/ptmp/arego/RC4K1/3061.h5
2025-09-18 17:11:40,278 - INFO - File 9484: Filtered 17187771 hits and 9 records
2025-09-18 17:11:48,943 - INFO - File 3061: Filtered 48965989 hits and 10 records
2025-09-18 17:11:55,118 - INFO - Completed /viper/ptmp/arego/RC4K1_EN_100/24815.h5 in 196.18 seconds
2025-09-18 17:11:55,335 - INFO - Processing /viper/ptmp/arego/RC4K1/13852.h5
2025-09-18 17:11:58,188 - INFO - Completed /viper/ptmp/arego/RC4K1_EN_100/12644.h5 in 129.23 seconds
2025-09-18 17:11:58,358 - INFO - Processing /viper/ptmp/arego/RC4K1/1621.h5
2025-09-18 17:12:18,111 - INFO - File 13852: Filtered 35664486 hits and 8 records
2025-09-18 17:12:23,977 - INFO - File 1621: Filtered 36914762 hits and 7 records
2025-09-18 17:12:30,429 - INFO - Completed /viper/ptmp/arego/RC4K1_EN_100/5022.h5 in 351.42 seconds
2025-09-18 17:12:30,631 - INFO - Processing /viper/ptmp/arego/RC4K1/26809.h5
2025-09-18 17:12:33,052 - INFO - Completed /viper/ptmp/arego/RC4K1_EN_100/7776.h5 in 221.32 seconds
2025-09-18 17:12:33,310 - INFO - Processing /viper/ptmp/arego/RC4K1/28.h5
2025-09-18 17:12:43,933 - INFO - Completed /viper/ptmp/arego/RC4K1_EN_100/24309.h5 in 179.92 seconds
2025-09-18 17:12:44,143 - INFO - Processing /viper/ptmp/arego/RC4K1/10867.h5
2025-09-18 17:12:51,058 - INFO - File 26809: Filtered 50097594 hits and 9 records
2025-09-18 17:12:57,211 - INFO - File 28: Filtered 51507347 hits and 9 records
2025-09-18 17:13:39,110 - INFO - File 10867: Filtered 179137656 hits and 12 records
2025-09-18 17:14:25,036 - INFO - Completed /viper/ptmp/arego/RC4K1_EN_100/19834.h5 in 268.03 seconds
2025-09-18 17:14:48,365 - INFO - Completed /viper/ptmp/arego/RC4K1_EN_100/3061.h5 in 199.97 seconds
2025-09-18 17:16:13,698 - INFO - Completed /viper/ptmp/arego/RC4K1_EN_100/26809.h5 in 223.07 seconds
2025-09-18 17:16:34,268 - INFO - Completed /viper/ptmp/arego/RC4K1_EN_100/13852.h5 in 278.93 seconds
2025-09-18 17:16:59,648 - INFO - Completed /viper/ptmp/arego/RC4K1_EN_100/10867.h5 in 255.50 seconds
2025-09-18 17:17:14,939 - INFO - Completed /viper/ptmp/arego/RC4K1_EN_100/28.h5 in 281.63 seconds
2025-09-18 17:17:29,245 - INFO - Completed /viper/ptmp/arego/RC4K1_EN_100/9484.h5 in 369.51 seconds
2025-09-18 17:17:52,578 - INFO - Completed /viper/ptmp/arego/RC4K1_EN_100/1621.h5 in 354.22 seconds
