2025-09-18 14:38:42,427 - INFO - Loaded skip configuration: 0 files to skip entirely, 35364 files with partial record skips
2025-09-18 14:38:43,398 - INFO - Processing /viper/ptmp/arego/RC4K1/9687.h5
2025-09-18 14:38:43,913 - INFO - Processing /viper/ptmp/arego/RC4K1/10292.h5
2025-09-18 14:38:44,488 - INFO - Processing /viper/ptmp/arego/RC4K1/7780.h5
2025-09-18 14:38:44,510 - INFO - File 9687: Filtered 430446 hits and 5 records
2025-09-18 14:38:44,567 - INFO - File 10292: Filtered 1290580 hits and 6 records
2025-09-18 14:38:45,107 - INFO - File 7780: Filtered 1626410 hits and 5 records
2025-09-18 14:38:45,126 - INFO - Processing /viper/ptmp/arego/RC4K1/13332.h5
2025-09-18 14:38:45,702 - INFO - Processing /viper/ptmp/arego/RC4K1/22805.h5
2025-09-18 14:38:45,896 - INFO - File 13332: Filtered 1348799 hits and 8 records
2025-09-18 14:38:46,376 - INFO - Processing /viper/ptmp/arego/RC4K1/22359.h5
2025-09-18 14:38:46,425 - INFO - File 22805: Filtered 1170325 hits and 7 records
2025-09-18 14:38:47,106 - INFO - Processing /viper/ptmp/arego/RC4K1/5446.h5
2025-09-18 14:38:47,171 - INFO - File 22359: Filtered 1429702 hits and 7 records
2025-09-18 14:38:47,656 - INFO - Processing /viper/ptmp/arego/RC4K1/28561.h5
2025-09-18 14:38:48,045 - INFO - File 5446: Filtered 975653 hits and 5 records
2025-09-18 14:38:48,440 - INFO - File 28561: Filtered 2250213 hits and 10 records
2025-09-18 14:38:48,749 - INFO - Completed /viper/ptmp/arego/RC4K1_EN_100/10292.h5 in 4.84 seconds
2025-09-18 14:38:48,964 - INFO - Completed /viper/ptmp/arego/RC4K1_EN_100/7780.h5 in 4.48 seconds
2025-09-18 14:38:48,976 - INFO - Processing /viper/ptmp/arego/RC4K1/16334.h5
2025-09-18 14:38:49,621 - INFO - Processing /viper/ptmp/arego/RC4K1/29829.h5
2025-09-18 14:38:49,822 - INFO - File 16334: Filtered 1144458 hits and 5 records
2025-09-18 14:38:50,435 - INFO - File 29829: Filtered 874187 hits and 3 records
2025-09-18 14:38:50,698 - INFO - Completed /viper/ptmp/arego/RC4K1_EN_100/9687.h5 in 7.30 seconds
2025-09-18 14:38:50,876 - INFO - Processing /viper/ptmp/arego/RC4K1/12988.h5
2025-09-18 14:38:51,617 - INFO - File 12988: Filtered 2625824 hits and 8 records
2025-09-18 14:38:53,316 - INFO - Completed /viper/ptmp/arego/RC4K1_EN_100/13332.h5 in 8.19 seconds
2025-09-18 14:38:53,481 - INFO - Processing /viper/ptmp/arego/RC4K1/3330.h5
2025-09-18 14:38:53,625 - INFO - Completed /viper/ptmp/arego/RC4K1_EN_100/22359.h5 in 7.25 seconds
2025-09-18 14:38:54,287 - INFO - File 3330: Filtered 3075530 hits and 7 records
2025-09-18 14:38:54,388 - INFO - Processing /viper/ptmp/arego/RC4K1/18353.h5
2025-09-18 14:38:54,905 - INFO - Completed /viper/ptmp/arego/RC4K1_EN_100/28561.h5 in 7.25 seconds
2025-09-18 14:38:55,139 - INFO - File 18353: Filtered 2401184 hits and 8 records
2025-09-18 14:38:55,230 - INFO - Processing /viper/ptmp/arego/RC4K1/14529.h5
2025-09-18 14:38:55,419 - INFO - Completed /viper/ptmp/arego/RC4K1_EN_100/22805.h5 in 9.72 seconds
2025-09-18 14:38:56,112 - INFO - File 14529: Filtered 1629498 hits and 6 records
2025-09-18 14:38:56,189 - INFO - Processing /viper/ptmp/arego/RC4K1/12366.h5
2025-09-18 14:38:57,113 - INFO - File 12366: Filtered 2681038 hits and 9 records
2025-09-18 14:38:57,122 - INFO - Completed /viper/ptmp/arego/RC4K1_EN_100/12988.h5 in 6.25 seconds
2025-09-18 14:38:57,290 - INFO - Processing /viper/ptmp/arego/RC4K1/16937.h5
2025-09-18 14:38:58,183 - INFO - File 16937: Filtered 2912757 hits and 5 records
2025-09-18 14:38:58,356 - INFO - Completed /viper/ptmp/arego/RC4K1_EN_100/3330.h5 in 4.87 seconds
2025-09-18 14:38:58,584 - INFO - Processing /viper/ptmp/arego/RC4K1/11048.h5
2025-09-18 14:38:59,593 - INFO - File 11048: Filtered 3345194 hits and 5 records
2025-09-18 14:38:59,671 - INFO - Completed /viper/ptmp/arego/RC4K1_EN_100/5446.h5 in 12.56 seconds
2025-09-18 14:38:59,844 - INFO - Processing /viper/ptmp/arego/RC4K1/6757.h5
2025-09-18 14:39:00,925 - INFO - Completed /viper/ptmp/arego/RC4K1_EN_100/16334.h5 in 11.95 seconds
2025-09-18 14:39:00,936 - INFO - Completed /viper/ptmp/arego/RC4K1_EN_100/18353.h5 in 6.55 seconds
2025-09-18 14:39:00,974 - INFO - File 6757: Filtered 1673228 hits and 7 records
2025-09-18 14:39:01,151 - INFO - Processing /viper/ptmp/arego/RC4K1/5311.h5
2025-09-18 14:39:02,041 - INFO - Processing /viper/ptmp/arego/RC4K1/28105.h5
2025-09-18 14:39:02,322 - INFO - File 5311: Filtered 2387953 hits and 7 records
2025-09-18 14:39:02,791 - INFO - Completed /viper/ptmp/arego/RC4K1_EN_100/29829.h5 in 13.17 seconds
2025-09-18 14:39:03,011 - INFO - Processing /viper/ptmp/arego/RC4K1/6697.h5
2025-09-18 14:39:03,188 - INFO - File 28105: Filtered 3244646 hits and 4 records
2025-09-18 14:39:03,886 - INFO - Completed /viper/ptmp/arego/RC4K1_EN_100/12366.h5 in 7.70 seconds
2025-09-18 14:39:04,065 - INFO - Processing /viper/ptmp/arego/RC4K1/12157.h5
2025-09-18 14:39:04,268 - INFO - File 6697: Filtered 3656214 hits and 4 records
2025-09-18 14:39:04,329 - INFO - Completed /viper/ptmp/arego/RC4K1_EN_100/11048.h5 in 5.75 seconds
2025-09-18 14:39:04,641 - INFO - Completed /viper/ptmp/arego/RC4K1_EN_100/16937.h5 in 7.35 seconds
2025-09-18 14:39:04,943 - INFO - Processing /viper/ptmp/arego/RC4K1/5048.h5
2025-09-18 14:39:05,228 - INFO - File 12157: Filtered 4289758 hits and 10 records
2025-09-18 14:39:05,742 - INFO - Processing /viper/ptmp/arego/RC4K1/25906.h5
2025-09-18 14:39:06,257 - INFO - File 5048: Filtered 2866953 hits and 7 records
2025-09-18 14:39:07,078 - INFO - File 25906: Filtered 3891081 hits and 8 records
2025-09-18 14:39:07,496 - INFO - Completed /viper/ptmp/arego/RC4K1_EN_100/14529.h5 in 12.27 seconds
2025-09-18 14:39:07,711 - INFO - Processing /viper/ptmp/arego/RC4K1/26188.h5
2025-09-18 14:39:09,249 - INFO - File 26188: Filtered 591371 hits and 4 records
2025-09-18 14:39:12,041 - INFO - Completed /viper/ptmp/arego/RC4K1_EN_100/28105.h5 in 10.00 seconds
2025-09-18 14:39:12,251 - INFO - Processing /viper/ptmp/arego/RC4K1/20034.h5
2025-09-18 14:39:12,646 - INFO - Completed /viper/ptmp/arego/RC4K1_EN_100/6697.h5 in 9.64 seconds
2025-09-18 14:39:13,099 - INFO - Completed /viper/ptmp/arego/RC4K1_EN_100/12157.h5 in 9.03 seconds
2025-09-18 14:39:13,191 - INFO - Processing /viper/ptmp/arego/RC4K1/16633.h5
2025-09-18 14:39:13,371 - INFO - Completed /viper/ptmp/arego/RC4K1_EN_100/6757.h5 in 13.53 seconds
2025-09-18 14:39:13,449 - INFO - File 20034: Filtered 3837261 hits and 7 records
2025-09-18 14:39:13,822 - INFO - Processing /viper/ptmp/arego/RC4K1/11114.h5
2025-09-18 14:39:14,654 - INFO - Processing /viper/ptmp/arego/RC4K1/28153.h5
2025-09-18 14:39:14,753 - INFO - File 16633: Filtered 1970749 hits and 6 records
2025-09-18 14:39:15,450 - INFO - File 11114: Filtered 4799828 hits and 11 records
2025-09-18 14:39:15,938 - INFO - File 28153: Filtered 4589178 hits and 7 records
2025-09-18 14:39:16,021 - INFO - Completed /viper/ptmp/arego/RC4K1_EN_100/5311.h5 in 14.87 seconds
2025-09-18 14:39:16,271 - INFO - Processing /viper/ptmp/arego/RC4K1/3364.h5
2025-09-18 14:39:17,548 - INFO - Completed /viper/ptmp/arego/RC4K1_EN_100/25906.h5 in 11.81 seconds
2025-09-18 14:39:17,745 - INFO - File 3364: Filtered 5333698 hits and 8 records
2025-09-18 14:39:17,777 - INFO - Processing /viper/ptmp/arego/RC4K1/26554.h5
2025-09-18 14:39:19,183 - INFO - File 26554: Filtered 5330486 hits and 5 records
2025-09-18 14:39:20,070 - INFO - Completed /viper/ptmp/arego/RC4K1_EN_100/5048.h5 in 15.13 seconds
2025-09-18 14:39:20,241 - INFO - Processing /viper/ptmp/arego/RC4K1/14808.h5
2025-09-18 14:39:21,801 - INFO - File 14808: Filtered 3565353 hits and 7 records
2025-09-18 14:39:23,956 - INFO - Completed /viper/ptmp/arego/RC4K1_EN_100/20034.h5 in 11.70 seconds
2025-09-18 14:39:24,119 - INFO - Processing /viper/ptmp/arego/RC4K1/14849.h5
2025-09-18 14:39:24,224 - INFO - Completed /viper/ptmp/arego/RC4K1_EN_100/3364.h5 in 7.95 seconds
2025-09-18 14:39:24,294 - INFO - Completed /viper/ptmp/arego/RC4K1_EN_100/11114.h5 in 10.47 seconds
2025-09-18 14:39:24,835 - INFO - Processing /viper/ptmp/arego/RC4K1/15424.h5
2025-09-18 14:39:25,146 - INFO - Completed /viper/ptmp/arego/RC4K1_EN_100/28153.h5 in 10.49 seconds
2025-09-18 14:39:25,384 - INFO - Processing /viper/ptmp/arego/RC4K1/796.h5
2025-09-18 14:39:25,443 - INFO - File 14849: Filtered 3583769 hits and 7 records
2025-09-18 14:39:26,275 - INFO - Processing /viper/ptmp/arego/RC4K1/25139.h5
2025-09-18 14:39:26,561 - INFO - File 15424: Filtered 874395 hits and 3 records
2025-09-18 14:39:26,833 - INFO - Completed /viper/ptmp/arego/RC4K1_EN_100/26554.h5 in 9.06 seconds
2025-09-18 14:39:27,129 - INFO - File 796: Filtered 3772292 hits and 7 records
2025-09-18 14:39:27,261 - INFO - Processing /viper/ptmp/arego/RC4K1/8738.h5
2025-09-18 14:39:27,755 - INFO - File 25139: Filtered 5091784 hits and 7 records
2025-09-18 14:39:28,930 - INFO - File 8738: Filtered 6871047 hits and 6 records
2025-09-18 14:39:33,348 - INFO - Completed /viper/ptmp/arego/RC4K1_EN_100/26188.h5 in 25.64 seconds
2025-09-18 14:39:33,549 - INFO - Processing /viper/ptmp/arego/RC4K1/4789.h5
2025-09-18 14:39:35,196 - INFO - File 4789: Filtered 5225803 hits and 10 records
2025-09-18 14:39:36,247 - INFO - Completed /viper/ptmp/arego/RC4K1_EN_100/8738.h5 in 8.99 seconds
2025-09-18 14:39:36,405 - INFO - Processing /viper/ptmp/arego/RC4K1/23850.h5
2025-09-18 14:39:36,648 - INFO - Completed /viper/ptmp/arego/RC4K1_EN_100/16633.h5 in 23.46 seconds
2025-09-18 14:39:36,736 - INFO - Completed /viper/ptmp/arego/RC4K1_EN_100/14808.h5 in 16.50 seconds
2025-09-18 14:39:37,216 - INFO - Processing /viper/ptmp/arego/RC4K1/23405.h5
2025-09-18 14:39:37,801 - INFO - Processing /viper/ptmp/arego/RC4K1/2429.h5
2025-09-18 14:39:38,213 - INFO - File 23850: Filtered 1725985 hits and 3 records
2025-09-18 14:39:38,467 - INFO - Completed /viper/ptmp/arego/RC4K1_EN_100/25139.h5 in 12.19 seconds
2025-09-18 14:39:38,656 - INFO - Processing /viper/ptmp/arego/RC4K1/18147.h5
2025-09-18 14:39:38,900 - INFO - Completed /viper/ptmp/arego/RC4K1_EN_100/14849.h5 in 14.78 seconds
2025-09-18 14:39:39,109 - INFO - File 23405: Filtered 4801903 hits and 7 records
2025-09-18 14:39:39,180 - INFO - Processing /viper/ptmp/arego/RC4K1/17235.h5
2025-09-18 14:39:39,872 - INFO - File 2429: Filtered 4518017 hits and 7 records
2025-09-18 14:39:40,323 - INFO - File 18147: Filtered 6635098 hits and 7 records
2025-09-18 14:39:40,970 - INFO - File 17235: Filtered 5059515 hits and 6 records
2025-09-18 14:39:41,513 - INFO - Completed /viper/ptmp/arego/RC4K1_EN_100/796.h5 in 16.13 seconds
2025-09-18 14:39:41,678 - INFO - Processing /viper/ptmp/arego/RC4K1/10504.h5
2025-09-18 14:39:43,375 - INFO - File 10504: Filtered 6354036 hits and 6 records
2025-09-18 14:39:49,397 - INFO - Completed /viper/ptmp/arego/RC4K1_EN_100/18147.h5 in 10.74 seconds
2025-09-18 14:39:49,625 - INFO - Processing /viper/ptmp/arego/RC4K1/29622.h5
2025-09-18 14:39:50,677 - INFO - Completed /viper/ptmp/arego/RC4K1_EN_100/4789.h5 in 17.13 seconds
2025-09-18 14:39:50,845 - INFO - Processing /viper/ptmp/arego/RC4K1/5345.h5
2025-09-18 14:39:51,421 - INFO - File 29622: Filtered 4669154 hits and 7 records
2025-09-18 14:39:52,992 - INFO - File 5345: Filtered 2445301 hits and 5 records
2025-09-18 14:39:53,390 - INFO - Completed /viper/ptmp/arego/RC4K1_EN_100/15424.h5 in 28.56 seconds
2025-09-18 14:39:53,567 - INFO - Processing /viper/ptmp/arego/RC4K1/22840.h5
2025-09-18 14:39:55,180 - INFO - Completed /viper/ptmp/arego/RC4K1_EN_100/10504.h5 in 13.50 seconds
2025-09-18 14:39:55,241 - INFO - Completed /viper/ptmp/arego/RC4K1_EN_100/23405.h5 in 18.02 seconds
2025-09-18 14:39:55,357 - INFO - Processing /viper/ptmp/arego/RC4K1/16732.h5
2025-09-18 14:39:55,532 - INFO - File 22840: Filtered 6794318 hits and 7 records
2025-09-18 14:39:55,795 - INFO - Completed /viper/ptmp/arego/RC4K1_EN_100/17235.h5 in 16.61 seconds
2025-09-18 14:39:55,928 - INFO - Processing /viper/ptmp/arego/RC4K1/5995.h5
2025-09-18 14:39:56,383 - INFO - Processing /viper/ptmp/arego/RC4K1/412.h5
2025-09-18 14:39:57,198 - INFO - File 16732: Filtered 3406289 hits and 6 records
2025-09-18 14:39:58,035 - INFO - Completed /viper/ptmp/arego/RC4K1_EN_100/2429.h5 in 20.23 seconds
2025-09-18 14:39:58,053 - INFO - File 5995: Filtered 5887311 hits and 7 records
2025-09-18 14:39:58,210 - INFO - Processing /viper/ptmp/arego/RC4K1/7684.h5
2025-09-18 14:39:58,562 - INFO - File 412: Filtered 2664682 hits and 7 records
2025-09-18 14:40:00,203 - INFO - File 7684: Filtered 3672680 hits and 5 records
2025-09-18 14:40:06,567 - INFO - Completed /viper/ptmp/arego/RC4K1_EN_100/22840.h5 in 13.00 seconds
2025-09-18 14:40:06,731 - INFO - Processing /viper/ptmp/arego/RC4K1/22102.h5
2025-09-18 14:40:08,053 - INFO - Completed /viper/ptmp/arego/RC4K1_EN_100/23850.h5 in 31.65 seconds
2025-09-18 14:40:08,258 - INFO - Processing /viper/ptmp/arego/RC4K1/22104.h5
2025-09-18 14:40:08,889 - INFO - File 22102: Filtered 6997666 hits and 7 records
2025-09-18 14:40:09,872 - INFO - Completed /viper/ptmp/arego/RC4K1_EN_100/29622.h5 in 20.25 seconds
2025-09-18 14:40:10,096 - INFO - Processing /viper/ptmp/arego/RC4K1/17019.h5
2025-09-18 14:40:10,437 - INFO - File 22104: Filtered 5165249 hits and 7 records
2025-09-18 14:40:12,274 - INFO - File 17019: Filtered 6394844 hits and 7 records
2025-09-18 14:40:18,105 - INFO - Completed /viper/ptmp/arego/RC4K1_EN_100/5995.h5 in 22.18 seconds
2025-09-18 14:40:18,375 - INFO - Processing /viper/ptmp/arego/RC4K1/19513.h5
2025-09-18 14:40:20,975 - INFO - File 19513: Filtered 2847480 hits and 6 records
2025-09-18 14:40:21,034 - INFO - Completed /viper/ptmp/arego/RC4K1_EN_100/5345.h5 in 30.19 seconds
2025-09-18 14:40:21,208 - INFO - Processing /viper/ptmp/arego/RC4K1/26006.h5
2025-09-18 14:40:22,160 - INFO - Completed /viper/ptmp/arego/RC4K1_EN_100/16732.h5 in 26.80 seconds
2025-09-18 14:40:22,375 - INFO - Processing /viper/ptmp/arego/RC4K1/18561.h5
2025-09-18 14:40:23,492 - INFO - File 26006: Filtered 7510966 hits and 6 records
2025-09-18 14:40:24,611 - INFO - Completed /viper/ptmp/arego/RC4K1_EN_100/22102.h5 in 17.88 seconds
2025-09-18 14:40:24,837 - INFO - Processing /viper/ptmp/arego/RC4K1/29854.h5
2025-09-18 14:40:24,852 - INFO - File 18561: Filtered 8883946 hits and 8 records
2025-09-18 14:40:27,015 - INFO - File 29854: Filtered 6698090 hits and 7 records
2025-09-18 14:40:30,798 - INFO - Completed /viper/ptmp/arego/RC4K1_EN_100/412.h5 in 34.42 seconds
2025-09-18 14:40:30,991 - INFO - Processing /viper/ptmp/arego/RC4K1/4641.h5
2025-09-18 14:40:31,222 - INFO - Completed /viper/ptmp/arego/RC4K1_EN_100/7684.h5 in 33.01 seconds
2025-09-18 14:40:31,687 - INFO - Processing /viper/ptmp/arego/RC4K1/450.h5
2025-09-18 14:40:33,167 - INFO - Completed /viper/ptmp/arego/RC4K1_EN_100/17019.h5 in 23.07 seconds
2025-09-18 14:40:33,239 - INFO - File 4641: Filtered 5019665 hits and 5 records
2025-09-18 14:40:33,443 - INFO - Processing /viper/ptmp/arego/RC4K1/10559.h5
2025-09-18 14:40:33,946 - INFO - Completed /viper/ptmp/arego/RC4K1_EN_100/22104.h5 in 25.69 seconds
2025-09-18 14:40:34,135 - INFO - File 450: Filtered 5252560 hits and 6 records
2025-09-18 14:40:34,195 - INFO - Processing /viper/ptmp/arego/RC4K1/14985.h5
2025-09-18 14:40:35,718 - INFO - File 10559: Filtered 6015258 hits and 6 records
2025-09-18 14:40:36,437 - INFO - File 14985: Filtered 9129062 hits and 10 records
2025-09-18 14:40:37,985 - INFO - Completed /viper/ptmp/arego/RC4K1_EN_100/18561.h5 in 15.61 seconds
2025-09-18 14:40:38,276 - INFO - Processing /viper/ptmp/arego/RC4K1/1105.h5
2025-09-18 14:40:39,632 - INFO - Completed /viper/ptmp/arego/RC4K1_EN_100/26006.h5 in 18.42 seconds
2025-09-18 14:40:39,796 - INFO - Processing /viper/ptmp/arego/RC4K1/29647.h5
2025-09-18 14:40:40,616 - INFO - File 1105: Filtered 7362608 hits and 9 records
2025-09-18 14:40:42,154 - INFO - File 29647: Filtered 3725219 hits and 6 records
2025-09-18 14:40:46,887 - INFO - Completed /viper/ptmp/arego/RC4K1_EN_100/29854.h5 in 22.05 seconds
2025-09-18 14:40:47,046 - INFO - Processing /viper/ptmp/arego/RC4K1/26306.h5
2025-09-18 14:40:49,463 - INFO - File 26306: Filtered 9616353 hits and 9 records
2025-09-18 14:40:50,047 - INFO - Completed /viper/ptmp/arego/RC4K1_EN_100/14985.h5 in 15.85 seconds
2025-09-18 14:40:50,215 - INFO - Processing /viper/ptmp/arego/RC4K1/950.h5
2025-09-18 14:40:52,479 - INFO - File 950: Filtered 9988879 hits and 7 records
2025-09-18 14:40:54,224 - INFO - Completed /viper/ptmp/arego/RC4K1_EN_100/19513.h5 in 35.85 seconds
2025-09-18 14:40:54,418 - INFO - Processing /viper/ptmp/arego/RC4K1/25444.h5
2025-09-18 14:40:57,174 - INFO - File 25444: Filtered 5406564 hits and 7 records
2025-09-18 14:40:57,970 - INFO - Completed /viper/ptmp/arego/RC4K1_EN_100/10559.h5 in 24.53 seconds
2025-09-18 14:40:58,199 - INFO - Processing /viper/ptmp/arego/RC4K1/20228.h5
2025-09-18 14:41:00,454 - INFO - Completed /viper/ptmp/arego/RC4K1_EN_100/450.h5 in 28.77 seconds
2025-09-18 14:41:00,554 - INFO - Completed /viper/ptmp/arego/RC4K1_EN_100/4641.h5 in 29.56 seconds
2025-09-18 14:41:00,599 - INFO - File 20228: Filtered 7747812 hits and 7 records
2025-09-18 14:41:00,677 - INFO - Processing /viper/ptmp/arego/RC4K1/1588.h5
2025-09-18 14:41:01,302 - INFO - Completed /viper/ptmp/arego/RC4K1_EN_100/26306.h5 in 14.26 seconds
2025-09-18 14:41:01,533 - INFO - Processing /viper/ptmp/arego/RC4K1/19033.h5
2025-09-18 14:41:02,057 - INFO - Processing /viper/ptmp/arego/RC4K1/28393.h5
2025-09-18 14:41:02,181 - INFO - Completed /viper/ptmp/arego/RC4K1_EN_100/1105.h5 in 23.91 seconds
2025-09-18 14:41:02,924 - INFO - Processing /viper/ptmp/arego/RC4K1/8271.h5
2025-09-18 14:41:03,236 - INFO - File 1588: Filtered 5034204 hits and 9 records
2025-09-18 14:41:03,907 - INFO - File 19033: Filtered 6831503 hits and 7 records
2025-09-18 14:41:04,741 - INFO - Completed /viper/ptmp/arego/RC4K1_EN_100/950.h5 in 14.53 seconds
2025-09-18 14:41:05,095 - INFO - Processing /viper/ptmp/arego/RC4K1/15694.h5
2025-09-18 14:41:05,529 - INFO - File 28393: Filtered 789133 hits and 4 records
2025-09-18 14:41:05,913 - INFO - File 8271: Filtered 5701395 hits and 7 records
2025-09-18 14:41:07,942 - INFO - File 15694: Filtered 8856705 hits and 7 records
2025-09-18 14:41:18,922 - INFO - Completed /viper/ptmp/arego/RC4K1_EN_100/29647.h5 in 39.13 seconds
2025-09-18 14:41:19,192 - INFO - Processing /viper/ptmp/arego/RC4K1/13873.h5
2025-09-18 14:41:20,980 - INFO - Completed /viper/ptmp/arego/RC4K1_EN_100/20228.h5 in 22.78 seconds
2025-09-18 14:41:21,148 - INFO - Processing /viper/ptmp/arego/RC4K1/17128.h5
2025-09-18 14:41:21,792 - INFO - File 13873: Filtered 8108024 hits and 7 records
2025-09-18 14:41:23,597 - INFO - File 17128: Filtered 7289955 hits and 8 records
2025-09-18 14:41:26,286 - INFO - Completed /viper/ptmp/arego/RC4K1_EN_100/15694.h5 in 21.19 seconds
2025-09-18 14:41:26,449 - INFO - Processing /viper/ptmp/arego/RC4K1/16587.h5
2025-09-18 14:41:28,147 - INFO - Completed /viper/ptmp/arego/RC4K1_EN_100/19033.h5 in 26.61 seconds
2025-09-18 14:41:28,370 - INFO - Processing /viper/ptmp/arego/RC4K1/20340.h5
2025-09-18 14:41:28,484 - INFO - Completed /viper/ptmp/arego/RC4K1_EN_100/25444.h5 in 34.07 seconds
2025-09-18 14:41:29,194 - INFO - Processing /viper/ptmp/arego/RC4K1/11084.h5
2025-09-18 14:41:29,386 - INFO - File 16587: Filtered 697856 hits and 5 records
2025-09-18 14:41:31,112 - INFO - File 20340: Filtered 5810688 hits and 8 records
2025-09-18 14:41:32,135 - INFO - File 11084: Filtered 7360390 hits and 6 records
2025-09-18 14:41:38,624 - INFO - Completed /viper/ptmp/arego/RC4K1_EN_100/1588.h5 in 37.95 seconds
2025-09-18 14:41:38,791 - INFO - Processing /viper/ptmp/arego/RC4K1/29293.h5
2025-09-18 14:41:39,714 - INFO - Completed /viper/ptmp/arego/RC4K1_EN_100/8271.h5 in 36.79 seconds
2025-09-18 14:41:39,940 - INFO - Processing /viper/ptmp/arego/RC4K1/21999.h5
2025-09-18 14:41:41,385 - INFO - File 29293: Filtered 12712054 hits and 4 records
2025-09-18 14:41:42,773 - INFO - File 21999: Filtered 8890576 hits and 4 records
2025-09-18 14:41:46,176 - INFO - Completed /viper/ptmp/arego/RC4K1_EN_100/13873.h5 in 26.98 seconds
2025-09-18 14:41:46,347 - INFO - Processing /viper/ptmp/arego/RC4K1/19469.h5
2025-09-18 14:41:47,687 - INFO - Completed /viper/ptmp/arego/RC4K1_EN_100/17128.h5 in 26.54 seconds
2025-09-18 14:41:47,854 - INFO - Processing /viper/ptmp/arego/RC4K1/13858.h5
2025-09-18 14:41:48,992 - INFO - File 19469: Filtered 12052317 hits and 9 records
2025-09-18 14:41:50,646 - INFO - File 13858: Filtered 4396053 hits and 4 records
2025-09-18 14:41:50,876 - INFO - Completed /viper/ptmp/arego/RC4K1_EN_100/29293.h5 in 12.09 seconds
2025-09-18 14:41:51,037 - INFO - Processing /viper/ptmp/arego/RC4K1/16860.h5
2025-09-18 14:41:53,841 - INFO - File 16860: Filtered 4725526 hits and 4 records
2025-09-18 14:41:56,712 - INFO - Completed /viper/ptmp/arego/RC4K1_EN_100/28393.h5 in 54.66 seconds
2025-09-18 14:41:56,879 - INFO - Processing /viper/ptmp/arego/RC4K1/11437.h5
2025-09-18 14:42:00,691 - INFO - Completed /viper/ptmp/arego/RC4K1_EN_100/19469.h5 in 14.34 seconds
2025-09-18 14:42:00,824 - INFO - Completed /viper/ptmp/arego/RC4K1_EN_100/11084.h5 in 31.63 seconds
2025-09-18 14:42:00,867 - INFO - Processing /viper/ptmp/arego/RC4K1/9761.h5
2025-09-18 14:42:01,249 - INFO - File 11437: Filtered 4277423 hits and 6 records
2025-09-18 14:42:01,329 - INFO - Completed /viper/ptmp/arego/RC4K1_EN_100/20340.h5 in 32.96 seconds
2025-09-18 14:42:01,395 - INFO - Processing /viper/ptmp/arego/RC4K1/285.h5
2025-09-18 14:42:02,013 - INFO - Processing /viper/ptmp/arego/RC4K1/2538.h5
2025-09-18 14:42:04,127 - INFO - File 9761: Filtered 5629687 hits and 6 records
2025-09-18 14:42:04,808 - INFO - File 2538: Filtered 9080624 hits and 8 records
2025-09-18 14:42:04,910 - INFO - File 285: Filtered 9009491 hits and 6 records
2025-09-18 14:42:07,817 - INFO - Completed /viper/ptmp/arego/RC4K1_EN_100/21999.h5 in 27.88 seconds
2025-09-18 14:42:08,031 - INFO - Processing /viper/ptmp/arego/RC4K1/12175.h5
2025-09-18 14:42:11,174 - INFO - File 12175: Filtered 10915336 hits and 8 records
2025-09-18 14:42:27,117 - INFO - Completed /viper/ptmp/arego/RC4K1_EN_100/13858.h5 in 39.26 seconds
2025-09-18 14:42:27,277 - INFO - Processing /viper/ptmp/arego/RC4K1/1378.h5
2025-09-18 14:42:28,984 - INFO - Completed /viper/ptmp/arego/RC4K1_EN_100/16587.h5 in 62.54 seconds
2025-09-18 14:42:29,203 - INFO - Processing /viper/ptmp/arego/RC4K1/16730.h5
2025-09-18 14:42:30,058 - INFO - File 1378: Filtered 9961714 hits and 10 records
2025-09-18 14:42:31,081 - INFO - Completed /viper/ptmp/arego/RC4K1_EN_100/2538.h5 in 29.07 seconds
2025-09-18 14:42:31,299 - INFO - Processing /viper/ptmp/arego/RC4K1/28831.h5
2025-09-18 14:42:32,319 - INFO - File 16730: Filtered 4886398 hits and 4 records
2025-09-18 14:42:32,775 - INFO - Completed /viper/ptmp/arego/RC4K1_EN_100/12175.h5 in 24.74 seconds
2025-09-18 14:42:32,935 - INFO - Processing /viper/ptmp/arego/RC4K1/26173.h5
2025-09-18 14:42:34,076 - INFO - File 28831: Filtered 14427393 hits and 8 records
2025-09-18 14:42:34,279 - INFO - Completed /viper/ptmp/arego/RC4K1_EN_100/285.h5 in 32.88 seconds
2025-09-18 14:42:34,444 - INFO - Processing /viper/ptmp/arego/RC4K1/29690.h5
2025-09-18 14:42:35,891 - INFO - File 26173: Filtered 10436756 hits and 6 records
2025-09-18 14:42:37,581 - INFO - File 29690: Filtered 4516041 hits and 8 records
2025-09-18 14:42:39,612 - INFO - Completed /viper/ptmp/arego/RC4K1_EN_100/16860.h5 in 48.58 seconds
2025-09-18 14:42:39,778 - INFO - Processing /viper/ptmp/arego/RC4K1/7290.h5
2025-09-18 14:42:40,047 - INFO - Completed /viper/ptmp/arego/RC4K1_EN_100/28831.h5 in 8.75 seconds
2025-09-18 14:42:40,408 - INFO - Processing /viper/ptmp/arego/RC4K1/21421.h5
2025-09-18 14:42:43,088 - INFO - Completed /viper/ptmp/arego/RC4K1_EN_100/9761.h5 in 42.22 seconds
2025-09-18 14:42:43,231 - INFO - File 7290: Filtered 8711984 hits and 8 records
2025-09-18 14:42:43,262 - INFO - Processing /viper/ptmp/arego/RC4K1/12617.h5
2025-09-18 14:42:43,383 - INFO - File 21421: Filtered 8896134 hits and 6 records
2025-09-18 14:42:46,195 - INFO - File 12617: Filtered 9859382 hits and 6 records
2025-09-18 14:42:53,590 - INFO - Completed /viper/ptmp/arego/RC4K1_EN_100/1378.h5 in 26.31 seconds
2025-09-18 14:42:53,747 - INFO - Processing /viper/ptmp/arego/RC4K1/24506.h5
2025-09-18 14:42:56,620 - INFO - File 24506: Filtered 6760603 hits and 8 records
2025-09-18 14:43:01,659 - INFO - Completed /viper/ptmp/arego/RC4K1_EN_100/26173.h5 in 28.72 seconds
2025-09-18 14:43:01,922 - INFO - Processing /viper/ptmp/arego/RC4K1/13282.h5
2025-09-18 14:43:05,600 - INFO - File 13282: Filtered 4928176 hits and 4 records
2025-09-18 14:43:11,200 - INFO - Completed /viper/ptmp/arego/RC4K1_EN_100/12617.h5 in 27.94 seconds
2025-09-18 14:43:11,368 - INFO - Processing /viper/ptmp/arego/RC4K1/9774.h5
2025-09-18 14:43:11,581 - INFO - Completed /viper/ptmp/arego/RC4K1_EN_100/21421.h5 in 31.17 seconds
2025-09-18 14:43:12,014 - INFO - Processing /viper/ptmp/arego/RC4K1/24567.h5
2025-09-18 14:43:14,561 - INFO - File 9774: Filtered 8174026 hits and 8 records
2025-09-18 14:43:14,979 - INFO - File 24567: Filtered 13871330 hits and 9 records
2025-09-18 14:43:15,440 - INFO - Completed /viper/ptmp/arego/RC4K1_EN_100/11437.h5 in 78.56 seconds
2025-09-18 14:43:15,613 - INFO - Processing /viper/ptmp/arego/RC4K1/28570.h5
2025-09-18 14:43:15,882 - INFO - Completed /viper/ptmp/arego/RC4K1_EN_100/7290.h5 in 36.10 seconds
2025-09-18 14:43:16,241 - INFO - Processing /viper/ptmp/arego/RC4K1/9673.h5
2025-09-18 14:43:18,620 - INFO - File 28570: Filtered 6912148 hits and 7 records
2025-09-18 14:43:19,244 - INFO - File 9673: Filtered 11476603 hits and 5 records
2025-09-18 14:43:20,586 - INFO - Completed /viper/ptmp/arego/RC4K1_EN_100/29690.h5 in 46.14 seconds
2025-09-18 14:43:20,775 - INFO - Processing /viper/ptmp/arego/RC4K1/14325.h5
2025-09-18 14:43:21,363 - INFO - Completed /viper/ptmp/arego/RC4K1_EN_100/16730.h5 in 52.16 seconds
2025-09-18 14:43:21,562 - INFO - Processing /viper/ptmp/arego/RC4K1/9796.h5
2025-09-18 14:43:24,005 - INFO - File 14325: Filtered 10524597 hits and 9 records
2025-09-18 14:43:24,949 - INFO - File 9796: Filtered 12936344 hits and 9 records
2025-09-18 14:43:27,513 - INFO - Completed /viper/ptmp/arego/RC4K1_EN_100/24567.h5 in 15.50 seconds
2025-09-18 14:43:27,673 - INFO - Processing /viper/ptmp/arego/RC4K1/18499.h5
2025-09-18 14:43:30,924 - INFO - File 18499: Filtered 11785615 hits and 7 records
2025-09-18 14:43:34,395 - INFO - Completed /viper/ptmp/arego/RC4K1_EN_100/24506.h5 in 40.65 seconds
2025-09-18 14:43:34,656 - INFO - Processing /viper/ptmp/arego/RC4K1/19948.h5
2025-09-18 14:43:37,896 - INFO - File 19948: Filtered 11916601 hits and 11 records
2025-09-18 14:43:41,952 - INFO - Completed /viper/ptmp/arego/RC4K1_EN_100/9673.h5 in 25.71 seconds
2025-09-18 14:43:42,216 - INFO - Processing /viper/ptmp/arego/RC4K1/13334.h5
2025-09-18 14:43:45,001 - INFO - Completed /viper/ptmp/arego/RC4K1_EN_100/9796.h5 in 23.44 seconds
2025-09-18 14:43:45,164 - INFO - Processing /viper/ptmp/arego/RC4K1/8311.h5
2025-09-18 14:43:45,613 - INFO - File 13334: Filtered 6800558 hits and 6 records
2025-09-18 14:43:46,520 - INFO - Completed /viper/ptmp/arego/RC4K1_EN_100/9774.h5 in 35.15 seconds
2025-09-18 14:43:46,681 - INFO - Processing /viper/ptmp/arego/RC4K1/14776.h5
2025-09-18 14:43:47,624 - INFO - Completed /viper/ptmp/arego/RC4K1_EN_100/13282.h5 in 45.70 seconds
2025-09-18 14:43:47,808 - INFO - Processing /viper/ptmp/arego/RC4K1/12016.h5
2025-09-18 14:43:48,689 - INFO - File 8311: Filtered 10285378 hits and 8 records
2025-09-18 14:43:50,191 - INFO - File 14776: Filtered 11074311 hits and 5 records
2025-09-18 14:43:51,074 - INFO - Completed /viper/ptmp/arego/RC4K1_EN_100/14325.h5 in 30.30 seconds
2025-09-18 14:43:51,275 - INFO - Processing /viper/ptmp/arego/RC4K1/21344.h5
2025-09-18 14:43:51,695 - INFO - File 12016: Filtered 6546370 hits and 6 records
2025-09-18 14:43:54,128 - INFO - Completed /viper/ptmp/arego/RC4K1_EN_100/28570.h5 in 38.51 seconds
2025-09-18 14:43:54,309 - INFO - Processing /viper/ptmp/arego/RC4K1/6376.h5
2025-09-18 14:43:54,746 - INFO - File 21344: Filtered 17653884 hits and 11 records
2025-09-18 14:43:55,299 - INFO - Completed /viper/ptmp/arego/RC4K1_EN_100/18499.h5 in 27.63 seconds
2025-09-18 14:43:55,459 - INFO - Processing /viper/ptmp/arego/RC4K1/27605.h5
2025-09-18 14:43:57,997 - INFO - File 6376: Filtered 8663610 hits and 9 records
2025-09-18 14:43:59,019 - INFO - File 27605: Filtered 10419199 hits and 8 records
2025-09-18 14:44:00,410 - INFO - Completed /viper/ptmp/arego/RC4K1_EN_100/21344.h5 in 9.13 seconds
2025-09-18 14:44:00,599 - INFO - Processing /viper/ptmp/arego/RC4K1/29274.h5
2025-09-18 14:44:01,839 - INFO - Completed /viper/ptmp/arego/RC4K1_EN_100/19948.h5 in 27.18 seconds
2025-09-18 14:44:01,991 - INFO - Processing /viper/ptmp/arego/RC4K1/14110.h5
2025-09-18 14:44:04,129 - INFO - File 29274: Filtered 11019807 hits and 6 records
2025-09-18 14:44:05,473 - INFO - File 14110: Filtered 13023068 hits and 5 records
2025-09-18 14:44:17,635 - INFO - Completed /viper/ptmp/arego/RC4K1_EN_100/14776.h5 in 30.95 seconds
2025-09-18 14:44:17,838 - INFO - Processing /viper/ptmp/arego/RC4K1/19525.h5
2025-09-18 14:44:20,812 - INFO - Completed /viper/ptmp/arego/RC4K1_EN_100/8311.h5 in 35.65 seconds
2025-09-18 14:44:20,984 - INFO - Processing /viper/ptmp/arego/RC4K1/7730.h5
2025-09-18 14:44:21,524 - INFO - File 19525: Filtered 8268674 hits and 5 records
2025-09-18 14:44:24,659 - INFO - File 7730: Filtered 7765195 hits and 5 records
2025-09-18 14:44:25,169 - INFO - Completed /viper/ptmp/arego/RC4K1_EN_100/13334.h5 in 42.95 seconds
2025-09-18 14:44:25,387 - INFO - Processing /viper/ptmp/arego/RC4K1/11751.h5
2025-09-18 14:44:28,994 - INFO - File 11751: Filtered 14144312 hits and 6 records
2025-09-18 14:44:29,554 - INFO - Completed /viper/ptmp/arego/RC4K1_EN_100/14110.h5 in 27.56 seconds
2025-09-18 14:44:29,723 - INFO - Processing /viper/ptmp/arego/RC4K1/18658.h5
2025-09-18 14:44:32,280 - INFO - Completed /viper/ptmp/arego/RC4K1_EN_100/27605.h5 in 36.82 seconds
2025-09-18 14:44:32,461 - INFO - Processing /viper/ptmp/arego/RC4K1/70.h5
2025-09-18 14:44:33,546 - INFO - File 18658: Filtered 15097725 hits and 11 records
2025-09-18 14:44:35,932 - INFO - File 70: Filtered 16437319 hits and 7 records
2025-09-18 14:44:36,604 - INFO - Completed /viper/ptmp/arego/RC4K1_EN_100/6376.h5 in 42.29 seconds
2025-09-18 14:44:36,658 - INFO - Completed /viper/ptmp/arego/RC4K1_EN_100/29274.h5 in 36.06 seconds
2025-09-18 14:44:36,776 - INFO - Processing /viper/ptmp/arego/RC4K1/24332.h5
2025-09-18 14:44:37,511 - INFO - Processing /viper/ptmp/arego/RC4K1/11841.h5
2025-09-18 14:44:40,739 - INFO - File 24332: Filtered 11480741 hits and 7 records
2025-09-18 14:44:41,540 - INFO - File 11841: Filtered 10754188 hits and 8 records
2025-09-18 14:44:42,404 - INFO - Completed /viper/ptmp/arego/RC4K1_EN_100/12016.h5 in 54.60 seconds
2025-09-18 14:44:42,567 - INFO - Processing /viper/ptmp/arego/RC4K1/21266.h5
2025-09-18 14:44:46,302 - INFO - File 21266: Filtered 7043543 hits and 6 records
2025-09-18 14:44:48,794 - INFO - Completed /viper/ptmp/arego/RC4K1_EN_100/11751.h5 in 23.41 seconds
2025-09-18 14:44:48,952 - INFO - Processing /viper/ptmp/arego/RC4K1/5735.h5
2025-09-18 14:44:49,256 - INFO - Completed /viper/ptmp/arego/RC4K1_EN_100/70.h5 in 16.80 seconds
2025-09-18 14:44:49,430 - INFO - Processing /viper/ptmp/arego/RC4K1/15185.h5
2025-09-18 14:44:50,940 - INFO - Completed /viper/ptmp/arego/RC4K1_EN_100/18658.h5 in 21.22 seconds
2025-09-18 14:44:51,153 - INFO - Processing /viper/ptmp/arego/RC4K1/4930.h5
2025-09-18 14:44:52,871 - INFO - File 5735: Filtered 8034348 hits and 7 records
2025-09-18 14:44:53,568 - INFO - File 15185: Filtered 9841035 hits and 9 records
2025-09-18 14:44:55,222 - INFO - File 4930: Filtered 10221913 hits and 8 records
2025-09-18 14:45:01,317 - INFO - Completed /viper/ptmp/arego/RC4K1_EN_100/19525.h5 in 43.48 seconds
2025-09-18 14:45:01,480 - INFO - Processing /viper/ptmp/arego/RC4K1/13345.h5
2025-09-18 14:45:04,587 - INFO - Completed /viper/ptmp/arego/RC4K1_EN_100/7730.h5 in 43.60 seconds
2025-09-18 14:45:04,766 - INFO - Processing /viper/ptmp/arego/RC4K1/21722.h5
2025-09-18 14:45:05,416 - INFO - File 13345: Filtered 8632432 hits and 8 records
2025-09-18 14:45:08,695 - INFO - File 21722: Filtered 13029489 hits and 10 records
2025-09-18 14:45:11,868 - INFO - Completed /viper/ptmp/arego/RC4K1_EN_100/24332.h5 in 35.09 seconds
2025-09-18 14:45:12,030 - INFO - Processing /viper/ptmp/arego/RC4K1/19382.h5
2025-09-18 14:45:16,098 - INFO - File 19382: Filtered 7095920 hits and 9 records
2025-09-18 14:45:19,659 - INFO - Completed /viper/ptmp/arego/RC4K1_EN_100/11841.h5 in 42.15 seconds
2025-09-18 14:45:19,813 - INFO - Processing /viper/ptmp/arego/RC4K1/25673.h5
2025-09-18 14:45:23,761 - INFO - File 25673: Filtered 6536459 hits and 6 records
2025-09-18 14:45:29,143 - INFO - Completed /viper/ptmp/arego/RC4K1_EN_100/15185.h5 in 39.71 seconds
2025-09-18 14:45:29,357 - INFO - Processing /viper/ptmp/arego/RC4K1/15485.h5
2025-09-18 14:45:31,135 - INFO - Completed /viper/ptmp/arego/RC4K1_EN_100/4930.h5 in 39.98 seconds
2025-09-18 14:45:31,344 - INFO - Processing /viper/ptmp/arego/RC4K1/20905.h5
2025-09-18 14:45:33,348 - INFO - File 15485: Filtered 10726032 hits and 7 records
2025-09-18 14:45:34,981 - INFO - Completed /viper/ptmp/arego/RC4K1_EN_100/21266.h5 in 52.41 seconds
2025-09-18 14:45:35,134 - INFO - Processing /viper/ptmp/arego/RC4K1/22156.h5
2025-09-18 14:45:35,159 - INFO - Completed /viper/ptmp/arego/RC4K1_EN_100/5735.h5 in 46.21 seconds
2025-09-18 14:45:35,500 - INFO - File 20905: Filtered 9528210 hits and 5 records
2025-09-18 14:45:35,842 - INFO - Processing /viper/ptmp/arego/RC4K1/25910.h5
2025-09-18 14:45:38,034 - INFO - Completed /viper/ptmp/arego/RC4K1_EN_100/21722.h5 in 33.27 seconds
2025-09-18 14:45:38,254 - INFO - Processing /viper/ptmp/arego/RC4K1/16117.h5
2025-09-18 14:45:39,282 - INFO - File 22156: Filtered 8380810 hits and 8 records
2025-09-18 14:45:39,595 - INFO - File 25910: Filtered 15410560 hits and 6 records
2025-09-18 14:45:42,343 - INFO - File 16117: Filtered 11009428 hits and 8 records
2025-09-18 14:45:52,511 - INFO - Completed /viper/ptmp/arego/RC4K1_EN_100/13345.h5 in 51.03 seconds
2025-09-18 14:45:52,679 - INFO - Processing /viper/ptmp/arego/RC4K1/9106.h5
2025-09-18 14:45:56,650 - INFO - File 9106: Filtered 12759685 hits and 6 records
2025-09-18 14:46:00,997 - INFO - Completed /viper/ptmp/arego/RC4K1_EN_100/25910.h5 in 25.16 seconds
2025-09-18 14:46:01,183 - INFO - Processing /viper/ptmp/arego/RC4K1/23476.h5
2025-09-18 14:46:05,303 - INFO - File 23476: Filtered 13543254 hits and 8 records
2025-09-18 14:46:12,931 - INFO - Completed /viper/ptmp/arego/RC4K1_EN_100/19382.h5 in 60.90 seconds
2025-09-18 14:46:13,084 - INFO - Processing /viper/ptmp/arego/RC4K1/18946.h5
2025-09-18 14:46:13,482 - INFO - Completed /viper/ptmp/arego/RC4K1_EN_100/15485.h5 in 44.13 seconds
2025-09-18 14:46:13,847 - INFO - Processing /viper/ptmp/arego/RC4K1/24779.h5
2025-09-18 14:46:17,412 - INFO - File 18946: Filtered 8715061 hits and 5 records
2025-09-18 14:46:17,461 - INFO - Completed /viper/ptmp/arego/RC4K1_EN_100/20905.h5 in 46.12 seconds
2025-09-18 14:46:17,687 - INFO - Processing /viper/ptmp/arego/RC4K1/25172.h5
2025-09-18 14:46:17,963 - INFO - File 24779: Filtered 13653220 hits and 7 records
2025-09-18 14:46:20,351 - INFO - Completed /viper/ptmp/arego/RC4K1_EN_100/16117.h5 in 42.10 seconds
2025-09-18 14:46:20,514 - INFO - Processing /viper/ptmp/arego/RC4K1/16215.h5
2025-09-18 14:46:21,789 - INFO - File 25172: Filtered 17375197 hits and 7 records
2025-09-18 14:46:22,720 - INFO - Completed /viper/ptmp/arego/RC4K1_EN_100/25673.h5 in 62.91 seconds
2025-09-18 14:46:22,878 - INFO - Processing /viper/ptmp/arego/RC4K1/14502.h5
2025-09-18 14:46:24,666 - INFO - File 16215: Filtered 16849183 hits and 6 records
2025-09-18 14:46:27,287 - INFO - File 14502: Filtered 5858327 hits and 3 records
2025-09-18 14:46:32,011 - INFO - Completed /viper/ptmp/arego/RC4K1_EN_100/9106.h5 in 39.33 seconds
2025-09-18 14:46:32,175 - INFO - Processing /viper/ptmp/arego/RC4K1/27455.h5
2025-09-18 14:46:32,336 - INFO - Completed /viper/ptmp/arego/RC4K1_EN_100/22156.h5 in 57.20 seconds
2025-09-18 14:46:32,959 - INFO - Processing /viper/ptmp/arego/RC4K1/7829.h5
2025-09-18 14:46:36,708 - INFO - File 27455: Filtered 13351466 hits and 9 records
2025-09-18 14:46:37,516 - INFO - File 7829: Filtered 14305603 hits and 7 records
2025-09-18 14:46:38,119 - INFO - Completed /viper/ptmp/arego/RC4K1_EN_100/23476.h5 in 36.94 seconds
2025-09-18 14:46:38,344 - INFO - Processing /viper/ptmp/arego/RC4K1/5748.h5
2025-09-18 14:46:40,036 - INFO - Completed /viper/ptmp/arego/RC4K1_EN_100/25172.h5 in 22.35 seconds
2025-09-18 14:46:40,227 - INFO - Processing /viper/ptmp/arego/RC4K1/8240.h5
2025-09-18 14:46:42,741 - INFO - File 5748: Filtered 12665348 hits and 5 records
2025-09-18 14:46:44,760 - INFO - File 8240: Filtered 15391473 hits and 7 records
2025-09-18 14:46:46,018 - INFO - Completed /viper/ptmp/arego/RC4K1_EN_100/16215.h5 in 25.50 seconds
2025-09-18 14:46:46,164 - INFO - Processing /viper/ptmp/arego/RC4K1/13094.h5
2025-09-18 14:46:50,666 - INFO - File 13094: Filtered 10939336 hits and 6 records
2025-09-18 14:46:50,959 - INFO - Completed /viper/ptmp/arego/RC4K1_EN_100/24779.h5 in 37.11 seconds
2025-09-18 14:46:51,160 - INFO - Processing /viper/ptmp/arego/RC4K1/827.h5
2025-09-18 14:46:55,608 - INFO - File 827: Filtered 7957905 hits and 7 records
2025-09-18 14:47:07,193 - INFO - Completed /viper/ptmp/arego/RC4K1_EN_100/18946.h5 in 54.11 seconds
2025-09-18 14:47:07,354 - INFO - Processing /viper/ptmp/arego/RC4K1/10733.h5
2025-09-18 14:47:12,089 - INFO - File 10733: Filtered 13656790 hits and 9 records
2025-09-18 14:47:13,833 - INFO - Completed /viper/ptmp/arego/RC4K1_EN_100/27455.h5 in 41.66 seconds
2025-09-18 14:47:13,990 - INFO - Processing /viper/ptmp/arego/RC4K1/11563.h5
2025-09-18 14:47:15,092 - INFO - Completed /viper/ptmp/arego/RC4K1_EN_100/8240.h5 in 34.87 seconds
2025-09-18 14:47:15,249 - INFO - Processing /viper/ptmp/arego/RC4K1/24237.h5
2025-09-18 14:47:15,627 - INFO - Completed /viper/ptmp/arego/RC4K1_EN_100/7829.h5 in 42.67 seconds
2025-09-18 14:47:15,995 - INFO - Processing /viper/ptmp/arego/RC4K1/4178.h5
2025-09-18 14:47:19,108 - INFO - File 11563: Filtered 14973917 hits and 7 records
2025-09-18 14:47:19,661 - INFO - File 24237: Filtered 8280213 hits and 5 records
2025-09-18 14:47:21,320 - INFO - File 4178: Filtered 8402081 hits and 7 records
2025-09-18 14:47:26,373 - INFO - Completed /viper/ptmp/arego/RC4K1_EN_100/5748.h5 in 48.03 seconds
2025-09-18 14:47:26,578 - INFO - Processing /viper/ptmp/arego/RC4K1/26114.h5
2025-09-18 14:47:31,247 - INFO - File 26114: Filtered 8238861 hits and 6 records
2025-09-18 14:47:36,870 - INFO - Completed /viper/ptmp/arego/RC4K1_EN_100/14502.h5 in 73.99 seconds
2025-09-18 14:47:37,067 - INFO - Processing /viper/ptmp/arego/RC4K1/10414.h5
2025-09-18 14:47:40,722 - INFO - Completed /viper/ptmp/arego/RC4K1_EN_100/13094.h5 in 54.56 seconds
2025-09-18 14:47:40,902 - INFO - Processing /viper/ptmp/arego/RC4K1/25443.h5
2025-09-18 14:47:42,105 - INFO - File 10414: Filtered 6303496 hits and 2 records
2025-09-18 14:47:45,682 - INFO - File 25443: Filtered 15999546 hits and 8 records
2025-09-18 14:47:50,037 - INFO - Completed /viper/ptmp/arego/RC4K1_EN_100/10733.h5 in 42.68 seconds
2025-09-18 14:47:50,230 - INFO - Processing /viper/ptmp/arego/RC4K1/26435.h5
2025-09-18 14:47:54,963 - INFO - File 26435: Filtered 10476097 hits and 5 records
2025-09-18 14:47:58,035 - INFO - Completed /viper/ptmp/arego/RC4K1_EN_100/827.h5 in 66.87 seconds
2025-09-18 14:47:58,194 - INFO - Processing /viper/ptmp/arego/RC4K1/20674.h5
2025-09-18 14:48:01,756 - INFO - Completed /viper/ptmp/arego/RC4K1_EN_100/11563.h5 in 47.77 seconds
2025-09-18 14:48:01,917 - INFO - Processing /viper/ptmp/arego/RC4K1/25146.h5
2025-09-18 14:48:02,807 - INFO - File 20674: Filtered 13774838 hits and 9 records
2025-09-18 14:48:06,717 - INFO - File 25146: Filtered 13615163 hits and 8 records
2025-09-18 14:48:17,382 - INFO - Completed /viper/ptmp/arego/RC4K1_EN_100/24237.h5 in 62.13 seconds
2025-09-18 14:48:17,608 - INFO - Processing /viper/ptmp/arego/RC4K1/11140.h5
2025-09-18 14:48:21,322 - INFO - Completed /viper/ptmp/arego/RC4K1_EN_100/25443.h5 in 40.42 seconds
2025-09-18 14:48:21,524 - INFO - Processing /viper/ptmp/arego/RC4K1/28520.h5
2025-09-18 14:48:22,449 - INFO - File 11140: Filtered 15034085 hits and 4 records
2025-09-18 14:48:26,334 - INFO - File 28520: Filtered 16647897 hits and 8 records
2025-09-18 14:48:29,807 - INFO - Completed /viper/ptmp/arego/RC4K1_EN_100/4178.h5 in 73.81 seconds
2025-09-18 14:48:30,019 - INFO - Processing /viper/ptmp/arego/RC4K1/23625.h5
2025-09-18 14:48:35,143 - INFO - File 23625: Filtered 4438110 hits and 4 records
2025-09-18 14:48:38,458 - INFO - Completed /viper/ptmp/arego/RC4K1_EN_100/26114.h5 in 71.88 seconds
2025-09-18 14:48:38,618 - INFO - Processing /viper/ptmp/arego/RC4K1/6678.h5
2025-09-18 14:48:43,625 - INFO - File 6678: Filtered 11601617 hits and 7 records
2025-09-18 14:48:45,480 - INFO - Completed /viper/ptmp/arego/RC4K1_EN_100/20674.h5 in 47.29 seconds
2025-09-18 14:48:45,641 - INFO - Processing /viper/ptmp/arego/RC4K1/12517.h5
2025-09-18 14:48:50,511 - INFO - File 12517: Filtered 16591716 hits and 5 records
2025-09-18 14:48:54,913 - INFO - Completed /viper/ptmp/arego/RC4K1_EN_100/26435.h5 in 64.68 seconds
2025-09-18 14:48:55,082 - INFO - Processing /viper/ptmp/arego/RC4K1/12110.h5
2025-09-18 14:48:57,350 - INFO - Completed /viper/ptmp/arego/RC4K1_EN_100/25146.h5 in 55.43 seconds
2025-09-18 14:48:57,625 - INFO - Processing /viper/ptmp/arego/RC4K1/25541.h5
2025-09-18 14:48:57,812 - INFO - Completed /viper/ptmp/arego/RC4K1_EN_100/11140.h5 in 40.20 seconds
2025-09-18 14:48:58,375 - INFO - Processing /viper/ptmp/arego/RC4K1/27718.h5
2025-09-18 14:49:00,304 - INFO - File 12110: Filtered 11024818 hits and 8 records
2025-09-18 14:49:02,645 - INFO - Completed /viper/ptmp/arego/RC4K1_EN_100/28520.h5 in 41.12 seconds
2025-09-18 14:49:02,827 - INFO - Processing /viper/ptmp/arego/RC4K1/2035.h5
2025-09-18 14:49:03,152 - INFO - File 25541: Filtered 20261004 hits and 9 records
2025-09-18 14:49:03,338 - INFO - File 27718: Filtered 17324527 hits and 9 records
2025-09-18 14:49:08,174 - INFO - File 2035: Filtered 12297872 hits and 8 records
2025-09-18 14:49:13,013 - INFO - Completed /viper/ptmp/arego/RC4K1_EN_100/10414.h5 in 95.95 seconds
2025-09-18 14:49:13,177 - INFO - Processing /viper/ptmp/arego/RC4K1/27937.h5
2025-09-18 14:49:18,274 - INFO - File 27937: Filtered 20287839 hits and 4 records
2025-09-18 14:49:25,462 - INFO - Completed /viper/ptmp/arego/RC4K1_EN_100/12517.h5 in 39.82 seconds
2025-09-18 14:49:25,622 - INFO - Processing /viper/ptmp/arego/RC4K1/7917.h5
2025-09-18 14:49:30,307 - INFO - Completed /viper/ptmp/arego/RC4K1_EN_100/25541.h5 in 32.68 seconds
2025-09-18 14:49:30,538 - INFO - Processing /viper/ptmp/arego/RC4K1/28599.h5
2025-09-18 14:49:30,783 - INFO - File 7917: Filtered 7909435 hits and 6 records
2025-09-18 14:49:36,000 - INFO - File 28599: Filtered 13220942 hits and 6 records
2025-09-18 14:49:41,822 - INFO - Completed /viper/ptmp/arego/RC4K1_EN_100/27718.h5 in 43.45 seconds
2025-09-18 14:49:42,041 - INFO - Processing /viper/ptmp/arego/RC4K1/25060.h5
2025-09-18 14:49:47,357 - INFO - File 25060: Filtered 13112583 hits and 8 records
2025-09-18 14:49:49,060 - INFO - Completed /viper/ptmp/arego/RC4K1_EN_100/27937.h5 in 35.88 seconds
2025-09-18 14:49:49,287 - INFO - Processing /viper/ptmp/arego/RC4K1/18924.h5
2025-09-18 14:49:52,252 - INFO - Completed /viper/ptmp/arego/RC4K1_EN_100/6678.h5 in 73.63 seconds
2025-09-18 14:49:52,530 - INFO - Processing /viper/ptmp/arego/RC4K1/24666.h5
2025-09-18 14:49:54,869 - INFO - File 18924: Filtered 16808315 hits and 9 records
2025-09-18 14:49:58,531 - INFO - File 24666: Filtered 15164771 hits and 8 records
2025-09-18 14:50:05,870 - INFO - Completed /viper/ptmp/arego/RC4K1_EN_100/23625.h5 in 95.85 seconds
2025-09-18 14:50:06,037 - INFO - Processing /viper/ptmp/arego/RC4K1/16596.h5
2025-09-18 14:50:09,607 - INFO - Completed /viper/ptmp/arego/RC4K1_EN_100/2035.h5 in 66.78 seconds
2025-09-18 14:50:09,796 - INFO - Processing /viper/ptmp/arego/RC4K1/11661.h5
2025-09-18 14:50:11,289 - INFO - Completed /viper/ptmp/arego/RC4K1_EN_100/12110.h5 in 76.21 seconds
2025-09-18 14:50:11,540 - INFO - Processing /viper/ptmp/arego/RC4K1/15858.h5
2025-09-18 14:50:11,572 - INFO - File 16596: Filtered 19768117 hits and 7 records
2025-09-18 14:50:15,314 - INFO - File 11661: Filtered 9660071 hits and 3 records
2025-09-18 14:50:17,717 - INFO - File 15858: Filtered 18373249 hits and 8 records
2025-09-18 14:50:37,102 - INFO - Completed /viper/ptmp/arego/RC4K1_EN_100/18924.h5 in 47.81 seconds
2025-09-18 14:50:37,323 - INFO - Processing /viper/ptmp/arego/RC4K1/7414.h5
2025-09-18 14:50:38,881 - INFO - Completed /viper/ptmp/arego/RC4K1_EN_100/28599.h5 in 68.34 seconds
2025-09-18 14:50:39,098 - INFO - Processing /viper/ptmp/arego/RC4K1/14425.h5
2025-09-18 14:50:42,976 - INFO - Completed /viper/ptmp/arego/RC4K1_EN_100/25060.h5 in 60.93 seconds
2025-09-18 14:50:42,995 - INFO - File 7414: Filtered 23928000 hits and 8 records
2025-09-18 14:50:43,137 - INFO - Processing /viper/ptmp/arego/RC4K1/12638.h5
2025-09-18 14:50:45,153 - INFO - File 14425: Filtered 12658297 hits and 7 records
2025-09-18 14:50:47,796 - INFO - Completed /viper/ptmp/arego/RC4K1_EN_100/7917.h5 in 82.17 seconds
2025-09-18 14:50:47,953 - INFO - Processing /viper/ptmp/arego/RC4K1/6498.h5
2025-09-18 14:50:48,608 - INFO - File 12638: Filtered 17891644 hits and 7 records
2025-09-18 14:50:52,151 - INFO - Completed /viper/ptmp/arego/RC4K1_EN_100/16596.h5 in 46.11 seconds
2025-09-18 14:50:52,379 - INFO - Processing /viper/ptmp/arego/RC4K1/16784.h5
2025-09-18 14:50:53,377 - INFO - File 6498: Filtered 18788361 hits and 7 records
2025-09-18 14:50:53,648 - INFO - Completed /viper/ptmp/arego/RC4K1_EN_100/15858.h5 in 42.11 seconds
2025-09-18 14:50:53,818 - INFO - Processing /viper/ptmp/arego/RC4K1/18022.h5
2025-09-18 14:50:59,235 - INFO - File 16784: Filtered 16372822 hits and 9 records
2025-09-18 14:50:59,876 - INFO - File 18022: Filtered 23154095 hits and 10 records
2025-09-18 14:51:01,078 - INFO - Completed /viper/ptmp/arego/RC4K1_EN_100/24666.h5 in 68.55 seconds
2025-09-18 14:51:01,303 - INFO - Processing /viper/ptmp/arego/RC4K1/18275.h5
2025-09-18 14:51:02,529 - INFO - Completed /viper/ptmp/arego/RC4K1_EN_100/7414.h5 in 25.21 seconds
2025-09-18 14:51:02,726 - INFO - Processing /viper/ptmp/arego/RC4K1/19075.h5
2025-09-18 14:51:07,415 - INFO - File 18275: Filtered 11815345 hits and 7 records
2025-09-18 14:51:08,908 - INFO - File 19075: Filtered 13701408 hits and 8 records
2025-09-18 14:51:26,371 - INFO - Completed /viper/ptmp/arego/RC4K1_EN_100/18022.h5 in 32.55 seconds
2025-09-18 14:51:26,574 - INFO - Processing /viper/ptmp/arego/RC4K1/1017.h5
2025-09-18 14:51:29,482 - INFO - Completed /viper/ptmp/arego/RC4K1_EN_100/6498.h5 in 41.53 seconds
2025-09-18 14:51:29,664 - INFO - Processing /viper/ptmp/arego/RC4K1/8585.h5
2025-09-18 14:51:33,125 - INFO - File 1017: Filtered 11201291 hits and 6 records
2025-09-18 14:51:33,218 - INFO - Completed /viper/ptmp/arego/RC4K1_EN_100/12638.h5 in 50.08 seconds
2025-09-18 14:51:33,420 - INFO - Processing /viper/ptmp/arego/RC4K1/22533.h5
2025-09-18 14:51:35,534 - INFO - File 8585: Filtered 20718349 hits and 8 records
2025-09-18 14:51:36,199 - INFO - Completed /viper/ptmp/arego/RC4K1_EN_100/11661.h5 in 86.40 seconds
2025-09-18 14:51:36,363 - INFO - Processing /viper/ptmp/arego/RC4K1/21971.h5
2025-09-18 14:51:39,574 - INFO - File 22533: Filtered 16779085 hits and 10 records
2025-09-18 14:51:42,580 - INFO - File 21971: Filtered 12420625 hits and 8 records
2025-09-18 14:51:53,756 - INFO - Completed /viper/ptmp/arego/RC4K1_EN_100/16784.h5 in 61.38 seconds
2025-09-18 14:51:53,920 - INFO - Processing /viper/ptmp/arego/RC4K1/19952.h5
2025-09-18 14:51:56,065 - INFO - Completed /viper/ptmp/arego/RC4K1_EN_100/14425.h5 in 76.97 seconds
2025-09-18 14:51:56,237 - INFO - Processing /viper/ptmp/arego/RC4K1/29.h5
2025-09-18 14:52:00,186 - INFO - File 19952: Filtered 17769815 hits and 10 records
2025-09-18 14:52:02,913 - INFO - File 29: Filtered 15896928 hits and 8 records
2025-09-18 14:52:15,224 - INFO - Completed /viper/ptmp/arego/RC4K1_EN_100/8585.h5 in 45.56 seconds
2025-09-18 14:52:15,386 - INFO - Processing /viper/ptmp/arego/RC4K1/27515.h5
2025-09-18 14:52:21,476 - INFO - File 27515: Filtered 18136842 hits and 10 records
2025-09-18 14:52:22,414 - INFO - Completed /viper/ptmp/arego/RC4K1_EN_100/19075.h5 in 79.69 seconds
2025-09-18 14:52:22,579 - INFO - Processing /viper/ptmp/arego/RC4K1/18295.h5
2025-09-18 14:52:28,931 - INFO - File 18295: Filtered 17294236 hits and 8 records
2025-09-18 14:52:33,526 - INFO - Completed /viper/ptmp/arego/RC4K1_EN_100/18275.h5 in 92.22 seconds
2025-09-18 14:52:33,693 - INFO - Processing /viper/ptmp/arego/RC4K1/13206.h5
2025-09-18 14:52:34,124 - INFO - Completed /viper/ptmp/arego/RC4K1_EN_100/22533.h5 in 60.70 seconds
2025-09-18 14:52:34,347 - INFO - Processing /viper/ptmp/arego/RC4K1/8795.h5
2025-09-18 14:52:40,304 - INFO - File 13206: Filtered 15929082 hits and 9 records
2025-09-18 14:52:40,640 - INFO - File 8795: Filtered 18289431 hits and 12 records
2025-09-18 14:52:59,998 - INFO - Completed /viper/ptmp/arego/RC4K1_EN_100/19952.h5 in 66.08 seconds
2025-09-18 14:53:00,162 - INFO - Processing /viper/ptmp/arego/RC4K1/24215.h5
2025-09-18 14:53:03,492 - INFO - Completed /viper/ptmp/arego/RC4K1_EN_100/1017.h5 in 96.92 seconds
2025-09-18 14:53:03,645 - INFO - Processing /viper/ptmp/arego/RC4K1/25688.h5
2025-09-18 14:53:06,623 - INFO - File 24215: Filtered 12977586 hits and 7 records
2025-09-18 14:53:10,532 - INFO - File 25688: Filtered 17110542 hits and 10 records
2025-09-18 14:53:13,943 - INFO - Completed /viper/ptmp/arego/RC4K1_EN_100/21971.h5 in 97.58 seconds
2025-09-18 14:53:14,106 - INFO - Processing /viper/ptmp/arego/RC4K1/23918.h5
2025-09-18 14:53:18,106 - INFO - Completed /viper/ptmp/arego/RC4K1_EN_100/29.h5 in 81.87 seconds
2025-09-18 14:53:18,277 - INFO - Processing /viper/ptmp/arego/RC4K1/24388.h5
2025-09-18 14:53:20,778 - INFO - File 23918: Filtered 17071921 hits and 8 records
2025-09-18 14:53:20,795 - INFO - Completed /viper/ptmp/arego/RC4K1_EN_100/27515.h5 in 65.41 seconds
2025-09-18 14:53:20,961 - INFO - Processing /viper/ptmp/arego/RC4K1/19680.h5
2025-09-18 14:53:26,325 - INFO - File 24388: Filtered 13362559 hits and 7 records
2025-09-18 14:53:27,591 - INFO - File 19680: Filtered 10194204 hits and 5 records
2025-09-18 14:53:41,355 - INFO - Completed /viper/ptmp/arego/RC4K1_EN_100/8795.h5 in 67.01 seconds
2025-09-18 14:53:41,519 - INFO - Processing /viper/ptmp/arego/RC4K1/6622.h5
2025-09-18 14:53:44,894 - INFO - Completed /viper/ptmp/arego/RC4K1_EN_100/18295.h5 in 82.31 seconds
2025-09-18 14:53:45,056 - INFO - Processing /viper/ptmp/arego/RC4K1/10535.h5
2025-09-18 14:53:47,969 - INFO - File 6622: Filtered 6906344 hits and 6 records
2025-09-18 14:53:50,850 - INFO - Completed /viper/ptmp/arego/RC4K1_EN_100/13206.h5 in 77.16 seconds
2025-09-18 14:53:51,031 - INFO - Processing /viper/ptmp/arego/RC4K1/22099.h5
2025-09-18 14:53:51,576 - INFO - File 10535: Filtered 18281407 hits and 7 records
2025-09-18 14:53:58,084 - INFO - File 22099: Filtered 17109317 hits and 10 records
2025-09-18 14:54:23,127 - INFO - Completed /viper/ptmp/arego/RC4K1_EN_100/25688.h5 in 79.48 seconds
2025-09-18 14:54:23,290 - INFO - Processing /viper/ptmp/arego/RC4K1/26789.h5
2025-09-18 14:54:30,146 - INFO - File 26789: Filtered 24325667 hits and 7 records
2025-09-18 14:54:31,208 - INFO - Completed /viper/ptmp/arego/RC4K1_EN_100/23918.h5 in 77.10 seconds
2025-09-18 14:54:31,383 - INFO - Processing /viper/ptmp/arego/RC4K1/28054.h5
2025-09-18 14:54:38,216 - INFO - File 28054: Filtered 17772155 hits and 11 records
2025-09-18 14:54:39,103 - INFO - Completed /viper/ptmp/arego/RC4K1_EN_100/24215.h5 in 98.94 seconds
2025-09-18 14:54:39,282 - INFO - Processing /viper/ptmp/arego/RC4K1/8659.h5
2025-09-18 14:54:46,233 - INFO - File 8659: Filtered 18196516 hits and 9 records
2025-09-18 14:54:58,384 - INFO - Completed /viper/ptmp/arego/RC4K1_EN_100/10535.h5 in 73.33 seconds
2025-09-18 14:54:58,549 - INFO - Processing /viper/ptmp/arego/RC4K1/3653.h5
2025-09-18 14:55:05,347 - INFO - File 3653: Filtered 13278161 hits and 7 records
2025-09-18 14:55:06,077 - INFO - Completed /viper/ptmp/arego/RC4K1_EN_100/24388.h5 in 107.80 seconds
2025-09-18 14:55:06,253 - INFO - Processing /viper/ptmp/arego/RC4K1/20111.h5
2025-09-18 14:55:09,177 - INFO - Completed /viper/ptmp/arego/RC4K1_EN_100/26789.h5 in 45.89 seconds
2025-09-18 14:55:09,454 - INFO - Processing /viper/ptmp/arego/RC4K1/24543.h5
2025-09-18 14:55:11,703 - INFO - Completed /viper/ptmp/arego/RC4K1_EN_100/19680.h5 in 110.74 seconds
2025-09-18 14:55:11,925 - INFO - Processing /viper/ptmp/arego/RC4K1/22262.h5
2025-09-18 14:55:13,033 - INFO - File 20111: Filtered 19373733 hits and 9 records
2025-09-18 14:55:15,526 - INFO - Completed /viper/ptmp/arego/RC4K1_EN_100/22099.h5 in 84.49 seconds
2025-09-18 14:55:15,684 - INFO - Processing /viper/ptmp/arego/RC4K1/4395.h5
2025-09-18 14:55:16,355 - INFO - File 24543: Filtered 21054800 hits and 10 records
2025-09-18 14:55:18,965 - INFO - File 22262: Filtered 27994961 hits and 10 records
2025-09-18 14:55:23,187 - INFO - File 4395: Filtered 14816324 hits and 5 records
2025-09-18 14:55:46,615 - INFO - Completed /viper/ptmp/arego/RC4K1_EN_100/6622.h5 in 125.10 seconds
2025-09-18 14:55:46,840 - INFO - Processing /viper/ptmp/arego/RC4K1/10429.h5
2025-09-18 14:55:49,192 - INFO - Completed /viper/ptmp/arego/RC4K1_EN_100/28054.h5 in 77.81 seconds
2025-09-18 14:55:49,389 - INFO - Processing /viper/ptmp/arego/RC4K1/2124.h5
2025-09-18 14:55:50,411 - INFO - Completed /viper/ptmp/arego/RC4K1_EN_100/22262.h5 in 38.49 seconds
2025-09-18 14:55:50,626 - INFO - Processing /viper/ptmp/arego/RC4K1/28062.h5
2025-09-18 14:55:53,823 - INFO - File 10429: Filtered 17693911 hits and 5 records
2025-09-18 14:55:56,297 - INFO - File 2124: Filtered 27242363 hits and 7 records
2025-09-18 14:55:58,009 - INFO - File 28062: Filtered 14606924 hits and 6 records
2025-09-18 14:55:58,168 - INFO - Completed /viper/ptmp/arego/RC4K1_EN_100/8659.h5 in 78.89 seconds
2025-09-18 14:55:58,375 - INFO - Processing /viper/ptmp/arego/RC4K1/13942.h5
2025-09-18 14:56:05,671 - INFO - File 13942: Filtered 14630536 hits and 8 records
2025-09-18 14:56:16,628 - INFO - Completed /viper/ptmp/arego/RC4K1_EN_100/24543.h5 in 67.17 seconds
2025-09-18 14:56:16,843 - INFO - Processing /viper/ptmp/arego/RC4K1/13604.h5
2025-09-18 14:56:22,328 - INFO - Completed /viper/ptmp/arego/RC4K1_EN_100/20111.h5 in 76.08 seconds
2025-09-18 14:56:22,533 - INFO - Processing /viper/ptmp/arego/RC4K1/1667.h5
2025-09-18 14:56:23,766 - INFO - File 13604: Filtered 20521636 hits and 10 records
2025-09-18 14:56:29,776 - INFO - File 1667: Filtered 15643822 hits and 7 records
2025-09-18 14:56:32,311 - INFO - Completed /viper/ptmp/arego/RC4K1_EN_100/2124.h5 in 42.92 seconds
2025-09-18 14:56:32,484 - INFO - Processing /viper/ptmp/arego/RC4K1/20519.h5
2025-09-18 14:56:38,109 - INFO - Completed /viper/ptmp/arego/RC4K1_EN_100/3653.h5 in 99.56 seconds
2025-09-18 14:56:38,294 - INFO - Processing /viper/ptmp/arego/RC4K1/12176.h5
2025-09-18 14:56:39,608 - INFO - File 20519: Filtered 17841317 hits and 7 records
2025-09-18 14:56:45,725 - INFO - File 12176: Filtered 20016289 hits and 9 records
2025-09-18 14:57:01,555 - INFO - Completed /viper/ptmp/arego/RC4K1_EN_100/4395.h5 in 105.87 seconds
2025-09-18 14:57:01,769 - INFO - Processing /viper/ptmp/arego/RC4K1/10881.h5
2025-09-18 14:57:09,023 - INFO - File 10881: Filtered 20224196 hits and 9 records
2025-09-18 14:57:12,323 - INFO - Completed /viper/ptmp/arego/RC4K1_EN_100/10429.h5 in 85.48 seconds
2025-09-18 14:57:12,481 - INFO - Processing /viper/ptmp/arego/RC4K1/10159.h5
2025-09-18 14:57:19,533 - INFO - File 10159: Filtered 14094895 hits and 6 records
2025-09-18 14:57:23,802 - INFO - Completed /viper/ptmp/arego/RC4K1_EN_100/13604.h5 in 66.96 seconds
2025-09-18 14:57:23,952 - INFO - Processing /viper/ptmp/arego/RC4K1/24169.h5
2025-09-18 14:57:30,850 - INFO - Completed /viper/ptmp/arego/RC4K1_EN_100/28062.h5 in 100.22 seconds
2025-09-18 14:57:30,930 - INFO - File 24169: Filtered 16324798 hits and 8 records
2025-09-18 14:57:31,010 - INFO - Processing /viper/ptmp/arego/RC4K1/11786.h5
2025-09-18 14:57:38,345 - INFO - File 11786: Filtered 13776968 hits and 10 records
2025-09-18 14:57:41,251 - INFO - Completed /viper/ptmp/arego/RC4K1_EN_100/13942.h5 in 102.88 seconds
2025-09-18 14:57:41,414 - INFO - Processing /viper/ptmp/arego/RC4K1/23565.h5
2025-09-18 14:57:49,034 - INFO - File 23565: Filtered 23233066 hits and 12 records
2025-09-18 14:57:59,712 - INFO - Completed /viper/ptmp/arego/RC4K1_EN_100/12176.h5 in 81.42 seconds
2025-09-18 14:57:59,871 - INFO - Processing /viper/ptmp/arego/RC4K1/11173.h5
2025-09-18 14:58:00,925 - INFO - Completed /viper/ptmp/arego/RC4K1_EN_100/1667.h5 in 98.39 seconds
2025-09-18 14:58:01,094 - INFO - Processing /viper/ptmp/arego/RC4K1/24965.h5
2025-09-18 14:58:03,890 - INFO - Completed /viper/ptmp/arego/RC4K1_EN_100/20519.h5 in 91.41 seconds
2025-09-18 14:58:04,053 - INFO - Processing /viper/ptmp/arego/RC4K1/14662.h5
2025-09-18 14:58:07,947 - INFO - File 11173: Filtered 17173031 hits and 8 records
2025-09-18 14:58:09,148 - INFO - File 24965: Filtered 26655488 hits and 8 records
2025-09-18 14:58:12,549 - INFO - File 14662: Filtered 16418445 hits and 7 records
2025-09-18 14:58:24,680 - INFO - Completed /viper/ptmp/arego/RC4K1_EN_100/10881.h5 in 82.91 seconds
2025-09-18 14:58:24,871 - INFO - Processing /viper/ptmp/arego/RC4K1/18047.h5
2025-09-18 14:58:32,577 - INFO - File 18047: Filtered 19694655 hits and 6 records
2025-09-18 14:58:54,399 - INFO - Completed /viper/ptmp/arego/RC4K1_EN_100/23565.h5 in 72.98 seconds
2025-09-18 14:58:54,564 - INFO - Processing /viper/ptmp/arego/RC4K1/10111.h5
2025-09-18 14:58:59,064 - INFO - Completed /viper/ptmp/arego/RC4K1_EN_100/24169.h5 in 95.11 seconds
2025-09-18 14:58:59,297 - INFO - Processing /viper/ptmp/arego/RC4K1/27552.h5
2025-09-18 14:58:59,438 - INFO - Completed /viper/ptmp/arego/RC4K1_EN_100/10159.h5 in 106.96 seconds
2025-09-18 14:58:59,857 - INFO - Processing /viper/ptmp/arego/RC4K1/15091.h5
2025-09-18 14:59:00,221 - INFO - Completed /viper/ptmp/arego/RC4K1_EN_100/24965.h5 in 59.13 seconds
2025-09-18 14:59:00,687 - INFO - Processing /viper/ptmp/arego/RC4K1/20923.h5
2025-09-18 14:59:02,478 - INFO - File 10111: Filtered 15042283 hits and 6 records
2025-09-18 14:59:08,040 - INFO - File 27552: Filtered 23250265 hits and 10 records
2025-09-18 14:59:08,051 - INFO - File 15091: Filtered 27520542 hits and 8 records
2025-09-18 14:59:08,319 - INFO - File 20923: Filtered 28643780 hits and 6 records
2025-09-18 14:59:16,090 - INFO - Completed /viper/ptmp/arego/RC4K1_EN_100/11786.h5 in 105.08 seconds
2025-09-18 14:59:16,282 - INFO - Processing /viper/ptmp/arego/RC4K1/7692.h5
2025-09-18 14:59:24,042 - INFO - File 7692: Filtered 10580300 hits and 3 records
2025-09-18 14:59:37,871 - INFO - Completed /viper/ptmp/arego/RC4K1_EN_100/11173.h5 in 98.00 seconds
2025-09-18 14:59:38,069 - INFO - Processing /viper/ptmp/arego/RC4K1/22488.h5
2025-09-18 14:59:46,067 - INFO - File 22488: Filtered 20759621 hits and 8 records
2025-09-18 14:59:52,919 - INFO - Completed /viper/ptmp/arego/RC4K1_EN_100/20923.h5 in 52.23 seconds
2025-09-18 14:59:53,088 - INFO - Processing /viper/ptmp/arego/RC4K1/11351.h5
2025-09-18 14:59:53,754 - INFO - Completed /viper/ptmp/arego/RC4K1_EN_100/15091.h5 in 53.90 seconds
2025-09-18 14:59:53,949 - INFO - Processing /viper/ptmp/arego/RC4K1/23233.h5
2025-09-18 14:59:54,092 - INFO - Completed /viper/ptmp/arego/RC4K1_EN_100/14662.h5 in 110.04 seconds
2025-09-18 14:59:54,757 - INFO - Processing /viper/ptmp/arego/RC4K1/7427.h5
2025-09-18 14:59:54,778 - INFO - Completed /viper/ptmp/arego/RC4K1_EN_100/18047.h5 in 89.91 seconds
2025-09-18 14:59:55,602 - INFO - Processing /viper/ptmp/arego/RC4K1/11595.h5
2025-09-18 15:00:01,922 - INFO - File 23233: Filtered 22071930 hits and 10 records
2025-09-18 15:00:02,123 - INFO - File 11351: Filtered 19174340 hits and 9 records
2025-09-18 15:00:04,323 - INFO - File 7427: Filtered 27032574 hits and 8 records
2025-09-18 15:00:05,184 - INFO - File 11595: Filtered 22532569 hits and 9 records
2025-09-18 15:00:15,326 - INFO - Completed /viper/ptmp/arego/RC4K1_EN_100/27552.h5 in 76.03 seconds
2025-09-18 15:00:15,499 - INFO - Processing /viper/ptmp/arego/RC4K1/18104.h5
2025-09-18 15:00:23,307 - INFO - File 18104: Filtered 22534239 hits and 10 records
2025-09-18 15:00:46,937 - INFO - Completed /viper/ptmp/arego/RC4K1_EN_100/10111.h5 in 112.37 seconds
2025-09-18 15:00:47,103 - INFO - Processing /viper/ptmp/arego/RC4K1/13925.h5
2025-09-18 15:00:55,509 - INFO - File 13925: Filtered 23324209 hits and 7 records
2025-09-18 15:00:59,812 - INFO - Completed /viper/ptmp/arego/RC4K1_EN_100/7427.h5 in 65.06 seconds
2025-09-18 15:01:00,010 - INFO - Processing /viper/ptmp/arego/RC4K1/18344.h5
2025-09-18 15:01:08,214 - INFO - File 18344: Filtered 21565632 hits and 6 records
2025-09-18 15:01:08,980 - INFO - Completed /viper/ptmp/arego/RC4K1_EN_100/22488.h5 in 90.91 seconds
2025-09-18 15:01:09,176 - INFO - Processing /viper/ptmp/arego/RC4K1/1591.h5
2025-09-18 15:01:17,700 - INFO - File 1591: Filtered 16948676 hits and 8 records
2025-09-18 15:01:24,427 - INFO - Completed /viper/ptmp/arego/RC4K1_EN_100/23233.h5 in 90.48 seconds
2025-09-18 15:01:24,623 - INFO - Processing /viper/ptmp/arego/RC4K1/701.h5
2025-09-18 15:01:26,264 - INFO - Completed /viper/ptmp/arego/RC4K1_EN_100/11595.h5 in 90.66 seconds
2025-09-18 15:01:26,423 - INFO - Processing /viper/ptmp/arego/RC4K1/28873.h5
2025-09-18 15:01:31,894 - INFO - Completed /viper/ptmp/arego/RC4K1_EN_100/7692.h5 in 135.61 seconds
2025-09-18 15:01:32,067 - INFO - Processing /viper/ptmp/arego/RC4K1/11038.h5
2025-09-18 15:01:32,823 - INFO - File 701: Filtered 27110730 hits and 8 records
2025-09-18 15:01:34,938 - INFO - Completed /viper/ptmp/arego/RC4K1_EN_100/11351.h5 in 101.85 seconds
2025-09-18 15:01:35,110 - INFO - Processing /viper/ptmp/arego/RC4K1/14048.h5
2025-09-18 15:01:35,204 - INFO - File 28873: Filtered 17208028 hits and 9 records
2025-09-18 15:01:40,332 - INFO - File 11038: Filtered 21199265 hits and 7 records
2025-09-18 15:01:42,468 - INFO - Completed /viper/ptmp/arego/RC4K1_EN_100/18104.h5 in 86.97 seconds
2025-09-18 15:01:42,630 - INFO - Processing /viper/ptmp/arego/RC4K1/15966.h5
2025-09-18 15:01:43,692 - INFO - File 14048: Filtered 30074353 hits and 10 records
2025-09-18 15:01:50,934 - INFO - File 15966: Filtered 23793097 hits and 6 records
2025-09-18 15:02:17,061 - INFO - Completed /viper/ptmp/arego/RC4K1_EN_100/13925.h5 in 89.96 seconds
2025-09-18 15:02:17,227 - INFO - Processing /viper/ptmp/arego/RC4K1/23045.h5
2025-09-18 15:02:25,982 - INFO - File 23045: Filtered 28234291 hits and 8 records
2025-09-18 15:02:40,251 - INFO - Completed /viper/ptmp/arego/RC4K1_EN_100/18344.h5 in 100.24 seconds
2025-09-18 15:02:40,416 - INFO - Processing /viper/ptmp/arego/RC4K1/23800.h5
2025-09-18 15:02:44,830 - INFO - Completed /viper/ptmp/arego/RC4K1_EN_100/701.h5 in 80.21 seconds
2025-09-18 15:02:45,051 - INFO - Processing /viper/ptmp/arego/RC4K1/27151.h5
2025-09-18 15:02:48,981 - INFO - Completed /viper/ptmp/arego/RC4K1_EN_100/14048.h5 in 73.87 seconds
2025-09-18 15:02:49,150 - INFO - Processing /viper/ptmp/arego/RC4K1/22545.h5
2025-09-18 15:02:49,307 - INFO - File 23800: Filtered 18477969 hits and 8 records
2025-09-18 15:02:53,732 - INFO - File 27151: Filtered 27815044 hits and 9 records
2025-09-18 15:02:57,888 - INFO - File 22545: Filtered 19899972 hits and 5 records
2025-09-18 15:03:13,854 - INFO - Completed /viper/ptmp/arego/RC4K1_EN_100/15966.h5 in 91.22 seconds
2025-09-18 15:03:14,065 - INFO - Processing /viper/ptmp/arego/RC4K1/10489.h5
2025-09-18 15:03:14,580 - INFO - Completed /viper/ptmp/arego/RC4K1_EN_100/1591.h5 in 125.40 seconds
2025-09-18 15:03:14,742 - INFO - Processing /viper/ptmp/arego/RC4K1/327.h5
2025-09-18 15:03:16,772 - INFO - Completed /viper/ptmp/arego/RC4K1_EN_100/11038.h5 in 104.70 seconds
2025-09-18 15:03:16,934 - INFO - Processing /viper/ptmp/arego/RC4K1/20238.h5
2025-09-18 15:03:23,245 - INFO - File 10489: Filtered 10644844 hits and 6 records
2025-09-18 15:03:23,907 - INFO - File 327: Filtered 25640978 hits and 7 records
2025-09-18 15:03:26,047 - INFO - File 20238: Filtered 28488668 hits and 8 records
2025-09-18 15:03:33,054 - INFO - Completed /viper/ptmp/arego/RC4K1_EN_100/28873.h5 in 126.63 seconds
2025-09-18 15:03:33,206 - INFO - Processing /viper/ptmp/arego/RC4K1/19394.h5
2025-09-18 15:03:38,135 - INFO - Completed /viper/ptmp/arego/RC4K1_EN_100/23045.h5 in 80.91 seconds
2025-09-18 15:03:38,295 - INFO - Processing /viper/ptmp/arego/RC4K1/5056.h5
2025-09-18 15:03:41,982 - INFO - File 19394: Filtered 31790067 hits and 9 records
2025-09-18 15:03:47,605 - INFO - File 5056: Filtered 24254563 hits and 9 records
2025-09-18 15:04:08,032 - INFO - Completed /viper/ptmp/arego/RC4K1_EN_100/27151.h5 in 82.98 seconds
2025-09-18 15:04:08,192 - INFO - Processing /viper/ptmp/arego/RC4K1/29825.h5
2025-09-18 15:04:17,122 - INFO - File 29825: Filtered 23042962 hits and 9 records
2025-09-18 15:04:41,445 - INFO - Completed /viper/ptmp/arego/RC4K1_EN_100/19394.h5 in 68.24 seconds
2025-09-18 15:04:41,639 - INFO - Processing /viper/ptmp/arego/RC4K1/16321.h5
2025-09-18 15:04:43,164 - INFO - Completed /viper/ptmp/arego/RC4K1_EN_100/20238.h5 in 86.23 seconds
2025-09-18 15:04:43,226 - INFO - Completed /viper/ptmp/arego/RC4K1_EN_100/23800.h5 in 122.81 seconds
2025-09-18 15:04:43,321 - INFO - Processing /viper/ptmp/arego/RC4K1/2690.h5
2025-09-18 15:04:44,224 - INFO - Processing /viper/ptmp/arego/RC4K1/13100.h5
2025-09-18 15:04:45,778 - INFO - Completed /viper/ptmp/arego/RC4K1_EN_100/22545.h5 in 116.63 seconds
2025-09-18 15:04:45,984 - INFO - Processing /viper/ptmp/arego/RC4K1/19375.h5
2025-09-18 15:04:50,596 - INFO - File 16321: Filtered 34788860 hits and 10 records
2025-09-18 15:04:52,750 - INFO - File 2690: Filtered 21659368 hits and 7 records
2025-09-18 15:04:54,471 - INFO - Completed /viper/ptmp/arego/RC4K1_EN_100/327.h5 in 99.73 seconds
2025-09-18 15:04:54,663 - INFO - Processing /viper/ptmp/arego/RC4K1/15311.h5
2025-09-18 15:04:55,235 - INFO - File 13100: Filtered 24156971 hits and 6 records
2025-09-18 15:04:55,642 - INFO - File 19375: Filtered 23721174 hits and 9 records
2025-09-18 15:05:04,199 - INFO - File 15311: Filtered 22472698 hits and 8 records
2025-09-18 15:05:25,826 - INFO - Completed /viper/ptmp/arego/RC4K1_EN_100/5056.h5 in 107.53 seconds
2025-09-18 15:05:26,020 - INFO - Processing /viper/ptmp/arego/RC4K1/9271.h5
2025-09-18 15:05:35,600 - INFO - File 9271: Filtered 12471290 hits and 6 records
2025-09-18 15:05:40,166 - INFO - Completed /viper/ptmp/arego/RC4K1_EN_100/16321.h5 in 58.53 seconds
2025-09-18 15:05:40,335 - INFO - Processing /viper/ptmp/arego/RC4K1/21108.h5
2025-09-18 15:05:49,456 - INFO - File 21108: Filtered 32340273 hits and 9 records
2025-09-18 15:06:03,782 - INFO - Completed /viper/ptmp/arego/RC4K1_EN_100/10489.h5 in 169.72 seconds
2025-09-18 15:06:03,970 - INFO - Processing /viper/ptmp/arego/RC4K1/6866.h5
2025-09-18 15:06:09,861 - INFO - Completed /viper/ptmp/arego/RC4K1_EN_100/29825.h5 in 121.67 seconds
2025-09-18 15:06:10,023 - INFO - Processing /viper/ptmp/arego/RC4K1/2320.h5
2025-09-18 15:06:13,366 - INFO - File 6866: Filtered 29372073 hits and 7 records
2025-09-18 15:06:19,633 - INFO - File 2320: Filtered 21877146 hits and 9 records
2025-09-18 15:06:39,365 - INFO - Completed /viper/ptmp/arego/RC4K1_EN_100/19375.h5 in 113.38 seconds
2025-09-18 15:06:39,532 - INFO - Processing /viper/ptmp/arego/RC4K1/5433.h5
2025-09-18 15:06:49,439 - INFO - File 5433: Filtered 29627329 hits and 5 records
2025-09-18 15:06:52,305 - INFO - Completed /viper/ptmp/arego/RC4K1_EN_100/2690.h5 in 128.98 seconds
2025-09-18 15:06:52,462 - INFO - Processing /viper/ptmp/arego/RC4K1/707.h5
2025-09-18 15:06:53,104 - INFO - Completed /viper/ptmp/arego/RC4K1_EN_100/13100.h5 in 128.88 seconds
2025-09-18 15:06:53,377 - INFO - Processing /viper/ptmp/arego/RC4K1/11580.h5
2025-09-18 15:07:02,034 - INFO - File 707: Filtered 22275918 hits and 5 records
2025-09-18 15:07:03,636 - INFO - Completed /viper/ptmp/arego/RC4K1_EN_100/15311.h5 in 128.97 seconds
2025-09-18 15:07:03,943 - INFO - Processing /viper/ptmp/arego/RC4K1/26178.h5
2025-09-18 15:07:04,183 - INFO - File 11580: Filtered 26544905 hits and 8 records
2025-09-18 15:07:05,900 - INFO - Completed /viper/ptmp/arego/RC4K1_EN_100/21108.h5 in 85.56 seconds
2025-09-18 15:07:06,136 - INFO - Processing /viper/ptmp/arego/RC4K1/22154.h5
2025-09-18 15:07:16,335 - INFO - File 26178: Filtered 31325666 hits and 9 records
2025-09-18 15:07:17,980 - INFO - File 22154: Filtered 31540241 hits and 7 records
2025-09-18 15:07:52,946 - INFO - Completed /viper/ptmp/arego/RC4K1_EN_100/6866.h5 in 108.98 seconds
2025-09-18 15:07:53,183 - INFO - Processing /viper/ptmp/arego/RC4K1/6879.h5
2025-09-18 15:08:04,848 - INFO - File 6879: Filtered 32442587 hits and 11 records
2025-09-18 15:08:22,117 - INFO - Completed /viper/ptmp/arego/RC4K1_EN_100/2320.h5 in 132.09 seconds
2025-09-18 15:08:22,272 - INFO - Processing /viper/ptmp/arego/RC4K1/19122.h5
2025-09-18 15:08:29,640 - INFO - Completed /viper/ptmp/arego/RC4K1_EN_100/5433.h5 in 110.11 seconds
2025-09-18 15:08:29,868 - INFO - Processing /viper/ptmp/arego/RC4K1/22512.h5
2025-09-18 15:08:34,014 - INFO - File 19122: Filtered 20512782 hits and 8 records
2025-09-18 15:08:37,742 - INFO - Completed /viper/ptmp/arego/RC4K1_EN_100/9271.h5 in 191.72 seconds
2025-09-18 15:08:37,929 - INFO - Processing /viper/ptmp/arego/RC4K1/10814.h5
2025-09-18 15:08:43,704 - INFO - File 22512: Filtered 36523358 hits and 12 records
2025-09-18 15:08:51,120 - INFO - File 10814: Filtered 41770246 hits and 9 records
2025-09-18 15:09:07,210 - INFO - Completed /viper/ptmp/arego/RC4K1_EN_100/707.h5 in 134.75 seconds
2025-09-18 15:09:07,364 - INFO - Processing /viper/ptmp/arego/RC4K1/9972.h5
2025-09-18 15:09:07,498 - INFO - Completed /viper/ptmp/arego/RC4K1_EN_100/26178.h5 in 123.56 seconds
2025-09-18 15:09:08,092 - INFO - Processing /viper/ptmp/arego/RC4K1/28439.h5
2025-09-18 15:09:19,207 - INFO - File 9972: Filtered 27950214 hits and 8 records
2025-09-18 15:09:19,890 - INFO - Completed /viper/ptmp/arego/RC4K1_EN_100/22154.h5 in 133.75 seconds
2025-09-18 15:09:20,086 - INFO - Processing /viper/ptmp/arego/RC4K1/8568.h5
2025-09-18 15:09:20,352 - INFO - Completed /viper/ptmp/arego/RC4K1_EN_100/11580.h5 in 146.97 seconds
2025-09-18 15:09:21,036 - INFO - File 28439: Filtered 34347861 hits and 8 records
2025-09-18 15:09:21,100 - INFO - Processing /viper/ptmp/arego/RC4K1/1809.h5
2025-09-18 15:09:33,817 - INFO - File 8568: Filtered 18409225 hits and 7 records
2025-09-18 15:09:34,214 - INFO - File 1809: Filtered 31390675 hits and 5 records
2025-09-18 15:10:08,121 - INFO - Completed /viper/ptmp/arego/RC4K1_EN_100/6879.h5 in 134.94 seconds
2025-09-18 15:10:08,282 - INFO - Processing /viper/ptmp/arego/RC4K1/9317.h5
2025-09-18 15:10:21,775 - INFO - File 9317: Filtered 48731513 hits and 11 records
2025-09-18 15:10:26,776 - INFO - Completed /viper/ptmp/arego/RC4K1_EN_100/10814.h5 in 108.85 seconds
2025-09-18 15:10:26,936 - INFO - Processing /viper/ptmp/arego/RC4K1/50.h5
2025-09-18 15:10:33,088 - INFO - Completed /viper/ptmp/arego/RC4K1_EN_100/22512.h5 in 123.22 seconds
2025-09-18 15:10:33,249 - INFO - Processing /viper/ptmp/arego/RC4K1/28126.h5
2025-09-18 15:10:40,429 - INFO - File 50: Filtered 37543155 hits and 6 records
2025-09-18 15:10:47,366 - INFO - File 28126: Filtered 44077394 hits and 10 records
2025-09-18 15:11:30,305 - INFO - Completed /viper/ptmp/arego/RC4K1_EN_100/19122.h5 in 188.03 seconds
2025-09-18 15:11:30,561 - INFO - Processing /viper/ptmp/arego/RC4K1/16313.h5
2025-09-18 15:11:44,315 - INFO - File 16313: Filtered 11414616 hits and 8 records
2025-09-18 15:11:51,601 - INFO - Completed /viper/ptmp/arego/RC4K1_EN_100/9317.h5 in 103.32 seconds
2025-09-18 15:11:51,754 - INFO - Processing /viper/ptmp/arego/RC4K1/12627.h5
2025-09-18 15:11:59,877 - INFO - Completed /viper/ptmp/arego/RC4K1_EN_100/28439.h5 in 171.78 seconds
2025-09-18 15:12:00,154 - INFO - Processing /viper/ptmp/arego/RC4K1/2641.h5
2025-09-18 15:12:05,779 - INFO - File 12627: Filtered 32782717 hits and 9 records
2025-09-18 15:12:07,257 - INFO - Completed /viper/ptmp/arego/RC4K1_EN_100/1809.h5 in 166.16 seconds
2025-09-18 15:12:07,422 - INFO - Processing /viper/ptmp/arego/RC4K1/2048.h5
2025-09-18 15:12:08,105 - INFO - Completed /viper/ptmp/arego/RC4K1_EN_100/9972.h5 in 180.74 seconds
2025-09-18 15:12:08,364 - INFO - Processing /viper/ptmp/arego/RC4K1/5848.h5
2025-09-18 15:12:15,527 - INFO - File 2641: Filtered 38880157 hits and 10 records
2025-09-18 15:12:21,748 - INFO - File 2048: Filtered 41794051 hits and 10 records
2025-09-18 15:12:23,177 - INFO - File 5848: Filtered 28795606 hits and 6 records
2025-09-18 15:12:45,743 - INFO - Completed /viper/ptmp/arego/RC4K1_EN_100/28126.h5 in 132.49 seconds
2025-09-18 15:12:45,928 - INFO - Processing /viper/ptmp/arego/RC4K1/27560.h5
2025-09-18 15:13:00,502 - INFO - File 27560: Filtered 38001582 hits and 8 records
2025-09-18 15:13:06,300 - INFO - Completed /viper/ptmp/arego/RC4K1_EN_100/50.h5 in 159.36 seconds
2025-09-18 15:13:06,459 - INFO - Processing /viper/ptmp/arego/RC4K1/13958.h5
2025-09-18 15:13:24,488 - INFO - File 13958: Filtered 4841186 hits and 8 records
2025-09-18 15:13:52,463 - INFO - Completed /viper/ptmp/arego/RC4K1_EN_100/8568.h5 in 272.38 seconds
2025-09-18 15:13:52,709 - INFO - Processing /viper/ptmp/arego/RC4K1/2246.h5
2025-09-18 15:14:07,655 - INFO - File 2246: Filtered 37190486 hits and 10 records
2025-09-18 15:14:43,724 - INFO - Completed /viper/ptmp/arego/RC4K1_EN_100/2048.h5 in 156.30 seconds
2025-09-18 15:14:43,879 - INFO - Processing /viper/ptmp/arego/RC4K1/17674.h5
2025-09-18 15:14:59,576 - INFO - File 17674: Filtered 46470592 hits and 8 records
2025-09-18 15:15:00,895 - INFO - Completed /viper/ptmp/arego/RC4K1_EN_100/2641.h5 in 180.74 seconds
2025-09-18 15:15:01,113 - INFO - Processing /viper/ptmp/arego/RC4K1/23240.h5
2025-09-18 15:15:02,054 - INFO - Completed /viper/ptmp/arego/RC4K1_EN_100/12627.h5 in 190.30 seconds
2025-09-18 15:15:02,261 - INFO - Processing /viper/ptmp/arego/RC4K1/19995.h5
2025-09-18 15:15:21,852 - INFO - File 23240: Filtered 37238238 hits and 9 records
2025-09-18 15:15:35,907 - INFO - File 19995: Filtered 55229666 hits and 8 records
2025-09-18 15:16:07,804 - INFO - Completed /viper/ptmp/arego/RC4K1_EN_100/5848.h5 in 239.44 seconds
2025-09-18 15:16:08,084 - INFO - Processing /viper/ptmp/arego/RC4K1/24429.h5
2025-09-18 15:16:08,715 - INFO - Completed /viper/ptmp/arego/RC4K1_EN_100/27560.h5 in 202.79 seconds
2025-09-18 15:16:08,875 - INFO - Processing /viper/ptmp/arego/RC4K1/14343.h5
2025-09-18 15:16:25,593 - INFO - Completed /viper/ptmp/arego/RC4K1_EN_100/16313.h5 in 295.03 seconds
2025-09-18 15:16:25,760 - INFO - Processing /viper/ptmp/arego/RC4K1/23432.h5
2025-09-18 15:16:32,543 - INFO - File 24429: Filtered 45598000 hits and 8 records
2025-09-18 15:16:33,644 - INFO - File 14343: Filtered 49252820 hits and 9 records
2025-09-18 15:16:44,265 - INFO - File 23432: Filtered 24453423 hits and 5 records
2025-09-18 15:17:12,565 - INFO - Completed /viper/ptmp/arego/RC4K1_EN_100/2246.h5 in 199.86 seconds
2025-09-18 15:17:12,727 - INFO - Processing /viper/ptmp/arego/RC4K1/26086.h5
2025-09-18 15:17:31,567 - INFO - File 26086: Filtered 16034659 hits and 6 records
2025-09-18 15:17:41,802 - INFO - Completed /viper/ptmp/arego/RC4K1_EN_100/17674.h5 in 177.92 seconds
2025-09-18 15:17:41,963 - INFO - Processing /viper/ptmp/arego/RC4K1/11447.h5
2025-09-18 15:18:05,561 - INFO - File 11447: Filtered 56757103 hits and 7 records
2025-09-18 15:19:04,474 - INFO - Completed /viper/ptmp/arego/RC4K1_EN_100/23240.h5 in 243.36 seconds
2025-09-18 15:19:04,678 - INFO - Processing /viper/ptmp/arego/RC4K1/4684.h5
2025-09-18 15:19:35,122 - INFO - File 4684: Filtered 40505277 hits and 6 records
2025-09-18 15:19:59,259 - INFO - Completed /viper/ptmp/arego/RC4K1_EN_100/24429.h5 in 231.17 seconds
2025-09-18 15:19:59,425 - INFO - Processing /viper/ptmp/arego/RC4K1/6998.h5
2025-09-18 15:20:30,974 - INFO - File 6998: Filtered 32302040 hits and 9 records
2025-09-18 15:20:31,517 - INFO - Completed /viper/ptmp/arego/RC4K1_EN_100/13958.h5 in 445.06 seconds
2025-09-18 15:20:31,688 - INFO - Processing /viper/ptmp/arego/RC4K1/26039.h5
2025-09-18 15:20:37,855 - INFO - Completed /viper/ptmp/arego/RC4K1_EN_100/19995.h5 in 335.59 seconds
2025-09-18 15:20:52,540 - INFO - Completed /viper/ptmp/arego/RC4K1_EN_100/14343.h5 in 283.67 seconds
2025-09-18 15:21:11,467 - INFO - File 26039: Filtered 69500441 hits and 9 records
2025-09-18 15:21:42,419 - INFO - Completed /viper/ptmp/arego/RC4K1_EN_100/11447.h5 in 240.46 seconds
2025-09-18 15:22:03,428 - INFO - Completed /viper/ptmp/arego/RC4K1_EN_100/23432.h5 in 337.67 seconds
2025-09-18 15:23:32,240 - INFO - Completed /viper/ptmp/arego/RC4K1_EN_100/26086.h5 in 379.51 seconds
2025-09-18 15:25:05,511 - INFO - Completed /viper/ptmp/arego/RC4K1_EN_100/4684.h5 in 360.83 seconds
2025-09-18 15:27:08,950 - INFO - Completed /viper/ptmp/arego/RC4K1_EN_100/6998.h5 in 429.53 seconds
2025-09-18 15:27:38,867 - INFO - Completed /viper/ptmp/arego/RC4K1_EN_100/26039.h5 in 427.18 seconds
