2025-09-19 17:07:38,552 - INFO - Loaded skip configuration: 0 files to skip entirely, 21186 files with partial record skips
2025-09-19 17:07:38,939 - INFO - Processing /viper/ptmp/arego/Red_T_7K_1/17640.h5
2025-09-19 17:07:39,725 - INFO - File 17640: Filtered 157410 hits and 5 records
2025-09-19 17:07:40,331 - INFO - Completed /viper/ptmp/arego/Red_T_7K_1_EN_100/17640.h5 in 1.39 seconds
2025-09-19 17:07:40,419 - INFO - Processing /viper/ptmp/arego/Red_T_7K_1/12020.h5
2025-09-19 17:07:40,625 - INFO - File 12020: Filtered 168818 hits and 4 records
2025-09-19 17:07:41,230 - INFO - Completed /viper/ptmp/arego/Red_T_7K_1_EN_100/12020.h5 in 0.81 seconds
2025-09-19 17:07:41,319 - INFO - Processing /viper/ptmp/arego/Red_T_7K_1/22602.h5
2025-09-19 17:07:41,520 - INFO - File 22602: Filtered 150340 hits and 4 records
2025-09-19 17:07:42,082 - INFO - Completed /viper/ptmp/arego/Red_T_7K_1_EN_100/22602.h5 in 0.76 seconds
2025-09-19 17:07:42,168 - INFO - Processing /viper/ptmp/arego/Red_T_7K_1/5738.h5
2025-09-19 17:07:42,396 - INFO - File 5738: Filtered 52445 hits and 2 records
2025-09-19 17:07:44,011 - INFO - Completed /viper/ptmp/arego/Red_T_7K_1_EN_100/5738.h5 in 1.84 seconds
2025-09-19 17:07:44,101 - INFO - Processing /viper/ptmp/arego/Red_T_7K_1/8241.h5
2025-09-19 17:07:44,348 - INFO - File 8241: Filtered 117837 hits and 3 records
2025-09-19 17:07:45,030 - INFO - Completed /viper/ptmp/arego/Red_T_7K_1_EN_100/8241.h5 in 0.93 seconds
2025-09-19 17:07:45,117 - INFO - Processing /viper/ptmp/arego/Red_T_7K_1/17120.h5
2025-09-19 17:07:45,358 - INFO - File 17120: Filtered 97321 hits and 3 records
2025-09-19 17:07:46,514 - INFO - Completed /viper/ptmp/arego/Red_T_7K_1_EN_100/17120.h5 in 1.40 seconds
2025-09-19 17:07:46,604 - INFO - Processing /viper/ptmp/arego/Red_T_7K_1/1207.h5
2025-09-19 17:07:46,857 - INFO - File 1207: Filtered 0 hits and 0 records
2025-09-19 17:07:48,470 - INFO - Completed /viper/ptmp/arego/Red_T_7K_1_EN_100/1207.h5 in 1.87 seconds
2025-09-19 17:07:48,560 - INFO - Processing /viper/ptmp/arego/Red_T_7K_1/12100.h5
2025-09-19 17:07:48,827 - INFO - File 12100: Filtered 124781 hits and 3 records
2025-09-19 17:07:50,089 - INFO - Completed /viper/ptmp/arego/Red_T_7K_1_EN_100/12100.h5 in 1.53 seconds
2025-09-19 17:07:50,151 - INFO - Processing /viper/ptmp/arego/Red_T_7K_1/11833.h5
2025-09-19 17:07:50,425 - INFO - File 11833: Filtered 142798 hits and 4 records
2025-09-19 17:07:52,034 - INFO - Completed /viper/ptmp/arego/Red_T_7K_1_EN_100/11833.h5 in 1.88 seconds
2025-09-19 17:07:52,116 - INFO - Processing /viper/ptmp/arego/Red_T_7K_1/16648.h5
2025-09-19 17:07:52,349 - INFO - File 16648: Filtered 118139 hits and 3 records
2025-09-19 17:07:53,618 - INFO - Completed /viper/ptmp/arego/Red_T_7K_1_EN_100/16648.h5 in 1.50 seconds
2025-09-19 17:07:53,700 - INFO - Processing /viper/ptmp/arego/Red_T_7K_1/14826.h5
2025-09-19 17:07:53,959 - INFO - File 14826: Filtered 210698 hits and 3 records
2025-09-19 17:07:55,651 - INFO - Completed /viper/ptmp/arego/Red_T_7K_1_EN_100/14826.h5 in 1.95 seconds
2025-09-19 17:07:55,734 - INFO - Processing /viper/ptmp/arego/Red_T_7K_1/17733.h5
2025-09-19 17:07:55,998 - INFO - File 17733: Filtered 314450 hits and 4 records
2025-09-19 17:07:57,228 - INFO - Completed /viper/ptmp/arego/Red_T_7K_1_EN_100/17733.h5 in 1.49 seconds
2025-09-19 17:07:57,311 - INFO - Processing /viper/ptmp/arego/Red_T_7K_1/22229.h5
2025-09-19 17:07:57,592 - INFO - File 22229: Filtered 188244 hits and 4 records
2025-09-19 17:07:59,322 - INFO - Completed /viper/ptmp/arego/Red_T_7K_1_EN_100/22229.h5 in 2.01 seconds
2025-09-19 17:07:59,405 - INFO - Processing /viper/ptmp/arego/Red_T_7K_1/2324.h5
2025-09-19 17:07:59,653 - INFO - File 2324: Filtered 71139 hits and 2 records
2025-09-19 17:08:01,537 - INFO - Completed /viper/ptmp/arego/Red_T_7K_1_EN_100/2324.h5 in 2.13 seconds
2025-09-19 17:08:01,622 - INFO - Processing /viper/ptmp/arego/Red_T_7K_1/10019.h5
2025-09-19 17:08:01,881 - INFO - File 10019: Filtered 162758 hits and 3 records
2025-09-19 17:08:03,051 - INFO - Completed /viper/ptmp/arego/Red_T_7K_1_EN_100/10019.h5 in 1.43 seconds
2025-09-19 17:08:03,137 - INFO - Processing /viper/ptmp/arego/Red_T_7K_1/10483.h5
2025-09-19 17:08:03,399 - INFO - File 10483: Filtered 253841 hits and 4 records
2025-09-19 17:08:05,417 - INFO - Completed /viper/ptmp/arego/Red_T_7K_1_EN_100/10483.h5 in 2.28 seconds
2025-09-19 17:08:05,503 - INFO - Processing /viper/ptmp/arego/Red_T_7K_1/18175.h5
2025-09-19 17:08:05,750 - INFO - File 18175: Filtered 167169 hits and 4 records
2025-09-19 17:08:07,012 - INFO - Completed /viper/ptmp/arego/Red_T_7K_1_EN_100/18175.h5 in 1.51 seconds
2025-09-19 17:08:07,069 - INFO - Processing /viper/ptmp/arego/Red_T_7K_1/4466.h5
2025-09-19 17:08:07,348 - INFO - File 4466: Filtered 343369 hits and 2 records
2025-09-19 17:08:08,063 - INFO - Completed /viper/ptmp/arego/Red_T_7K_1_EN_100/4466.h5 in 0.99 seconds
2025-09-19 17:08:08,143 - INFO - Processing /viper/ptmp/arego/Red_T_7K_1/4191.h5
2025-09-19 17:08:08,370 - INFO - File 4191: Filtered 368865 hits and 7 records
2025-09-19 17:08:09,461 - INFO - Completed /viper/ptmp/arego/Red_T_7K_1_EN_100/4191.h5 in 1.32 seconds
2025-09-19 17:08:09,539 - INFO - Processing /viper/ptmp/arego/Red_T_7K_1/5929.h5
2025-09-19 17:08:09,782 - INFO - File 5929: Filtered 202588 hits and 4 records
2025-09-19 17:08:11,099 - INFO - Completed /viper/ptmp/arego/Red_T_7K_1_EN_100/5929.h5 in 1.56 seconds
2025-09-19 17:08:11,178 - INFO - Processing /viper/ptmp/arego/Red_T_7K_1/7912.h5
2025-09-19 17:08:11,431 - INFO - File 7912: Filtered 170628 hits and 4 records
2025-09-19 17:08:12,709 - INFO - Completed /viper/ptmp/arego/Red_T_7K_1_EN_100/7912.h5 in 1.53 seconds
2025-09-19 17:08:12,788 - INFO - Processing /viper/ptmp/arego/Red_T_7K_1/14285.h5
2025-09-19 17:08:13,043 - INFO - File 14285: Filtered 162765 hits and 4 records
2025-09-19 17:08:14,848 - INFO - Completed /viper/ptmp/arego/Red_T_7K_1_EN_100/14285.h5 in 2.06 seconds
2025-09-19 17:08:14,930 - INFO - Processing /viper/ptmp/arego/Red_T_7K_1/10478.h5
2025-09-19 17:08:15,194 - INFO - File 10478: Filtered 549951 hits and 8 records
2025-09-19 17:08:16,272 - INFO - Completed /viper/ptmp/arego/Red_T_7K_1_EN_100/10478.h5 in 1.34 seconds
2025-09-19 17:08:16,355 - INFO - Processing /viper/ptmp/arego/Red_T_7K_1/14824.h5
2025-09-19 17:08:16,636 - INFO - File 14824: Filtered 112774 hits and 1 records
2025-09-19 17:08:18,303 - INFO - Completed /viper/ptmp/arego/Red_T_7K_1_EN_100/14824.h5 in 1.95 seconds
2025-09-19 17:08:18,364 - INFO - Processing /viper/ptmp/arego/Red_T_7K_1/11218.h5
2025-09-19 17:08:18,626 - INFO - File 11218: Filtered 66966 hits and 2 records
2025-09-19 17:08:20,555 - INFO - Completed /viper/ptmp/arego/Red_T_7K_1_EN_100/11218.h5 in 2.19 seconds
2025-09-19 17:08:20,634 - INFO - Processing /viper/ptmp/arego/Red_T_7K_1/18301.h5
2025-09-19 17:08:20,890 - INFO - File 18301: Filtered 216012 hits and 4 records
2025-09-19 17:08:22,826 - INFO - Completed /viper/ptmp/arego/Red_T_7K_1_EN_100/18301.h5 in 2.19 seconds
2025-09-19 17:08:22,902 - INFO - Processing /viper/ptmp/arego/Red_T_7K_1/19350.h5
2025-09-19 17:08:23,164 - INFO - File 19350: Filtered 147172 hits and 3 records
2025-09-19 17:08:24,771 - INFO - Completed /viper/ptmp/arego/Red_T_7K_1_EN_100/19350.h5 in 1.87 seconds
2025-09-19 17:08:24,847 - INFO - Processing /viper/ptmp/arego/Red_T_7K_1/19241.h5
2025-09-19 17:08:25,135 - INFO - File 19241: Filtered 71862 hits and 1 records
2025-09-19 17:08:27,041 - INFO - Completed /viper/ptmp/arego/Red_T_7K_1_EN_100/19241.h5 in 2.19 seconds
2025-09-19 17:08:27,119 - INFO - Processing /viper/ptmp/arego/Red_T_7K_1/27707.h5
2025-09-19 17:08:27,399 - INFO - File 27707: Filtered 506419 hits and 7 records
2025-09-19 17:08:28,131 - INFO - Completed /viper/ptmp/arego/Red_T_7K_1_EN_100/27707.h5 in 1.01 seconds
2025-09-19 17:08:28,210 - INFO - Processing /viper/ptmp/arego/Red_T_7K_1/10350.h5
2025-09-19 17:08:28,493 - INFO - File 10350: Filtered 199289 hits and 3 records
2025-09-19 17:08:30,349 - INFO - Completed /viper/ptmp/arego/Red_T_7K_1_EN_100/10350.h5 in 2.14 seconds
2025-09-19 17:08:30,431 - INFO - Processing /viper/ptmp/arego/Red_T_7K_1/11885.h5
2025-09-19 17:08:30,715 - INFO - File 11885: Filtered 298009 hits and 5 records
2025-09-19 17:08:32,392 - INFO - Completed /viper/ptmp/arego/Red_T_7K_1_EN_100/11885.h5 in 1.96 seconds
2025-09-19 17:08:32,452 - INFO - Processing /viper/ptmp/arego/Red_T_7K_1/19805.h5
2025-09-19 17:08:32,709 - INFO - File 19805: Filtered 474623 hits and 6 records
2025-09-19 17:08:33,415 - INFO - Completed /viper/ptmp/arego/Red_T_7K_1_EN_100/19805.h5 in 0.96 seconds
2025-09-19 17:08:33,492 - INFO - Processing /viper/ptmp/arego/Red_T_7K_1/389.h5
2025-09-19 17:08:33,737 - INFO - File 389: Filtered 170658 hits and 3 records
2025-09-19 17:08:34,965 - INFO - Completed /viper/ptmp/arego/Red_T_7K_1_EN_100/389.h5 in 1.47 seconds
2025-09-19 17:08:35,040 - INFO - Processing /viper/ptmp/arego/Red_T_7K_1/20372.h5
2025-09-19 17:08:35,333 - INFO - File 20372: Filtered 43184 hits and 1 records
2025-09-19 17:08:37,252 - INFO - Completed /viper/ptmp/arego/Red_T_7K_1_EN_100/20372.h5 in 2.21 seconds
2025-09-19 17:08:37,330 - INFO - Processing /viper/ptmp/arego/Red_T_7K_1/19943.h5
2025-09-19 17:08:37,613 - INFO - File 19943: Filtered 220321 hits and 2 records
2025-09-19 17:08:39,769 - INFO - Completed /viper/ptmp/arego/Red_T_7K_1_EN_100/19943.h5 in 2.44 seconds
2025-09-19 17:08:39,848 - INFO - Processing /viper/ptmp/arego/Red_T_7K_1/8479.h5
2025-09-19 17:08:40,150 - INFO - File 8479: Filtered 109695 hits and 2 records
2025-09-19 17:08:43,112 - INFO - Completed /viper/ptmp/arego/Red_T_7K_1_EN_100/8479.h5 in 3.26 seconds
2025-09-19 17:08:43,192 - INFO - Processing /viper/ptmp/arego/Red_T_7K_1/6260.h5
2025-09-19 17:08:43,478 - INFO - File 6260: Filtered 631927 hits and 5 records
2025-09-19 17:08:44,628 - INFO - Completed /viper/ptmp/arego/Red_T_7K_1_EN_100/6260.h5 in 1.44 seconds
2025-09-19 17:08:44,681 - INFO - Processing /viper/ptmp/arego/Red_T_7K_1/15991.h5
2025-09-19 17:08:44,966 - INFO - File 15991: Filtered 376478 hits and 5 records
2025-09-19 17:08:46,577 - INFO - Completed /viper/ptmp/arego/Red_T_7K_1_EN_100/15991.h5 in 1.90 seconds
2025-09-19 17:08:46,651 - INFO - Processing /viper/ptmp/arego/Red_T_7K_1/15823.h5
2025-09-19 17:08:46,932 - INFO - File 15823: Filtered 246906 hits and 4 records
2025-09-19 17:08:48,900 - INFO - Completed /viper/ptmp/arego/Red_T_7K_1_EN_100/15823.h5 in 2.25 seconds
2025-09-19 17:08:48,986 - INFO - Processing /viper/ptmp/arego/Red_T_7K_1/9889.h5
2025-09-19 17:08:49,290 - INFO - File 9889: Filtered 455046 hits and 7 records
2025-09-19 17:08:51,154 - INFO - Completed /viper/ptmp/arego/Red_T_7K_1_EN_100/9889.h5 in 2.17 seconds
2025-09-19 17:08:51,229 - INFO - Processing /viper/ptmp/arego/Red_T_7K_1/10153.h5
2025-09-19 17:08:51,543 - INFO - File 10153: Filtered 206365 hits and 2 records
2025-09-19 17:08:53,514 - INFO - Completed /viper/ptmp/arego/Red_T_7K_1_EN_100/10153.h5 in 2.29 seconds
2025-09-19 17:08:53,588 - INFO - Processing /viper/ptmp/arego/Red_T_7K_1/12673.h5
2025-09-19 17:08:53,850 - INFO - File 12673: Filtered 122609 hits and 2 records
2025-09-19 17:08:55,520 - INFO - Completed /viper/ptmp/arego/Red_T_7K_1_EN_100/12673.h5 in 1.93 seconds
2025-09-19 17:08:55,596 - INFO - Processing /viper/ptmp/arego/Red_T_7K_1/13669.h5
2025-09-19 17:08:55,887 - INFO - File 13669: Filtered 201437 hits and 4 records
2025-09-19 17:08:58,968 - INFO - Completed /viper/ptmp/arego/Red_T_7K_1_EN_100/13669.h5 in 3.37 seconds
2025-09-19 17:08:59,046 - INFO - Processing /viper/ptmp/arego/Red_T_7K_1/12466.h5
2025-09-19 17:08:59,365 - INFO - File 12466: Filtered 193795 hits and 2 records
2025-09-19 17:09:01,606 - INFO - Completed /viper/ptmp/arego/Red_T_7K_1_EN_100/12466.h5 in 2.56 seconds
2025-09-19 17:09:01,690 - INFO - Processing /viper/ptmp/arego/Red_T_7K_1/9250.h5
2025-09-19 17:09:02,001 - INFO - File 9250: Filtered 48862 hits and 2 records
2025-09-19 17:09:04,222 - INFO - Completed /viper/ptmp/arego/Red_T_7K_1_EN_100/9250.h5 in 2.53 seconds
2025-09-19 17:09:04,305 - INFO - Processing /viper/ptmp/arego/Red_T_7K_1/611.h5
2025-09-19 17:09:04,595 - INFO - File 611: Filtered 350488 hits and 5 records
2025-09-19 17:09:06,597 - INFO - Completed /viper/ptmp/arego/Red_T_7K_1_EN_100/611.h5 in 2.29 seconds
2025-09-19 17:09:06,682 - INFO - Processing /viper/ptmp/arego/Red_T_7K_1/11943.h5
2025-09-19 17:09:06,984 - INFO - File 11943: Filtered 400898 hits and 5 records
2025-09-19 17:09:08,693 - INFO - Completed /viper/ptmp/arego/Red_T_7K_1_EN_100/11943.h5 in 2.01 seconds
2025-09-19 17:09:08,745 - INFO - Processing /viper/ptmp/arego/Red_T_7K_1/10638.h5
2025-09-19 17:09:09,058 - INFO - File 10638: Filtered 226743 hits and 3 records
2025-09-19 17:09:12,197 - INFO - Completed /viper/ptmp/arego/Red_T_7K_1_EN_100/10638.h5 in 3.45 seconds
2025-09-19 17:09:12,277 - INFO - Processing /viper/ptmp/arego/Red_T_7K_1/8032.h5
2025-09-19 17:09:12,591 - INFO - File 8032: Filtered 346507 hits and 4 records
2025-09-19 17:09:14,846 - INFO - Completed /viper/ptmp/arego/Red_T_7K_1_EN_100/8032.h5 in 2.57 seconds
2025-09-19 17:09:14,926 - INFO - Processing /viper/ptmp/arego/Red_T_7K_1/2394.h5
2025-09-19 17:09:15,250 - INFO - File 2394: Filtered 260960 hits and 3 records
2025-09-19 17:09:18,343 - INFO - Completed /viper/ptmp/arego/Red_T_7K_1_EN_100/2394.h5 in 3.42 seconds
2025-09-19 17:09:18,425 - INFO - Processing /viper/ptmp/arego/Red_T_7K_1/3526.h5
2025-09-19 17:09:18,744 - INFO - File 3526: Filtered 138064 hits and 3 records
2025-09-19 17:09:21,883 - INFO - Completed /viper/ptmp/arego/Red_T_7K_1_EN_100/3526.h5 in 3.46 seconds
2025-09-19 17:09:21,966 - INFO - Processing /viper/ptmp/arego/Red_T_7K_1/19937.h5
2025-09-19 17:09:22,295 - INFO - File 19937: Filtered 279496 hits and 2 records
2025-09-19 17:09:24,445 - INFO - Completed /viper/ptmp/arego/Red_T_7K_1_EN_100/19937.h5 in 2.48 seconds
2025-09-19 17:09:24,530 - INFO - Processing /viper/ptmp/arego/Red_T_7K_1/22823.h5
2025-09-19 17:09:24,845 - INFO - File 22823: Filtered 312583 hits and 3 records
2025-09-19 17:09:27,109 - INFO - Completed /viper/ptmp/arego/Red_T_7K_1_EN_100/22823.h5 in 2.58 seconds
2025-09-19 17:09:27,195 - INFO - Processing /viper/ptmp/arego/Red_T_7K_1/21715.h5
2025-09-19 17:09:27,489 - INFO - File 21715: Filtered 248381 hits and 5 records
2025-09-19 17:09:29,314 - INFO - Completed /viper/ptmp/arego/Red_T_7K_1_EN_100/21715.h5 in 2.12 seconds
2025-09-19 17:09:29,375 - INFO - Processing /viper/ptmp/arego/Red_T_7K_1/5081.h5
2025-09-19 17:09:29,704 - INFO - File 5081: Filtered 233401 hits and 4 records
2025-09-19 17:09:32,754 - INFO - Completed /viper/ptmp/arego/Red_T_7K_1_EN_100/5081.h5 in 3.38 seconds
2025-09-19 17:09:32,836 - INFO - Processing /viper/ptmp/arego/Red_T_7K_1/13864.h5
2025-09-19 17:09:33,116 - INFO - File 13864: Filtered 391728 hits and 4 records
2025-09-19 17:09:34,777 - INFO - Completed /viper/ptmp/arego/Red_T_7K_1_EN_100/13864.h5 in 1.94 seconds
2025-09-19 17:09:34,858 - INFO - Processing /viper/ptmp/arego/Red_T_7K_1/564.h5
2025-09-19 17:09:35,391 - INFO - File 564: Filtered 260206 hits and 5 records
2025-09-19 17:09:37,190 - INFO - Completed /viper/ptmp/arego/Red_T_7K_1_EN_100/564.h5 in 2.33 seconds
2025-09-19 17:09:37,270 - INFO - Processing /viper/ptmp/arego/Red_T_7K_1/506.h5
2025-09-19 17:09:37,542 - INFO - File 506: Filtered 183354 hits and 3 records
2025-09-19 17:09:39,932 - INFO - Completed /viper/ptmp/arego/Red_T_7K_1_EN_100/506.h5 in 2.66 seconds
2025-09-19 17:09:40,014 - INFO - Processing /viper/ptmp/arego/Red_T_7K_1/4808.h5
2025-09-19 17:09:40,311 - INFO - File 4808: Filtered 527434 hits and 5 records
2025-09-19 17:09:42,376 - INFO - Completed /viper/ptmp/arego/Red_T_7K_1_EN_100/4808.h5 in 2.36 seconds
2025-09-19 17:09:42,463 - INFO - Processing /viper/ptmp/arego/Red_T_7K_1/19846.h5
2025-09-19 17:09:42,770 - INFO - File 19846: Filtered 308415 hits and 5 records
2025-09-19 17:09:45,873 - INFO - Completed /viper/ptmp/arego/Red_T_7K_1_EN_100/19846.h5 in 3.41 seconds
2025-09-19 17:09:45,926 - INFO - Processing /viper/ptmp/arego/Red_T_7K_1/21282.h5
2025-09-19 17:09:46,262 - INFO - File 21282: Filtered 417663 hits and 1 records
2025-09-19 17:09:48,540 - INFO - Completed /viper/ptmp/arego/Red_T_7K_1_EN_100/21282.h5 in 2.61 seconds
2025-09-19 17:09:48,617 - INFO - Processing /viper/ptmp/arego/Red_T_7K_1/3515.h5
2025-09-19 17:09:48,949 - INFO - File 3515: Filtered 263466 hits and 3 records
2025-09-19 17:09:51,961 - INFO - Completed /viper/ptmp/arego/Red_T_7K_1_EN_100/3515.h5 in 3.34 seconds
2025-09-19 17:09:52,038 - INFO - Processing /viper/ptmp/arego/Red_T_7K_1/4295.h5
2025-09-19 17:09:52,374 - INFO - File 4295: Filtered 174197 hits and 3 records
2025-09-19 17:09:56,032 - INFO - Completed /viper/ptmp/arego/Red_T_7K_1_EN_100/4295.h5 in 3.99 seconds
2025-09-19 17:09:56,108 - INFO - Processing /viper/ptmp/arego/Red_T_7K_1/6215.h5
2025-09-19 17:09:56,432 - INFO - File 6215: Filtered 598150 hits and 3 records
2025-09-19 17:09:58,165 - INFO - Completed /viper/ptmp/arego/Red_T_7K_1_EN_100/6215.h5 in 2.06 seconds
2025-09-19 17:09:58,243 - INFO - Processing /viper/ptmp/arego/Red_T_7K_1/5449.h5
2025-09-19 17:09:58,544 - INFO - File 5449: Filtered 412582 hits and 5 records
2025-09-19 17:10:00,615 - INFO - Completed /viper/ptmp/arego/Red_T_7K_1_EN_100/5449.h5 in 2.37 seconds
2025-09-19 17:10:00,695 - INFO - Processing /viper/ptmp/arego/Red_T_7K_1/18965.h5
2025-09-19 17:10:01,005 - INFO - File 18965: Filtered 772546 hits and 5 records
2025-09-19 17:10:02,494 - INFO - Completed /viper/ptmp/arego/Red_T_7K_1_EN_100/18965.h5 in 1.80 seconds
2025-09-19 17:10:02,574 - INFO - Processing /viper/ptmp/arego/Red_T_7K_1/8173.h5
2025-09-19 17:10:02,902 - INFO - File 8173: Filtered 396714 hits and 5 records
2025-09-19 17:10:06,066 - INFO - Completed /viper/ptmp/arego/Red_T_7K_1_EN_100/8173.h5 in 3.49 seconds
2025-09-19 17:10:06,148 - INFO - Processing /viper/ptmp/arego/Red_T_7K_1/22249.h5
2025-09-19 17:10:06,424 - INFO - File 22249: Filtered 554422 hits and 6 records
2025-09-19 17:10:07,928 - INFO - Completed /viper/ptmp/arego/Red_T_7K_1_EN_100/22249.h5 in 1.78 seconds
2025-09-19 17:10:08,012 - INFO - Processing /viper/ptmp/arego/Red_T_7K_1/21840.h5
2025-09-19 17:10:08,394 - INFO - File 21840: Filtered 594590 hits and 6 records
2025-09-19 17:10:09,148 - INFO - Completed /viper/ptmp/arego/Red_T_7K_1_EN_100/21840.h5 in 1.14 seconds
2025-09-19 17:10:09,234 - INFO - Processing /viper/ptmp/arego/Red_T_7K_1/17584.h5
2025-09-19 17:10:09,585 - INFO - File 17584: Filtered 344913 hits and 4 records
2025-09-19 17:10:12,866 - INFO - Completed /viper/ptmp/arego/Red_T_7K_1_EN_100/17584.h5 in 3.63 seconds
2025-09-19 17:10:12,919 - INFO - Processing /viper/ptmp/arego/Red_T_7K_1/18448.h5
2025-09-19 17:10:13,250 - INFO - File 18448: Filtered 762539 hits and 7 records
2025-09-19 17:10:14,435 - INFO - Completed /viper/ptmp/arego/Red_T_7K_1_EN_100/18448.h5 in 1.52 seconds
2025-09-19 17:10:14,515 - INFO - Processing /viper/ptmp/arego/Red_T_7K_1/1769.h5
2025-09-19 17:10:14,859 - INFO - File 1769: Filtered 697902 hits and 3 records
2025-09-19 17:10:16,699 - INFO - Completed /viper/ptmp/arego/Red_T_7K_1_EN_100/1769.h5 in 2.18 seconds
2025-09-19 17:10:16,778 - INFO - Processing /viper/ptmp/arego/Red_T_7K_1/16121.h5
2025-09-19 17:10:17,118 - INFO - File 16121: Filtered 844717 hits and 5 records
2025-09-19 17:10:18,958 - INFO - Completed /viper/ptmp/arego/Red_T_7K_1_EN_100/16121.h5 in 2.18 seconds
2025-09-19 17:10:19,048 - INFO - Processing /viper/ptmp/arego/Red_T_7K_1/20095.h5
2025-09-19 17:10:19,389 - INFO - File 20095: Filtered 551102 hits and 4 records
2025-09-19 17:10:21,614 - INFO - Completed /viper/ptmp/arego/Red_T_7K_1_EN_100/20095.h5 in 2.57 seconds
2025-09-19 17:10:21,696 - INFO - Processing /viper/ptmp/arego/Red_T_7K_1/1641.h5
2025-09-19 17:10:22,061 - INFO - File 1641: Filtered 471778 hits and 4 records
2025-09-19 17:10:25,130 - INFO - Completed /viper/ptmp/arego/Red_T_7K_1_EN_100/1641.h5 in 3.43 seconds
2025-09-19 17:10:25,213 - INFO - Processing /viper/ptmp/arego/Red_T_7K_1/1771.h5
2025-09-19 17:10:25,549 - INFO - File 1771: Filtered 610806 hits and 5 records
2025-09-19 17:10:27,570 - INFO - Completed /viper/ptmp/arego/Red_T_7K_1_EN_100/1771.h5 in 2.36 seconds
2025-09-19 17:10:27,654 - INFO - Processing /viper/ptmp/arego/Red_T_7K_1/5426.h5
2025-09-19 17:10:27,999 - INFO - File 5426: Filtered 593104 hits and 5 records
2025-09-19 17:10:31,452 - INFO - Completed /viper/ptmp/arego/Red_T_7K_1_EN_100/5426.h5 in 3.80 seconds
2025-09-19 17:10:31,504 - INFO - Processing /viper/ptmp/arego/Red_T_7K_1/18414.h5
2025-09-19 17:10:31,859 - INFO - File 18414: Filtered 190197 hits and 3 records
2025-09-19 17:10:35,705 - INFO - Completed /viper/ptmp/arego/Red_T_7K_1_EN_100/18414.h5 in 4.20 seconds
2025-09-19 17:10:35,782 - INFO - Processing /viper/ptmp/arego/Red_T_7K_1/12131.h5
2025-09-19 17:10:36,127 - INFO - File 12131: Filtered 295568 hits and 4 records
2025-09-19 17:10:39,435 - INFO - Completed /viper/ptmp/arego/Red_T_7K_1_EN_100/12131.h5 in 3.65 seconds
2025-09-19 17:10:39,515 - INFO - Processing /viper/ptmp/arego/Red_T_7K_1/11132.h5
2025-09-19 17:10:39,885 - INFO - File 11132: Filtered 705469 hits and 7 records
2025-09-19 17:10:42,013 - INFO - Completed /viper/ptmp/arego/Red_T_7K_1_EN_100/11132.h5 in 2.50 seconds
2025-09-19 17:10:42,096 - INFO - Processing /viper/ptmp/arego/Red_T_7K_1/20771.h5
2025-09-19 17:10:42,474 - INFO - File 20771: Filtered 307424 hits and 5 records
2025-09-19 17:10:45,947 - INFO - Completed /viper/ptmp/arego/Red_T_7K_1_EN_100/20771.h5 in 3.85 seconds
2025-09-19 17:10:46,032 - INFO - Processing /viper/ptmp/arego/Red_T_7K_1/6550.h5
2025-09-19 17:10:46,405 - INFO - File 6550: Filtered 455225 hits and 2 records
2025-09-19 17:10:50,050 - INFO - Completed /viper/ptmp/arego/Red_T_7K_1_EN_100/6550.h5 in 4.02 seconds
2025-09-19 17:10:50,135 - INFO - Processing /viper/ptmp/arego/Red_T_7K_1/15811.h5
2025-09-19 17:10:50,500 - INFO - File 15811: Filtered 573877 hits and 7 records
2025-09-19 17:10:52,729 - INFO - Completed /viper/ptmp/arego/Red_T_7K_1_EN_100/15811.h5 in 2.59 seconds
2025-09-19 17:10:52,784 - INFO - Processing /viper/ptmp/arego/Red_T_7K_1/20897.h5
2025-09-19 17:10:53,186 - INFO - File 20897: Filtered 501520 hits and 7 records
2025-09-19 17:10:56,259 - INFO - Completed /viper/ptmp/arego/Red_T_7K_1_EN_100/20897.h5 in 3.48 seconds
2025-09-19 17:10:56,336 - INFO - Processing /viper/ptmp/arego/Red_T_7K_1/14230.h5
2025-09-19 17:10:56,777 - INFO - File 14230: Filtered 883487 hits and 6 records
2025-09-19 17:10:58,421 - INFO - Completed /viper/ptmp/arego/Red_T_7K_1_EN_100/14230.h5 in 2.08 seconds
2025-09-19 17:10:58,500 - INFO - Processing /viper/ptmp/arego/Red_T_7K_1/12400.h5
2025-09-19 17:10:58,877 - INFO - File 12400: Filtered 579944 hits and 5 records
2025-09-19 17:11:02,013 - INFO - Completed /viper/ptmp/arego/Red_T_7K_1_EN_100/12400.h5 in 3.51 seconds
2025-09-19 17:11:02,094 - INFO - Processing /viper/ptmp/arego/Red_T_7K_1/11533.h5
2025-09-19 17:11:02,450 - INFO - File 11533: Filtered 645907 hits and 8 records
2025-09-19 17:11:04,584 - INFO - Completed /viper/ptmp/arego/Red_T_7K_1_EN_100/11533.h5 in 2.49 seconds
2025-09-19 17:11:04,663 - INFO - Processing /viper/ptmp/arego/Red_T_7K_1/21706.h5
2025-09-19 17:11:05,095 - INFO - File 21706: Filtered 961426 hits and 5 records
2025-09-19 17:11:06,374 - INFO - Completed /viper/ptmp/arego/Red_T_7K_1_EN_100/21706.h5 in 1.71 seconds
2025-09-19 17:11:06,454 - INFO - Processing /viper/ptmp/arego/Red_T_7K_1/15798.h5
2025-09-19 17:11:06,827 - INFO - File 15798: Filtered 809862 hits and 5 records
2025-09-19 17:11:09,039 - INFO - Completed /viper/ptmp/arego/Red_T_7K_1_EN_100/15798.h5 in 2.59 seconds
2025-09-19 17:11:09,119 - INFO - Processing /viper/ptmp/arego/Red_T_7K_1/4426.h5
2025-09-19 17:11:09,528 - INFO - File 4426: Filtered 455519 hits and 4 records
2025-09-19 17:11:12,961 - INFO - Completed /viper/ptmp/arego/Red_T_7K_1_EN_100/4426.h5 in 3.84 seconds
2025-09-19 17:11:13,043 - INFO - Processing /viper/ptmp/arego/Red_T_7K_1/1697.h5
2025-09-19 17:11:13,395 - INFO - File 1697: Filtered 186349 hits and 3 records
2025-09-19 17:11:17,329 - INFO - Completed /viper/ptmp/arego/Red_T_7K_1_EN_100/1697.h5 in 4.29 seconds
2025-09-19 17:11:17,411 - INFO - Processing /viper/ptmp/arego/Red_T_7K_1/1780.h5
2025-09-19 17:11:17,784 - INFO - File 1780: Filtered 362765 hits and 4 records
2025-09-19 17:11:21,166 - INFO - Completed /viper/ptmp/arego/Red_T_7K_1_EN_100/1780.h5 in 3.75 seconds
2025-09-19 17:11:21,262 - INFO - Processing /viper/ptmp/arego/Red_T_7K_1/7854.h5
2025-09-19 17:11:21,649 - INFO - File 7854: Filtered 1043261 hits and 6 records
2025-09-19 17:11:23,484 - INFO - Completed /viper/ptmp/arego/Red_T_7K_1_EN_100/7854.h5 in 2.22 seconds
2025-09-19 17:11:23,536 - INFO - Processing /viper/ptmp/arego/Red_T_7K_1/14769.h5
2025-09-19 17:11:23,892 - INFO - File 14769: Filtered 1025499 hits and 4 records
2025-09-19 17:11:25,234 - INFO - Completed /viper/ptmp/arego/Red_T_7K_1_EN_100/14769.h5 in 1.70 seconds
2025-09-19 17:11:25,314 - INFO - Processing /viper/ptmp/arego/Red_T_7K_1/19628.h5
2025-09-19 17:11:25,732 - INFO - File 19628: Filtered 132347 hits and 2 records
2025-09-19 17:11:28,933 - INFO - Completed /viper/ptmp/arego/Red_T_7K_1_EN_100/19628.h5 in 3.62 seconds
2025-09-19 17:11:29,012 - INFO - Processing /viper/ptmp/arego/Red_T_7K_1/19466.h5
2025-09-19 17:11:29,433 - INFO - File 19466: Filtered 383767 hits and 1 records
2025-09-19 17:11:33,908 - INFO - Completed /viper/ptmp/arego/Red_T_7K_1_EN_100/19466.h5 in 4.90 seconds
2025-09-19 17:11:33,990 - INFO - Processing /viper/ptmp/arego/Red_T_7K_1/15841.h5
2025-09-19 17:11:34,425 - INFO - File 15841: Filtered 224213 hits and 3 records
2025-09-19 17:11:38,104 - INFO - Completed /viper/ptmp/arego/Red_T_7K_1_EN_100/15841.h5 in 4.11 seconds
2025-09-19 17:11:38,185 - INFO - Processing /viper/ptmp/arego/Red_T_7K_1/18634.h5
2025-09-19 17:11:38,573 - INFO - File 18634: Filtered 773965 hits and 3 records
2025-09-19 17:11:41,913 - INFO - Completed /viper/ptmp/arego/Red_T_7K_1_EN_100/18634.h5 in 3.73 seconds
2025-09-19 17:11:41,998 - INFO - Processing /viper/ptmp/arego/Red_T_7K_1/27988.h5
2025-09-19 17:11:42,368 - INFO - File 27988: Filtered 771160 hits and 4 records
2025-09-19 17:11:45,348 - INFO - Completed /viper/ptmp/arego/Red_T_7K_1_EN_100/27988.h5 in 3.35 seconds
2025-09-19 17:11:45,432 - INFO - Processing /viper/ptmp/arego/Red_T_7K_1/12778.h5
2025-09-19 17:11:45,860 - INFO - File 12778: Filtered 691435 hits and 6 records
2025-09-19 17:11:49,198 - INFO - Completed /viper/ptmp/arego/Red_T_7K_1_EN_100/12778.h5 in 3.77 seconds
2025-09-19 17:11:49,250 - INFO - Processing /viper/ptmp/arego/Red_T_7K_1/9097.h5
2025-09-19 17:11:49,682 - INFO - File 9097: Filtered 710088 hits and 6 records
2025-09-19 17:11:53,092 - INFO - Completed /viper/ptmp/arego/Red_T_7K_1_EN_100/9097.h5 in 3.84 seconds
2025-09-19 17:11:53,168 - INFO - Processing /viper/ptmp/arego/Red_T_7K_1/5058.h5
2025-09-19 17:11:53,598 - INFO - File 5058: Filtered 516703 hits and 4 records
2025-09-19 17:11:57,222 - INFO - Completed /viper/ptmp/arego/Red_T_7K_1_EN_100/5058.h5 in 4.05 seconds
2025-09-19 17:11:57,302 - INFO - Processing /viper/ptmp/arego/Red_T_7K_1/8344.h5
2025-09-19 17:11:57,767 - INFO - File 8344: Filtered 86059 hits and 3 records
2025-09-19 17:12:03,659 - INFO - Completed /viper/ptmp/arego/Red_T_7K_1_EN_100/8344.h5 in 6.36 seconds
2025-09-19 17:12:03,739 - INFO - Processing /viper/ptmp/arego/Red_T_7K_1/9013.h5
2025-09-19 17:12:04,173 - INFO - File 9013: Filtered 794492 hits and 6 records
2025-09-19 17:12:07,733 - INFO - Completed /viper/ptmp/arego/Red_T_7K_1_EN_100/9013.h5 in 3.99 seconds
2025-09-19 17:12:07,817 - INFO - Processing /viper/ptmp/arego/Red_T_7K_1/9674.h5
2025-09-19 17:12:08,252 - INFO - File 9674: Filtered 557323 hits and 5 records
2025-09-19 17:12:11,441 - INFO - Completed /viper/ptmp/arego/Red_T_7K_1_EN_100/9674.h5 in 3.62 seconds
2025-09-19 17:12:11,524 - INFO - Processing /viper/ptmp/arego/Red_T_7K_1/22398.h5
2025-09-19 17:12:11,956 - INFO - File 22398: Filtered 1014366 hits and 7 records
2025-09-19 17:12:14,954 - INFO - Completed /viper/ptmp/arego/Red_T_7K_1_EN_100/22398.h5 in 3.43 seconds
2025-09-19 17:12:15,009 - INFO - Processing /viper/ptmp/arego/Red_T_7K_1/15575.h5
2025-09-19 17:12:15,430 - INFO - File 15575: Filtered 545523 hits and 5 records
2025-09-19 17:12:19,146 - INFO - Completed /viper/ptmp/arego/Red_T_7K_1_EN_100/15575.h5 in 4.14 seconds
2025-09-19 17:12:19,221 - INFO - Processing /viper/ptmp/arego/Red_T_7K_1/12127.h5
2025-09-19 17:12:19,677 - INFO - File 12127: Filtered 660118 hits and 2 records
2025-09-19 17:12:22,833 - INFO - Completed /viper/ptmp/arego/Red_T_7K_1_EN_100/12127.h5 in 3.61 seconds
2025-09-19 17:12:22,920 - INFO - Processing /viper/ptmp/arego/Red_T_7K_1/11327.h5
2025-09-19 17:12:23,383 - INFO - File 11327: Filtered 1145440 hits and 5 records
2025-09-19 17:12:25,323 - INFO - Completed /viper/ptmp/arego/Red_T_7K_1_EN_100/11327.h5 in 2.40 seconds
2025-09-19 17:12:25,401 - INFO - Processing /viper/ptmp/arego/Red_T_7K_1/18507.h5
2025-09-19 17:12:25,838 - INFO - File 18507: Filtered 641886 hits and 6 records
2025-09-19 17:12:30,526 - INFO - Completed /viper/ptmp/arego/Red_T_7K_1_EN_100/18507.h5 in 5.13 seconds
2025-09-19 17:12:30,605 - INFO - Processing /viper/ptmp/arego/Red_T_7K_1/20911.h5
2025-09-19 17:12:30,991 - INFO - File 20911: Filtered 279959 hits and 4 records
2025-09-19 17:12:34,663 - INFO - Completed /viper/ptmp/arego/Red_T_7K_1_EN_100/20911.h5 in 4.06 seconds
2025-09-19 17:12:34,740 - INFO - Processing /viper/ptmp/arego/Red_T_7K_1/1042.h5
2025-09-19 17:12:35,221 - INFO - File 1042: Filtered 395770 hits and 5 records
2025-09-19 17:12:39,033 - INFO - Completed /viper/ptmp/arego/Red_T_7K_1_EN_100/1042.h5 in 4.29 seconds
2025-09-19 17:12:39,112 - INFO - Processing /viper/ptmp/arego/Red_T_7K_1/4960.h5
2025-09-19 17:12:39,553 - INFO - File 4960: Filtered 137366 hits and 3 records
2025-09-19 17:12:45,399 - INFO - Completed /viper/ptmp/arego/Red_T_7K_1_EN_100/4960.h5 in 6.29 seconds
2025-09-19 17:12:45,481 - INFO - Processing /viper/ptmp/arego/Red_T_7K_1/1400.h5
2025-09-19 17:12:45,856 - INFO - File 1400: Filtered 502176 hits and 7 records
2025-09-19 17:12:48,841 - INFO - Completed /viper/ptmp/arego/Red_T_7K_1_EN_100/1400.h5 in 3.36 seconds
2025-09-19 17:12:48,924 - INFO - Processing /viper/ptmp/arego/Red_T_7K_1/16579.h5
2025-09-19 17:12:49,386 - INFO - File 16579: Filtered 1498929 hits and 6 records
2025-09-19 17:12:51,190 - INFO - Completed /viper/ptmp/arego/Red_T_7K_1_EN_100/16579.h5 in 2.27 seconds
2025-09-19 17:12:51,275 - INFO - Processing /viper/ptmp/arego/Red_T_7K_1/13728.h5
2025-09-19 17:12:51,759 - INFO - File 13728: Filtered 965390 hits and 5 records
2025-09-19 17:12:55,258 - INFO - Completed /viper/ptmp/arego/Red_T_7K_1_EN_100/13728.h5 in 3.98 seconds
2025-09-19 17:12:55,311 - INFO - Processing /viper/ptmp/arego/Red_T_7K_1/2819.h5
2025-09-19 17:12:55,802 - INFO - File 2819: Filtered 599508 hits and 5 records
2025-09-19 17:13:01,492 - INFO - Completed /viper/ptmp/arego/Red_T_7K_1_EN_100/2819.h5 in 6.18 seconds
2025-09-19 17:13:01,570 - INFO - Processing /viper/ptmp/arego/Red_T_7K_1/10033.h5
2025-09-19 17:13:02,091 - INFO - File 10033: Filtered 737126 hits and 6 records
2025-09-19 17:13:07,530 - INFO - Completed /viper/ptmp/arego/Red_T_7K_1_EN_100/10033.h5 in 5.96 seconds
2025-09-19 17:13:07,607 - INFO - Processing /viper/ptmp/arego/Red_T_7K_1/22000.h5
2025-09-19 17:13:08,088 - INFO - File 22000: Filtered 1798816 hits and 7 records
2025-09-19 17:13:09,383 - INFO - Completed /viper/ptmp/arego/Red_T_7K_1_EN_100/22000.h5 in 1.78 seconds
2025-09-19 17:13:09,463 - INFO - Processing /viper/ptmp/arego/Red_T_7K_1/3310.h5
2025-09-19 17:13:09,948 - INFO - File 3310: Filtered 1096445 hits and 6 records
2025-09-19 17:13:13,248 - INFO - Completed /viper/ptmp/arego/Red_T_7K_1_EN_100/3310.h5 in 3.79 seconds
2025-09-19 17:13:13,328 - INFO - Processing /viper/ptmp/arego/Red_T_7K_1/16443.h5
2025-09-19 17:13:13,821 - INFO - File 16443: Filtered 322006 hits and 2 records
2025-09-19 17:13:19,517 - INFO - Completed /viper/ptmp/arego/Red_T_7K_1_EN_100/16443.h5 in 6.19 seconds
2025-09-19 17:13:19,599 - INFO - Processing /viper/ptmp/arego/Red_T_7K_1/12733.h5
2025-09-19 17:13:20,083 - INFO - File 12733: Filtered 1747764 hits and 5 records
2025-09-19 17:13:21,718 - INFO - Completed /viper/ptmp/arego/Red_T_7K_1_EN_100/12733.h5 in 2.12 seconds
2025-09-19 17:13:21,800 - INFO - Processing /viper/ptmp/arego/Red_T_7K_1/3389.h5
2025-09-19 17:13:22,341 - INFO - File 3389: Filtered 630586 hits and 4 records
2025-09-19 17:13:27,706 - INFO - Completed /viper/ptmp/arego/Red_T_7K_1_EN_100/3389.h5 in 5.91 seconds
2025-09-19 17:13:27,766 - INFO - Processing /viper/ptmp/arego/Red_T_7K_1/9754.h5
2025-09-19 17:13:28,297 - INFO - File 9754: Filtered 1108299 hits and 6 records
2025-09-19 17:13:30,470 - INFO - Completed /viper/ptmp/arego/Red_T_7K_1_EN_100/9754.h5 in 2.70 seconds
2025-09-19 17:13:30,551 - INFO - Processing /viper/ptmp/arego/Red_T_7K_1/21694.h5
2025-09-19 17:13:31,054 - INFO - File 21694: Filtered 652292 hits and 5 records
2025-09-19 17:13:36,832 - INFO - Completed /viper/ptmp/arego/Red_T_7K_1_EN_100/21694.h5 in 6.28 seconds
2025-09-19 17:13:36,910 - INFO - Processing /viper/ptmp/arego/Red_T_7K_1/3981.h5
2025-09-19 17:13:37,448 - INFO - File 3981: Filtered 623105 hits and 7 records
2025-09-19 17:13:43,486 - INFO - Completed /viper/ptmp/arego/Red_T_7K_1_EN_100/3981.h5 in 6.58 seconds
2025-09-19 17:13:43,565 - INFO - Processing /viper/ptmp/arego/Red_T_7K_1/11921.h5
2025-09-19 17:13:44,112 - INFO - File 11921: Filtered 804428 hits and 5 records
2025-09-19 17:13:46,043 - INFO - Completed /viper/ptmp/arego/Red_T_7K_1_EN_100/11921.h5 in 2.48 seconds
2025-09-19 17:13:46,124 - INFO - Processing /viper/ptmp/arego/Red_T_7K_1/1549.h5
2025-09-19 17:13:46,668 - INFO - File 1549: Filtered 834161 hits and 4 records
2025-09-19 17:13:50,274 - INFO - Completed /viper/ptmp/arego/Red_T_7K_1_EN_100/1549.h5 in 4.15 seconds
2025-09-19 17:13:50,360 - INFO - Processing /viper/ptmp/arego/Red_T_7K_1/12198.h5
2025-09-19 17:13:50,904 - INFO - File 12198: Filtered 1086503 hits and 7 records
2025-09-19 17:13:55,409 - INFO - Completed /viper/ptmp/arego/Red_T_7K_1_EN_100/12198.h5 in 5.05 seconds
2025-09-19 17:13:55,470 - INFO - Processing /viper/ptmp/arego/Red_T_7K_1/8337.h5
2025-09-19 17:13:56,000 - INFO - File 8337: Filtered 1191731 hits and 4 records
2025-09-19 17:13:59,944 - INFO - Completed /viper/ptmp/arego/Red_T_7K_1_EN_100/8337.h5 in 4.47 seconds
2025-09-19 17:14:00,022 - INFO - Processing /viper/ptmp/arego/Red_T_7K_1/18967.h5
2025-09-19 17:14:00,560 - INFO - File 18967: Filtered 1054769 hits and 5 records
2025-09-19 17:14:05,285 - INFO - Completed /viper/ptmp/arego/Red_T_7K_1_EN_100/18967.h5 in 5.26 seconds
2025-09-19 17:14:05,364 - INFO - Processing /viper/ptmp/arego/Red_T_7K_1/10215.h5
2025-09-19 17:14:05,857 - INFO - File 10215: Filtered 1350381 hits and 4 records
2025-09-19 17:14:09,152 - INFO - Completed /viper/ptmp/arego/Red_T_7K_1_EN_100/10215.h5 in 3.79 seconds
2025-09-19 17:14:09,232 - INFO - Processing /viper/ptmp/arego/Red_T_7K_1/16024.h5
2025-09-19 17:14:09,770 - INFO - File 16024: Filtered 326233 hits and 1 records
2025-09-19 17:14:16,317 - INFO - Completed /viper/ptmp/arego/Red_T_7K_1_EN_100/16024.h5 in 7.09 seconds
2025-09-19 17:14:16,397 - INFO - Processing /viper/ptmp/arego/Red_T_7K_1/2127.h5
2025-09-19 17:14:16,934 - INFO - File 2127: Filtered 890363 hits and 6 records
2025-09-19 17:14:22,224 - INFO - Completed /viper/ptmp/arego/Red_T_7K_1_EN_100/2127.h5 in 5.83 seconds
2025-09-19 17:14:22,304 - INFO - Processing /viper/ptmp/arego/Red_T_7K_1/22010.h5
2025-09-19 17:14:22,847 - INFO - File 22010: Filtered 1331222 hits and 5 records
2025-09-19 17:14:24,820 - INFO - Completed /viper/ptmp/arego/Red_T_7K_1_EN_100/22010.h5 in 2.52 seconds
2025-09-19 17:14:24,905 - INFO - Processing /viper/ptmp/arego/Red_T_7K_1/1661.h5
2025-09-19 17:14:25,444 - INFO - File 1661: Filtered 546501 hits and 3 records
2025-09-19 17:14:31,148 - INFO - Completed /viper/ptmp/arego/Red_T_7K_1_EN_100/1661.h5 in 6.24 seconds
2025-09-19 17:14:31,230 - INFO - Processing /viper/ptmp/arego/Red_T_7K_1/14208.h5
2025-09-19 17:14:31,782 - INFO - File 14208: Filtered 201307 hits and 4 records
2025-09-19 17:14:39,820 - INFO - Completed /viper/ptmp/arego/Red_T_7K_1_EN_100/14208.h5 in 8.59 seconds
2025-09-19 17:14:39,903 - INFO - Processing /viper/ptmp/arego/Red_T_7K_1/9027.h5
2025-09-19 17:14:40,433 - INFO - File 9027: Filtered 567710 hits and 2 records
2025-09-19 17:14:46,411 - INFO - Completed /viper/ptmp/arego/Red_T_7K_1_EN_100/9027.h5 in 6.51 seconds
2025-09-19 17:14:46,496 - INFO - Processing /viper/ptmp/arego/Red_T_7K_1/10428.h5
2025-09-19 17:14:47,074 - INFO - File 10428: Filtered 228763 hits and 2 records
2025-09-19 17:14:53,176 - INFO - Completed /viper/ptmp/arego/Red_T_7K_1_EN_100/10428.h5 in 6.68 seconds
2025-09-19 17:14:53,230 - INFO - Processing /viper/ptmp/arego/Red_T_7K_1/13122.h5
2025-09-19 17:14:53,899 - INFO - File 13122: Filtered 183793 hits and 2 records
2025-09-19 17:15:04,360 - INFO - Completed /viper/ptmp/arego/Red_T_7K_1_EN_100/13122.h5 in 11.13 seconds
2025-09-19 17:15:04,439 - INFO - Processing /viper/ptmp/arego/Red_T_7K_1/5070.h5
2025-09-19 17:15:07,597 - INFO - File 5070: Filtered 791408 hits and 4 records
2025-09-19 17:15:13,401 - INFO - Completed /viper/ptmp/arego/Red_T_7K_1_EN_100/5070.h5 in 8.96 seconds
2025-09-19 17:15:13,480 - INFO - Processing /viper/ptmp/arego/Red_T_7K_1/2055.h5
2025-09-19 17:15:14,036 - INFO - File 2055: Filtered 1301048 hits and 6 records
2025-09-19 17:15:18,608 - INFO - Completed /viper/ptmp/arego/Red_T_7K_1_EN_100/2055.h5 in 5.13 seconds
2025-09-19 17:15:18,688 - INFO - Processing /viper/ptmp/arego/Red_T_7K_1/15033.h5
2025-09-19 17:15:19,220 - INFO - File 15033: Filtered 1251725 hits and 6 records
2025-09-19 17:15:22,779 - INFO - Completed /viper/ptmp/arego/Red_T_7K_1_EN_100/15033.h5 in 4.09 seconds
2025-09-19 17:15:22,862 - INFO - Processing /viper/ptmp/arego/Red_T_7K_1/16031.h5
2025-09-19 17:15:23,455 - INFO - File 16031: Filtered 995382 hits and 6 records
2025-09-19 17:15:27,363 - INFO - Completed /viper/ptmp/arego/Red_T_7K_1_EN_100/16031.h5 in 4.50 seconds
2025-09-19 17:15:27,448 - INFO - Processing /viper/ptmp/arego/Red_T_7K_1/16075.h5
2025-09-19 17:15:28,359 - INFO - File 16075: Filtered 249312 hits and 3 records
2025-09-19 17:15:43,602 - INFO - Completed /viper/ptmp/arego/Red_T_7K_1_EN_100/16075.h5 in 16.15 seconds
2025-09-19 17:15:43,688 - INFO - Processing /viper/ptmp/arego/Red_T_7K_1/6652.h5
2025-09-19 17:15:44,236 - INFO - File 6652: Filtered 1751695 hits and 6 records
2025-09-19 17:15:46,549 - INFO - Completed /viper/ptmp/arego/Red_T_7K_1_EN_100/6652.h5 in 2.86 seconds
2025-09-19 17:15:46,603 - INFO - Processing /viper/ptmp/arego/Red_T_7K_1/10755.h5
2025-09-19 17:15:51,112 - INFO - File 10755: Filtered 621999 hits and 4 records
2025-09-19 17:15:56,926 - INFO - Completed /viper/ptmp/arego/Red_T_7K_1_EN_100/10755.h5 in 10.32 seconds
2025-09-19 17:15:57,006 - INFO - Processing /viper/ptmp/arego/Red_T_7K_1/18788.h5
2025-09-19 17:15:57,589 - INFO - File 18788: Filtered 2017648 hits and 3 records
2025-09-19 17:15:59,561 - INFO - Completed /viper/ptmp/arego/Red_T_7K_1_EN_100/18788.h5 in 2.55 seconds
2025-09-19 17:15:59,641 - INFO - Processing /viper/ptmp/arego/Red_T_7K_1/1239.h5
2025-09-19 17:16:00,347 - INFO - File 1239: Filtered 352805 hits and 4 records
2025-09-19 17:16:09,462 - INFO - Completed /viper/ptmp/arego/Red_T_7K_1_EN_100/1239.h5 in 9.82 seconds
2025-09-19 17:16:09,556 - INFO - Processing /viper/ptmp/arego/Red_T_7K_1/5137.h5
2025-09-19 17:16:10,148 - INFO - File 5137: Filtered 1909912 hits and 6 records
2025-09-19 17:16:13,504 - INFO - Completed /viper/ptmp/arego/Red_T_7K_1_EN_100/5137.h5 in 3.95 seconds
2025-09-19 17:16:13,587 - INFO - Processing /viper/ptmp/arego/Red_T_7K_1/12125.h5
2025-09-19 17:16:14,146 - INFO - File 12125: Filtered 599308 hits and 4 records
2025-09-19 17:16:20,466 - INFO - Completed /viper/ptmp/arego/Red_T_7K_1_EN_100/12125.h5 in 6.88 seconds
2025-09-19 17:16:20,550 - INFO - Processing /viper/ptmp/arego/Red_T_7K_1/14645.h5
2025-09-19 17:16:21,178 - INFO - File 14645: Filtered 2034104 hits and 4 records
2025-09-19 17:16:23,174 - INFO - Completed /viper/ptmp/arego/Red_T_7K_1_EN_100/14645.h5 in 2.62 seconds
2025-09-19 17:16:23,227 - INFO - Processing /viper/ptmp/arego/Red_T_7K_1/13656.h5
2025-09-19 17:16:23,787 - INFO - File 13656: Filtered 2166650 hits and 8 records
2025-09-19 17:16:25,527 - INFO - Completed /viper/ptmp/arego/Red_T_7K_1_EN_100/13656.h5 in 2.30 seconds
2025-09-19 17:16:25,604 - INFO - Processing /viper/ptmp/arego/Red_T_7K_1/7735.h5
2025-09-19 17:16:26,204 - INFO - File 7735: Filtered 2096996 hits and 9 records
2025-09-19 17:16:29,363 - INFO - Completed /viper/ptmp/arego/Red_T_7K_1_EN_100/7735.h5 in 3.76 seconds
2025-09-19 17:16:29,440 - INFO - Processing /viper/ptmp/arego/Red_T_7K_1/14422.h5
2025-09-19 17:16:30,075 - INFO - File 14422: Filtered 1143519 hits and 3 records
2025-09-19 17:16:36,085 - INFO - Completed /viper/ptmp/arego/Red_T_7K_1_EN_100/14422.h5 in 6.64 seconds
2025-09-19 17:16:36,171 - INFO - Processing /viper/ptmp/arego/Red_T_7K_1/11171.h5
2025-09-19 17:16:36,804 - INFO - File 11171: Filtered 1102836 hits and 7 records
2025-09-19 17:16:43,266 - INFO - Completed /viper/ptmp/arego/Red_T_7K_1_EN_100/11171.h5 in 7.10 seconds
2025-09-19 17:16:43,344 - INFO - Processing /viper/ptmp/arego/Red_T_7K_1/4878.h5
2025-09-19 17:16:43,930 - INFO - File 4878: Filtered 1090128 hits and 3 records
2025-09-19 17:16:49,392 - INFO - Completed /viper/ptmp/arego/Red_T_7K_1_EN_100/4878.h5 in 6.05 seconds
2025-09-19 17:16:49,471 - INFO - Processing /viper/ptmp/arego/Red_T_7K_1/13802.h5
2025-09-19 17:16:50,140 - INFO - File 13802: Filtered 1045025 hits and 4 records
2025-09-19 17:16:57,423 - INFO - Completed /viper/ptmp/arego/Red_T_7K_1_EN_100/13802.h5 in 7.95 seconds
2025-09-19 17:16:57,504 - INFO - Processing /viper/ptmp/arego/Red_T_7K_1/15070.h5
2025-09-19 17:16:58,143 - INFO - File 15070: Filtered 1318846 hits and 3 records
2025-09-19 17:17:03,455 - INFO - Completed /viper/ptmp/arego/Red_T_7K_1_EN_100/15070.h5 in 5.95 seconds
2025-09-19 17:17:03,537 - INFO - Processing /viper/ptmp/arego/Red_T_7K_1/16314.h5
2025-09-19 17:17:04,226 - INFO - File 16314: Filtered 1603411 hits and 5 records
2025-09-19 17:17:10,043 - INFO - Completed /viper/ptmp/arego/Red_T_7K_1_EN_100/16314.h5 in 6.51 seconds
2025-09-19 17:17:10,128 - INFO - Processing /viper/ptmp/arego/Red_T_7K_1/8097.h5
2025-09-19 17:17:10,731 - INFO - File 8097: Filtered 929216 hits and 6 records
2025-09-19 17:17:17,134 - INFO - Completed /viper/ptmp/arego/Red_T_7K_1_EN_100/8097.h5 in 7.01 seconds
2025-09-19 17:17:17,218 - INFO - Processing /viper/ptmp/arego/Red_T_7K_1/7693.h5
2025-09-19 17:17:17,878 - INFO - File 7693: Filtered 2652360 hits and 5 records
2025-09-19 17:17:19,692 - INFO - Completed /viper/ptmp/arego/Red_T_7K_1_EN_100/7693.h5 in 2.47 seconds
2025-09-19 17:17:19,746 - INFO - Processing /viper/ptmp/arego/Red_T_7K_1/12287.h5
2025-09-19 17:17:20,437 - INFO - File 12287: Filtered 1100315 hits and 4 records
2025-09-19 17:17:26,451 - INFO - Completed /viper/ptmp/arego/Red_T_7K_1_EN_100/12287.h5 in 6.70 seconds
2025-09-19 17:17:26,529 - INFO - Processing /viper/ptmp/arego/Red_T_7K_1/3445.h5
2025-09-19 17:17:27,211 - INFO - File 3445: Filtered 1398020 hits and 4 records
2025-09-19 17:17:33,775 - INFO - Completed /viper/ptmp/arego/Red_T_7K_1_EN_100/3445.h5 in 7.25 seconds
2025-09-19 17:17:33,853 - INFO - Processing /viper/ptmp/arego/Red_T_7K_1/21152.h5
2025-09-19 17:17:34,495 - INFO - File 21152: Filtered 1753680 hits and 7 records
2025-09-19 17:17:39,211 - INFO - Completed /viper/ptmp/arego/Red_T_7K_1_EN_100/21152.h5 in 5.36 seconds
2025-09-19 17:17:39,293 - INFO - Processing /viper/ptmp/arego/Red_T_7K_1/14064.h5
2025-09-19 17:17:39,943 - INFO - File 14064: Filtered 806358 hits and 3 records
2025-09-19 17:17:47,918 - INFO - Completed /viper/ptmp/arego/Red_T_7K_1_EN_100/14064.h5 in 8.62 seconds
2025-09-19 17:17:47,998 - INFO - Processing /viper/ptmp/arego/Red_T_7K_1/23352.h5
2025-09-19 17:17:48,681 - INFO - File 23352: Filtered 1232676 hits and 4 records
2025-09-19 17:17:55,984 - INFO - Completed /viper/ptmp/arego/Red_T_7K_1_EN_100/23352.h5 in 7.99 seconds
2025-09-19 17:17:56,065 - INFO - Processing /viper/ptmp/arego/Red_T_7K_1/13773.h5
2025-09-19 17:17:56,799 - INFO - File 13773: Filtered 907612 hits and 2 records
2025-09-19 17:18:04,843 - INFO - Completed /viper/ptmp/arego/Red_T_7K_1_EN_100/13773.h5 in 8.78 seconds
2025-09-19 17:18:04,927 - INFO - Processing /viper/ptmp/arego/Red_T_7K_1/13042.h5
2025-09-19 17:18:05,631 - INFO - File 13042: Filtered 3279117 hits and 6 records
2025-09-19 17:18:06,232 - INFO - Completed /viper/ptmp/arego/Red_T_7K_1_EN_100/13042.h5 in 1.31 seconds
2025-09-19 17:18:06,291 - INFO - Processing /viper/ptmp/arego/Red_T_7K_1/8078.h5
2025-09-19 17:18:06,992 - INFO - File 8078: Filtered 1436891 hits and 7 records
2025-09-19 17:18:14,411 - INFO - Completed /viper/ptmp/arego/Red_T_7K_1_EN_100/8078.h5 in 8.12 seconds
2025-09-19 17:18:14,490 - INFO - Processing /viper/ptmp/arego/Red_T_7K_1/15135.h5
2025-09-19 17:18:15,214 - INFO - File 15135: Filtered 467867 hits and 7 records
2025-09-19 17:18:24,579 - INFO - Completed /viper/ptmp/arego/Red_T_7K_1_EN_100/15135.h5 in 10.09 seconds
2025-09-19 17:18:24,657 - INFO - Processing /viper/ptmp/arego/Red_T_7K_1/18596.h5
2025-09-19 17:18:25,411 - INFO - File 18596: Filtered 1480906 hits and 6 records
2025-09-19 17:18:33,117 - INFO - Completed /viper/ptmp/arego/Red_T_7K_1_EN_100/18596.h5 in 8.46 seconds
2025-09-19 17:18:33,196 - INFO - Processing /viper/ptmp/arego/Red_T_7K_1/18535.h5
2025-09-19 17:18:34,023 - INFO - File 18535: Filtered 140387 hits and 2 records
2025-09-19 17:18:45,579 - INFO - Completed /viper/ptmp/arego/Red_T_7K_1_EN_100/18535.h5 in 12.38 seconds
2025-09-19 17:18:45,661 - INFO - Processing /viper/ptmp/arego/Red_T_7K_1/6793.h5
2025-09-19 17:18:46,324 - INFO - File 6793: Filtered 1065329 hits and 6 records
2025-09-19 17:18:53,694 - INFO - Completed /viper/ptmp/arego/Red_T_7K_1_EN_100/6793.h5 in 8.03 seconds
2025-09-19 17:18:53,775 - INFO - Processing /viper/ptmp/arego/Red_T_7K_1/20439.h5
2025-09-19 17:18:54,539 - INFO - File 20439: Filtered 1793172 hits and 4 records
2025-09-19 17:19:01,465 - INFO - Completed /viper/ptmp/arego/Red_T_7K_1_EN_100/20439.h5 in 7.69 seconds
2025-09-19 17:19:01,517 - INFO - Processing /viper/ptmp/arego/Red_T_7K_1/17496.h5
2025-09-19 17:19:02,249 - INFO - File 17496: Filtered 790790 hits and 3 records
2025-09-19 17:19:11,908 - INFO - Completed /viper/ptmp/arego/Red_T_7K_1_EN_100/17496.h5 in 10.39 seconds
2025-09-19 17:19:11,992 - INFO - Processing /viper/ptmp/arego/Red_T_7K_1/22643.h5
2025-09-19 17:19:12,737 - INFO - File 22643: Filtered 1608908 hits and 7 records
2025-09-19 17:19:20,437 - INFO - Completed /viper/ptmp/arego/Red_T_7K_1_EN_100/22643.h5 in 8.45 seconds
2025-09-19 17:19:20,510 - INFO - Processing /viper/ptmp/arego/Red_T_7K_1/22834.h5
2025-09-19 17:19:21,245 - INFO - File 22834: Filtered 906454 hits and 4 records
2025-09-19 17:19:31,387 - INFO - Completed /viper/ptmp/arego/Red_T_7K_1_EN_100/22834.h5 in 10.88 seconds
2025-09-19 17:19:31,461 - INFO - Processing /viper/ptmp/arego/Red_T_7K_1/12654.h5
2025-09-19 17:19:32,248 - INFO - File 12654: Filtered 1595048 hits and 4 records
2025-09-19 17:19:40,128 - INFO - Completed /viper/ptmp/arego/Red_T_7K_1_EN_100/12654.h5 in 8.67 seconds
2025-09-19 17:19:40,205 - INFO - Processing /viper/ptmp/arego/Red_T_7K_1/3734.h5
2025-09-19 17:19:40,974 - INFO - File 3734: Filtered 340900 hits and 4 records
2025-09-19 17:19:52,068 - INFO - Completed /viper/ptmp/arego/Red_T_7K_1_EN_100/3734.h5 in 11.86 seconds
2025-09-19 17:19:52,144 - INFO - Processing /viper/ptmp/arego/Red_T_7K_1/20863.h5
2025-09-19 17:19:52,899 - INFO - File 20863: Filtered 1630596 hits and 5 records
2025-09-19 17:19:59,973 - INFO - Completed /viper/ptmp/arego/Red_T_7K_1_EN_100/20863.h5 in 7.83 seconds
2025-09-19 17:20:00,049 - INFO - Processing /viper/ptmp/arego/Red_T_7K_1/399.h5
2025-09-19 17:20:00,774 - INFO - File 399: Filtered 837757 hits and 4 records
2025-09-19 17:20:10,994 - INFO - Completed /viper/ptmp/arego/Red_T_7K_1_EN_100/399.h5 in 10.94 seconds
2025-09-19 17:20:11,083 - INFO - Processing /viper/ptmp/arego/Red_T_7K_1/2350.h5
2025-09-19 17:20:11,894 - INFO - File 2350: Filtered 1828658 hits and 5 records
2025-09-19 17:20:19,635 - INFO - Completed /viper/ptmp/arego/Red_T_7K_1_EN_100/2350.h5 in 8.55 seconds
2025-09-19 17:20:19,714 - INFO - Processing /viper/ptmp/arego/Red_T_7K_1/2971.h5
2025-09-19 17:20:20,555 - INFO - File 2971: Filtered 936203 hits and 5 records
2025-09-19 17:20:30,192 - INFO - Completed /viper/ptmp/arego/Red_T_7K_1_EN_100/2971.h5 in 10.48 seconds
2025-09-19 17:20:30,272 - INFO - Processing /viper/ptmp/arego/Red_T_7K_1/13336.h5
2025-09-19 17:20:31,022 - INFO - File 13336: Filtered 1910088 hits and 8 records
2025-09-19 17:20:38,208 - INFO - Completed /viper/ptmp/arego/Red_T_7K_1_EN_100/13336.h5 in 7.94 seconds
2025-09-19 17:20:38,260 - INFO - Processing /viper/ptmp/arego/Red_T_7K_1/4020.h5
2025-09-19 17:20:39,101 - INFO - File 4020: Filtered 1735508 hits and 4 records
2025-09-19 17:20:46,954 - INFO - Completed /viper/ptmp/arego/Red_T_7K_1_EN_100/4020.h5 in 8.69 seconds
2025-09-19 17:20:47,028 - INFO - Processing /viper/ptmp/arego/Red_T_7K_1/7703.h5
2025-09-19 17:20:47,832 - INFO - File 7703: Filtered 2365996 hits and 8 records
2025-09-19 17:20:54,089 - INFO - Completed /viper/ptmp/arego/Red_T_7K_1_EN_100/7703.h5 in 7.06 seconds
2025-09-19 17:20:54,163 - INFO - Processing /viper/ptmp/arego/Red_T_7K_1/10891.h5
2025-09-19 17:20:54,959 - INFO - File 10891: Filtered 2808358 hits and 7 records
2025-09-19 17:20:58,290 - INFO - Completed /viper/ptmp/arego/Red_T_7K_1_EN_100/10891.h5 in 4.13 seconds
2025-09-19 17:20:58,365 - INFO - Processing /viper/ptmp/arego/Red_T_7K_1/16188.h5
2025-09-19 17:20:59,198 - INFO - File 16188: Filtered 1743100 hits and 6 records
2025-09-19 17:21:07,462 - INFO - Completed /viper/ptmp/arego/Red_T_7K_1_EN_100/16188.h5 in 9.10 seconds
2025-09-19 17:21:07,538 - INFO - Processing /viper/ptmp/arego/Red_T_7K_1/4671.h5
2025-09-19 17:21:08,337 - INFO - File 4671: Filtered 2619846 hits and 5 records
2025-09-19 17:21:12,751 - INFO - Completed /viper/ptmp/arego/Red_T_7K_1_EN_100/4671.h5 in 5.21 seconds
2025-09-19 17:21:12,841 - INFO - Processing /viper/ptmp/arego/Red_T_7K_1/5588.h5
2025-09-19 17:21:13,682 - INFO - File 5588: Filtered 1296225 hits and 4 records
2025-09-19 17:21:22,776 - INFO - Completed /viper/ptmp/arego/Red_T_7K_1_EN_100/5588.h5 in 9.93 seconds
2025-09-19 17:21:22,856 - INFO - Processing /viper/ptmp/arego/Red_T_7K_1/15509.h5
2025-09-19 17:21:23,682 - INFO - File 15509: Filtered 2319498 hits and 7 records
2025-09-19 17:21:29,781 - INFO - Completed /viper/ptmp/arego/Red_T_7K_1_EN_100/15509.h5 in 6.92 seconds
2025-09-19 17:21:29,833 - INFO - Processing /viper/ptmp/arego/Red_T_7K_1/14622.h5
2025-09-19 17:21:31,435 - INFO - File 14622: Filtered 629069 hits and 4 records
2025-09-19 17:21:57,631 - INFO - Completed /viper/ptmp/arego/Red_T_7K_1_EN_100/14622.h5 in 27.80 seconds
2025-09-19 17:21:57,705 - INFO - Processing /viper/ptmp/arego/Red_T_7K_1/22782.h5
2025-09-19 17:21:58,481 - INFO - File 22782: Filtered 2016997 hits and 5 records
2025-09-19 17:22:04,757 - INFO - Completed /viper/ptmp/arego/Red_T_7K_1_EN_100/22782.h5 in 7.05 seconds
2025-09-19 17:22:04,831 - INFO - Processing /viper/ptmp/arego/Red_T_7K_1/19310.h5
2025-09-19 17:22:05,679 - INFO - File 19310: Filtered 1749708 hits and 5 records
2025-09-19 17:22:14,655 - INFO - Completed /viper/ptmp/arego/Red_T_7K_1_EN_100/19310.h5 in 9.82 seconds
2025-09-19 17:22:14,742 - INFO - Processing /viper/ptmp/arego/Red_T_7K_1/4799.h5
2025-09-19 17:22:15,622 - INFO - File 4799: Filtered 2049708 hits and 7 records
2025-09-19 17:22:22,982 - INFO - Completed /viper/ptmp/arego/Red_T_7K_1_EN_100/4799.h5 in 8.24 seconds
2025-09-19 17:22:23,060 - INFO - Processing /viper/ptmp/arego/Red_T_7K_1/20419.h5
2025-09-19 17:22:23,947 - INFO - File 20419: Filtered 1164333 hits and 3 records
2025-09-19 17:22:33,334 - INFO - Completed /viper/ptmp/arego/Red_T_7K_1_EN_100/20419.h5 in 10.27 seconds
2025-09-19 17:22:33,412 - INFO - Processing /viper/ptmp/arego/Red_T_7K_1/8992.h5
2025-09-19 17:22:34,318 - INFO - File 8992: Filtered 164353 hits and 3 records
2025-09-19 17:22:49,157 - INFO - Completed /viper/ptmp/arego/Red_T_7K_1_EN_100/8992.h5 in 15.74 seconds
2025-09-19 17:22:49,210 - INFO - Processing /viper/ptmp/arego/Red_T_7K_1/22258.h5
2025-09-19 17:22:50,058 - INFO - File 22258: Filtered 2689038 hits and 4 records
2025-09-19 17:22:55,539 - INFO - Completed /viper/ptmp/arego/Red_T_7K_1_EN_100/22258.h5 in 6.33 seconds
2025-09-19 17:22:55,612 - INFO - Processing /viper/ptmp/arego/Red_T_7K_1/21364.h5
2025-09-19 17:22:56,447 - INFO - File 21364: Filtered 1738453 hits and 6 records
2025-09-19 17:23:05,005 - INFO - Completed /viper/ptmp/arego/Red_T_7K_1_EN_100/21364.h5 in 9.39 seconds
2025-09-19 17:23:05,078 - INFO - Processing /viper/ptmp/arego/Red_T_7K_1/16909.h5
2025-09-19 17:23:05,923 - INFO - File 16909: Filtered 2054721 hits and 3 records
2025-09-19 17:23:13,435 - INFO - Completed /viper/ptmp/arego/Red_T_7K_1_EN_100/16909.h5 in 8.36 seconds
2025-09-19 17:23:13,518 - INFO - Processing /viper/ptmp/arego/Red_T_7K_1/1273.h5
2025-09-19 17:23:14,438 - INFO - File 1273: Filtered 3574713 hits and 5 records
2025-09-19 17:23:18,990 - INFO - Completed /viper/ptmp/arego/Red_T_7K_1_EN_100/1273.h5 in 5.47 seconds
2025-09-19 17:23:19,065 - INFO - Processing /viper/ptmp/arego/Red_T_7K_1/7950.h5
2025-09-19 17:23:20,270 - INFO - File 7950: Filtered 31703 hits and 1 records
2025-09-19 17:23:40,965 - INFO - Completed /viper/ptmp/arego/Red_T_7K_1_EN_100/7950.h5 in 21.90 seconds
2025-09-19 17:23:41,040 - INFO - Processing /viper/ptmp/arego/Red_T_7K_1/11276.h5
2025-09-19 17:23:41,964 - INFO - File 11276: Filtered 1362349 hits and 6 records
2025-09-19 17:23:53,700 - INFO - Completed /viper/ptmp/arego/Red_T_7K_1_EN_100/11276.h5 in 12.66 seconds
2025-09-19 17:23:53,777 - INFO - Processing /viper/ptmp/arego/Red_T_7K_1/1019.h5
2025-09-19 17:23:54,729 - INFO - File 1019: Filtered 2821635 hits and 5 records
2025-09-19 17:24:01,759 - INFO - Completed /viper/ptmp/arego/Red_T_7K_1_EN_100/1019.h5 in 7.98 seconds
2025-09-19 17:24:01,835 - INFO - Processing /viper/ptmp/arego/Red_T_7K_1/18276.h5
2025-09-19 17:24:02,789 - INFO - File 18276: Filtered 2578724 hits and 9 records
2025-09-19 17:24:11,255 - INFO - Completed /viper/ptmp/arego/Red_T_7K_1_EN_100/18276.h5 in 9.42 seconds
2025-09-19 17:24:11,333 - INFO - Processing /viper/ptmp/arego/Red_T_7K_1/13977.h5
2025-09-19 17:24:12,301 - INFO - File 13977: Filtered 1468363 hits and 6 records
2025-09-19 17:24:24,647 - INFO - Completed /viper/ptmp/arego/Red_T_7K_1_EN_100/13977.h5 in 13.31 seconds
2025-09-19 17:24:24,727 - INFO - Processing /viper/ptmp/arego/Red_T_7K_1/12476.h5
2025-09-19 17:24:25,762 - INFO - File 12476: Filtered 2344829 hits and 5 records
2025-09-19 17:24:36,496 - INFO - Completed /viper/ptmp/arego/Red_T_7K_1_EN_100/12476.h5 in 11.77 seconds
2025-09-19 17:24:36,549 - INFO - Processing /viper/ptmp/arego/Red_T_7K_1/20441.h5
2025-09-19 17:24:38,036 - INFO - File 20441: Filtered 518898 hits and 2 records
2025-09-19 17:25:03,319 - INFO - Completed /viper/ptmp/arego/Red_T_7K_1_EN_100/20441.h5 in 26.77 seconds
2025-09-19 17:25:03,405 - INFO - Processing /viper/ptmp/arego/Red_T_7K_1/19977.h5
2025-09-19 17:25:04,781 - INFO - File 19977: Filtered 1079576 hits and 5 records
2025-09-19 17:25:26,422 - INFO - Completed /viper/ptmp/arego/Red_T_7K_1_EN_100/19977.h5 in 23.02 seconds
2025-09-19 17:25:26,498 - INFO - Processing /viper/ptmp/arego/Red_T_7K_1/21869.h5
2025-09-19 17:25:27,492 - INFO - File 21869: Filtered 2484590 hits and 5 records
2025-09-19 17:25:36,821 - INFO - Completed /viper/ptmp/arego/Red_T_7K_1_EN_100/21869.h5 in 10.32 seconds
2025-09-19 17:25:36,898 - INFO - Processing /viper/ptmp/arego/Red_T_7K_1/6080.h5
2025-09-19 17:25:37,997 - INFO - File 6080: Filtered 1285095 hits and 3 records
2025-09-19 17:25:51,271 - INFO - Completed /viper/ptmp/arego/Red_T_7K_1_EN_100/6080.h5 in 14.37 seconds
2025-09-19 17:25:51,360 - INFO - Processing /viper/ptmp/arego/Red_T_7K_1/7118.h5
2025-09-19 17:25:52,335 - INFO - File 7118: Filtered 3162576 hits and 5 records
2025-09-19 17:25:59,415 - INFO - Completed /viper/ptmp/arego/Red_T_7K_1_EN_100/7118.h5 in 8.06 seconds
2025-09-19 17:25:59,494 - INFO - Processing /viper/ptmp/arego/Red_T_7K_1/22215.h5
2025-09-19 17:26:00,535 - INFO - File 22215: Filtered 3187912 hits and 6 records
2025-09-19 17:26:09,080 - INFO - Completed /viper/ptmp/arego/Red_T_7K_1_EN_100/22215.h5 in 9.59 seconds
2025-09-19 17:26:09,162 - INFO - Processing /viper/ptmp/arego/Red_T_7K_1/1195.h5
2025-09-19 17:26:13,050 - INFO - File 1195: Filtered 865303 hits and 5 records
2025-09-19 17:27:24,786 - INFO - Completed /viper/ptmp/arego/Red_T_7K_1_EN_100/1195.h5 in 75.62 seconds
2025-09-19 17:27:24,848 - INFO - Processing /viper/ptmp/arego/Red_T_7K_1/3757.h5
2025-09-19 17:27:25,927 - INFO - File 3757: Filtered 1687542 hits and 5 records
2025-09-19 17:27:38,908 - INFO - Completed /viper/ptmp/arego/Red_T_7K_1_EN_100/3757.h5 in 14.06 seconds
2025-09-19 17:27:38,986 - INFO - Processing /viper/ptmp/arego/Red_T_7K_1/21862.h5
2025-09-19 17:27:43,298 - INFO - File 21862: Filtered 122641 hits and 2 records
2025-09-19 17:29:04,433 - INFO - Completed /viper/ptmp/arego/Red_T_7K_1_EN_100/21862.h5 in 85.45 seconds
2025-09-19 17:29:04,521 - INFO - Processing /viper/ptmp/arego/Red_T_7K_1/8768.h5
2025-09-19 17:29:05,684 - INFO - File 8768: Filtered 1288898 hits and 4 records
2025-09-19 17:29:22,412 - INFO - Completed /viper/ptmp/arego/Red_T_7K_1_EN_100/8768.h5 in 17.89 seconds
2025-09-19 17:29:22,495 - INFO - Processing /viper/ptmp/arego/Red_T_7K_1/570.h5
2025-09-19 17:29:23,659 - INFO - File 570: Filtered 2027697 hits and 4 records
2025-09-19 17:29:38,222 - INFO - Completed /viper/ptmp/arego/Red_T_7K_1_EN_100/570.h5 in 15.73 seconds
2025-09-19 17:29:38,312 - INFO - Processing /viper/ptmp/arego/Red_T_7K_1/6363.h5
2025-09-19 17:29:39,449 - INFO - File 6363: Filtered 1646188 hits and 5 records
2025-09-19 17:29:55,841 - INFO - Completed /viper/ptmp/arego/Red_T_7K_1_EN_100/6363.h5 in 17.53 seconds
2025-09-19 17:29:55,921 - INFO - Processing /viper/ptmp/arego/Red_T_7K_1/20694.h5
2025-09-19 17:29:57,080 - INFO - File 20694: Filtered 5587188 hits and 5 records
2025-09-19 17:30:00,316 - INFO - Completed /viper/ptmp/arego/Red_T_7K_1_EN_100/20694.h5 in 4.39 seconds
2025-09-19 17:30:00,368 - INFO - Processing /viper/ptmp/arego/Red_T_7K_1/19062.h5
2025-09-19 17:30:01,625 - INFO - File 19062: Filtered 180554 hits and 4 records
2025-09-19 17:30:23,149 - INFO - Completed /viper/ptmp/arego/Red_T_7K_1_EN_100/19062.h5 in 22.78 seconds
2025-09-19 17:30:23,243 - INFO - Processing /viper/ptmp/arego/Red_T_7K_1/18369.h5
2025-09-19 17:30:24,445 - INFO - File 18369: Filtered 1736198 hits and 5 records
2025-09-19 17:30:40,804 - INFO - Completed /viper/ptmp/arego/Red_T_7K_1_EN_100/18369.h5 in 17.56 seconds
2025-09-19 17:30:40,878 - INFO - Processing /viper/ptmp/arego/Red_T_7K_1/7406.h5
2025-09-19 17:30:42,274 - INFO - File 7406: Filtered 1273266 hits and 5 records
2025-09-19 17:31:05,077 - INFO - Completed /viper/ptmp/arego/Red_T_7K_1_EN_100/7406.h5 in 24.20 seconds
2025-09-19 17:31:05,162 - INFO - Processing /viper/ptmp/arego/Red_T_7K_1/14571.h5
2025-09-19 17:31:06,444 - INFO - File 14571: Filtered 1147943 hits and 3 records
2025-09-19 17:31:26,216 - INFO - Completed /viper/ptmp/arego/Red_T_7K_1_EN_100/14571.h5 in 21.05 seconds
2025-09-19 17:31:26,291 - INFO - Processing /viper/ptmp/arego/Red_T_7K_1/17372.h5
2025-09-19 17:31:28,155 - INFO - File 17372: Filtered 967985 hits and 4 records
2025-09-19 17:31:59,793 - INFO - Completed /viper/ptmp/arego/Red_T_7K_1_EN_100/17372.h5 in 33.50 seconds
2025-09-19 17:31:59,880 - INFO - Processing /viper/ptmp/arego/Red_T_7K_1/2501.h5
2025-09-19 17:32:01,167 - INFO - File 2501: Filtered 3477497 hits and 4 records
2025-09-19 17:32:14,176 - INFO - Completed /viper/ptmp/arego/Red_T_7K_1_EN_100/2501.h5 in 14.30 seconds
2025-09-19 17:32:14,253 - INFO - Processing /viper/ptmp/arego/Red_T_7K_1/15775.h5
2025-09-19 17:32:15,570 - INFO - File 15775: Filtered 6535027 hits and 5 records
2025-09-19 17:32:18,539 - INFO - Completed /viper/ptmp/arego/Red_T_7K_1_EN_100/15775.h5 in 4.29 seconds
2025-09-19 17:32:18,615 - INFO - Processing /viper/ptmp/arego/Red_T_7K_1/11764.h5
2025-09-19 17:32:20,003 - INFO - File 11764: Filtered 2702151 hits and 7 records
2025-09-19 17:32:37,076 - INFO - Completed /viper/ptmp/arego/Red_T_7K_1_EN_100/11764.h5 in 18.46 seconds
2025-09-19 17:32:37,155 - INFO - Processing /viper/ptmp/arego/Red_T_7K_1/7843.h5
2025-09-19 17:32:39,421 - INFO - File 7843: Filtered 4628813 hits and 6 records
2025-09-19 17:33:09,375 - INFO - Completed /viper/ptmp/arego/Red_T_7K_1_EN_100/7843.h5 in 32.22 seconds
2025-09-19 17:33:09,469 - INFO - Processing /viper/ptmp/arego/Red_T_7K_1/965.h5
2025-09-19 17:33:10,842 - INFO - File 965: Filtered 2483690 hits and 5 records
2025-09-19 17:33:27,934 - INFO - Completed /viper/ptmp/arego/Red_T_7K_1_EN_100/965.h5 in 18.46 seconds
2025-09-19 17:33:27,994 - INFO - Processing /viper/ptmp/arego/Red_T_7K_1/8977.h5
2025-09-19 17:33:30,635 - INFO - File 8977: Filtered 3190434 hits and 3 records
2025-09-19 17:34:07,614 - INFO - Completed /viper/ptmp/arego/Red_T_7K_1_EN_100/8977.h5 in 39.62 seconds
2025-09-19 17:34:07,693 - INFO - Processing /viper/ptmp/arego/Red_T_7K_1/19079.h5
2025-09-19 17:34:14,184 - INFO - File 19079: Filtered 877211 hits and 2 records
2025-09-19 17:36:17,938 - INFO - Completed /viper/ptmp/arego/Red_T_7K_1_EN_100/19079.h5 in 130.25 seconds
2025-09-19 17:36:18,027 - INFO - Processing /viper/ptmp/arego/Red_T_7K_1/3231.h5
2025-09-19 17:36:19,538 - INFO - File 3231: Filtered 1579887 hits and 4 records
2025-09-19 17:36:43,539 - INFO - Completed /viper/ptmp/arego/Red_T_7K_1_EN_100/3231.h5 in 25.51 seconds
2025-09-19 17:36:43,627 - INFO - Processing /viper/ptmp/arego/Red_T_7K_1/9777.h5
2025-09-19 17:36:45,282 - INFO - File 9777: Filtered 1401370 hits and 1 records
2025-09-19 17:37:11,787 - INFO - Completed /viper/ptmp/arego/Red_T_7K_1_EN_100/9777.h5 in 28.16 seconds
2025-09-19 17:37:11,869 - INFO - Processing /viper/ptmp/arego/Red_T_7K_1/11340.h5
2025-09-19 17:37:13,542 - INFO - File 11340: Filtered 4282043 hits and 6 records
2025-09-19 17:37:30,942 - INFO - Completed /viper/ptmp/arego/Red_T_7K_1_EN_100/11340.h5 in 19.07 seconds
2025-09-19 17:37:31,035 - INFO - Processing /viper/ptmp/arego/Red_T_7K_1/4375.h5
2025-09-19 17:37:33,335 - INFO - File 4375: Filtered 1795152 hits and 4 records
2025-09-19 17:38:09,833 - INFO - Completed /viper/ptmp/arego/Red_T_7K_1_EN_100/4375.h5 in 38.80 seconds
2025-09-19 17:38:09,925 - INFO - Processing /viper/ptmp/arego/Red_T_7K_1/4016.h5
2025-09-19 17:38:11,660 - INFO - File 4016: Filtered 4495920 hits and 5 records
2025-09-19 17:38:29,696 - INFO - Completed /viper/ptmp/arego/Red_T_7K_1_EN_100/4016.h5 in 19.77 seconds
2025-09-19 17:38:29,750 - INFO - Processing /viper/ptmp/arego/Red_T_7K_1/7293.h5
2025-09-19 17:38:31,561 - INFO - File 7293: Filtered 3110532 hits and 4 records
2025-09-19 17:38:57,517 - INFO - Completed /viper/ptmp/arego/Red_T_7K_1_EN_100/7293.h5 in 27.77 seconds
2025-09-19 17:38:57,603 - INFO - Processing /viper/ptmp/arego/Red_T_7K_1/4305.h5
2025-09-19 17:38:59,380 - INFO - File 4305: Filtered 3868943 hits and 10 records
2025-09-19 17:39:22,023 - INFO - Completed /viper/ptmp/arego/Red_T_7K_1_EN_100/4305.h5 in 24.42 seconds
2025-09-19 17:39:22,109 - INFO - Processing /viper/ptmp/arego/Red_T_7K_1/18461.h5
2025-09-19 17:39:30,390 - INFO - File 18461: Filtered 312674 hits and 4 records
2025-09-19 17:42:17,602 - INFO - Completed /viper/ptmp/arego/Red_T_7K_1_EN_100/18461.h5 in 175.49 seconds
2025-09-19 17:42:17,692 - INFO - Processing /viper/ptmp/arego/Red_T_7K_1/7791.h5
2025-09-19 17:42:19,746 - INFO - File 7791: Filtered 3695217 hits and 3 records
2025-09-19 17:42:47,777 - INFO - Completed /viper/ptmp/arego/Red_T_7K_1_EN_100/7791.h5 in 30.08 seconds
2025-09-19 17:42:47,867 - INFO - Processing /viper/ptmp/arego/Red_T_7K_1/243.h5
2025-09-19 17:42:50,460 - INFO - File 243: Filtered 2075983 hits and 3 records
2025-09-19 17:43:38,483 - INFO - Completed /viper/ptmp/arego/Red_T_7K_1_EN_100/243.h5 in 50.62 seconds
2025-09-19 17:43:38,575 - INFO - Processing /viper/ptmp/arego/Red_T_7K_1/17207.h5
2025-09-19 17:43:43,419 - INFO - File 17207: Filtered 28385537 hits and 6 records
2025-09-19 17:43:46,851 - INFO - Completed /viper/ptmp/arego/Red_T_7K_1_EN_100/17207.h5 in 8.28 seconds
2025-09-19 17:43:46,907 - INFO - Processing /viper/ptmp/arego/Red_T_7K_1/11470.h5
2025-09-19 17:43:49,835 - INFO - File 11470: Filtered 6877218 hits and 6 records
2025-09-19 17:44:24,835 - INFO - Completed /viper/ptmp/arego/Red_T_7K_1_EN_100/11470.h5 in 37.93 seconds
2025-09-19 17:44:24,920 - INFO - Processing /viper/ptmp/arego/Red_T_7K_1/9671.h5
2025-09-19 17:44:34,927 - INFO - File 9671: Filtered 288444 hits and 6 records
2025-09-19 17:47:53,433 - INFO - Completed /viper/ptmp/arego/Red_T_7K_1_EN_100/9671.h5 in 208.51 seconds
2025-09-19 17:47:53,521 - INFO - Processing /viper/ptmp/arego/Red_T_7K_1/9019.h5
2025-09-19 17:47:56,532 - INFO - File 9019: Filtered 8643589 hits and 5 records
2025-09-19 17:48:28,801 - INFO - Completed /viper/ptmp/arego/Red_T_7K_1_EN_100/9019.h5 in 35.28 seconds
2025-09-19 17:48:28,887 - INFO - Processing /viper/ptmp/arego/Red_T_7K_1/18389.h5
2025-09-19 17:48:32,239 - INFO - File 18389: Filtered 8860698 hits and 6 records
2025-09-19 17:49:08,969 - INFO - Completed /viper/ptmp/arego/Red_T_7K_1_EN_100/18389.h5 in 40.08 seconds
2025-09-19 17:49:09,049 - INFO - Processing /viper/ptmp/arego/Red_T_7K_1/6859.h5
2025-09-19 17:49:12,494 - INFO - File 6859: Filtered 3477564 hits and 2 records
2025-09-19 17:50:09,567 - INFO - Completed /viper/ptmp/arego/Red_T_7K_1_EN_100/6859.h5 in 60.52 seconds
2025-09-19 17:50:09,655 - INFO - Processing /viper/ptmp/arego/Red_T_7K_1/7600.h5
2025-09-19 17:50:13,736 - INFO - File 7600: Filtered 9142539 hits and 7 records
2025-09-19 17:51:01,700 - INFO - Completed /viper/ptmp/arego/Red_T_7K_1_EN_100/7600.h5 in 52.05 seconds
2025-09-19 17:51:01,788 - INFO - Processing /viper/ptmp/arego/Red_T_7K_1/10817.h5
2025-09-19 17:51:05,522 - INFO - File 10817: Filtered 7275273 hits and 6 records
2025-09-19 17:51:51,698 - INFO - Completed /viper/ptmp/arego/Red_T_7K_1_EN_100/10817.h5 in 49.91 seconds
2025-09-19 17:51:51,790 - INFO - Processing /viper/ptmp/arego/Red_T_7K_1/12583.h5
2025-09-19 17:51:55,688 - INFO - File 12583: Filtered 12720265 hits and 3 records
2025-09-19 17:52:30,362 - INFO - Completed /viper/ptmp/arego/Red_T_7K_1_EN_100/12583.h5 in 38.57 seconds
2025-09-19 17:52:30,452 - INFO - Processing /viper/ptmp/arego/Red_T_7K_1/22704.h5
2025-09-19 17:52:38,252 - INFO - File 22704: Filtered 933433 hits and 1 records
2025-09-19 17:55:19,743 - INFO - Completed /viper/ptmp/arego/Red_T_7K_1_EN_100/22704.h5 in 169.29 seconds
2025-09-19 17:55:19,838 - INFO - Processing /viper/ptmp/arego/Red_T_7K_1/7827.h5
2025-09-19 17:55:33,260 - INFO - File 7827: Filtered 257116 hits and 5 records
2025-09-19 18:00:14,272 - INFO - Completed /viper/ptmp/arego/Red_T_7K_1_EN_100/7827.h5 in 294.43 seconds
2025-09-19 18:00:14,338 - INFO - Processing /viper/ptmp/arego/Red_T_7K_1/14204.h5
2025-09-19 18:00:27,455 - INFO - File 14204: Filtered 78927576 hits and 7 records
2025-09-19 18:00:28,546 - INFO - Completed /viper/ptmp/arego/Red_T_7K_1_EN_100/14204.h5 in 14.21 seconds
2025-09-19 18:00:28,623 - INFO - Processing /viper/ptmp/arego/Red_T_7K_1/12049.h5
2025-09-19 18:00:48,325 - INFO - File 12049: Filtered 37264434 hits and 6 records
2025-09-19 18:05:14,030 - INFO - Completed /viper/ptmp/arego/Red_T_7K_1_EN_100/12049.h5 in 285.41 seconds
2025-09-19 18:05:14,122 - INFO - Processing /viper/ptmp/arego/Red_T_7K_1/11911.h5
2025-09-19 18:05:26,097 - INFO - File 11911: Filtered 267929 hits and 4 records
2025-09-19 18:09:52,381 - INFO - Completed /viper/ptmp/arego/Red_T_7K_1_EN_100/11911.h5 in 278.26 seconds
2025-09-19 18:09:52,474 - INFO - Processing /viper/ptmp/arego/Red_T_7K_1/22858.h5
2025-09-19 18:10:04,510 - INFO - File 22858: Filtered 70170875 hits and 7 records
2025-09-19 18:10:09,858 - INFO - Completed /viper/ptmp/arego/Red_T_7K_1_EN_100/22858.h5 in 17.38 seconds
2025-09-19 18:10:09,922 - INFO - Processing /viper/ptmp/arego/Red_T_7K_1/5752.h5
2025-09-19 18:10:29,762 - INFO - File 5752: Filtered 119997216 hits and 4 records
2025-09-19 18:10:35,566 - INFO - Completed /viper/ptmp/arego/Red_T_7K_1_EN_100/5752.h5 in 25.64 seconds
