2025-09-19 07:39:39,515 - INFO - Loaded skip configuration: 0 files to skip entirely, 21186 files with partial record skips
2025-09-19 07:39:39,948 - INFO - Processing /viper/ptmp/arego/Red_T_7K_1/9306.h5
2025-09-19 07:39:40,143 - INFO - Processing /viper/ptmp/arego/Red_T_7K_1/14219.h5
2025-09-19 07:39:40,163 - INFO - File 9306: Filtered 224139 hits and 5 records
2025-09-19 07:39:40,320 - INFO - Processing /viper/ptmp/arego/Red_T_7K_1/19660.h5
2025-09-19 07:39:40,363 - INFO - File 14219: Filtered 276009 hits and 7 records
2025-09-19 07:39:40,496 - INFO - Processing /viper/ptmp/arego/Red_T_7K_1/14333.h5
2025-09-19 07:39:40,561 - INFO - File 19660: Filtered 175904 hits and 3 records
2025-09-19 07:39:40,691 - INFO - Processing /viper/ptmp/arego/Red_T_7K_1/17631.h5
2025-09-19 07:39:40,715 - INFO - Completed /viper/ptmp/arego/Red_T_7K_1_EN_100/9306.h5 in 0.77 seconds
2025-09-19 07:39:40,729 - INFO - File 14333: Filtered 133414 hits and 4 records
2025-09-19 07:39:40,877 - INFO - Processing /viper/ptmp/arego/Red_T_7K_1/4418.h5
2025-09-19 07:39:40,918 - INFO - File 17631: Filtered 256816 hits and 6 records
2025-09-19 07:39:40,926 - INFO - Completed /viper/ptmp/arego/Red_T_7K_1_EN_100/14219.h5 in 0.78 seconds
2025-09-19 07:39:41,056 - INFO - Processing /viper/ptmp/arego/Red_T_7K_1/17201.h5
2025-09-19 07:39:41,134 - INFO - File 4418: Filtered 213119 hits and 4 records
2025-09-19 07:39:41,176 - INFO - Completed /viper/ptmp/arego/Red_T_7K_1_EN_100/17631.h5 in 0.48 seconds
2025-09-19 07:39:41,246 - INFO - Processing /viper/ptmp/arego/Red_T_7K_1/17650.h5
2025-09-19 07:39:41,311 - INFO - File 17201: Filtered 94498 hits and 2 records
2025-09-19 07:39:41,320 - INFO - Completed /viper/ptmp/arego/Red_T_7K_1_EN_100/19660.h5 in 1.00 seconds
2025-09-19 07:39:41,433 - INFO - Processing /viper/ptmp/arego/Red_T_7K_1/12612.h5
2025-09-19 07:39:41,454 - INFO - Completed /viper/ptmp/arego/Red_T_7K_1_EN_100/14333.h5 in 0.96 seconds
2025-09-19 07:39:41,507 - INFO - File 17650: Filtered 26784 hits and 1 records
2025-09-19 07:39:41,639 - INFO - Processing /viper/ptmp/arego/Red_T_7K_1/2447.h5
2025-09-19 07:39:41,662 - INFO - File 12612: Filtered 126275 hits and 4 records
2025-09-19 07:39:41,831 - INFO - Processing /viper/ptmp/arego/Red_T_7K_1/10488.h5
2025-09-19 07:39:41,846 - INFO - Completed /viper/ptmp/arego/Red_T_7K_1_EN_100/4418.h5 in 0.97 seconds
2025-09-19 07:39:41,887 - INFO - File 2447: Filtered 0 hits and 0 records
2025-09-19 07:39:42,093 - INFO - File 10488: Filtered 41585 hits and 2 records
2025-09-19 07:39:42,097 - INFO - Processing /viper/ptmp/arego/Red_T_7K_1/4965.h5
2025-09-19 07:39:42,302 - INFO - Processing /viper/ptmp/arego/Red_T_7K_1/15917.h5
2025-09-19 07:39:42,312 - INFO - File 4965: Filtered 118772 hits and 3 records
2025-09-19 07:39:42,321 - INFO - Completed /viper/ptmp/arego/Red_T_7K_1_EN_100/17650.h5 in 1.08 seconds
2025-09-19 07:39:42,521 - INFO - Processing /viper/ptmp/arego/Red_T_7K_1/11326.h5
2025-09-19 07:39:42,564 - INFO - File 15917: Filtered 257492 hits and 4 records
2025-09-19 07:39:42,653 - INFO - Completed /viper/ptmp/arego/Red_T_7K_1_EN_100/17201.h5 in 1.60 seconds
2025-09-19 07:39:42,708 - INFO - Processing /viper/ptmp/arego/Red_T_7K_1/6640.h5
2025-09-19 07:39:42,789 - INFO - File 11326: Filtered 227715 hits and 4 records
2025-09-19 07:39:42,942 - INFO - Processing /viper/ptmp/arego/Red_T_7K_1/17172.h5
2025-09-19 07:39:42,999 - INFO - File 6640: Filtered 263359 hits and 6 records
2025-09-19 07:39:43,227 - INFO - File 17172: Filtered 82436 hits and 2 records
2025-09-19 07:39:43,243 - INFO - Completed /viper/ptmp/arego/Red_T_7K_1_EN_100/12612.h5 in 1.81 seconds
2025-09-19 07:39:43,343 - INFO - Processing /viper/ptmp/arego/Red_T_7K_1/4950.h5
2025-09-19 07:39:43,628 - INFO - File 4950: Filtered 107118 hits and 3 records
2025-09-19 07:39:43,730 - INFO - Completed /viper/ptmp/arego/Red_T_7K_1_EN_100/11326.h5 in 1.21 seconds
2025-09-19 07:39:43,742 - INFO - Completed /viper/ptmp/arego/Red_T_7K_1_EN_100/4965.h5 in 1.64 seconds
2025-09-19 07:39:43,831 - INFO - Processing /viper/ptmp/arego/Red_T_7K_1/16715.h5
2025-09-19 07:39:44,042 - INFO - Completed /viper/ptmp/arego/Red_T_7K_1_EN_100/2447.h5 in 2.40 seconds
2025-09-19 07:39:44,086 - INFO - File 16715: Filtered 340733 hits and 6 records
2025-09-19 07:39:44,096 - INFO - Completed /viper/ptmp/arego/Red_T_7K_1_EN_100/15917.h5 in 1.79 seconds
2025-09-19 07:39:44,104 - INFO - Completed /viper/ptmp/arego/Red_T_7K_1_EN_100/6640.h5 in 1.40 seconds
2025-09-19 07:39:44,141 - INFO - Processing /viper/ptmp/arego/Red_T_7K_1/4854.h5
2025-09-19 07:39:44,160 - INFO - Completed /viper/ptmp/arego/Red_T_7K_1_EN_100/10488.h5 in 2.33 seconds
2025-09-19 07:39:44,352 - INFO - File 4854: Filtered 84494 hits and 3 records
2025-09-19 07:39:44,371 - INFO - Processing /viper/ptmp/arego/Red_T_7K_1/5224.h5
2025-09-19 07:39:44,573 - INFO - Processing /viper/ptmp/arego/Red_T_7K_1/20161.h5
2025-09-19 07:39:44,646 - INFO - File 5224: Filtered 117630 hits and 2 records
2025-09-19 07:39:44,778 - INFO - Processing /viper/ptmp/arego/Red_T_7K_1/10427.h5
2025-09-19 07:39:44,907 - INFO - File 20161: Filtered 248146 hits and 4 records
2025-09-19 07:39:44,998 - INFO - Processing /viper/ptmp/arego/Red_T_7K_1/14305.h5
2025-09-19 07:39:45,094 - INFO - File 10427: Filtered 308109 hits and 4 records
2025-09-19 07:39:45,131 - INFO - Completed /viper/ptmp/arego/Red_T_7K_1_EN_100/17172.h5 in 2.19 seconds
2025-09-19 07:39:45,237 - INFO - Processing /viper/ptmp/arego/Red_T_7K_1/8043.h5
2025-09-19 07:39:45,324 - INFO - File 14305: Filtered 234829 hits and 3 records
2025-09-19 07:39:45,548 - INFO - File 8043: Filtered 115016 hits and 4 records
2025-09-19 07:39:45,579 - INFO - Completed /viper/ptmp/arego/Red_T_7K_1_EN_100/16715.h5 in 1.75 seconds
2025-09-19 07:39:45,681 - INFO - Processing /viper/ptmp/arego/Red_T_7K_1/8318.h5
2025-09-19 07:39:45,777 - INFO - Completed /viper/ptmp/arego/Red_T_7K_1_EN_100/4854.h5 in 1.64 seconds
2025-09-19 07:39:45,952 - INFO - File 8318: Filtered 344135 hits and 6 records
2025-09-19 07:39:45,970 - INFO - Processing /viper/ptmp/arego/Red_T_7K_1/21863.h5
2025-09-19 07:39:45,971 - INFO - Completed /viper/ptmp/arego/Red_T_7K_1_EN_100/4950.h5 in 2.63 seconds
2025-09-19 07:39:46,268 - INFO - Processing /viper/ptmp/arego/Red_T_7K_1/12930.h5
2025-09-19 07:39:46,277 - INFO - File 21863: Filtered 338970 hits and 5 records
2025-09-19 07:39:46,588 - INFO - File 12930: Filtered 94510 hits and 3 records
2025-09-19 07:39:46,644 - INFO - Completed /viper/ptmp/arego/Red_T_7K_1_EN_100/20161.h5 in 2.07 seconds
2025-09-19 07:39:46,742 - INFO - Processing /viper/ptmp/arego/Red_T_7K_1/11244.h5
2025-09-19 07:39:46,888 - INFO - Completed /viper/ptmp/arego/Red_T_7K_1_EN_100/5224.h5 in 2.52 seconds
2025-09-19 07:39:46,964 - INFO - Processing /viper/ptmp/arego/Red_T_7K_1/20276.h5
2025-09-19 07:39:47,010 - INFO - File 11244: Filtered 297303 hits and 5 records
2025-09-19 07:39:47,229 - INFO - File 20276: Filtered 184183 hits and 4 records
2025-09-19 07:39:47,400 - INFO - Completed /viper/ptmp/arego/Red_T_7K_1_EN_100/14305.h5 in 2.40 seconds
2025-09-19 07:39:47,479 - INFO - Processing /viper/ptmp/arego/Red_T_7K_1/11861.h5
2025-09-19 07:39:47,555 - INFO - Completed /viper/ptmp/arego/Red_T_7K_1_EN_100/10427.h5 in 2.78 seconds
2025-09-19 07:39:47,611 - INFO - Completed /viper/ptmp/arego/Red_T_7K_1_EN_100/21863.h5 in 1.64 seconds
2025-09-19 07:39:47,771 - INFO - Completed /viper/ptmp/arego/Red_T_7K_1_EN_100/8318.h5 in 2.09 seconds
2025-09-19 07:39:47,785 - INFO - File 11861: Filtered 441028 hits and 5 records
2025-09-19 07:39:47,819 - INFO - Processing /viper/ptmp/arego/Red_T_7K_1/17125.h5
2025-09-19 07:39:48,106 - INFO - File 17125: Filtered 336671 hits and 3 records
2025-09-19 07:39:48,140 - INFO - Processing /viper/ptmp/arego/Red_T_7K_1/7460.h5
2025-09-19 07:39:48,166 - INFO - Completed /viper/ptmp/arego/Red_T_7K_1_EN_100/8043.h5 in 2.93 seconds
2025-09-19 07:39:48,396 - INFO - Processing /viper/ptmp/arego/Red_T_7K_1/5943.h5
2025-09-19 07:39:48,473 - INFO - File 7460: Filtered 51153 hits and 1 records
2025-09-19 07:39:48,712 - INFO - Processing /viper/ptmp/arego/Red_T_7K_1/435.h5
2025-09-19 07:39:48,715 - INFO - File 5943: Filtered 124490 hits and 2 records
2025-09-19 07:39:48,730 - INFO - Completed /viper/ptmp/arego/Red_T_7K_1_EN_100/12930.h5 in 2.46 seconds
2025-09-19 07:39:48,870 - INFO - Completed /viper/ptmp/arego/Red_T_7K_1_EN_100/11244.h5 in 2.13 seconds
2025-09-19 07:39:49,045 - INFO - Processing /viper/ptmp/arego/Red_T_7K_1/8758.h5
2025-09-19 07:39:49,049 - INFO - File 435: Filtered 166059 hits and 2 records
2025-09-19 07:39:49,222 - INFO - Completed /viper/ptmp/arego/Red_T_7K_1_EN_100/11861.h5 in 1.74 seconds
2025-09-19 07:39:49,359 - INFO - Processing /viper/ptmp/arego/Red_T_7K_1/7590.h5
2025-09-19 07:39:49,370 - INFO - File 8758: Filtered 450527 hits and 4 records
2025-09-19 07:39:49,588 - INFO - Processing /viper/ptmp/arego/Red_T_7K_1/12409.h5
2025-09-19 07:39:49,623 - INFO - Completed /viper/ptmp/arego/Red_T_7K_1_EN_100/20276.h5 in 2.66 seconds
2025-09-19 07:39:49,702 - INFO - File 7590: Filtered 238211 hits and 2 records
2025-09-19 07:39:49,794 - INFO - Processing /viper/ptmp/arego/Red_T_7K_1/22402.h5
2025-09-19 07:39:49,888 - INFO - File 12409: Filtered 198012 hits and 5 records
2025-09-19 07:39:50,112 - INFO - Completed /viper/ptmp/arego/Red_T_7K_1_EN_100/17125.h5 in 2.29 seconds
2025-09-19 07:39:50,125 - INFO - File 22402: Filtered 218339 hits and 4 records
2025-09-19 07:39:50,186 - INFO - Processing /viper/ptmp/arego/Red_T_7K_1/3421.h5
2025-09-19 07:39:50,424 - INFO - File 3421: Filtered 152482 hits and 3 records
2025-09-19 07:39:51,271 - INFO - Completed /viper/ptmp/arego/Red_T_7K_1_EN_100/435.h5 in 2.56 seconds
2025-09-19 07:39:51,292 - INFO - Completed /viper/ptmp/arego/Red_T_7K_1_EN_100/8758.h5 in 2.25 seconds
2025-09-19 07:39:51,344 - INFO - Completed /viper/ptmp/arego/Red_T_7K_1_EN_100/5943.h5 in 2.95 seconds
2025-09-19 07:39:51,369 - INFO - Processing /viper/ptmp/arego/Red_T_7K_1/2883.h5
2025-09-19 07:39:51,653 - INFO - File 2883: Filtered 216426 hits and 5 records
2025-09-19 07:39:51,678 - INFO - Processing /viper/ptmp/arego/Red_T_7K_1/15552.h5
2025-09-19 07:39:52,012 - INFO - Processing /viper/ptmp/arego/Red_T_7K_1/20332.h5
2025-09-19 07:39:52,045 - INFO - File 15552: Filtered 166868 hits and 3 records
2025-09-19 07:39:52,375 - INFO - File 20332: Filtered 146857 hits and 2 records
2025-09-19 07:39:52,400 - INFO - Completed /viper/ptmp/arego/Red_T_7K_1_EN_100/7590.h5 in 3.04 seconds
2025-09-19 07:39:52,424 - INFO - Completed /viper/ptmp/arego/Red_T_7K_1_EN_100/22402.h5 in 2.63 seconds
2025-09-19 07:39:52,424 - INFO - Completed /viper/ptmp/arego/Red_T_7K_1_EN_100/7460.h5 in 4.28 seconds
2025-09-19 07:39:52,472 - INFO - Completed /viper/ptmp/arego/Red_T_7K_1_EN_100/12409.h5 in 2.88 seconds
2025-09-19 07:39:52,492 - INFO - Processing /viper/ptmp/arego/Red_T_7K_1/1247.h5
2025-09-19 07:39:52,654 - INFO - Processing /viper/ptmp/arego/Red_T_7K_1/13139.h5
2025-09-19 07:39:52,676 - INFO - Completed /viper/ptmp/arego/Red_T_7K_1_EN_100/3421.h5 in 2.49 seconds
2025-09-19 07:39:52,768 - INFO - File 1247: Filtered 306638 hits and 3 records
2025-09-19 07:39:52,844 - INFO - Processing /viper/ptmp/arego/Red_T_7K_1/19611.h5
2025-09-19 07:39:52,932 - INFO - File 13139: Filtered 224739 hits and 4 records
2025-09-19 07:39:53,046 - INFO - Processing /viper/ptmp/arego/Red_T_7K_1/14808.h5
2025-09-19 07:39:53,118 - INFO - File 19611: Filtered 127261 hits and 3 records
2025-09-19 07:39:53,272 - INFO - Processing /viper/ptmp/arego/Red_T_7K_1/10458.h5
2025-09-19 07:39:53,397 - INFO - File 14808: Filtered 659644 hits and 8 records
2025-09-19 07:39:53,564 - INFO - File 10458: Filtered 121895 hits and 2 records
2025-09-19 07:39:54,299 - INFO - Completed /viper/ptmp/arego/Red_T_7K_1_EN_100/20332.h5 in 2.29 seconds
2025-09-19 07:39:54,368 - INFO - Processing /viper/ptmp/arego/Red_T_7K_1/16729.h5
2025-09-19 07:39:54,607 - INFO - Completed /viper/ptmp/arego/Red_T_7K_1_EN_100/1247.h5 in 2.12 seconds
2025-09-19 07:39:54,662 - INFO - File 16729: Filtered 578873 hits and 6 records
2025-09-19 07:39:54,723 - INFO - Processing /viper/ptmp/arego/Red_T_7K_1/16371.h5
2025-09-19 07:39:54,759 - INFO - Completed /viper/ptmp/arego/Red_T_7K_1_EN_100/2883.h5 in 3.39 seconds
2025-09-19 07:39:54,868 - INFO - Completed /viper/ptmp/arego/Red_T_7K_1_EN_100/13139.h5 in 2.21 seconds
2025-09-19 07:39:54,977 - INFO - Processing /viper/ptmp/arego/Red_T_7K_1/3532.h5
2025-09-19 07:39:54,991 - INFO - File 16371: Filtered 157282 hits and 3 records
2025-09-19 07:39:55,165 - INFO - Completed /viper/ptmp/arego/Red_T_7K_1_EN_100/14808.h5 in 2.12 seconds
2025-09-19 07:39:55,187 - INFO - Processing /viper/ptmp/arego/Red_T_7K_1/20063.h5
2025-09-19 07:39:55,265 - INFO - File 3532: Filtered 427408 hits and 3 records
2025-09-19 07:39:55,376 - INFO - Processing /viper/ptmp/arego/Red_T_7K_1/6262.h5
2025-09-19 07:39:55,425 - INFO - Completed /viper/ptmp/arego/Red_T_7K_1_EN_100/15552.h5 in 3.75 seconds
2025-09-19 07:39:55,482 - INFO - Completed /viper/ptmp/arego/Red_T_7K_1_EN_100/10458.h5 in 2.21 seconds
2025-09-19 07:39:55,484 - INFO - File 20063: Filtered 124236 hits and 2 records
2025-09-19 07:39:55,577 - INFO - Processing /viper/ptmp/arego/Red_T_7K_1/23380.h5
2025-09-19 07:39:55,740 - INFO - File 6262: Filtered 460217 hits and 6 records
2025-09-19 07:39:55,801 - INFO - Processing /viper/ptmp/arego/Red_T_7K_1/13202.h5
2025-09-19 07:39:55,954 - INFO - File 23380: Filtered 401772 hits and 2 records
2025-09-19 07:39:56,090 - INFO - File 13202: Filtered 209120 hits and 4 records
2025-09-19 07:39:56,142 - INFO - Completed /viper/ptmp/arego/Red_T_7K_1_EN_100/16729.h5 in 1.77 seconds
2025-09-19 07:39:56,208 - INFO - Completed /viper/ptmp/arego/Red_T_7K_1_EN_100/19611.h5 in 3.36 seconds
2025-09-19 07:39:56,225 - INFO - Processing /viper/ptmp/arego/Red_T_7K_1/14850.h5
2025-09-19 07:39:56,511 - INFO - File 14850: Filtered 454687 hits and 4 records
2025-09-19 07:39:56,546 - INFO - Processing /viper/ptmp/arego/Red_T_7K_1/13815.h5
2025-09-19 07:39:56,846 - INFO - File 13815: Filtered 112374 hits and 3 records
2025-09-19 07:39:57,225 - INFO - Completed /viper/ptmp/arego/Red_T_7K_1_EN_100/16371.h5 in 2.50 seconds
2025-09-19 07:39:57,299 - INFO - Processing /viper/ptmp/arego/Red_T_7K_1/2370.h5
2025-09-19 07:39:57,398 - INFO - Completed /viper/ptmp/arego/Red_T_7K_1_EN_100/3532.h5 in 2.42 seconds
2025-09-19 07:39:57,596 - INFO - Processing /viper/ptmp/arego/Red_T_7K_1/14144.h5
2025-09-19 07:39:57,626 - INFO - File 2370: Filtered 565115 hits and 6 records
2025-09-19 07:39:57,914 - INFO - File 14144: Filtered 213019 hits and 4 records
2025-09-19 07:39:57,976 - INFO - Completed /viper/ptmp/arego/Red_T_7K_1_EN_100/6262.h5 in 2.60 seconds
2025-09-19 07:39:58,059 - INFO - Processing /viper/ptmp/arego/Red_T_7K_1/18446.h5
2025-09-19 07:39:58,339 - INFO - File 18446: Filtered 268808 hits and 4 records
2025-09-19 07:39:58,360 - INFO - Completed /viper/ptmp/arego/Red_T_7K_1_EN_100/20063.h5 in 3.17 seconds
2025-09-19 07:39:58,439 - INFO - Processing /viper/ptmp/arego/Red_T_7K_1/16785.h5
2025-09-19 07:39:58,599 - INFO - Completed /viper/ptmp/arego/Red_T_7K_1_EN_100/13202.h5 in 2.80 seconds
2025-09-19 07:39:58,762 - INFO - Completed /viper/ptmp/arego/Red_T_7K_1_EN_100/23380.h5 in 3.18 seconds
2025-09-19 07:39:58,769 - INFO - File 16785: Filtered 613723 hits and 5 records
2025-09-19 07:39:58,782 - INFO - Processing /viper/ptmp/arego/Red_T_7K_1/9183.h5
2025-09-19 07:39:59,003 - INFO - Processing /viper/ptmp/arego/Red_T_7K_1/12039.h5
2025-09-19 07:39:59,117 - INFO - File 9183: Filtered 344714 hits and 5 records
2025-09-19 07:39:59,157 - INFO - Completed /viper/ptmp/arego/Red_T_7K_1_EN_100/14850.h5 in 2.93 seconds
2025-09-19 07:39:59,207 - INFO - Processing /viper/ptmp/arego/Red_T_7K_1/10029.h5
2025-09-19 07:39:59,328 - INFO - File 12039: Filtered 403156 hits and 4 records
2025-09-19 07:39:59,507 - INFO - File 10029: Filtered 520194 hits and 6 records
2025-09-19 07:39:59,910 - INFO - Completed /viper/ptmp/arego/Red_T_7K_1_EN_100/2370.h5 in 2.61 seconds
2025-09-19 07:39:59,973 - INFO - Processing /viper/ptmp/arego/Red_T_7K_1/5793.h5
2025-09-19 07:40:00,366 - INFO - Completed /viper/ptmp/arego/Red_T_7K_1_EN_100/18446.h5 in 2.31 seconds
2025-09-19 07:40:00,379 - INFO - File 5793: Filtered 305888 hits and 4 records
2025-09-19 07:40:00,411 - INFO - Processing /viper/ptmp/arego/Red_T_7K_1/21748.h5
2025-09-19 07:40:00,412 - INFO - Completed /viper/ptmp/arego/Red_T_7K_1_EN_100/16785.h5 in 1.97 seconds
2025-09-19 07:40:00,440 - INFO - Completed /viper/ptmp/arego/Red_T_7K_1_EN_100/13815.h5 in 3.89 seconds
2025-09-19 07:40:00,554 - INFO - Completed /viper/ptmp/arego/Red_T_7K_1_EN_100/14144.h5 in 2.96 seconds
2025-09-19 07:40:00,587 - INFO - Processing /viper/ptmp/arego/Red_T_7K_1/7239.h5
2025-09-19 07:40:00,740 - INFO - File 21748: Filtered 241680 hits and 3 records
2025-09-19 07:40:00,851 - INFO - Processing /viper/ptmp/arego/Red_T_7K_1/22367.h5
2025-09-19 07:40:00,920 - INFO - File 7239: Filtered 361650 hits and 8 records
2025-09-19 07:40:01,036 - INFO - Processing /viper/ptmp/arego/Red_T_7K_1/5512.h5
2025-09-19 07:40:01,048 - INFO - Completed /viper/ptmp/arego/Red_T_7K_1_EN_100/9183.h5 in 2.27 seconds
2025-09-19 07:40:01,159 - INFO - File 22367: Filtered 194832 hits and 2 records
2025-09-19 07:40:01,198 - INFO - Processing /viper/ptmp/arego/Red_T_7K_1/11932.h5
2025-09-19 07:40:01,342 - INFO - Completed /viper/ptmp/arego/Red_T_7K_1_EN_100/10029.h5 in 2.14 seconds
2025-09-19 07:40:01,454 - INFO - File 5512: Filtered 0 hits and 0 records
2025-09-19 07:40:01,484 - INFO - Processing /viper/ptmp/arego/Red_T_7K_1/20391.h5
2025-09-19 07:40:01,530 - INFO - File 11932: Filtered 673215 hits and 4 records
2025-09-19 07:40:01,840 - INFO - File 20391: Filtered 695277 hits and 5 records
2025-09-19 07:40:02,377 - INFO - Completed /viper/ptmp/arego/Red_T_7K_1_EN_100/5793.h5 in 2.40 seconds
2025-09-19 07:40:02,473 - INFO - Processing /viper/ptmp/arego/Red_T_7K_1/13038.h5
2025-09-19 07:40:02,846 - INFO - File 13038: Filtered 423371 hits and 4 records
2025-09-19 07:40:03,015 - INFO - Completed /viper/ptmp/arego/Red_T_7K_1_EN_100/12039.h5 in 4.01 seconds
2025-09-19 07:40:03,060 - INFO - Processing /viper/ptmp/arego/Red_T_7K_1/9552.h5
2025-09-19 07:40:03,387 - INFO - File 9552: Filtered 369336 hits and 4 records
2025-09-19 07:40:03,524 - INFO - Completed /viper/ptmp/arego/Red_T_7K_1_EN_100/11932.h5 in 2.33 seconds
2025-09-19 07:40:03,604 - INFO - Processing /viper/ptmp/arego/Red_T_7K_1/21530.h5
2025-09-19 07:40:03,692 - INFO - Completed /viper/ptmp/arego/Red_T_7K_1_EN_100/20391.h5 in 2.21 seconds
2025-09-19 07:40:03,873 - INFO - File 21530: Filtered 347384 hits and 4 records
2025-09-19 07:40:03,934 - INFO - Processing /viper/ptmp/arego/Red_T_7K_1/8470.h5
2025-09-19 07:40:04,304 - INFO - File 8470: Filtered 29141 hits and 1 records
2025-09-19 07:40:04,512 - INFO - Completed /viper/ptmp/arego/Red_T_7K_1_EN_100/21748.h5 in 4.10 seconds
2025-09-19 07:40:04,577 - INFO - Processing /viper/ptmp/arego/Red_T_7K_1/8746.h5
2025-09-19 07:40:04,597 - INFO - Completed /viper/ptmp/arego/Red_T_7K_1_EN_100/7239.h5 in 4.01 seconds
2025-09-19 07:40:04,844 - INFO - Completed /viper/ptmp/arego/Red_T_7K_1_EN_100/22367.h5 in 3.99 seconds
2025-09-19 07:40:04,876 - INFO - Processing /viper/ptmp/arego/Red_T_7K_1/22234.h5
2025-09-19 07:40:04,930 - INFO - File 8746: Filtered 701786 hits and 7 records
2025-09-19 07:40:05,175 - INFO - Processing /viper/ptmp/arego/Red_T_7K_1/7213.h5
2025-09-19 07:40:05,248 - INFO - File 22234: Filtered 492453 hits and 6 records
2025-09-19 07:40:05,543 - INFO - Completed /viper/ptmp/arego/Red_T_7K_1_EN_100/5512.h5 in 4.51 seconds
2025-09-19 07:40:05,562 - INFO - File 7213: Filtered 439715 hits and 3 records
2025-09-19 07:40:05,607 - INFO - Processing /viper/ptmp/arego/Red_T_7K_1/4496.h5
2025-09-19 07:40:05,966 - INFO - File 4496: Filtered 716907 hits and 6 records
2025-09-19 07:40:06,000 - INFO - Completed /viper/ptmp/arego/Red_T_7K_1_EN_100/21530.h5 in 2.40 seconds
2025-09-19 07:40:06,067 - INFO - Processing /viper/ptmp/arego/Red_T_7K_1/14583.h5
2025-09-19 07:40:06,241 - INFO - Completed /viper/ptmp/arego/Red_T_7K_1_EN_100/13038.h5 in 3.77 seconds
2025-09-19 07:40:06,421 - INFO - Processing /viper/ptmp/arego/Red_T_7K_1/18396.h5
2025-09-19 07:40:06,473 - INFO - File 14583: Filtered 311886 hits and 4 records
2025-09-19 07:40:06,885 - INFO - File 18396: Filtered 464959 hits and 5 records
2025-09-19 07:40:07,129 - INFO - Completed /viper/ptmp/arego/Red_T_7K_1_EN_100/9552.h5 in 4.07 seconds
2025-09-19 07:40:07,243 - INFO - Processing /viper/ptmp/arego/Red_T_7K_1/18300.h5
2025-09-19 07:40:07,293 - INFO - Completed /viper/ptmp/arego/Red_T_7K_1_EN_100/8746.h5 in 2.72 seconds
2025-09-19 07:40:07,401 - INFO - Processing /viper/ptmp/arego/Red_T_7K_1/19892.h5
2025-09-19 07:40:07,650 - INFO - Completed /viper/ptmp/arego/Red_T_7K_1_EN_100/22234.h5 in 2.77 seconds
2025-09-19 07:40:07,694 - INFO - File 18300: Filtered 913293 hits and 3 records
2025-09-19 07:40:07,765 - INFO - File 19892: Filtered 311986 hits and 3 records
2025-09-19 07:40:07,768 - INFO - Processing /viper/ptmp/arego/Red_T_7K_1/18581.h5
2025-09-19 07:40:08,154 - INFO - File 18581: Filtered 649960 hits and 4 records
2025-09-19 07:40:08,318 - INFO - Completed /viper/ptmp/arego/Red_T_7K_1_EN_100/4496.h5 in 2.71 seconds
2025-09-19 07:40:08,409 - INFO - Processing /viper/ptmp/arego/Red_T_7K_1/21033.h5
2025-09-19 07:40:08,447 - INFO - Completed /viper/ptmp/arego/Red_T_7K_1_EN_100/8470.h5 in 4.51 seconds
2025-09-19 07:40:08,678 - INFO - Processing /viper/ptmp/arego/Red_T_7K_1/3132.h5
2025-09-19 07:40:08,845 - INFO - File 21033: Filtered 615670 hits and 6 records
2025-09-19 07:40:09,066 - INFO - File 3132: Filtered 795330 hits and 7 records
2025-09-19 07:40:09,134 - INFO - Completed /viper/ptmp/arego/Red_T_7K_1_EN_100/7213.h5 in 3.96 seconds
2025-09-19 07:40:09,203 - INFO - Processing /viper/ptmp/arego/Red_T_7K_1/2235.h5
2025-09-19 07:40:09,502 - INFO - File 2235: Filtered 218974 hits and 3 records
2025-09-19 07:40:09,898 - INFO - Completed /viper/ptmp/arego/Red_T_7K_1_EN_100/18300.h5 in 2.66 seconds
2025-09-19 07:40:09,995 - INFO - Processing /viper/ptmp/arego/Red_T_7K_1/19484.h5
2025-09-19 07:40:10,105 - INFO - Completed /viper/ptmp/arego/Red_T_7K_1_EN_100/18396.h5 in 3.68 seconds
2025-09-19 07:40:10,192 - INFO - Completed /viper/ptmp/arego/Red_T_7K_1_EN_100/19892.h5 in 2.79 seconds
2025-09-19 07:40:10,285 - INFO - Processing /viper/ptmp/arego/Red_T_7K_1/5286.h5
2025-09-19 07:40:10,450 - INFO - File 19484: Filtered 742552 hits and 8 records
2025-09-19 07:40:10,673 - INFO - Processing /viper/ptmp/arego/Red_T_7K_1/9263.h5
2025-09-19 07:40:10,703 - INFO - File 5286: Filtered 453660 hits and 5 records
2025-09-19 07:40:10,771 - INFO - Completed /viper/ptmp/arego/Red_T_7K_1_EN_100/18581.h5 in 3.00 seconds
2025-09-19 07:40:10,950 - INFO - Processing /viper/ptmp/arego/Red_T_7K_1/4104.h5
2025-09-19 07:40:11,011 - INFO - Completed /viper/ptmp/arego/Red_T_7K_1_EN_100/14583.h5 in 4.94 seconds
2025-09-19 07:40:11,042 - INFO - File 9263: Filtered 263655 hits and 5 records
2025-09-19 07:40:11,250 - INFO - Completed /viper/ptmp/arego/Red_T_7K_1_EN_100/3132.h5 in 2.57 seconds
2025-09-19 07:40:11,290 - INFO - Processing /viper/ptmp/arego/Red_T_7K_1/9248.h5
2025-09-19 07:40:11,413 - INFO - File 4104: Filtered 149318 hits and 3 records
2025-09-19 07:40:11,583 - INFO - Processing /viper/ptmp/arego/Red_T_7K_1/4093.h5
2025-09-19 07:40:11,713 - INFO - File 9248: Filtered 238350 hits and 3 records
2025-09-19 07:40:12,076 - INFO - File 4093: Filtered 532065 hits and 4 records
2025-09-19 07:40:12,615 - INFO - Completed /viper/ptmp/arego/Red_T_7K_1_EN_100/19484.h5 in 2.62 seconds
2025-09-19 07:40:12,709 - INFO - Processing /viper/ptmp/arego/Red_T_7K_1/15701.h5
2025-09-19 07:40:12,746 - INFO - Completed /viper/ptmp/arego/Red_T_7K_1_EN_100/21033.h5 in 4.34 seconds
2025-09-19 07:40:12,885 - INFO - Completed /viper/ptmp/arego/Red_T_7K_1_EN_100/2235.h5 in 3.68 seconds
2025-09-19 07:40:13,011 - INFO - Processing /viper/ptmp/arego/Red_T_7K_1/15567.h5
2025-09-19 07:40:13,194 - INFO - File 15701: Filtered 802036 hits and 4 records
2025-09-19 07:40:13,347 - INFO - Processing /viper/ptmp/arego/Red_T_7K_1/16287.h5
2025-09-19 07:40:13,415 - INFO - File 15567: Filtered 493355 hits and 6 records
2025-09-19 07:40:13,702 - INFO - File 16287: Filtered 571365 hits and 5 records
2025-09-19 07:40:14,186 - INFO - Completed /viper/ptmp/arego/Red_T_7K_1_EN_100/5286.h5 in 3.90 seconds
2025-09-19 07:40:14,249 - INFO - Processing /viper/ptmp/arego/Red_T_7K_1/17444.h5
2025-09-19 07:40:14,645 - INFO - File 17444: Filtered 158718 hits and 2 records
2025-09-19 07:40:15,002 - INFO - Completed /viper/ptmp/arego/Red_T_7K_1_EN_100/9263.h5 in 4.33 seconds
2025-09-19 07:40:15,095 - INFO - Processing /viper/ptmp/arego/Red_T_7K_1/8827.h5
2025-09-19 07:40:15,325 - INFO - Completed /viper/ptmp/arego/Red_T_7K_1_EN_100/9248.h5 in 4.04 seconds
2025-09-19 07:40:15,393 - INFO - Processing /viper/ptmp/arego/Red_T_7K_1/20069.h5
2025-09-19 07:40:15,439 - INFO - Completed /viper/ptmp/arego/Red_T_7K_1_EN_100/4093.h5 in 3.86 seconds
2025-09-19 07:40:15,576 - INFO - File 8827: Filtered 1199704 hits and 5 records
2025-09-19 07:40:15,757 - INFO - File 20069: Filtered 468296 hits and 4 records
2025-09-19 07:40:15,777 - INFO - Processing /viper/ptmp/arego/Red_T_7K_1/23225.h5
2025-09-19 07:40:16,075 - INFO - Completed /viper/ptmp/arego/Red_T_7K_1_EN_100/16287.h5 in 2.73 seconds
2025-09-19 07:40:16,181 - INFO - Processing /viper/ptmp/arego/Red_T_7K_1/15069.h5
2025-09-19 07:40:16,256 - INFO - File 23225: Filtered 618982 hits and 7 records
2025-09-19 07:40:16,548 - INFO - Completed /viper/ptmp/arego/Red_T_7K_1_EN_100/15701.h5 in 3.84 seconds
2025-09-19 07:40:16,580 - INFO - File 15069: Filtered 717694 hits and 7 records
2025-09-19 07:40:16,622 - INFO - Processing /viper/ptmp/arego/Red_T_7K_1/5746.h5
2025-09-19 07:40:17,001 - INFO - File 5746: Filtered 742684 hits and 8 records
2025-09-19 07:40:17,092 - INFO - Completed /viper/ptmp/arego/Red_T_7K_1_EN_100/15567.h5 in 4.08 seconds
2025-09-19 07:40:17,168 - INFO - Processing /viper/ptmp/arego/Red_T_7K_1/6630.h5
2025-09-19 07:40:17,259 - INFO - Completed /viper/ptmp/arego/Red_T_7K_1_EN_100/4104.h5 in 6.31 seconds
2025-09-19 07:40:17,365 - INFO - Completed /viper/ptmp/arego/Red_T_7K_1_EN_100/8827.h5 in 2.27 seconds
2025-09-19 07:40:17,381 - INFO - Processing /viper/ptmp/arego/Red_T_7K_1/5151.h5
2025-09-19 07:40:17,593 - INFO - Processing /viper/ptmp/arego/Red_T_7K_1/21602.h5
2025-09-19 07:40:17,625 - INFO - File 6630: Filtered 687346 hits and 6 records
2025-09-19 07:40:17,836 - INFO - File 5151: Filtered 1034303 hits and 5 records
2025-09-19 07:40:18,055 - INFO - File 21602: Filtered 352321 hits and 5 records
2025-09-19 07:40:18,415 - INFO - Completed /viper/ptmp/arego/Red_T_7K_1_EN_100/17444.h5 in 4.17 seconds
2025-09-19 07:40:18,489 - INFO - Processing /viper/ptmp/arego/Red_T_7K_1/1615.h5
2025-09-19 07:40:18,887 - INFO - File 1615: Filtered 738155 hits and 7 records
2025-09-19 07:40:19,503 - INFO - Completed /viper/ptmp/arego/Red_T_7K_1_EN_100/23225.h5 in 3.73 seconds
2025-09-19 07:40:19,547 - INFO - Completed /viper/ptmp/arego/Red_T_7K_1_EN_100/20069.h5 in 4.15 seconds
2025-09-19 07:40:19,575 - INFO - Processing /viper/ptmp/arego/Red_T_7K_1/7571.h5
2025-09-19 07:40:19,788 - INFO - Processing /viper/ptmp/arego/Red_T_7K_1/11914.h5
2025-09-19 07:40:19,872 - INFO - Completed /viper/ptmp/arego/Red_T_7K_1_EN_100/5151.h5 in 2.49 seconds
2025-09-19 07:40:19,988 - INFO - File 7571: Filtered 1233577 hits and 3 records
2025-09-19 07:40:20,007 - INFO - Processing /viper/ptmp/arego/Red_T_7K_1/3547.h5
2025-09-19 07:40:20,174 - INFO - File 11914: Filtered 435564 hits and 4 records
2025-09-19 07:40:20,363 - INFO - Completed /viper/ptmp/arego/Red_T_7K_1_EN_100/15069.h5 in 4.18 seconds
2025-09-19 07:40:20,442 - INFO - Processing /viper/ptmp/arego/Red_T_7K_1/20886.h5
2025-09-19 07:40:20,476 - INFO - File 3547: Filtered 602797 hits and 5 records
2025-09-19 07:40:20,751 - INFO - Completed /viper/ptmp/arego/Red_T_7K_1_EN_100/5746.h5 in 4.13 seconds
2025-09-19 07:40:20,826 - INFO - Processing /viper/ptmp/arego/Red_T_7K_1/12184.h5
2025-09-19 07:40:20,839 - INFO - File 20886: Filtered 502243 hits and 5 records
2025-09-19 07:40:21,055 - INFO - Completed /viper/ptmp/arego/Red_T_7K_1_EN_100/6630.h5 in 3.89 seconds
2025-09-19 07:40:21,131 - INFO - Processing /viper/ptmp/arego/Red_T_7K_1/14302.h5
2025-09-19 07:40:21,314 - INFO - File 12184: Filtered 277481 hits and 5 records
2025-09-19 07:40:21,449 - INFO - File 14302: Filtered 807084 hits and 6 records
2025-09-19 07:40:21,508 - INFO - Completed /viper/ptmp/arego/Red_T_7K_1_EN_100/7571.h5 in 1.93 seconds
2025-09-19 07:40:21,581 - INFO - Processing /viper/ptmp/arego/Red_T_7K_1/16578.h5
2025-09-19 07:40:21,999 - INFO - File 16578: Filtered 893794 hits and 6 records
2025-09-19 07:40:22,028 - INFO - Completed /viper/ptmp/arego/Red_T_7K_1_EN_100/21602.h5 in 4.44 seconds
2025-09-19 07:40:22,111 - INFO - Processing /viper/ptmp/arego/Red_T_7K_1/19012.h5
2025-09-19 07:40:22,140 - INFO - Completed /viper/ptmp/arego/Red_T_7K_1_EN_100/14302.h5 in 1.01 seconds
2025-09-19 07:40:22,312 - INFO - Processing /viper/ptmp/arego/Red_T_7K_1/8255.h5
2025-09-19 07:40:22,498 - INFO - File 19012: Filtered 442761 hits and 7 records
2025-09-19 07:40:22,545 - INFO - Completed /viper/ptmp/arego/Red_T_7K_1_EN_100/1615.h5 in 4.06 seconds
2025-09-19 07:40:22,623 - INFO - Processing /viper/ptmp/arego/Red_T_7K_1/7432.h5
2025-09-19 07:40:22,846 - INFO - File 8255: Filtered 1038863 hits and 6 records
2025-09-19 07:40:23,076 - INFO - File 7432: Filtered 605207 hits and 4 records
2025-09-19 07:40:23,992 - INFO - Completed /viper/ptmp/arego/Red_T_7K_1_EN_100/3547.h5 in 3.99 seconds
2025-09-19 07:40:24,058 - INFO - Processing /viper/ptmp/arego/Red_T_7K_1/10415.h5
2025-09-19 07:40:24,124 - INFO - Completed /viper/ptmp/arego/Red_T_7K_1_EN_100/20886.h5 in 3.68 seconds
2025-09-19 07:40:24,250 - INFO - Completed /viper/ptmp/arego/Red_T_7K_1_EN_100/11914.h5 in 4.46 seconds
2025-09-19 07:40:24,279 - INFO - Processing /viper/ptmp/arego/Red_T_7K_1/16404.h5
2025-09-19 07:40:24,511 - INFO - File 10415: Filtered 336428 hits and 3 records
2025-09-19 07:40:24,532 - INFO - Processing /viper/ptmp/arego/Red_T_7K_1/20211.h5
2025-09-19 07:40:24,576 - INFO - Completed /viper/ptmp/arego/Red_T_7K_1_EN_100/8255.h5 in 2.26 seconds
2025-09-19 07:40:24,730 - INFO - File 16404: Filtered 468571 hits and 2 records
2025-09-19 07:40:24,767 - INFO - Processing /viper/ptmp/arego/Red_T_7K_1/19975.h5
2025-09-19 07:40:25,086 - INFO - File 20211: Filtered 584551 hits and 3 records
2025-09-19 07:40:25,229 - INFO - File 19975: Filtered 579409 hits and 4 records
2025-09-19 07:40:26,030 - INFO - Completed /viper/ptmp/arego/Red_T_7K_1_EN_100/16578.h5 in 4.45 seconds
2025-09-19 07:40:26,095 - INFO - Processing /viper/ptmp/arego/Red_T_7K_1/22725.h5
2025-09-19 07:40:26,524 - INFO - File 22725: Filtered 1250668 hits and 8 records
2025-09-19 07:40:26,546 - INFO - Completed /viper/ptmp/arego/Red_T_7K_1_EN_100/19012.h5 in 4.43 seconds
2025-09-19 07:40:26,629 - INFO - Processing /viper/ptmp/arego/Red_T_7K_1/22251.h5
2025-09-19 07:40:26,645 - INFO - Completed /viper/ptmp/arego/Red_T_7K_1_EN_100/7432.h5 in 4.02 seconds
2025-09-19 07:40:26,863 - INFO - Processing /viper/ptmp/arego/Red_T_7K_1/11418.h5
2025-09-19 07:40:27,038 - INFO - Completed /viper/ptmp/arego/Red_T_7K_1_EN_100/20211.h5 in 2.51 seconds
2025-09-19 07:40:27,081 - INFO - File 22251: Filtered 723932 hits and 4 records
2025-09-19 07:40:27,216 - INFO - Completed /viper/ptmp/arego/Red_T_7K_1_EN_100/12184.h5 in 6.39 seconds
2025-09-19 07:40:27,230 - INFO - Processing /viper/ptmp/arego/Red_T_7K_1/16049.h5
2025-09-19 07:40:27,296 - INFO - File 11418: Filtered 563647 hits and 5 records
2025-09-19 07:40:27,439 - INFO - Processing /viper/ptmp/arego/Red_T_7K_1/3431.h5
2025-09-19 07:40:27,600 - INFO - File 16049: Filtered 323623 hits and 5 records
2025-09-19 07:40:27,848 - INFO - Completed /viper/ptmp/arego/Red_T_7K_1_EN_100/22725.h5 in 1.75 seconds
2025-09-19 07:40:27,887 - INFO - Processing /viper/ptmp/arego/Red_T_7K_1/19587.h5
2025-09-19 07:40:27,904 - INFO - File 3431: Filtered 742183 hits and 5 records
2025-09-19 07:40:28,280 - INFO - File 19587: Filtered 649615 hits and 5 records
2025-09-19 07:40:28,525 - INFO - Completed /viper/ptmp/arego/Red_T_7K_1_EN_100/10415.h5 in 4.47 seconds
2025-09-19 07:40:28,592 - INFO - Processing /viper/ptmp/arego/Red_T_7K_1/12622.h5
2025-09-19 07:40:28,779 - INFO - Completed /viper/ptmp/arego/Red_T_7K_1_EN_100/16404.h5 in 4.50 seconds
2025-09-19 07:40:28,835 - INFO - Completed /viper/ptmp/arego/Red_T_7K_1_EN_100/19975.h5 in 4.07 seconds
2025-09-19 07:40:28,917 - INFO - Processing /viper/ptmp/arego/Red_T_7K_1/11783.h5
2025-09-19 07:40:29,035 - INFO - File 12622: Filtered 676221 hits and 8 records
2025-09-19 07:40:29,167 - INFO - Processing /viper/ptmp/arego/Red_T_7K_1/3924.h5
2025-09-19 07:40:29,399 - INFO - File 11783: Filtered 1728631 hits and 6 records
2025-09-19 07:40:29,623 - INFO - File 3924: Filtered 952805 hits and 9 records
2025-09-19 07:40:29,990 - INFO - Completed /viper/ptmp/arego/Red_T_7K_1_EN_100/11783.h5 in 1.07 seconds
2025-09-19 07:40:30,078 - INFO - Processing /viper/ptmp/arego/Red_T_7K_1/11782.h5
2025-09-19 07:40:30,602 - INFO - File 11782: Filtered 1614297 hits and 4 records
2025-09-19 07:40:30,666 - INFO - Completed /viper/ptmp/arego/Red_T_7K_1_EN_100/22251.h5 in 4.04 seconds
2025-09-19 07:40:30,738 - INFO - Processing /viper/ptmp/arego/Red_T_7K_1/15291.h5
2025-09-19 07:40:31,173 - INFO - File 15291: Filtered 686655 hits and 4 records
2025-09-19 07:40:31,369 - INFO - Completed /viper/ptmp/arego/Red_T_7K_1_EN_100/11418.h5 in 4.51 seconds
2025-09-19 07:40:31,437 - INFO - Processing /viper/ptmp/arego/Red_T_7K_1/21172.h5
2025-09-19 07:40:31,510 - INFO - Completed /viper/ptmp/arego/Red_T_7K_1_EN_100/16049.h5 in 4.28 seconds
2025-09-19 07:40:31,549 - INFO - Completed /viper/ptmp/arego/Red_T_7K_1_EN_100/11782.h5 in 1.47 seconds
2025-09-19 07:40:31,692 - INFO - Processing /viper/ptmp/arego/Red_T_7K_1/1440.h5
2025-09-19 07:40:31,863 - INFO - Completed /viper/ptmp/arego/Red_T_7K_1_EN_100/3431.h5 in 4.42 seconds
2025-09-19 07:40:31,893 - INFO - Processing /viper/ptmp/arego/Red_T_7K_1/12679.h5
2025-09-19 07:40:31,929 - INFO - File 21172: Filtered 247212 hits and 3 records
2025-09-19 07:40:32,144 - INFO - Processing /viper/ptmp/arego/Red_T_7K_1/14441.h5
2025-09-19 07:40:32,244 - INFO - File 1440: Filtered 587798 hits and 4 records
2025-09-19 07:40:32,290 - INFO - Completed /viper/ptmp/arego/Red_T_7K_1_EN_100/19587.h5 in 4.40 seconds
2025-09-19 07:40:32,368 - INFO - Processing /viper/ptmp/arego/Red_T_7K_1/2921.h5
2025-09-19 07:40:32,506 - INFO - File 12679: Filtered 965248 hits and 6 records
2025-09-19 07:40:32,771 - INFO - File 14441: Filtered 418534 hits and 6 records
2025-09-19 07:40:32,827 - INFO - Completed /viper/ptmp/arego/Red_T_7K_1_EN_100/12622.h5 in 4.23 seconds
2025-09-19 07:40:32,885 - INFO - File 2921: Filtered 1362988 hits and 5 records
2025-09-19 07:40:32,929 - INFO - Processing /viper/ptmp/arego/Red_T_7K_1/1261.h5
2025-09-19 07:40:33,385 - INFO - File 1261: Filtered 1327877 hits and 5 records
2025-09-19 07:40:33,753 - INFO - Completed /viper/ptmp/arego/Red_T_7K_1_EN_100/3924.h5 in 4.59 seconds
2025-09-19 07:40:33,814 - INFO - Processing /viper/ptmp/arego/Red_T_7K_1/8134.h5
2025-09-19 07:40:34,267 - INFO - File 8134: Filtered 882546 hits and 4 records
2025-09-19 07:40:35,193 - INFO - Completed /viper/ptmp/arego/Red_T_7K_1_EN_100/2921.h5 in 2.83 seconds
2025-09-19 07:40:35,260 - INFO - Processing /viper/ptmp/arego/Red_T_7K_1/13906.h5
2025-09-19 07:40:35,412 - INFO - Completed /viper/ptmp/arego/Red_T_7K_1_EN_100/15291.h5 in 4.67 seconds
2025-09-19 07:40:35,539 - INFO - Processing /viper/ptmp/arego/Red_T_7K_1/20518.h5
2025-09-19 07:40:35,766 - INFO - File 13906: Filtered 714668 hits and 3 records
2025-09-19 07:40:36,065 - INFO - File 20518: Filtered 695953 hits and 4 records
2025-09-19 07:40:36,161 - INFO - Completed /viper/ptmp/arego/Red_T_7K_1_EN_100/1440.h5 in 4.47 seconds
2025-09-19 07:40:36,221 - INFO - Processing /viper/ptmp/arego/Red_T_7K_1/16774.h5
2025-09-19 07:40:36,380 - INFO - Completed /viper/ptmp/arego/Red_T_7K_1_EN_100/12679.h5 in 4.49 seconds
2025-09-19 07:40:36,503 - INFO - Processing /viper/ptmp/arego/Red_T_7K_1/691.h5
2025-09-19 07:40:36,744 - INFO - File 16774: Filtered 950985 hits and 3 records
2025-09-19 07:40:36,929 - INFO - Completed /viper/ptmp/arego/Red_T_7K_1_EN_100/1261.h5 in 4.00 seconds
2025-09-19 07:40:36,982 - INFO - Processing /viper/ptmp/arego/Red_T_7K_1/4885.h5
2025-09-19 07:40:37,071 - INFO - File 691: Filtered 1417824 hits and 8 records
2025-09-19 07:40:37,434 - INFO - File 4885: Filtered 746991 hits and 5 records
2025-09-19 07:40:38,066 - INFO - Completed /viper/ptmp/arego/Red_T_7K_1_EN_100/8134.h5 in 4.25 seconds
2025-09-19 07:40:38,133 - INFO - Processing /viper/ptmp/arego/Red_T_7K_1/10539.h5
2025-09-19 07:40:38,581 - INFO - Completed /viper/ptmp/arego/Red_T_7K_1_EN_100/21172.h5 in 7.14 seconds
2025-09-19 07:40:38,642 - INFO - File 10539: Filtered 460040 hits and 5 records
2025-09-19 07:40:38,649 - INFO - Processing /viper/ptmp/arego/Red_T_7K_1/14494.h5
2025-09-19 07:40:38,970 - INFO - Completed /viper/ptmp/arego/Red_T_7K_1_EN_100/14441.h5 in 6.83 seconds
2025-09-19 07:40:39,063 - INFO - Processing /viper/ptmp/arego/Red_T_7K_1/6202.h5
2025-09-19 07:40:39,264 - INFO - File 14494: Filtered 856016 hits and 5 records
2025-09-19 07:40:39,391 - INFO - Completed /viper/ptmp/arego/Red_T_7K_1_EN_100/691.h5 in 2.89 seconds
2025-09-19 07:40:39,501 - INFO - Processing /viper/ptmp/arego/Red_T_7K_1/18494.h5
2025-09-19 07:40:39,518 - INFO - Completed /viper/ptmp/arego/Red_T_7K_1_EN_100/13906.h5 in 4.26 seconds
2025-09-19 07:40:39,645 - INFO - File 6202: Filtered 1772116 hits and 7 records
2025-09-19 07:40:39,716 - INFO - Processing /viper/ptmp/arego/Red_T_7K_1/3900.h5
2025-09-19 07:40:39,900 - INFO - Completed /viper/ptmp/arego/Red_T_7K_1_EN_100/20518.h5 in 4.36 seconds
2025-09-19 07:40:39,974 - INFO - Processing /viper/ptmp/arego/Red_T_7K_1/19570.h5
2025-09-19 07:40:40,001 - INFO - File 18494: Filtered 221394 hits and 4 records
2025-09-19 07:40:40,258 - INFO - File 3900: Filtered 1042642 hits and 6 records
2025-09-19 07:40:40,598 - INFO - File 19570: Filtered 536219 hits and 4 records
2025-09-19 07:40:41,043 - INFO - Completed /viper/ptmp/arego/Red_T_7K_1_EN_100/16774.h5 in 4.82 seconds
2025-09-19 07:40:41,128 - INFO - Processing /viper/ptmp/arego/Red_T_7K_1/14543.h5
2025-09-19 07:40:41,540 - INFO - Completed /viper/ptmp/arego/Red_T_7K_1_EN_100/4885.h5 in 4.56 seconds
2025-09-19 07:40:41,626 - INFO - Processing /viper/ptmp/arego/Red_T_7K_1/14074.h5
2025-09-19 07:40:41,713 - INFO - File 14543: Filtered 1019771 hits and 4 records
2025-09-19 07:40:41,834 - INFO - Completed /viper/ptmp/arego/Red_T_7K_1_EN_100/6202.h5 in 2.77 seconds
2025-09-19 07:40:41,876 - INFO - Processing /viper/ptmp/arego/Red_T_7K_1/2823.h5
2025-09-19 07:40:42,183 - INFO - File 14074: Filtered 680442 hits and 3 records
2025-09-19 07:40:42,421 - INFO - File 2823: Filtered 375206 hits and 2 records
2025-09-19 07:40:42,701 - INFO - Completed /viper/ptmp/arego/Red_T_7K_1_EN_100/10539.h5 in 4.57 seconds
2025-09-19 07:40:42,790 - INFO - Processing /viper/ptmp/arego/Red_T_7K_1/1209.h5
2025-09-19 07:40:43,293 - INFO - File 1209: Filtered 918004 hits and 6 records
2025-09-19 07:40:43,865 - INFO - Completed /viper/ptmp/arego/Red_T_7K_1_EN_100/3900.h5 in 4.15 seconds
2025-09-19 07:40:43,951 - INFO - Processing /viper/ptmp/arego/Red_T_7K_1/2081.h5
2025-09-19 07:40:44,304 - INFO - Completed /viper/ptmp/arego/Red_T_7K_1_EN_100/19570.h5 in 4.33 seconds
2025-09-19 07:40:44,397 - INFO - Completed /viper/ptmp/arego/Red_T_7K_1_EN_100/14494.h5 in 5.75 seconds
2025-09-19 07:40:44,409 - INFO - Processing /viper/ptmp/arego/Red_T_7K_1/12526.h5
2025-09-19 07:40:44,523 - INFO - File 2081: Filtered 914332 hits and 5 records
2025-09-19 07:40:44,662 - INFO - Processing /viper/ptmp/arego/Red_T_7K_1/21535.h5
2025-09-19 07:40:44,956 - INFO - File 12526: Filtered 1090733 hits and 5 records
2025-09-19 07:40:45,269 - INFO - File 21535: Filtered 669158 hits and 7 records
2025-09-19 07:40:46,421 - INFO - Completed /viper/ptmp/arego/Red_T_7K_1_EN_100/14074.h5 in 4.79 seconds
2025-09-19 07:40:46,453 - INFO - Completed /viper/ptmp/arego/Red_T_7K_1_EN_100/18494.h5 in 6.95 seconds
2025-09-19 07:40:46,481 - INFO - Processing /viper/ptmp/arego/Red_T_7K_1/600.h5
2025-09-19 07:40:46,556 - INFO - Completed /viper/ptmp/arego/Red_T_7K_1_EN_100/14543.h5 in 5.43 seconds
2025-09-19 07:40:46,714 - INFO - Processing /viper/ptmp/arego/Red_T_7K_1/5745.h5
2025-09-19 07:40:46,823 - INFO - Completed /viper/ptmp/arego/Red_T_7K_1_EN_100/1209.h5 in 4.03 seconds
2025-09-19 07:40:46,988 - INFO - File 600: Filtered 806999 hits and 6 records
2025-09-19 07:40:47,001 - INFO - Processing /viper/ptmp/arego/Red_T_7K_1/20102.h5
2025-09-19 07:40:47,235 - INFO - Processing /viper/ptmp/arego/Red_T_7K_1/17248.h5
2025-09-19 07:40:47,325 - INFO - File 5745: Filtered 1162573 hits and 4 records
2025-09-19 07:40:47,592 - INFO - File 20102: Filtered 542847 hits and 5 records
2025-09-19 07:40:47,909 - INFO - File 17248: Filtered 439522 hits and 2 records
2025-09-19 07:40:48,852 - INFO - Completed /viper/ptmp/arego/Red_T_7K_1_EN_100/2823.h5 in 6.98 seconds
2025-09-19 07:40:48,933 - INFO - Processing /viper/ptmp/arego/Red_T_7K_1/9576.h5
2025-09-19 07:40:49,410 - INFO - Completed /viper/ptmp/arego/Red_T_7K_1_EN_100/12526.h5 in 5.00 seconds
2025-09-19 07:40:49,477 - INFO - File 9576: Filtered 614958 hits and 5 records
2025-09-19 07:40:49,506 - INFO - Processing /viper/ptmp/arego/Red_T_7K_1/20212.h5
2025-09-19 07:40:50,051 - INFO - File 20212: Filtered 2099652 hits and 4 records
2025-09-19 07:40:50,672 - INFO - Completed /viper/ptmp/arego/Red_T_7K_1_EN_100/20212.h5 in 1.17 seconds
2025-09-19 07:40:50,736 - INFO - Processing /viper/ptmp/arego/Red_T_7K_1/18774.h5
2025-09-19 07:40:50,850 - INFO - Completed /viper/ptmp/arego/Red_T_7K_1_EN_100/2081.h5 in 6.90 seconds
2025-09-19 07:40:51,061 - INFO - Processing /viper/ptmp/arego/Red_T_7K_1/3456.h5
2025-09-19 07:40:51,284 - INFO - File 18774: Filtered 929447 hits and 4 records
2025-09-19 07:40:51,299 - INFO - Completed /viper/ptmp/arego/Red_T_7K_1_EN_100/21535.h5 in 6.64 seconds
2025-09-19 07:40:51,362 - INFO - Processing /viper/ptmp/arego/Red_T_7K_1/15734.h5
2025-09-19 07:40:51,680 - INFO - File 3456: Filtered 558651 hits and 3 records
2025-09-19 07:40:51,720 - INFO - Completed /viper/ptmp/arego/Red_T_7K_1_EN_100/5745.h5 in 5.01 seconds
2025-09-19 07:40:51,839 - INFO - Processing /viper/ptmp/arego/Red_T_7K_1/8519.h5
2025-09-19 07:40:51,926 - INFO - File 15734: Filtered 904280 hits and 7 records
2025-09-19 07:40:52,470 - INFO - File 8519: Filtered 489249 hits and 6 records
2025-09-19 07:40:52,740 - INFO - Completed /viper/ptmp/arego/Red_T_7K_1_EN_100/600.h5 in 6.26 seconds
2025-09-19 07:40:52,818 - INFO - Processing /viper/ptmp/arego/Red_T_7K_1/19574.h5
2025-09-19 07:40:53,384 - INFO - File 19574: Filtered 538356 hits and 4 records
2025-09-19 07:40:53,566 - INFO - Completed /viper/ptmp/arego/Red_T_7K_1_EN_100/9576.h5 in 4.63 seconds
2025-09-19 07:40:53,644 - INFO - Processing /viper/ptmp/arego/Red_T_7K_1/10911.h5
2025-09-19 07:40:54,178 - INFO - File 10911: Filtered 620623 hits and 4 records
2025-09-19 07:40:54,207 - INFO - Completed /viper/ptmp/arego/Red_T_7K_1_EN_100/20102.h5 in 7.21 seconds
2025-09-19 07:40:54,311 - INFO - Processing /viper/ptmp/arego/Red_T_7K_1/14489.h5
2025-09-19 07:40:54,433 - INFO - Completed /viper/ptmp/arego/Red_T_7K_1_EN_100/17248.h5 in 7.20 seconds
2025-09-19 07:40:54,583 - INFO - Processing /viper/ptmp/arego/Red_T_7K_1/5727.h5
2025-09-19 07:40:54,896 - INFO - File 14489: Filtered 1704372 hits and 6 records
2025-09-19 07:40:55,166 - INFO - File 5727: Filtered 1316457 hits and 6 records
2025-09-19 07:40:56,247 - INFO - Completed /viper/ptmp/arego/Red_T_7K_1_EN_100/18774.h5 in 5.51 seconds
2025-09-19 07:40:56,315 - INFO - Processing /viper/ptmp/arego/Red_T_7K_1/21493.h5
2025-09-19 07:40:56,925 - INFO - File 21493: Filtered 506922 hits and 3 records
2025-09-19 07:40:57,197 - INFO - Completed /viper/ptmp/arego/Red_T_7K_1_EN_100/15734.h5 in 5.83 seconds
2025-09-19 07:40:57,296 - INFO - Processing /viper/ptmp/arego/Red_T_7K_1/7726.h5
2025-09-19 07:40:57,740 - INFO - Completed /viper/ptmp/arego/Red_T_7K_1_EN_100/3456.h5 in 6.68 seconds
2025-09-19 07:40:57,870 - INFO - Processing /viper/ptmp/arego/Red_T_7K_1/3307.h5
2025-09-19 07:40:57,900 - INFO - File 7726: Filtered 891104 hits and 5 records
2025-09-19 07:40:58,517 - INFO - File 3307: Filtered 887979 hits and 2 records
2025-09-19 07:40:58,817 - INFO - Completed /viper/ptmp/arego/Red_T_7K_1_EN_100/14489.h5 in 4.51 seconds
2025-09-19 07:40:58,897 - INFO - Processing /viper/ptmp/arego/Red_T_7K_1/13006.h5
2025-09-19 07:40:59,267 - INFO - Completed /viper/ptmp/arego/Red_T_7K_1_EN_100/5727.h5 in 4.68 seconds
2025-09-19 07:40:59,340 - INFO - Processing /viper/ptmp/arego/Red_T_7K_1/12732.h5
2025-09-19 07:40:59,506 - INFO - File 13006: Filtered 859338 hits and 4 records
2025-09-19 07:40:59,906 - INFO - Completed /viper/ptmp/arego/Red_T_7K_1_EN_100/19574.h5 in 7.09 seconds
2025-09-19 07:40:59,975 - INFO - Processing /viper/ptmp/arego/Red_T_7K_1/11010.h5
2025-09-19 07:41:00,035 - INFO - File 12732: Filtered 986038 hits and 5 records
2025-09-19 07:41:00,624 - INFO - File 11010: Filtered 1176327 hits and 2 records
2025-09-19 07:41:00,899 - INFO - Completed /viper/ptmp/arego/Red_T_7K_1_EN_100/10911.h5 in 7.25 seconds
2025-09-19 07:41:00,912 - INFO - Completed /viper/ptmp/arego/Red_T_7K_1_EN_100/8519.h5 in 9.07 seconds
2025-09-19 07:41:00,973 - INFO - Processing /viper/ptmp/arego/Red_T_7K_1/9152.h5
2025-09-19 07:41:01,161 - INFO - Processing /viper/ptmp/arego/Red_T_7K_1/7121.h5
2025-09-19 07:41:01,299 - INFO - Completed /viper/ptmp/arego/Red_T_7K_1_EN_100/21493.h5 in 4.98 seconds
2025-09-19 07:41:01,360 - INFO - Processing /viper/ptmp/arego/Red_T_7K_1/3243.h5
2025-09-19 07:41:01,580 - INFO - File 9152: Filtered 1598475 hits and 5 records
2025-09-19 07:41:01,904 - INFO - File 7121: Filtered 1104971 hits and 4 records
2025-09-19 07:41:02,055 - INFO - File 3243: Filtered 806997 hits and 1 records
2025-09-19 07:41:03,985 - INFO - Completed /viper/ptmp/arego/Red_T_7K_1_EN_100/9152.h5 in 3.01 seconds
2025-09-19 07:41:04,049 - INFO - Processing /viper/ptmp/arego/Red_T_7K_1/18483.h5
2025-09-19 07:41:04,659 - INFO - File 18483: Filtered 1560065 hits and 7 records
2025-09-19 07:41:05,086 - INFO - Completed /viper/ptmp/arego/Red_T_7K_1_EN_100/3307.h5 in 7.22 seconds
2025-09-19 07:41:05,129 - INFO - Processing /viper/ptmp/arego/Red_T_7K_1/10136.h5
2025-09-19 07:41:05,394 - INFO - Completed /viper/ptmp/arego/Red_T_7K_1_EN_100/7726.h5 in 8.10 seconds
2025-09-19 07:41:05,478 - INFO - Processing /viper/ptmp/arego/Red_T_7K_1/830.h5
2025-09-19 07:41:05,535 - INFO - Completed /viper/ptmp/arego/Red_T_7K_1_EN_100/12732.h5 in 6.20 seconds
2025-09-19 07:41:05,747 - INFO - Completed /viper/ptmp/arego/Red_T_7K_1_EN_100/13006.h5 in 6.85 seconds
2025-09-19 07:41:05,750 - INFO - File 10136: Filtered 1123110 hits and 3 records
2025-09-19 07:41:05,782 - INFO - Processing /viper/ptmp/arego/Red_T_7K_1/1412.h5
2025-09-19 07:41:06,009 - INFO - Processing /viper/ptmp/arego/Red_T_7K_1/18320.h5
2025-09-19 07:41:06,311 - INFO - File 830: Filtered 211613 hits and 5 records
2025-09-19 07:41:06,510 - INFO - File 1412: Filtered 1328983 hits and 3 records
2025-09-19 07:41:06,661 - INFO - Completed /viper/ptmp/arego/Red_T_7K_1_EN_100/11010.h5 in 6.69 seconds
2025-09-19 07:41:06,769 - INFO - Processing /viper/ptmp/arego/Red_T_7K_1/14447.h5
2025-09-19 07:41:06,829 - INFO - File 18320: Filtered 950836 hits and 4 records
2025-09-19 07:41:07,449 - INFO - File 14447: Filtered 2359031 hits and 8 records
2025-09-19 07:41:07,922 - INFO - Completed /viper/ptmp/arego/Red_T_7K_1_EN_100/7121.h5 in 6.76 seconds
2025-09-19 07:41:07,993 - INFO - Processing /viper/ptmp/arego/Red_T_7K_1/12199.h5
2025-09-19 07:41:08,718 - INFO - File 12199: Filtered 655585 hits and 4 records
2025-09-19 07:41:09,269 - INFO - Completed /viper/ptmp/arego/Red_T_7K_1_EN_100/3243.h5 in 7.91 seconds
2025-09-19 07:41:09,309 - INFO - Processing /viper/ptmp/arego/Red_T_7K_1/11827.h5
2025-09-19 07:41:09,344 - INFO - Completed /viper/ptmp/arego/Red_T_7K_1_EN_100/18483.h5 in 5.29 seconds
2025-09-19 07:41:09,588 - INFO - Processing /viper/ptmp/arego/Red_T_7K_1/4999.h5
2025-09-19 07:41:09,980 - INFO - File 11827: Filtered 807181 hits and 2 records
2025-09-19 07:41:10,394 - INFO - File 4999: Filtered 579131 hits and 4 records
2025-09-19 07:41:11,036 - INFO - Completed /viper/ptmp/arego/Red_T_7K_1_EN_100/14447.h5 in 4.27 seconds
2025-09-19 07:41:11,101 - INFO - Processing /viper/ptmp/arego/Red_T_7K_1/3031.h5
2025-09-19 07:41:11,797 - INFO - File 3031: Filtered 1288855 hits and 6 records
2025-09-19 07:41:11,973 - INFO - Completed /viper/ptmp/arego/Red_T_7K_1_EN_100/10136.h5 in 6.84 seconds
2025-09-19 07:41:12,042 - INFO - Processing /viper/ptmp/arego/Red_T_7K_1/11402.h5
2025-09-19 07:41:12,643 - INFO - Completed /viper/ptmp/arego/Red_T_7K_1_EN_100/1412.h5 in 6.86 seconds
2025-09-19 07:41:12,721 - INFO - Processing /viper/ptmp/arego/Red_T_7K_1/4635.h5
2025-09-19 07:41:12,732 - INFO - File 11402: Filtered 864617 hits and 3 records
2025-09-19 07:41:13,853 - INFO - File 4635: Filtered 152148 hits and 2 records
2025-09-19 07:41:14,977 - INFO - Completed /viper/ptmp/arego/Red_T_7K_1_EN_100/18320.h5 in 8.97 seconds
2025-09-19 07:41:15,053 - INFO - Processing /viper/ptmp/arego/Red_T_7K_1/9139.h5
2025-09-19 07:41:15,735 - INFO - File 9139: Filtered 1528824 hits and 5 records
2025-09-19 07:41:16,285 - INFO - Completed /viper/ptmp/arego/Red_T_7K_1_EN_100/830.h5 in 10.81 seconds
2025-09-19 07:41:16,353 - INFO - Processing /viper/ptmp/arego/Red_T_7K_1/16778.h5
2025-09-19 07:41:17,109 - INFO - File 16778: Filtered 1845391 hits and 6 records
2025-09-19 07:41:17,149 - INFO - Completed /viper/ptmp/arego/Red_T_7K_1_EN_100/4999.h5 in 7.56 seconds
2025-09-19 07:41:17,250 - INFO - Processing /viper/ptmp/arego/Red_T_7K_1/18440.h5
2025-09-19 07:41:17,960 - INFO - File 18440: Filtered 898470 hits and 4 records
2025-09-19 07:41:18,004 - INFO - Completed /viper/ptmp/arego/Red_T_7K_1_EN_100/11827.h5 in 8.70 seconds
2025-09-19 07:41:18,081 - INFO - Processing /viper/ptmp/arego/Red_T_7K_1/12075.h5
2025-09-19 07:41:18,156 - INFO - Completed /viper/ptmp/arego/Red_T_7K_1_EN_100/12199.h5 in 10.16 seconds
2025-09-19 07:41:18,431 - INFO - Processing /viper/ptmp/arego/Red_T_7K_1/2943.h5
2025-09-19 07:41:18,885 - INFO - File 12075: Filtered 2629213 hits and 4 records
2025-09-19 07:41:19,334 - INFO - File 2943: Filtered 2600234 hits and 4 records
2025-09-19 07:41:19,811 - INFO - Completed /viper/ptmp/arego/Red_T_7K_1_EN_100/3031.h5 in 8.71 seconds
2025-09-19 07:41:19,849 - INFO - Processing /viper/ptmp/arego/Red_T_7K_1/4943.h5
2025-09-19 07:41:20,473 - INFO - Completed /viper/ptmp/arego/Red_T_7K_1_EN_100/11402.h5 in 8.43 seconds
2025-09-19 07:41:20,562 - INFO - Processing /viper/ptmp/arego/Red_T_7K_1/9398.h5
2025-09-19 07:41:20,670 - INFO - File 4943: Filtered 166509 hits and 3 records
2025-09-19 07:41:21,297 - INFO - File 9398: Filtered 2462370 hits and 7 records
2025-09-19 07:41:21,999 - INFO - Completed /viper/ptmp/arego/Red_T_7K_1_EN_100/9139.h5 in 6.95 seconds
2025-09-19 07:41:22,034 - INFO - Processing /viper/ptmp/arego/Red_T_7K_1/12404.h5
2025-09-19 07:41:22,766 - INFO - File 12404: Filtered 1223596 hits and 4 records
2025-09-19 07:41:22,771 - INFO - Completed /viper/ptmp/arego/Red_T_7K_1_EN_100/16778.h5 in 6.42 seconds
2025-09-19 07:41:22,840 - INFO - Processing /viper/ptmp/arego/Red_T_7K_1/3915.h5
2025-09-19 07:41:23,328 - INFO - Completed /viper/ptmp/arego/Red_T_7K_1_EN_100/12075.h5 in 5.25 seconds
2025-09-19 07:41:23,426 - INFO - Processing /viper/ptmp/arego/Red_T_7K_1/19448.h5
2025-09-19 07:41:23,569 - INFO - File 3915: Filtered 2958152 hits and 5 records
2025-09-19 07:41:23,606 - INFO - Completed /viper/ptmp/arego/Red_T_7K_1_EN_100/2943.h5 in 5.17 seconds
2025-09-19 07:41:23,707 - INFO - Processing /viper/ptmp/arego/Red_T_7K_1/5359.h5
2025-09-19 07:41:24,170 - INFO - File 19448: Filtered 1800164 hits and 5 records
2025-09-19 07:41:24,503 - INFO - File 5359: Filtered 2272846 hits and 7 records
2025-09-19 07:41:24,727 - INFO - Completed /viper/ptmp/arego/Red_T_7K_1_EN_100/9398.h5 in 4.17 seconds
2025-09-19 07:41:24,797 - INFO - Processing /viper/ptmp/arego/Red_T_7K_1/7635.h5
2025-09-19 07:41:25,512 - INFO - Completed /viper/ptmp/arego/Red_T_7K_1_EN_100/3915.h5 in 2.67 seconds
2025-09-19 07:41:25,552 - INFO - Processing /viper/ptmp/arego/Red_T_7K_1/17702.h5
2025-09-19 07:41:25,609 - INFO - File 7635: Filtered 1107937 hits and 6 records
2025-09-19 07:41:26,374 - INFO - File 17702: Filtered 949116 hits and 4 records
2025-09-19 07:41:26,884 - INFO - Completed /viper/ptmp/arego/Red_T_7K_1_EN_100/18440.h5 in 9.63 seconds
2025-09-19 07:41:26,921 - INFO - Processing /viper/ptmp/arego/Red_T_7K_1/12695.h5
2025-09-19 07:41:27,672 - INFO - File 12695: Filtered 953641 hits and 3 records
2025-09-19 07:41:28,659 - INFO - Completed /viper/ptmp/arego/Red_T_7K_1_EN_100/5359.h5 in 4.95 seconds
2025-09-19 07:41:28,716 - INFO - Processing /viper/ptmp/arego/Red_T_7K_1/20782.h5
2025-09-19 07:41:29,482 - INFO - File 20782: Filtered 1689320 hits and 7 records
2025-09-19 07:41:29,841 - INFO - Completed /viper/ptmp/arego/Red_T_7K_1_EN_100/19448.h5 in 6.42 seconds
2025-09-19 07:41:29,906 - INFO - Processing /viper/ptmp/arego/Red_T_7K_1/10746.h5
2025-09-19 07:41:31,266 - INFO - File 10746: Filtered 740016 hits and 5 records
2025-09-19 07:41:31,973 - INFO - Completed /viper/ptmp/arego/Red_T_7K_1_EN_100/12404.h5 in 9.94 seconds
2025-09-19 07:41:32,066 - INFO - Processing /viper/ptmp/arego/Red_T_7K_1/16029.h5
2025-09-19 07:41:33,339 - INFO - Completed /viper/ptmp/arego/Red_T_7K_1_EN_100/4635.h5 in 20.62 seconds
2025-09-19 07:41:33,386 - INFO - Processing /viper/ptmp/arego/Red_T_7K_1/6276.h5
2025-09-19 07:41:33,554 - INFO - File 16029: Filtered 367430 hits and 5 records
2025-09-19 07:41:34,336 - INFO - File 6276: Filtered 598837 hits and 4 records
2025-09-19 07:41:34,615 - INFO - Completed /viper/ptmp/arego/Red_T_7K_1_EN_100/7635.h5 in 9.82 seconds
2025-09-19 07:41:34,667 - INFO - Completed /viper/ptmp/arego/Red_T_7K_1_EN_100/4943.h5 in 14.82 seconds
2025-09-19 07:41:34,704 - INFO - Processing /viper/ptmp/arego/Red_T_7K_1/22647.h5
2025-09-19 07:41:35,058 - INFO - Processing /viper/ptmp/arego/Red_T_7K_1/15592.h5
2025-09-19 07:41:35,985 - INFO - File 22647: Filtered 728468 hits and 6 records
2025-09-19 07:41:35,986 - INFO - File 15592: Filtered 1935983 hits and 5 records
2025-09-19 07:41:36,192 - INFO - Completed /viper/ptmp/arego/Red_T_7K_1_EN_100/12695.h5 in 9.27 seconds
2025-09-19 07:41:36,297 - INFO - Processing /viper/ptmp/arego/Red_T_7K_1/4565.h5
2025-09-19 07:41:36,913 - INFO - Completed /viper/ptmp/arego/Red_T_7K_1_EN_100/17702.h5 in 11.36 seconds
2025-09-19 07:41:36,989 - INFO - Processing /viper/ptmp/arego/Red_T_7K_1/17306.h5
2025-09-19 07:41:37,239 - INFO - File 4565: Filtered 2005790 hits and 6 records
2025-09-19 07:41:37,593 - INFO - Completed /viper/ptmp/arego/Red_T_7K_1_EN_100/20782.h5 in 8.88 seconds
2025-09-19 07:41:37,675 - INFO - Processing /viper/ptmp/arego/Red_T_7K_1/7470.h5
2025-09-19 07:41:37,817 - INFO - File 17306: Filtered 551090 hits and 2 records
2025-09-19 07:41:38,488 - INFO - File 7470: Filtered 2444292 hits and 5 records
2025-09-19 07:41:42,139 - INFO - Completed /viper/ptmp/arego/Red_T_7K_1_EN_100/15592.h5 in 7.08 seconds
2025-09-19 07:41:42,207 - INFO - Processing /viper/ptmp/arego/Red_T_7K_1/1687.h5
2025-09-19 07:41:42,231 - INFO - Completed /viper/ptmp/arego/Red_T_7K_1_EN_100/7470.h5 in 4.56 seconds
2025-09-19 07:41:42,385 - INFO - Processing /viper/ptmp/arego/Red_T_7K_1/2845.h5
2025-09-19 07:41:42,850 - INFO - Completed /viper/ptmp/arego/Red_T_7K_1_EN_100/6276.h5 in 9.46 seconds
2025-09-19 07:41:42,938 - INFO - Processing /viper/ptmp/arego/Red_T_7K_1/4197.h5
2025-09-19 07:41:43,255 - INFO - File 1687: Filtered 1060188 hits and 4 records
2025-09-19 07:41:43,383 - INFO - File 2845: Filtered 909368 hits and 5 records
2025-09-19 07:41:43,845 - INFO - File 4197: Filtered 1939654 hits and 8 records
2025-09-19 07:41:45,344 - INFO - Completed /viper/ptmp/arego/Red_T_7K_1_EN_100/4565.h5 in 9.05 seconds
2025-09-19 07:41:45,434 - INFO - Processing /viper/ptmp/arego/Red_T_7K_1/20724.h5
2025-09-19 07:41:46,385 - INFO - File 20724: Filtered 1584206 hits and 5 records
2025-09-19 07:41:51,027 - INFO - Completed /viper/ptmp/arego/Red_T_7K_1_EN_100/17306.h5 in 14.04 seconds
2025-09-19 07:41:51,123 - INFO - Processing /viper/ptmp/arego/Red_T_7K_1/14639.h5
2025-09-19 07:41:51,168 - INFO - Completed /viper/ptmp/arego/Red_T_7K_1_EN_100/10746.h5 in 21.26 seconds
2025-09-19 07:41:51,284 - INFO - Completed /viper/ptmp/arego/Red_T_7K_1_EN_100/4197.h5 in 8.35 seconds
2025-09-19 07:41:51,362 - INFO - Processing /viper/ptmp/arego/Red_T_7K_1/1675.h5
2025-09-19 07:41:51,629 - INFO - Processing /viper/ptmp/arego/Red_T_7K_1/3261.h5
2025-09-19 07:41:52,242 - INFO - File 14639: Filtered 1459804 hits and 5 records
2025-09-19 07:41:52,528 - INFO - File 1675: Filtered 1124225 hits and 4 records
2025-09-19 07:41:52,899 - INFO - File 3261: Filtered 1342750 hits and 3 records
2025-09-19 07:41:53,592 - INFO - Completed /viper/ptmp/arego/Red_T_7K_1_EN_100/22647.h5 in 18.89 seconds
2025-09-19 07:41:53,667 - INFO - Processing /viper/ptmp/arego/Red_T_7K_1/7410.h5
2025-09-19 07:41:54,343 - INFO - Completed /viper/ptmp/arego/Red_T_7K_1_EN_100/1687.h5 in 12.14 seconds
2025-09-19 07:41:54,431 - INFO - Processing /viper/ptmp/arego/Red_T_7K_1/11696.h5
2025-09-19 07:41:54,639 - INFO - File 7410: Filtered 1456113 hits and 6 records
2025-09-19 07:41:55,461 - INFO - File 11696: Filtered 2546113 hits and 6 records
2025-09-19 07:41:55,650 - INFO - Completed /viper/ptmp/arego/Red_T_7K_1_EN_100/2845.h5 in 13.26 seconds
2025-09-19 07:41:55,729 - INFO - Processing /viper/ptmp/arego/Red_T_7K_1/18898.h5
2025-09-19 07:41:56,716 - INFO - File 18898: Filtered 1029286 hits and 5 records
2025-09-19 07:41:59,697 - INFO - Completed /viper/ptmp/arego/Red_T_7K_1_EN_100/16029.h5 in 27.63 seconds
2025-09-19 07:41:59,778 - INFO - Processing /viper/ptmp/arego/Red_T_7K_1/12757.h5
2025-09-19 07:42:00,054 - INFO - Completed /viper/ptmp/arego/Red_T_7K_1_EN_100/20724.h5 in 14.62 seconds
2025-09-19 07:42:00,160 - INFO - Processing /viper/ptmp/arego/Red_T_7K_1/16757.h5
2025-09-19 07:42:00,915 - INFO - File 12757: Filtered 2401490 hits and 6 records
2025-09-19 07:42:01,320 - INFO - File 16757: Filtered 388729 hits and 2 records
2025-09-19 07:42:03,573 - INFO - Completed /viper/ptmp/arego/Red_T_7K_1_EN_100/14639.h5 in 12.45 seconds
2025-09-19 07:42:03,639 - INFO - Processing /viper/ptmp/arego/Red_T_7K_1/4690.h5
2025-09-19 07:42:03,823 - INFO - Completed /viper/ptmp/arego/Red_T_7K_1_EN_100/11696.h5 in 9.39 seconds
2025-09-19 07:42:03,919 - INFO - Processing /viper/ptmp/arego/Red_T_7K_1/17200.h5
2025-09-19 07:42:04,726 - INFO - File 4690: Filtered 2024357 hits and 6 records
2025-09-19 07:42:05,039 - INFO - File 17200: Filtered 1352232 hits and 6 records
2025-09-19 07:42:05,603 - INFO - Completed /viper/ptmp/arego/Red_T_7K_1_EN_100/3261.h5 in 13.97 seconds
2025-09-19 07:42:05,676 - INFO - Processing /viper/ptmp/arego/Red_T_7K_1/16985.h5
2025-09-19 07:42:05,832 - INFO - Completed /viper/ptmp/arego/Red_T_7K_1_EN_100/7410.h5 in 12.16 seconds
2025-09-19 07:42:05,949 - INFO - Processing /viper/ptmp/arego/Red_T_7K_1/9609.h5
2025-09-19 07:42:06,379 - INFO - Completed /viper/ptmp/arego/Red_T_7K_1_EN_100/1675.h5 in 15.02 seconds
2025-09-19 07:42:06,500 - INFO - Processing /viper/ptmp/arego/Red_T_7K_1/10589.h5
2025-09-19 07:42:06,888 - INFO - File 16985: Filtered 1106781 hits and 2 records
2025-09-19 07:42:07,173 - INFO - File 9609: Filtered 668131 hits and 5 records
2025-09-19 07:42:07,862 - INFO - File 10589: Filtered 3420737 hits and 8 records
2025-09-19 07:42:09,673 - INFO - Completed /viper/ptmp/arego/Red_T_7K_1_EN_100/18898.h5 in 13.94 seconds
2025-09-19 07:42:09,738 - INFO - Processing /viper/ptmp/arego/Red_T_7K_1/18123.h5
2025-09-19 07:42:10,075 - INFO - Completed /viper/ptmp/arego/Red_T_7K_1_EN_100/12757.h5 in 10.30 seconds
2025-09-19 07:42:10,159 - INFO - Processing /viper/ptmp/arego/Red_T_7K_1/6810.h5
2025-09-19 07:42:11,585 - INFO - File 18123: Filtered 811391 hits and 7 records
2025-09-19 07:42:12,213 - INFO - File 6810: Filtered 892913 hits and 3 records
2025-09-19 07:42:15,149 - INFO - Completed /viper/ptmp/arego/Red_T_7K_1_EN_100/10589.h5 in 8.65 seconds
2025-09-19 07:42:15,226 - INFO - Processing /viper/ptmp/arego/Red_T_7K_1/2910.h5
2025-09-19 07:42:15,371 - INFO - Completed /viper/ptmp/arego/Red_T_7K_1_EN_100/16757.h5 in 15.21 seconds
2025-09-19 07:42:15,545 - INFO - Processing /viper/ptmp/arego/Red_T_7K_1/5113.h5
2025-09-19 07:42:15,869 - INFO - Completed /viper/ptmp/arego/Red_T_7K_1_EN_100/4690.h5 in 12.23 seconds
2025-09-19 07:42:15,939 - INFO - Processing /viper/ptmp/arego/Red_T_7K_1/14719.h5
2025-09-19 07:42:17,101 - INFO - File 5113: Filtered 4899246 hits and 6 records
2025-09-19 07:42:17,249 - INFO - File 14719: Filtered 2741751 hits and 5 records
2025-09-19 07:42:17,417 - INFO - File 2910: Filtered 2720139 hits and 7 records
2025-09-19 07:42:19,007 - INFO - Completed /viper/ptmp/arego/Red_T_7K_1_EN_100/5113.h5 in 3.46 seconds
2025-09-19 07:42:19,072 - INFO - Processing /viper/ptmp/arego/Red_T_7K_1/15269.h5
2025-09-19 07:42:19,689 - INFO - Completed /viper/ptmp/arego/Red_T_7K_1_EN_100/17200.h5 in 15.77 seconds
2025-09-19 07:42:19,760 - INFO - Processing /viper/ptmp/arego/Red_T_7K_1/20548.h5
2025-09-19 07:42:20,204 - INFO - File 15269: Filtered 2773438 hits and 8 records
2025-09-19 07:42:20,936 - INFO - File 20548: Filtered 522311 hits and 1 records
2025-09-19 07:42:22,559 - INFO - Completed /viper/ptmp/arego/Red_T_7K_1_EN_100/16985.h5 in 16.88 seconds
2025-09-19 07:42:22,631 - INFO - Processing /viper/ptmp/arego/Red_T_7K_1/2873.h5
2025-09-19 07:42:23,824 - INFO - File 2873: Filtered 5679731 hits and 3 records
2025-09-19 07:42:24,424 - INFO - Completed /viper/ptmp/arego/Red_T_7K_1_EN_100/9609.h5 in 18.48 seconds
2025-09-19 07:42:24,470 - INFO - Processing /viper/ptmp/arego/Red_T_7K_1/3745.h5
2025-09-19 07:42:24,663 - INFO - Completed /viper/ptmp/arego/Red_T_7K_1_EN_100/2873.h5 in 2.03 seconds
2025-09-19 07:42:24,766 - INFO - Processing /viper/ptmp/arego/Red_T_7K_1/9441.h5
2025-09-19 07:42:25,695 - INFO - File 3745: Filtered 3598974 hits and 6 records
2025-09-19 07:42:26,076 - INFO - File 9441: Filtered 1564746 hits and 4 records
2025-09-19 07:42:27,264 - INFO - Completed /viper/ptmp/arego/Red_T_7K_1_EN_100/14719.h5 in 11.32 seconds
2025-09-19 07:42:27,337 - INFO - Processing /viper/ptmp/arego/Red_T_7K_1/6873.h5
2025-09-19 07:42:30,147 - INFO - Completed /viper/ptmp/arego/Red_T_7K_1_EN_100/15269.h5 in 11.08 seconds
2025-09-19 07:42:30,221 - INFO - Processing /viper/ptmp/arego/Red_T_7K_1/13643.h5
2025-09-19 07:42:30,304 - INFO - File 6873: Filtered 663859 hits and 5 records
2025-09-19 07:42:32,071 - INFO - File 13643: Filtered 205169 hits and 3 records
2025-09-19 07:42:35,219 - INFO - Completed /viper/ptmp/arego/Red_T_7K_1_EN_100/3745.h5 in 10.75 seconds
2025-09-19 07:42:35,287 - INFO - Processing /viper/ptmp/arego/Red_T_7K_1/7083.h5
2025-09-19 07:42:37,108 - INFO - File 7083: Filtered 2260930 hits and 6 records
2025-09-19 07:42:38,392 - INFO - Completed /viper/ptmp/arego/Red_T_7K_1_EN_100/20548.h5 in 18.63 seconds
2025-09-19 07:42:38,465 - INFO - Processing /viper/ptmp/arego/Red_T_7K_1/5905.h5
2025-09-19 07:42:39,243 - INFO - Completed /viper/ptmp/arego/Red_T_7K_1_EN_100/6810.h5 in 29.08 seconds
2025-09-19 07:42:39,356 - INFO - Processing /viper/ptmp/arego/Red_T_7K_1/1112.h5
2025-09-19 07:42:39,775 - INFO - File 5905: Filtered 1010147 hits and 3 records
2025-09-19 07:42:40,922 - INFO - File 1112: Filtered 2137420 hits and 3 records
2025-09-19 07:42:43,012 - INFO - Completed /viper/ptmp/arego/Red_T_7K_1_EN_100/18123.h5 in 33.27 seconds
2025-09-19 07:42:43,081 - INFO - Processing /viper/ptmp/arego/Red_T_7K_1/13225.h5
2025-09-19 07:42:43,629 - INFO - Completed /viper/ptmp/arego/Red_T_7K_1_EN_100/9441.h5 in 18.86 seconds
2025-09-19 07:42:43,697 - INFO - Processing /viper/ptmp/arego/Red_T_7K_1/17705.h5
2025-09-19 07:42:44,367 - INFO - File 13225: Filtered 1270662 hits and 6 records
2025-09-19 07:42:45,490 - INFO - File 17705: Filtered 274561 hits and 4 records
2025-09-19 07:42:45,605 - INFO - Completed /viper/ptmp/arego/Red_T_7K_1_EN_100/2910.h5 in 30.38 seconds
2025-09-19 07:42:45,646 - INFO - Processing /viper/ptmp/arego/Red_T_7K_1/13098.h5
2025-09-19 07:42:46,927 - INFO - File 13098: Filtered 1110838 hits and 5 records
2025-09-19 07:42:59,100 - INFO - Completed /viper/ptmp/arego/Red_T_7K_1_EN_100/5905.h5 in 20.64 seconds
2025-09-19 07:42:59,161 - INFO - Processing /viper/ptmp/arego/Red_T_7K_1/8498.h5
2025-09-19 07:43:00,613 - INFO - Completed /viper/ptmp/arego/Red_T_7K_1_EN_100/1112.h5 in 21.26 seconds
2025-09-19 07:43:00,689 - INFO - Processing /viper/ptmp/arego/Red_T_7K_1/7530.h5
2025-09-19 07:43:00,890 - INFO - File 8498: Filtered 1894630 hits and 4 records
2025-09-19 07:43:02,121 - INFO - File 7530: Filtered 1584739 hits and 4 records
2025-09-19 07:43:03,359 - INFO - Completed /viper/ptmp/arego/Red_T_7K_1_EN_100/13225.h5 in 20.28 seconds
2025-09-19 07:43:03,405 - INFO - Processing /viper/ptmp/arego/Red_T_7K_1/5248.h5
2025-09-19 07:43:05,323 - INFO - File 5248: Filtered 4989122 hits and 8 records
2025-09-19 07:43:06,316 - INFO - Completed /viper/ptmp/arego/Red_T_7K_1_EN_100/13643.h5 in 36.09 seconds
2025-09-19 07:43:06,379 - INFO - Processing /viper/ptmp/arego/Red_T_7K_1/4458.h5
2025-09-19 07:43:07,177 - INFO - Completed /viper/ptmp/arego/Red_T_7K_1_EN_100/13098.h5 in 21.53 seconds
2025-09-19 07:43:07,234 - INFO - Processing /viper/ptmp/arego/Red_T_7K_1/1417.h5
2025-09-19 07:43:07,441 - INFO - Completed /viper/ptmp/arego/Red_T_7K_1_EN_100/7083.h5 in 32.15 seconds
2025-09-19 07:43:07,529 - INFO - Processing /viper/ptmp/arego/Red_T_7K_1/8352.h5
2025-09-19 07:43:07,991 - INFO - File 4458: Filtered 784234 hits and 2 records
2025-09-19 07:43:08,794 - INFO - File 1417: Filtered 2885590 hits and 6 records
2025-09-19 07:43:09,141 - INFO - File 8352: Filtered 2206752 hits and 4 records
2025-09-19 07:43:15,785 - INFO - Completed /viper/ptmp/arego/Red_T_7K_1_EN_100/17705.h5 in 32.09 seconds
2025-09-19 07:43:15,848 - INFO - Processing /viper/ptmp/arego/Red_T_7K_1/20730.h5
2025-09-19 07:43:17,408 - INFO - File 20730: Filtered 2896272 hits and 5 records
2025-09-19 07:43:22,583 - INFO - Completed /viper/ptmp/arego/Red_T_7K_1_EN_100/7530.h5 in 21.89 seconds
2025-09-19 07:43:22,648 - INFO - Processing /viper/ptmp/arego/Red_T_7K_1/21527.h5
2025-09-19 07:43:23,735 - INFO - Completed /viper/ptmp/arego/Red_T_7K_1_EN_100/1417.h5 in 16.50 seconds
2025-09-19 07:43:23,843 - INFO - Processing /viper/ptmp/arego/Red_T_7K_1/4676.h5
2025-09-19 07:43:24,063 - INFO - File 21527: Filtered 5052930 hits and 9 records
2025-09-19 07:43:24,204 - INFO - Completed /viper/ptmp/arego/Red_T_7K_1_EN_100/8498.h5 in 25.04 seconds
2025-09-19 07:43:24,308 - INFO - Processing /viper/ptmp/arego/Red_T_7K_1/19901.h5
2025-09-19 07:43:25,009 - INFO - Completed /viper/ptmp/arego/Red_T_7K_1_EN_100/5248.h5 in 21.60 seconds
2025-09-19 07:43:25,083 - INFO - Processing /viper/ptmp/arego/Red_T_7K_1/8503.h5
2025-09-19 07:43:25,460 - INFO - Completed /viper/ptmp/arego/Red_T_7K_1_EN_100/6873.h5 in 58.12 seconds
2025-09-19 07:43:25,552 - INFO - Processing /viper/ptmp/arego/Red_T_7K_1/6563.h5
2025-09-19 07:43:25,564 - INFO - File 4676: Filtered 2116862 hits and 5 records
2025-09-19 07:43:26,908 - INFO - File 8503: Filtered 3165627 hits and 4 records
2025-09-19 07:43:27,465 - INFO - File 6563: Filtered 2449764 hits and 3 records
2025-09-19 07:43:27,750 - INFO - File 19901: Filtered 3765419 hits and 2 records
2025-09-19 07:43:29,525 - INFO - Completed /viper/ptmp/arego/Red_T_7K_1_EN_100/8352.h5 in 22.00 seconds
2025-09-19 07:43:29,601 - INFO - Processing /viper/ptmp/arego/Red_T_7K_1/20035.h5
2025-09-19 07:43:31,427 - INFO - Completed /viper/ptmp/arego/Red_T_7K_1_EN_100/4458.h5 in 25.05 seconds
2025-09-19 07:43:31,524 - INFO - Processing /viper/ptmp/arego/Red_T_7K_1/12413.h5
2025-09-19 07:43:31,929 - INFO - Completed /viper/ptmp/arego/Red_T_7K_1_EN_100/21527.h5 in 9.28 seconds
2025-09-19 07:43:31,968 - INFO - Processing /viper/ptmp/arego/Red_T_7K_1/17357.h5
2025-09-19 07:43:32,829 - INFO - File 20035: Filtered 135775 hits and 1 records
2025-09-19 07:43:33,272 - INFO - File 12413: Filtered 1525163 hits and 4 records
2025-09-19 07:43:34,534 - INFO - File 17357: Filtered 1191711 hits and 6 records
2025-09-19 07:43:35,145 - INFO - Completed /viper/ptmp/arego/Red_T_7K_1_EN_100/20730.h5 in 19.30 seconds
2025-09-19 07:43:35,275 - INFO - Processing /viper/ptmp/arego/Red_T_7K_1/7876.h5
2025-09-19 07:43:37,064 - INFO - File 7876: Filtered 2426013 hits and 5 records
2025-09-19 07:43:43,083 - INFO - Completed /viper/ptmp/arego/Red_T_7K_1_EN_100/8503.h5 in 18.00 seconds
2025-09-19 07:43:43,144 - INFO - Processing /viper/ptmp/arego/Red_T_7K_1/160.h5
2025-09-19 07:43:45,140 - INFO - File 160: Filtered 2887904 hits and 3 records
2025-09-19 07:43:47,278 - INFO - Completed /viper/ptmp/arego/Red_T_7K_1_EN_100/4676.h5 in 23.44 seconds
2025-09-19 07:43:47,337 - INFO - Processing /viper/ptmp/arego/Red_T_7K_1/10363.h5
2025-09-19 07:43:47,784 - INFO - Completed /viper/ptmp/arego/Red_T_7K_1_EN_100/6563.h5 in 22.23 seconds
2025-09-19 07:43:47,820 - INFO - Processing /viper/ptmp/arego/Red_T_7K_1/22288.h5
2025-09-19 07:43:49,637 - INFO - File 10363: Filtered 2993429 hits and 6 records
2025-09-19 07:43:49,832 - INFO - File 22288: Filtered 4878351 hits and 4 records
2025-09-19 07:43:59,306 - INFO - Completed /viper/ptmp/arego/Red_T_7K_1_EN_100/12413.h5 in 27.78 seconds
2025-09-19 07:43:59,380 - INFO - Processing /viper/ptmp/arego/Red_T_7K_1/11314.h5
2025-09-19 07:44:01,411 - INFO - File 11314: Filtered 2642292 hits and 4 records
2025-09-19 07:44:03,802 - INFO - Completed /viper/ptmp/arego/Red_T_7K_1_EN_100/7876.h5 in 28.53 seconds
2025-09-19 07:44:03,863 - INFO - Processing /viper/ptmp/arego/Red_T_7K_1/4351.h5
2025-09-19 07:44:05,947 - INFO - File 4351: Filtered 900790 hits and 7 records
2025-09-19 07:44:08,172 - INFO - Completed /viper/ptmp/arego/Red_T_7K_1_EN_100/22288.h5 in 20.35 seconds
2025-09-19 07:44:08,232 - INFO - Processing /viper/ptmp/arego/Red_T_7K_1/22327.h5
2025-09-19 07:44:09,967 - INFO - Completed /viper/ptmp/arego/Red_T_7K_1_EN_100/19901.h5 in 45.66 seconds
2025-09-19 07:44:10,079 - INFO - Processing /viper/ptmp/arego/Red_T_7K_1/17747.h5
2025-09-19 07:44:10,439 - INFO - File 22327: Filtered 4367571 hits and 3 records
2025-09-19 07:44:11,478 - INFO - Completed /viper/ptmp/arego/Red_T_7K_1_EN_100/17357.h5 in 39.51 seconds
2025-09-19 07:44:11,559 - INFO - Processing /viper/ptmp/arego/Red_T_7K_1/3533.h5
2025-09-19 07:44:12,446 - INFO - File 17747: Filtered 3581614 hits and 7 records
2025-09-19 07:44:13,552 - INFO - Completed /viper/ptmp/arego/Red_T_7K_1_EN_100/160.h5 in 30.41 seconds
2025-09-19 07:44:13,631 - INFO - Processing /viper/ptmp/arego/Red_T_7K_1/15080.h5
2025-09-19 07:44:17,921 - INFO - File 3533: Filtered 376981 hits and 4 records
2025-09-19 07:44:18,531 - INFO - File 15080: Filtered 7575363 hits and 5 records
2025-09-19 07:44:21,807 - INFO - Completed /viper/ptmp/arego/Red_T_7K_1_EN_100/10363.h5 in 34.47 seconds
2025-09-19 07:44:21,926 - INFO - Processing /viper/ptmp/arego/Red_T_7K_1/15595.h5
2025-09-19 07:44:24,262 - INFO - File 15595: Filtered 4812152 hits and 5 records
2025-09-19 07:44:30,598 - INFO - Completed /viper/ptmp/arego/Red_T_7K_1_EN_100/11314.h5 in 31.22 seconds
2025-09-19 07:44:30,663 - INFO - Processing /viper/ptmp/arego/Red_T_7K_1/14539.h5
2025-09-19 07:44:33,093 - INFO - File 14539: Filtered 2988080 hits and 2 records
2025-09-19 07:44:37,851 - INFO - Completed /viper/ptmp/arego/Red_T_7K_1_EN_100/22327.h5 in 29.62 seconds
2025-09-19 07:44:37,919 - INFO - Processing /viper/ptmp/arego/Red_T_7K_1/11328.h5
2025-09-19 07:44:40,248 - INFO - File 11328: Filtered 12257395 hits and 5 records
2025-09-19 07:44:42,260 - INFO - Completed /viper/ptmp/arego/Red_T_7K_1_EN_100/11328.h5 in 4.34 seconds
2025-09-19 07:44:42,323 - INFO - Processing /viper/ptmp/arego/Red_T_7K_1/2249.h5
2025-09-19 07:44:44,473 - INFO - Completed /viper/ptmp/arego/Red_T_7K_1_EN_100/20035.h5 in 74.87 seconds
2025-09-19 07:44:44,571 - INFO - Processing /viper/ptmp/arego/Red_T_7K_1/1621.h5
2025-09-19 07:44:46,771 - INFO - File 2249: Filtered 2139451 hits and 4 records
2025-09-19 07:44:47,327 - INFO - Completed /viper/ptmp/arego/Red_T_7K_1_EN_100/4351.h5 in 43.46 seconds
2025-09-19 07:44:47,429 - INFO - Processing /viper/ptmp/arego/Red_T_7K_1/2192.h5
2025-09-19 07:44:50,221 - INFO - File 1621: Filtered 13120038 hits and 4 records
2025-09-19 07:44:51,169 - INFO - File 2192: Filtered 616365 hits and 4 records
2025-09-19 07:44:52,405 - INFO - Completed /viper/ptmp/arego/Red_T_7K_1_EN_100/17747.h5 in 42.33 seconds
2025-09-19 07:44:52,478 - INFO - Processing /viper/ptmp/arego/Red_T_7K_1/23353.h5
2025-09-19 07:44:55,188 - INFO - File 23353: Filtered 9032469 hits and 7 records
2025-09-19 07:44:56,835 - INFO - Completed /viper/ptmp/arego/Red_T_7K_1_EN_100/15595.h5 in 34.91 seconds
2025-09-19 07:44:56,922 - INFO - Processing /viper/ptmp/arego/Red_T_7K_1/887.h5
2025-09-19 07:44:59,994 - INFO - File 887: Filtered 3133057 hits and 5 records
2025-09-19 07:45:10,602 - INFO - Completed /viper/ptmp/arego/Red_T_7K_1_EN_100/14539.h5 in 39.94 seconds
2025-09-19 07:45:10,679 - INFO - Processing /viper/ptmp/arego/Red_T_7K_1/8595.h5
2025-09-19 07:45:15,153 - INFO - Completed /viper/ptmp/arego/Red_T_7K_1_EN_100/23353.h5 in 22.67 seconds
2025-09-19 07:45:15,242 - INFO - Processing /viper/ptmp/arego/Red_T_7K_1/3916.h5
2025-09-19 07:45:16,140 - INFO - File 8595: Filtered 9116249 hits and 6 records
2025-09-19 07:45:16,527 - INFO - Completed /viper/ptmp/arego/Red_T_7K_1_EN_100/15080.h5 in 62.90 seconds
2025-09-19 07:45:16,621 - INFO - Processing /viper/ptmp/arego/Red_T_7K_1/6521.h5
2025-09-19 07:45:24,657 - INFO - File 3916: Filtered 5009264 hits and 5 records
2025-09-19 07:45:31,530 - INFO - File 6521: Filtered 408926 hits and 5 records
2025-09-19 07:45:36,384 - INFO - Completed /viper/ptmp/arego/Red_T_7K_1_EN_100/1621.h5 in 51.81 seconds
2025-09-19 07:45:36,467 - INFO - Processing /viper/ptmp/arego/Red_T_7K_1/12432.h5
2025-09-19 07:45:53,705 - INFO - Completed /viper/ptmp/arego/Red_T_7K_1_EN_100/2192.h5 in 66.28 seconds
2025-09-19 07:45:53,839 - INFO - Processing /viper/ptmp/arego/Red_T_7K_1/2151.h5
2025-09-19 07:45:56,981 - INFO - File 12432: Filtered 25696471 hits and 3 records
2025-09-19 07:45:58,589 - INFO - File 2151: Filtered 4724249 hits and 7 records
2025-09-19 07:45:59,795 - INFO - Completed /viper/ptmp/arego/Red_T_7K_1_EN_100/887.h5 in 62.87 seconds
2025-09-19 07:45:59,850 - INFO - Processing /viper/ptmp/arego/Red_T_7K_1/23116.h5
2025-09-19 07:46:10,517 - INFO - Completed /viper/ptmp/arego/Red_T_7K_1_EN_100/2249.h5 in 88.19 seconds
2025-09-19 07:46:10,591 - INFO - Processing /viper/ptmp/arego/Red_T_7K_1/7586.h5
2025-09-19 07:46:12,774 - INFO - File 23116: Filtered 1282663 hits and 3 records
2025-09-19 07:46:19,736 - INFO - File 7586: Filtered 740531 hits and 5 records
2025-09-19 07:46:26,288 - INFO - Completed /viper/ptmp/arego/Red_T_7K_1_EN_100/3533.h5 in 134.73 seconds
2025-09-19 07:46:26,389 - INFO - Processing /viper/ptmp/arego/Red_T_7K_1/12042.h5
2025-09-19 07:46:33,003 - INFO - Completed /viper/ptmp/arego/Red_T_7K_1_EN_100/8595.h5 in 82.32 seconds
2025-09-19 07:46:33,095 - INFO - Processing /viper/ptmp/arego/Red_T_7K_1/17093.h5
2025-09-19 07:46:36,712 - INFO - File 12042: Filtered 2643221 hits and 8 records
2025-09-19 07:46:43,945 - INFO - File 17093: Filtered 330453 hits and 4 records
2025-09-19 07:47:02,709 - INFO - Completed /viper/ptmp/arego/Red_T_7K_1_EN_100/2151.h5 in 68.87 seconds
2025-09-19 07:47:02,813 - INFO - Processing /viper/ptmp/arego/Red_T_7K_1/18386.h5
2025-09-19 07:47:14,021 - INFO - File 18386: Filtered 6669184 hits and 4 records
2025-09-19 07:48:23,858 - INFO - Completed /viper/ptmp/arego/Red_T_7K_1_EN_100/3916.h5 in 188.62 seconds
2025-09-19 07:48:23,957 - INFO - Processing /viper/ptmp/arego/Red_T_7K_1/15998.h5
2025-09-19 07:48:42,776 - INFO - File 15998: Filtered 1002056 hits and 3 records
2025-09-19 07:49:09,305 - INFO - Completed /viper/ptmp/arego/Red_T_7K_1_EN_100/7586.h5 in 178.71 seconds
2025-09-19 07:49:09,391 - INFO - Processing /viper/ptmp/arego/Red_T_7K_1/20718.h5
2025-09-19 07:49:18,099 - INFO - File 20718: Filtered 44711946 hits and 4 records
2025-09-19 07:49:19,534 - INFO - Completed /viper/ptmp/arego/Red_T_7K_1_EN_100/20718.h5 in 10.14 seconds
2025-09-19 07:49:19,579 - INFO - Processing /viper/ptmp/arego/Red_T_7K_1/2418.h5
2025-09-19 07:49:53,826 - INFO - File 2418: Filtered 44717927 hits and 6 records
2025-09-19 07:49:56,758 - INFO - Completed /viper/ptmp/arego/Red_T_7K_1_EN_100/12042.h5 in 210.37 seconds
2025-09-19 07:49:56,845 - INFO - Processing /viper/ptmp/arego/Red_T_7K_1/6945.h5
2025-09-19 07:50:13,270 - INFO - Completed /viper/ptmp/arego/Red_T_7K_1_EN_100/17093.h5 in 220.17 seconds
2025-09-19 07:50:13,324 - INFO - Processing /viper/ptmp/arego/Red_T_7K_1/4292.h5
2025-09-19 07:50:13,741 - INFO - File 6945: Filtered 68131787 hits and 4 records
2025-09-19 07:50:30,504 - INFO - Completed /viper/ptmp/arego/Red_T_7K_1_EN_100/6945.h5 in 33.66 seconds
2025-09-19 07:50:30,611 - INFO - Processing /viper/ptmp/arego/Red_T_7K_1/19593.h5
2025-09-19 07:50:36,754 - INFO - Completed /viper/ptmp/arego/Red_T_7K_1_EN_100/23116.h5 in 276.90 seconds
2025-09-19 07:50:36,861 - INFO - Processing /viper/ptmp/arego/Red_T_7K_1/948.h5
2025-09-19 07:50:49,668 - INFO - File 19593: Filtered 635253 hits and 3 records
2025-09-19 07:51:06,337 - INFO - Completed /viper/ptmp/arego/Red_T_7K_1_EN_100/6521.h5 in 349.72 seconds
2025-09-19 07:51:06,548 - INFO - Processing /viper/ptmp/arego/Red_T_7K_1/9035.h5
2025-09-19 07:51:16,864 - INFO - Completed /viper/ptmp/arego/Red_T_7K_1_EN_100/12432.h5 in 340.40 seconds
2025-09-19 07:51:16,922 - INFO - Processing /viper/ptmp/arego/Red_T_7K_1/4673.h5
2025-09-19 07:51:26,727 - INFO - Completed /viper/ptmp/arego/Red_T_7K_1_EN_100/18386.h5 in 263.91 seconds
2025-09-19 07:51:38,747 - INFO - File 948: Filtered 32898817 hits and 3 records
2025-09-19 07:51:38,939 - INFO - File 4292: Filtered 175523 hits and 4 records
2025-09-19 07:54:56,016 - INFO - Completed /viper/ptmp/arego/Red_T_7K_1_EN_100/15998.h5 in 392.06 seconds
