2025-09-19 04:21:45,900 - INFO - Loaded skip configuration: 0 files to skip entirely, 35364 files with partial record skips
2025-09-19 04:21:46,825 - INFO - Processing /viper/ptmp/arego/RC4K1/6767.h5
2025-09-19 04:21:47,177 - INFO - File 6767: Filtered 305508 hits and 3 records
2025-09-19 04:21:47,358 - INFO - Processing /viper/ptmp/arego/RC4K1/1387.h5
2025-09-19 04:21:47,708 - INFO - File 1387: Filtered 370546 hits and 3 records
2025-09-19 04:21:47,718 - INFO - Completed /viper/ptmp/arego/RC4K1_1/6767.h5 in 0.89 seconds
2025-09-19 04:21:47,886 - INFO - Processing /viper/ptmp/arego/RC4K1/24683.h5
2025-09-19 04:21:48,204 - INFO - Completed /viper/ptmp/arego/RC4K1_1/1387.h5 in 0.85 seconds
2025-09-19 04:21:48,243 - INFO - File 24683: Filtered 496849 hits and 4 records
2025-09-19 04:21:48,440 - INFO - Processing /viper/ptmp/arego/RC4K1/4617.h5
2025-09-19 04:21:48,732 - INFO - Completed /viper/ptmp/arego/RC4K1_1/24683.h5 in 0.85 seconds
2025-09-19 04:21:48,950 - INFO - File 4617: Filtered 1171896 hits and 8 records
2025-09-19 04:21:48,984 - INFO - Processing /viper/ptmp/arego/RC4K1/15439.h5
2025-09-19 04:21:49,412 - INFO - Completed /viper/ptmp/arego/RC4K1_1/4617.h5 in 0.97 seconds
2025-09-19 04:21:49,489 - INFO - File 15439: Filtered 249449 hits and 4 records
2025-09-19 04:21:49,558 - INFO - Processing /viper/ptmp/arego/RC4K1/18528.h5
2025-09-19 04:21:50,147 - INFO - Processing /viper/ptmp/arego/RC4K1/18968.h5
2025-09-19 04:21:50,185 - INFO - File 18528: Filtered 1492481 hits and 8 records
2025-09-19 04:21:50,246 - INFO - Completed /viper/ptmp/arego/RC4K1_1/15439.h5 in 1.26 seconds
2025-09-19 04:21:50,704 - INFO - Processing /viper/ptmp/arego/RC4K1/29723.h5
2025-09-19 04:21:50,727 - INFO - File 18968: Filtered 2242118 hits and 7 records
2025-09-19 04:21:50,761 - INFO - Completed /viper/ptmp/arego/RC4K1_1/18528.h5 in 1.20 seconds
2025-09-19 04:21:51,077 - INFO - Completed /viper/ptmp/arego/RC4K1_1/18968.h5 in 0.93 seconds
2025-09-19 04:21:51,162 - INFO - Processing /viper/ptmp/arego/RC4K1/20321.h5
2025-09-19 04:21:51,334 - INFO - File 29723: Filtered 1570187 hits and 5 records
2025-09-19 04:21:51,700 - INFO - Processing /viper/ptmp/arego/RC4K1/29196.h5
2025-09-19 04:21:51,731 - INFO - File 20321: Filtered 1496669 hits and 7 records
2025-09-19 04:21:51,930 - INFO - Completed /viper/ptmp/arego/RC4K1_1/29723.h5 in 1.23 seconds
2025-09-19 04:21:52,257 - INFO - Processing /viper/ptmp/arego/RC4K1/9571.h5
2025-09-19 04:21:52,297 - INFO - Completed /viper/ptmp/arego/RC4K1_1/20321.h5 in 1.13 seconds
2025-09-19 04:21:52,323 - INFO - File 29196: Filtered 1169101 hits and 3 records
2025-09-19 04:21:52,755 - INFO - Processing /viper/ptmp/arego/RC4K1/7225.h5
2025-09-19 04:21:52,947 - INFO - File 9571: Filtered 905770 hits and 3 records
2025-09-19 04:21:53,017 - INFO - Completed /viper/ptmp/arego/RC4K1_1/29196.h5 in 1.32 seconds
2025-09-19 04:21:53,260 - INFO - Processing /viper/ptmp/arego/RC4K1/23936.h5
2025-09-19 04:21:53,510 - INFO - File 7225: Filtered 1719707 hits and 2 records
2025-09-19 04:21:53,784 - INFO - Processing /viper/ptmp/arego/RC4K1/4651.h5
2025-09-19 04:21:53,857 - INFO - Completed /viper/ptmp/arego/RC4K1_1/9571.h5 in 1.60 seconds
2025-09-19 04:21:54,094 - INFO - File 23936: Filtered 1993065 hits and 4 records
2025-09-19 04:21:54,262 - INFO - Processing /viper/ptmp/arego/RC4K1/17676.h5
2025-09-19 04:21:54,359 - INFO - Completed /viper/ptmp/arego/RC4K1_1/7225.h5 in 1.60 seconds
2025-09-19 04:21:54,736 - INFO - File 4651: Filtered 2407399 hits and 8 records
2025-09-19 04:21:54,802 - INFO - Processing /viper/ptmp/arego/RC4K1/3053.h5
2025-09-19 04:21:54,992 - INFO - Completed /viper/ptmp/arego/RC4K1_1/23936.h5 in 1.73 seconds
2025-09-19 04:21:55,160 - INFO - File 17676: Filtered 1759943 hits and 7 records
2025-09-19 04:21:55,361 - INFO - Processing /viper/ptmp/arego/RC4K1/25020.h5
2025-09-19 04:21:55,541 - INFO - Completed /viper/ptmp/arego/RC4K1_1/4651.h5 in 1.76 seconds
2025-09-19 04:21:55,762 - INFO - File 3053: Filtered 1831146 hits and 3 records
2025-09-19 04:21:55,897 - INFO - Processing /viper/ptmp/arego/RC4K1/25616.h5
2025-09-19 04:21:56,175 - INFO - Completed /viper/ptmp/arego/RC4K1_1/17676.h5 in 1.91 seconds
2025-09-19 04:21:56,270 - INFO - File 25020: Filtered 2905615 hits and 5 records
2025-09-19 04:21:56,474 - INFO - Processing /viper/ptmp/arego/RC4K1/3004.h5
2025-09-19 04:21:56,847 - INFO - File 25616: Filtered 2629714 hits and 6 records
2025-09-19 04:21:56,848 - INFO - Completed /viper/ptmp/arego/RC4K1_1/3053.h5 in 2.05 seconds
2025-09-19 04:21:56,988 - INFO - Completed /viper/ptmp/arego/RC4K1_1/25020.h5 in 1.63 seconds
2025-09-19 04:21:57,023 - INFO - Processing /viper/ptmp/arego/RC4K1/9618.h5
2025-09-19 04:21:57,441 - INFO - File 3004: Filtered 3797209 hits and 7 records
2025-09-19 04:21:57,581 - INFO - Processing /viper/ptmp/arego/RC4K1/13126.h5
2025-09-19 04:21:57,657 - INFO - Completed /viper/ptmp/arego/RC4K1_1/25616.h5 in 1.76 seconds
2025-09-19 04:21:58,009 - INFO - File 9618: Filtered 2116398 hits and 5 records
2025-09-19 04:21:58,143 - INFO - Processing /viper/ptmp/arego/RC4K1/20300.h5
2025-09-19 04:21:58,497 - INFO - Completed /viper/ptmp/arego/RC4K1_1/3004.h5 in 2.02 seconds
2025-09-19 04:21:58,567 - INFO - File 13126: Filtered 3960573 hits and 8 records
2025-09-19 04:21:58,630 - INFO - Processing /viper/ptmp/arego/RC4K1/24273.h5
2025-09-19 04:21:59,036 - INFO - Completed /viper/ptmp/arego/RC4K1_1/9618.h5 in 2.01 seconds
2025-09-19 04:21:59,150 - INFO - File 20300: Filtered 3596308 hits and 5 records
2025-09-19 04:21:59,179 - INFO - Completed /viper/ptmp/arego/RC4K1_1/13126.h5 in 1.60 seconds
2025-09-19 04:21:59,192 - INFO - Processing /viper/ptmp/arego/RC4K1/25242.h5
2025-09-19 04:21:59,659 - INFO - File 24273: Filtered 2901409 hits and 7 records
2025-09-19 04:21:59,767 - INFO - Processing /viper/ptmp/arego/RC4K1/308.h5
2025-09-19 04:21:59,887 - INFO - Completed /viper/ptmp/arego/RC4K1_1/20300.h5 in 1.74 seconds
2025-09-19 04:22:00,259 - INFO - File 25242: Filtered 2448646 hits and 4 records
2025-09-19 04:22:00,307 - INFO - Processing /viper/ptmp/arego/RC4K1/1953.h5
2025-09-19 04:22:00,613 - INFO - Completed /viper/ptmp/arego/RC4K1_1/24273.h5 in 1.98 seconds
2025-09-19 04:22:00,850 - INFO - File 308: Filtered 1290128 hits and 6 records
2025-09-19 04:22:00,935 - INFO - Processing /viper/ptmp/arego/RC4K1/8730.h5
2025-09-19 04:22:01,333 - INFO - Completed /viper/ptmp/arego/RC4K1_1/25242.h5 in 2.14 seconds
2025-09-19 04:22:01,402 - INFO - File 1953: Filtered 2928536 hits and 9 records
2025-09-19 04:22:01,468 - INFO - Processing /viper/ptmp/arego/RC4K1/28891.h5
2025-09-19 04:22:01,974 - INFO - Processing /viper/ptmp/arego/RC4K1/3859.h5
2025-09-19 04:22:02,022 - INFO - File 8730: Filtered 4677886 hits and 7 records
2025-09-19 04:22:02,195 - INFO - Completed /viper/ptmp/arego/RC4K1_1/308.h5 in 2.43 seconds
2025-09-19 04:22:02,416 - INFO - Completed /viper/ptmp/arego/RC4K1_1/1953.h5 in 2.11 seconds
2025-09-19 04:22:02,521 - INFO - Completed /viper/ptmp/arego/RC4K1_1/8730.h5 in 1.59 seconds
2025-09-19 04:22:02,524 - INFO - Processing /viper/ptmp/arego/RC4K1/9240.h5
2025-09-19 04:22:02,617 - INFO - File 28891: Filtered 4578693 hits and 8 records
2025-09-19 04:22:03,032 - INFO - Processing /viper/ptmp/arego/RC4K1/9497.h5
2025-09-19 04:22:03,245 - INFO - File 3859: Filtered 248018 hits and 1 records
2025-09-19 04:22:03,443 - INFO - Completed /viper/ptmp/arego/RC4K1_1/28891.h5 in 1.97 seconds
2025-09-19 04:22:03,551 - INFO - Processing /viper/ptmp/arego/RC4K1/14799.h5
2025-09-19 04:22:03,773 - INFO - File 9240: Filtered 3020933 hits and 7 records
2025-09-19 04:22:04,093 - INFO - Processing /viper/ptmp/arego/RC4K1/8017.h5
2025-09-19 04:22:04,193 - INFO - File 9497: Filtered 5003372 hits and 6 records
2025-09-19 04:22:04,643 - INFO - Processing /viper/ptmp/arego/RC4K1/24156.h5
2025-09-19 04:22:04,812 - INFO - Completed /viper/ptmp/arego/RC4K1_1/9497.h5 in 1.78 seconds
2025-09-19 04:22:04,832 - INFO - File 14799: Filtered 5366897 hits and 7 records
2025-09-19 04:22:04,948 - INFO - Completed /viper/ptmp/arego/RC4K1_1/9240.h5 in 2.42 seconds
2025-09-19 04:22:05,281 - INFO - Processing /viper/ptmp/arego/RC4K1/9041.h5
2025-09-19 04:22:05,310 - INFO - File 8017: Filtered 2974871 hits and 6 records
2025-09-19 04:22:05,383 - INFO - Completed /viper/ptmp/arego/RC4K1_1/3859.h5 in 3.41 seconds
2025-09-19 04:22:05,413 - INFO - Completed /viper/ptmp/arego/RC4K1_1/14799.h5 in 1.86 seconds
2025-09-19 04:22:05,828 - INFO - Processing /viper/ptmp/arego/RC4K1/28267.h5
2025-09-19 04:22:05,936 - INFO - File 24156: Filtered 2607465 hits and 7 records
2025-09-19 04:22:06,344 - INFO - Processing /viper/ptmp/arego/RC4K1/14819.h5
2025-09-19 04:22:06,552 - INFO - Completed /viper/ptmp/arego/RC4K1_1/8017.h5 in 2.46 seconds
2025-09-19 04:22:06,626 - INFO - File 9041: Filtered 3865230 hits and 6 records
2025-09-19 04:22:06,920 - INFO - Processing /viper/ptmp/arego/RC4K1/22029.h5
2025-09-19 04:22:07,163 - INFO - File 28267: Filtered 5016400 hits and 9 records
2025-09-19 04:22:07,298 - INFO - Completed /viper/ptmp/arego/RC4K1_1/24156.h5 in 2.65 seconds
2025-09-19 04:22:07,511 - INFO - Processing /viper/ptmp/arego/RC4K1/24350.h5
2025-09-19 04:22:07,668 - INFO - File 14819: Filtered 3142291 hits and 10 records
2025-09-19 04:22:07,721 - INFO - Completed /viper/ptmp/arego/RC4K1_1/9041.h5 in 2.44 seconds
2025-09-19 04:22:07,925 - INFO - Completed /viper/ptmp/arego/RC4K1_1/28267.h5 in 2.10 seconds
2025-09-19 04:22:08,178 - INFO - Processing /viper/ptmp/arego/RC4K1/18169.h5
2025-09-19 04:22:08,300 - INFO - File 22029: Filtered 6268774 hits and 9 records
2025-09-19 04:22:08,785 - INFO - Completed /viper/ptmp/arego/RC4K1_1/22029.h5 in 1.86 seconds
2025-09-19 04:22:08,894 - INFO - File 24350: Filtered 5055601 hits and 6 records
2025-09-19 04:22:08,923 - INFO - Processing /viper/ptmp/arego/RC4K1/2273.h5
2025-09-19 04:22:09,014 - INFO - Completed /viper/ptmp/arego/RC4K1_1/14819.h5 in 2.67 seconds
2025-09-19 04:22:09,488 - INFO - Processing /viper/ptmp/arego/RC4K1/29550.h5
2025-09-19 04:22:09,607 - INFO - File 18169: Filtered 4428407 hits and 7 records
2025-09-19 04:22:09,715 - INFO - Completed /viper/ptmp/arego/RC4K1_1/24350.h5 in 2.20 seconds
2025-09-19 04:22:10,039 - INFO - Processing /viper/ptmp/arego/RC4K1/16904.h5
2025-09-19 04:22:10,301 - INFO - File 2273: Filtered 5777275 hits and 8 records
2025-09-19 04:22:10,656 - INFO - Completed /viper/ptmp/arego/RC4K1_1/18169.h5 in 2.48 seconds
2025-09-19 04:22:10,656 - INFO - Processing /viper/ptmp/arego/RC4K1/3198.h5
2025-09-19 04:22:10,835 - INFO - File 29550: Filtered 6136203 hits and 6 records
2025-09-19 04:22:11,241 - INFO - Processing /viper/ptmp/arego/RC4K1/13724.h5
2025-09-19 04:22:11,448 - INFO - File 16904: Filtered 6492918 hits and 4 records
2025-09-19 04:22:11,511 - INFO - Completed /viper/ptmp/arego/RC4K1_1/29550.h5 in 2.02 seconds
2025-09-19 04:22:11,698 - INFO - Completed /viper/ptmp/arego/RC4K1_1/2273.h5 in 2.78 seconds
2025-09-19 04:22:11,864 - INFO - Processing /viper/ptmp/arego/RC4K1/11971.h5
2025-09-19 04:22:12,035 - INFO - Completed /viper/ptmp/arego/RC4K1_1/16904.h5 in 2.00 seconds
2025-09-19 04:22:12,104 - INFO - File 3198: Filtered 3026288 hits and 7 records
2025-09-19 04:22:12,402 - INFO - Processing /viper/ptmp/arego/RC4K1/633.h5
2025-09-19 04:22:12,787 - INFO - File 13724: Filtered 2677893 hits and 6 records
2025-09-19 04:22:12,992 - INFO - Processing /viper/ptmp/arego/RC4K1/115.h5
2025-09-19 04:22:13,289 - INFO - File 11971: Filtered 6779864 hits and 8 records
2025-09-19 04:22:13,610 - INFO - Processing /viper/ptmp/arego/RC4K1/25080.h5
2025-09-19 04:22:13,841 - INFO - Completed /viper/ptmp/arego/RC4K1_1/11971.h5 in 1.98 seconds
2025-09-19 04:22:13,876 - INFO - Completed /viper/ptmp/arego/RC4K1_1/3198.h5 in 3.22 seconds
2025-09-19 04:22:14,138 - INFO - File 633: Filtered 2412833 hits and 5 records
2025-09-19 04:22:14,170 - INFO - Processing /viper/ptmp/arego/RC4K1/22876.h5
2025-09-19 04:22:14,644 - INFO - File 115: Filtered 3165212 hits and 4 records
2025-09-19 04:22:14,737 - INFO - Completed /viper/ptmp/arego/RC4K1_1/13724.h5 in 3.50 seconds
2025-09-19 04:22:14,747 - INFO - Processing /viper/ptmp/arego/RC4K1/9743.h5
2025-09-19 04:22:15,273 - INFO - File 25080: Filtered 4794826 hits and 8 records
2025-09-19 04:22:15,416 - INFO - Processing /viper/ptmp/arego/RC4K1/27968.h5
2025-09-19 04:22:15,782 - INFO - File 22876: Filtered 3920957 hits and 6 records
2025-09-19 04:22:15,911 - INFO - Processing /viper/ptmp/arego/RC4K1/820.h5
2025-09-19 04:22:16,239 - INFO - Completed /viper/ptmp/arego/RC4K1_1/633.h5 in 3.84 seconds
2025-09-19 04:22:16,361 - INFO - Completed /viper/ptmp/arego/RC4K1_1/115.h5 in 3.37 seconds
2025-09-19 04:22:16,366 - INFO - File 9743: Filtered 5613927 hits and 6 records
2025-09-19 04:22:16,481 - INFO - Completed /viper/ptmp/arego/RC4K1_1/25080.h5 in 2.87 seconds
2025-09-19 04:22:16,696 - INFO - Processing /viper/ptmp/arego/RC4K1/10068.h5
2025-09-19 04:22:17,121 - INFO - File 27968: Filtered 5834044 hits and 7 records
2025-09-19 04:22:17,274 - INFO - Processing /viper/ptmp/arego/RC4K1/3855.h5
2025-09-19 04:22:17,484 - INFO - Completed /viper/ptmp/arego/RC4K1_1/22876.h5 in 3.31 seconds
2025-09-19 04:22:17,529 - INFO - File 820: Filtered 2334778 hits and 6 records
2025-09-19 04:22:17,717 - INFO - Completed /viper/ptmp/arego/RC4K1_1/9743.h5 in 2.97 seconds
2025-09-19 04:22:18,010 - INFO - Processing /viper/ptmp/arego/RC4K1/24986.h5
2025-09-19 04:22:18,341 - INFO - Completed /viper/ptmp/arego/RC4K1_1/27968.h5 in 2.92 seconds
2025-09-19 04:22:18,405 - INFO - File 10068: Filtered 6645976 hits and 6 records
2025-09-19 04:22:18,534 - INFO - Processing /viper/ptmp/arego/RC4K1/8442.h5
2025-09-19 04:22:19,086 - INFO - File 3855: Filtered 4173351 hits and 4 records
2025-09-19 04:22:19,096 - INFO - Processing /viper/ptmp/arego/RC4K1/15046.h5
2025-09-19 04:22:19,240 - INFO - Completed /viper/ptmp/arego/RC4K1_1/10068.h5 in 2.54 seconds
2025-09-19 04:22:19,707 - INFO - Processing /viper/ptmp/arego/RC4K1/7648.h5
2025-09-19 04:22:19,707 - INFO - File 24986: Filtered 6451057 hits and 5 records
2025-09-19 04:22:19,728 - INFO - Completed /viper/ptmp/arego/RC4K1_1/820.h5 in 3.82 seconds
2025-09-19 04:22:20,234 - INFO - Processing /viper/ptmp/arego/RC4K1/15572.h5
2025-09-19 04:22:20,269 - INFO - File 8442: Filtered 4332218 hits and 7 records
2025-09-19 04:22:20,813 - INFO - Completed /viper/ptmp/arego/RC4K1_1/24986.h5 in 2.80 seconds
2025-09-19 04:22:20,835 - INFO - File 15046: Filtered 4961776 hits and 7 records
2025-09-19 04:22:20,836 - INFO - Processing /viper/ptmp/arego/RC4K1/326.h5
2025-09-19 04:22:21,372 - INFO - Completed /viper/ptmp/arego/RC4K1_1/3855.h5 in 4.10 seconds
2025-09-19 04:22:21,491 - INFO - Processing /viper/ptmp/arego/RC4K1/24048.h5
2025-09-19 04:22:21,644 - INFO - File 7648: Filtered 8502634 hits and 7 records
2025-09-19 04:22:21,950 - INFO - Completed /viper/ptmp/arego/RC4K1_1/8442.h5 in 3.42 seconds
2025-09-19 04:22:22,072 - INFO - File 15572: Filtered 4810350 hits and 11 records
2025-09-19 04:22:22,091 - INFO - Processing /viper/ptmp/arego/RC4K1/9163.h5
2025-09-19 04:22:22,289 - INFO - Completed /viper/ptmp/arego/RC4K1_1/15046.h5 in 3.19 seconds
2025-09-19 04:22:22,438 - INFO - Completed /viper/ptmp/arego/RC4K1_1/7648.h5 in 2.73 seconds
2025-09-19 04:22:22,650 - INFO - Processing /viper/ptmp/arego/RC4K1/8826.h5
2025-09-19 04:22:22,803 - INFO - File 326: Filtered 5727161 hits and 8 records
2025-09-19 04:22:23,195 - INFO - Processing /viper/ptmp/arego/RC4K1/27983.h5
2025-09-19 04:22:23,599 - INFO - File 24048: Filtered 5959519 hits and 10 records
2025-09-19 04:22:23,660 - INFO - Processing /viper/ptmp/arego/RC4K1/26321.h5
2025-09-19 04:22:23,677 - INFO - Completed /viper/ptmp/arego/RC4K1_1/15572.h5 in 3.44 seconds
2025-09-19 04:22:24,080 - INFO - File 9163: Filtered 9060937 hits and 3 records
2025-09-19 04:22:24,289 - INFO - Processing /viper/ptmp/arego/RC4K1/24127.h5
2025-09-19 04:22:24,354 - INFO - Completed /viper/ptmp/arego/RC4K1_1/326.h5 in 3.52 seconds
2025-09-19 04:22:24,411 - INFO - File 8826: Filtered 8197437 hits and 7 records
2025-09-19 04:22:24,687 - INFO - Completed /viper/ptmp/arego/RC4K1_1/9163.h5 in 2.60 seconds
2025-09-19 04:22:24,849 - INFO - Processing /viper/ptmp/arego/RC4K1/1454.h5
2025-09-19 04:22:25,033 - INFO - Completed /viper/ptmp/arego/RC4K1_1/24048.h5 in 3.54 seconds
2025-09-19 04:22:25,078 - INFO - File 27983: Filtered 8579066 hits and 5 records
2025-09-19 04:22:25,135 - INFO - Completed /viper/ptmp/arego/RC4K1_1/8826.h5 in 2.49 seconds
2025-09-19 04:22:25,437 - INFO - Processing /viper/ptmp/arego/RC4K1/20749.h5
2025-09-19 04:22:25,545 - INFO - File 26321: Filtered 4533545 hits and 5 records
2025-09-19 04:22:25,780 - INFO - Completed /viper/ptmp/arego/RC4K1_1/27983.h5 in 2.58 seconds
2025-09-19 04:22:26,027 - INFO - Processing /viper/ptmp/arego/RC4K1/6093.h5
2025-09-19 04:22:26,444 - INFO - File 24127: Filtered 3530822 hits and 5 records
2025-09-19 04:22:26,663 - INFO - Processing /viper/ptmp/arego/RC4K1/14653.h5
2025-09-19 04:22:26,801 - INFO - File 1454: Filtered 3971099 hits and 7 records
2025-09-19 04:22:27,283 - INFO - Processing /viper/ptmp/arego/RC4K1/22832.h5
2025-09-19 04:22:27,384 - INFO - Completed /viper/ptmp/arego/RC4K1_1/26321.h5 in 3.72 seconds
2025-09-19 04:22:27,405 - INFO - File 20749: Filtered 7518781 hits and 7 records
2025-09-19 04:22:27,918 - INFO - Processing /viper/ptmp/arego/RC4K1/12102.h5
2025-09-19 04:22:28,143 - INFO - File 6093: Filtered 4264327 hits and 8 records
2025-09-19 04:22:28,510 - INFO - Processing /viper/ptmp/arego/RC4K1/3674.h5
2025-09-19 04:22:28,513 - INFO - Completed /viper/ptmp/arego/RC4K1_1/20749.h5 in 3.08 seconds
2025-09-19 04:22:28,595 - INFO - File 14653: Filtered 7567772 hits and 7 records
2025-09-19 04:22:29,028 - INFO - Completed /viper/ptmp/arego/RC4K1_1/1454.h5 in 4.18 seconds
2025-09-19 04:22:29,143 - INFO - Completed /viper/ptmp/arego/RC4K1_1/24127.h5 in 4.85 seconds
2025-09-19 04:22:29,267 - INFO - Processing /viper/ptmp/arego/RC4K1/1093.h5
2025-09-19 04:22:29,395 - INFO - File 22832: Filtered 6965157 hits and 7 records
2025-09-19 04:22:29,705 - INFO - Completed /viper/ptmp/arego/RC4K1_1/14653.h5 in 3.04 seconds
2025-09-19 04:22:29,799 - INFO - Processing /viper/ptmp/arego/RC4K1/28079.h5
2025-09-19 04:22:29,956 - INFO - File 12102: Filtered 7371281 hits and 8 records
2025-09-19 04:22:30,377 - INFO - Completed /viper/ptmp/arego/RC4K1_1/6093.h5 in 4.35 seconds
2025-09-19 04:22:30,510 - INFO - Processing /viper/ptmp/arego/RC4K1/11840.h5
2025-09-19 04:22:30,614 - INFO - File 3674: Filtered 4876527 hits and 6 records
2025-09-19 04:22:30,655 - INFO - Completed /viper/ptmp/arego/RC4K1_1/22832.h5 in 3.37 seconds
2025-09-19 04:22:31,016 - INFO - Processing /viper/ptmp/arego/RC4K1/2853.h5
2025-09-19 04:22:31,242 - INFO - Completed /viper/ptmp/arego/RC4K1_1/12102.h5 in 3.32 seconds
2025-09-19 04:22:31,397 - INFO - File 1093: Filtered 5350668 hits and 10 records
2025-09-19 04:22:31,662 - INFO - Processing /viper/ptmp/arego/RC4K1/2247.h5
2025-09-19 04:22:31,894 - INFO - File 28079: Filtered 4818377 hits and 7 records
2025-09-19 04:22:32,280 - INFO - Processing /viper/ptmp/arego/RC4K1/13097.h5
2025-09-19 04:22:32,703 - INFO - Completed /viper/ptmp/arego/RC4K1_1/3674.h5 in 4.19 seconds
2025-09-19 04:22:32,749 - INFO - File 11840: Filtered 10294398 hits and 8 records
2025-09-19 04:22:32,856 - INFO - Processing /viper/ptmp/arego/RC4K1/20128.h5
2025-09-19 04:22:33,355 - INFO - Completed /viper/ptmp/arego/RC4K1_1/1093.h5 in 4.09 seconds
2025-09-19 04:22:33,358 - INFO - Processing /viper/ptmp/arego/RC4K1/27461.h5
2025-09-19 04:22:33,407 - INFO - Completed /viper/ptmp/arego/RC4K1_1/11840.h5 in 2.90 seconds
2025-09-19 04:22:33,475 - INFO - File 2853: Filtered 4822064 hits and 7 records
2025-09-19 04:22:33,924 - INFO - Processing /viper/ptmp/arego/RC4K1/7134.h5
2025-09-19 04:22:34,233 - INFO - File 2247: Filtered 7487810 hits and 10 records
2025-09-19 04:22:34,297 - INFO - Completed /viper/ptmp/arego/RC4K1_1/28079.h5 in 4.50 seconds
2025-09-19 04:22:34,426 - INFO - Processing /viper/ptmp/arego/RC4K1/8861.h5
2025-09-19 04:22:34,966 - INFO - Processing /viper/ptmp/arego/RC4K1/3625.h5
2025-09-19 04:22:35,073 - INFO - File 13097: Filtered 7583945 hits and 9 records
2025-09-19 04:22:35,938 - INFO - Completed /viper/ptmp/arego/RC4K1_1/2853.h5 in 4.92 seconds
2025-09-19 04:22:36,447 - INFO - Processing /viper/ptmp/arego/RC4K1/6784.h5
2025-09-19 04:22:36,614 - INFO - Completed /viper/ptmp/arego/RC4K1_1/2247.h5 in 4.95 seconds
2025-09-19 04:22:36,728 - INFO - File 20128: Filtered 7772180 hits and 7 records
2025-09-19 04:22:36,979 - INFO - File 27461: Filtered 6928754 hits and 8 records
2025-09-19 04:22:37,237 - INFO - File 8861: Filtered 6663902 hits and 8 records
2025-09-19 04:22:37,273 - INFO - File 7134: Filtered 6044915 hits and 7 records
2025-09-19 04:22:37,374 - INFO - File 3625: Filtered 10310162 hits and 7 records
2025-09-19 04:22:37,413 - INFO - Processing /viper/ptmp/arego/RC4K1/5169.h5
2025-09-19 04:22:37,864 - INFO - Completed /viper/ptmp/arego/RC4K1_1/13097.h5 in 5.58 seconds
2025-09-19 04:22:38,227 - INFO - Completed /viper/ptmp/arego/RC4K1_1/3625.h5 in 3.26 seconds
2025-09-19 04:22:38,306 - INFO - Processing /viper/ptmp/arego/RC4K1/23473.h5
2025-09-19 04:22:38,544 - INFO - Completed /viper/ptmp/arego/RC4K1_1/20128.h5 in 5.69 seconds
2025-09-19 04:22:38,695 - INFO - Processing /viper/ptmp/arego/RC4K1/606.h5
2025-09-19 04:22:38,753 - INFO - Completed /viper/ptmp/arego/RC4K1_1/27461.h5 in 5.40 seconds
2025-09-19 04:22:38,906 - INFO - File 6784: Filtered 4726904 hits and 7 records
2025-09-19 04:22:39,308 - INFO - Processing /viper/ptmp/arego/RC4K1/11969.h5
2025-09-19 04:22:39,435 - INFO - Completed /viper/ptmp/arego/RC4K1_1/7134.h5 in 5.51 seconds
2025-09-19 04:22:39,609 - INFO - Completed /viper/ptmp/arego/RC4K1_1/8861.h5 in 5.18 seconds
2025-09-19 04:22:39,825 - INFO - File 5169: Filtered 9940829 hits and 9 records
2025-09-19 04:22:39,905 - INFO - Processing /viper/ptmp/arego/RC4K1/3220.h5
2025-09-19 04:22:40,408 - INFO - Processing /viper/ptmp/arego/RC4K1/909.h5
2025-09-19 04:22:40,745 - INFO - Completed /viper/ptmp/arego/RC4K1_1/5169.h5 in 3.33 seconds
2025-09-19 04:22:41,064 - INFO - File 606: Filtered 10850513 hits and 6 records
2025-09-19 04:22:41,140 - INFO - Processing /viper/ptmp/arego/RC4K1/17954.h5
2025-09-19 04:22:41,312 - INFO - File 23473: Filtered 5252503 hits and 5 records
2025-09-19 04:22:41,401 - INFO - Completed /viper/ptmp/arego/RC4K1_1/6784.h5 in 4.95 seconds
2025-09-19 04:22:41,758 - INFO - Processing /viper/ptmp/arego/RC4K1/28251.h5
2025-09-19 04:22:41,806 - INFO - File 11969: Filtered 6693308 hits and 6 records
2025-09-19 04:22:41,915 - INFO - Completed /viper/ptmp/arego/RC4K1_1/606.h5 in 3.22 seconds
2025-09-19 04:22:42,270 - INFO - File 3220: Filtered 9111171 hits and 12 records
2025-09-19 04:22:42,477 - INFO - Processing /viper/ptmp/arego/RC4K1/20903.h5
2025-09-19 04:22:43,001 - INFO - Processing /viper/ptmp/arego/RC4K1/15027.h5
2025-09-19 04:22:43,154 - INFO - File 909: Filtered 7145616 hits and 5 records
2025-09-19 04:22:43,538 - INFO - Completed /viper/ptmp/arego/RC4K1_1/3220.h5 in 3.63 seconds
2025-09-19 04:22:43,690 - INFO - File 17954: Filtered 11955633 hits and 9 records
2025-09-19 04:22:43,796 - INFO - Processing /viper/ptmp/arego/RC4K1/3311.h5
2025-09-19 04:22:44,093 - INFO - Completed /viper/ptmp/arego/RC4K1_1/11969.h5 in 4.79 seconds
2025-09-19 04:22:44,363 - INFO - Completed /viper/ptmp/arego/RC4K1_1/17954.h5 in 3.22 seconds
2025-09-19 04:22:44,516 - INFO - File 28251: Filtered 6499366 hits and 8 records
2025-09-19 04:22:44,604 - INFO - Processing /viper/ptmp/arego/RC4K1/24378.h5
2025-09-19 04:22:44,648 - INFO - Completed /viper/ptmp/arego/RC4K1_1/23473.h5 in 6.34 seconds
2025-09-19 04:22:45,067 - INFO - File 20903: Filtered 9642572 hits and 4 records
2025-09-19 04:22:45,292 - INFO - Processing /viper/ptmp/arego/RC4K1/5231.h5
2025-09-19 04:22:45,356 - INFO - Completed /viper/ptmp/arego/RC4K1_1/909.h5 in 4.95 seconds
2025-09-19 04:22:45,628 - INFO - File 15027: Filtered 5480635 hits and 5 records
2025-09-19 04:22:45,968 - INFO - Processing /viper/ptmp/arego/RC4K1/28975.h5
2025-09-19 04:22:46,189 - INFO - Completed /viper/ptmp/arego/RC4K1_1/20903.h5 in 3.71 seconds
2025-09-19 04:22:46,397 - INFO - File 3311: Filtered 7114837 hits and 6 records
2025-09-19 04:22:46,560 - INFO - Completed /viper/ptmp/arego/RC4K1_1/28251.h5 in 4.80 seconds
2025-09-19 04:22:46,691 - INFO - Processing /viper/ptmp/arego/RC4K1/15718.h5
2025-09-19 04:22:47,210 - INFO - Processing /viper/ptmp/arego/RC4K1/29868.h5
2025-09-19 04:22:47,274 - INFO - File 24378: Filtered 8649420 hits and 6 records
2025-09-19 04:22:47,746 - INFO - Processing /viper/ptmp/arego/RC4K1/17431.h5
2025-09-19 04:22:47,905 - INFO - File 5231: Filtered 6793064 hits and 8 records
2025-09-19 04:22:48,557 - INFO - File 28975: Filtered 5786448 hits and 7 records
2025-09-19 04:22:48,718 - INFO - Completed /viper/ptmp/arego/RC4K1_1/15027.h5 in 5.72 seconds
2025-09-19 04:22:48,832 - INFO - Completed /viper/ptmp/arego/RC4K1_1/3311.h5 in 5.04 seconds
2025-09-19 04:22:48,986 - INFO - Completed /viper/ptmp/arego/RC4K1_1/24378.h5 in 4.38 seconds
2025-09-19 04:22:49,155 - INFO - Processing /viper/ptmp/arego/RC4K1/12731.h5
2025-09-19 04:22:49,461 - INFO - File 15718: Filtered 7797821 hits and 5 records
2025-09-19 04:22:49,836 - INFO - Processing /viper/ptmp/arego/RC4K1/21109.h5
2025-09-19 04:22:49,843 - INFO - File 29868: Filtered 11779320 hits and 6 records
2025-09-19 04:22:50,158 - INFO - Completed /viper/ptmp/arego/RC4K1_1/5231.h5 in 4.87 seconds
2025-09-19 04:22:50,346 - INFO - File 17431: Filtered 13014415 hits and 8 records
2025-09-19 04:22:50,437 - INFO - Processing /viper/ptmp/arego/RC4K1/23440.h5
2025-09-19 04:22:50,824 - INFO - Completed /viper/ptmp/arego/RC4K1_1/29868.h5 in 3.61 seconds
2025-09-19 04:22:50,993 - INFO - Completed /viper/ptmp/arego/RC4K1_1/17431.h5 in 3.25 seconds
2025-09-19 04:22:51,014 - INFO - Processing /viper/ptmp/arego/RC4K1/27832.h5
2025-09-19 04:22:51,208 - INFO - Completed /viper/ptmp/arego/RC4K1_1/28975.h5 in 5.24 seconds
2025-09-19 04:22:51,545 - INFO - Completed /viper/ptmp/arego/RC4K1_1/15718.h5 in 4.85 seconds
2025-09-19 04:22:51,656 - INFO - Processing /viper/ptmp/arego/RC4K1/26083.h5
2025-09-19 04:22:51,804 - INFO - File 12731: Filtered 8877502 hits and 9 records
2025-09-19 04:22:52,352 - INFO - Processing /viper/ptmp/arego/RC4K1/14082.h5
2025-09-19 04:22:52,492 - INFO - File 21109: Filtered 7676231 hits and 10 records
2025-09-19 04:22:52,954 - INFO - Processing /viper/ptmp/arego/RC4K1/11125.h5
2025-09-19 04:22:53,223 - INFO - File 23440: Filtered 12422524 hits and 6 records
2025-09-19 04:22:53,510 - INFO - Processing /viper/ptmp/arego/RC4K1/17451.h5
2025-09-19 04:22:53,543 - INFO - Completed /viper/ptmp/arego/RC4K1_1/12731.h5 in 4.39 seconds
2025-09-19 04:22:53,842 - INFO - File 27832: Filtered 13296966 hits and 6 records
2025-09-19 04:22:54,044 - INFO - Processing /viper/ptmp/arego/RC4K1/24141.h5
2025-09-19 04:22:54,174 - INFO - Completed /viper/ptmp/arego/RC4K1_1/23440.h5 in 3.74 seconds
2025-09-19 04:22:54,556 - INFO - Completed /viper/ptmp/arego/RC4K1_1/27832.h5 in 3.54 seconds
2025-09-19 04:22:54,585 - INFO - Processing /viper/ptmp/arego/RC4K1/577.h5
2025-09-19 04:22:54,650 - INFO - Completed /viper/ptmp/arego/RC4K1_1/21109.h5 in 4.81 seconds
2025-09-19 04:22:54,667 - INFO - File 26083: Filtered 6279934 hits and 7 records
2025-09-19 04:22:55,230 - INFO - Processing /viper/ptmp/arego/RC4K1/9886.h5
2025-09-19 04:22:55,382 - INFO - File 14082: Filtered 7209695 hits and 7 records
2025-09-19 04:22:55,914 - INFO - Processing /viper/ptmp/arego/RC4K1/19058.h5
2025-09-19 04:22:56,033 - INFO - File 11125: Filtered 9153221 hits and 9 records
2025-09-19 04:22:56,626 - INFO - File 17451: Filtered 2431419 hits and 3 records
2025-09-19 04:22:56,941 - INFO - File 24141: Filtered 7875171 hits and 9 records
2025-09-19 04:22:57,384 - INFO - File 577: Filtered 8833429 hits and 7 records
2025-09-19 04:22:57,533 - INFO - Completed /viper/ptmp/arego/RC4K1_1/26083.h5 in 5.88 seconds
2025-09-19 04:22:57,764 - INFO - Completed /viper/ptmp/arego/RC4K1_1/14082.h5 in 5.41 seconds
2025-09-19 04:22:57,930 - INFO - Completed /viper/ptmp/arego/RC4K1_1/11125.h5 in 4.98 seconds
2025-09-19 04:22:57,934 - INFO - Processing /viper/ptmp/arego/RC4K1/12041.h5
2025-09-19 04:22:58,140 - INFO - File 9886: Filtered 12886887 hits and 9 records
2025-09-19 04:22:58,669 - INFO - Processing /viper/ptmp/arego/RC4K1/9708.h5
2025-09-19 04:22:58,903 - INFO - File 19058: Filtered 5554719 hits and 7 records
2025-09-19 04:22:59,082 - INFO - Completed /viper/ptmp/arego/RC4K1_1/9886.h5 in 3.85 seconds
2025-09-19 04:22:59,257 - INFO - Processing /viper/ptmp/arego/RC4K1/12424.h5
2025-09-19 04:22:59,270 - INFO - Completed /viper/ptmp/arego/RC4K1_1/24141.h5 in 5.23 seconds
2025-09-19 04:22:59,471 - INFO - Completed /viper/ptmp/arego/RC4K1_1/577.h5 in 4.89 seconds
2025-09-19 04:22:59,863 - INFO - Processing /viper/ptmp/arego/RC4K1/21034.h5
2025-09-19 04:23:00,373 - INFO - Processing /viper/ptmp/arego/RC4K1/21274.h5
2025-09-19 04:23:00,496 - INFO - File 12041: Filtered 13676726 hits and 9 records
2025-09-19 04:23:00,994 - INFO - Processing /viper/ptmp/arego/RC4K1/11074.h5
2025-09-19 04:23:01,324 - INFO - Completed /viper/ptmp/arego/RC4K1_1/12041.h5 in 3.39 seconds
2025-09-19 04:23:01,675 - INFO - Processing /viper/ptmp/arego/RC4K1/8153.h5
2025-09-19 04:23:01,677 - INFO - Completed /viper/ptmp/arego/RC4K1_1/19058.h5 in 5.76 seconds
2025-09-19 04:23:01,780 - INFO - File 9708: Filtered 7120659 hits and 8 records
2025-09-19 04:23:01,802 - INFO - Completed /viper/ptmp/arego/RC4K1_1/17451.h5 in 8.29 seconds
2025-09-19 04:23:02,115 - INFO - Processing /viper/ptmp/arego/RC4K1/9709.h5
2025-09-19 04:23:02,800 - INFO - Processing /viper/ptmp/arego/RC4K1/29124.h5
2025-09-19 04:23:02,856 - INFO - File 12424: Filtered 6968063 hits and 7 records
2025-09-19 04:23:03,356 - INFO - File 21274: Filtered 3042096 hits and 4 records
2025-09-19 04:23:03,358 - INFO - File 21034: Filtered 11114824 hits and 9 records
2025-09-19 04:23:04,288 - INFO - File 11074: Filtered 12371739 hits and 6 records
2025-09-19 04:23:04,688 - INFO - Completed /viper/ptmp/arego/RC4K1_1/9708.h5 in 6.02 seconds
2025-09-19 04:23:05,016 - INFO - Completed /viper/ptmp/arego/RC4K1_1/21034.h5 in 5.15 seconds
2025-09-19 04:23:05,017 - INFO - File 9709: Filtered 13228956 hits and 7 records
2025-09-19 04:23:05,119 - INFO - Processing /viper/ptmp/arego/RC4K1/26593.h5
2025-09-19 04:23:05,478 - INFO - File 8153: Filtered 7898142 hits and 8 records
2025-09-19 04:23:05,758 - INFO - Completed /viper/ptmp/arego/RC4K1_1/11074.h5 in 4.76 seconds
2025-09-19 04:23:05,767 - INFO - Completed /viper/ptmp/arego/RC4K1_1/12424.h5 in 6.51 seconds
2025-09-19 04:23:05,789 - INFO - Processing /viper/ptmp/arego/RC4K1/3067.h5
2025-09-19 04:23:06,060 - INFO - Completed /viper/ptmp/arego/RC4K1_1/9709.h5 in 3.94 seconds
2025-09-19 04:23:06,254 - INFO - Processing /viper/ptmp/arego/RC4K1/25445.h5
2025-09-19 04:23:06,822 - INFO - Processing /viper/ptmp/arego/RC4K1/13541.h5
2025-09-19 04:23:07,378 - INFO - Processing /viper/ptmp/arego/RC4K1/24227.h5
2025-09-19 04:23:07,663 - INFO - Completed /viper/ptmp/arego/RC4K1_1/21274.h5 in 7.29 seconds
2025-09-19 04:23:08,091 - INFO - Processing /viper/ptmp/arego/RC4K1/8810.h5
2025-09-19 04:23:08,507 - INFO - File 26593: Filtered 6940377 hits and 7 records
2025-09-19 04:23:08,510 - INFO - Completed /viper/ptmp/arego/RC4K1_1/8153.h5 in 6.83 seconds
2025-09-19 04:23:08,652 - INFO - File 29124: Filtered 7500488 hits and 7 records
2025-09-19 04:23:09,276 - INFO - Processing /viper/ptmp/arego/RC4K1/5353.h5
2025-09-19 04:23:09,299 - INFO - File 25445: Filtered 7190201 hits and 9 records
2025-09-19 04:23:09,817 - INFO - File 3067: Filtered 7185181 hits and 8 records
2025-09-19 04:23:10,664 - INFO - File 13541: Filtered 7517862 hits and 6 records
2025-09-19 04:23:10,726 - INFO - File 24227: Filtered 7845894 hits and 8 records
2025-09-19 04:23:11,396 - INFO - File 8810: Filtered 7672881 hits and 4 records
2025-09-19 04:23:11,711 - INFO - Completed /viper/ptmp/arego/RC4K1_1/26593.h5 in 6.59 seconds
2025-09-19 04:23:12,080 - INFO - Processing /viper/ptmp/arego/RC4K1/29902.h5
2025-09-19 04:23:12,330 - INFO - Completed /viper/ptmp/arego/RC4K1_1/25445.h5 in 6.08 seconds
2025-09-19 04:23:12,668 - INFO - Processing /viper/ptmp/arego/RC4K1/20861.h5
2025-09-19 04:23:13,235 - INFO - File 5353: Filtered 8194527 hits and 5 records
2025-09-19 04:23:13,446 - INFO - Completed /viper/ptmp/arego/RC4K1_1/24227.h5 in 6.07 seconds
2025-09-19 04:23:13,528 - INFO - Completed /viper/ptmp/arego/RC4K1_1/13541.h5 in 6.71 seconds
2025-09-19 04:23:13,820 - INFO - Processing /viper/ptmp/arego/RC4K1/6342.h5
2025-09-19 04:23:14,097 - INFO - Completed /viper/ptmp/arego/RC4K1_1/3067.h5 in 8.31 seconds
2025-09-19 04:23:14,173 - INFO - Completed /viper/ptmp/arego/RC4K1_1/8810.h5 in 6.08 seconds
2025-09-19 04:23:14,494 - INFO - Processing /viper/ptmp/arego/RC4K1/28526.h5
2025-09-19 04:23:15,008 - INFO - Processing /viper/ptmp/arego/RC4K1/17462.h5
2025-09-19 04:23:15,127 - INFO - Completed /viper/ptmp/arego/RC4K1_1/29124.h5 in 12.33 seconds
2025-09-19 04:23:15,400 - INFO - File 29902: Filtered 5365253 hits and 6 records
2025-09-19 04:23:15,499 - INFO - Processing /viper/ptmp/arego/RC4K1/964.h5
2025-09-19 04:23:15,974 - INFO - File 20861: Filtered 13939604 hits and 8 records
2025-09-19 04:23:16,155 - INFO - Processing /viper/ptmp/arego/RC4K1/20361.h5
2025-09-19 04:23:16,327 - INFO - Completed /viper/ptmp/arego/RC4K1_1/5353.h5 in 7.05 seconds
2025-09-19 04:23:17,018 - INFO - Processing /viper/ptmp/arego/RC4K1/12950.h5
2025-09-19 04:23:17,160 - INFO - File 6342: Filtered 4492288 hits and 6 records
2025-09-19 04:23:17,186 - INFO - Completed /viper/ptmp/arego/RC4K1_1/20861.h5 in 4.52 seconds
2025-09-19 04:23:17,673 - INFO - Processing /viper/ptmp/arego/RC4K1/22953.h5
2025-09-19 04:23:18,297 - INFO - File 28526: Filtered 10272008 hits and 10 records
2025-09-19 04:23:18,651 - INFO - File 17462: Filtered 12175951 hits and 10 records
2025-09-19 04:23:18,948 - INFO - File 964: Filtered 10598834 hits and 6 records
2025-09-19 04:23:19,018 - INFO - Completed /viper/ptmp/arego/RC4K1_1/29902.h5 in 6.94 seconds
2025-09-19 04:23:19,507 - INFO - Processing /viper/ptmp/arego/RC4K1/8459.h5
2025-09-19 04:23:20,108 - INFO - File 20361: Filtered 12678835 hits and 7 records
2025-09-19 04:23:20,864 - INFO - Completed /viper/ptmp/arego/RC4K1_1/17462.h5 in 5.86 seconds
2025-09-19 04:23:21,198 - INFO - Completed /viper/ptmp/arego/RC4K1_1/964.h5 in 5.70 seconds
2025-09-19 04:23:21,236 - INFO - File 12950: Filtered 7976975 hits and 4 records
2025-09-19 04:23:21,316 - INFO - Processing /viper/ptmp/arego/RC4K1/28220.h5
2025-09-19 04:23:21,337 - INFO - Completed /viper/ptmp/arego/RC4K1_1/6342.h5 in 7.52 seconds
2025-09-19 04:23:21,799 - INFO - Processing /viper/ptmp/arego/RC4K1/6041.h5
2025-09-19 04:23:21,966 - INFO - Completed /viper/ptmp/arego/RC4K1_1/28526.h5 in 7.47 seconds
2025-09-19 04:23:21,984 - INFO - File 22953: Filtered 5110913 hits and 7 records
2025-09-19 04:23:22,302 - INFO - Processing /viper/ptmp/arego/RC4K1/17723.h5
2025-09-19 04:23:22,857 - INFO - Processing /viper/ptmp/arego/RC4K1/24501.h5
2025-09-19 04:23:22,867 - INFO - Completed /viper/ptmp/arego/RC4K1_1/20361.h5 in 6.71 seconds
2025-09-19 04:23:23,324 - INFO - File 8459: Filtered 13589476 hits and 7 records
2025-09-19 04:23:23,445 - INFO - Processing /viper/ptmp/arego/RC4K1/16762.h5
2025-09-19 04:23:24,740 - INFO - File 28220: Filtered 16465713 hits and 7 records
2025-09-19 04:23:25,041 - INFO - Completed /viper/ptmp/arego/RC4K1_1/12950.h5 in 8.02 seconds
2025-09-19 04:23:25,090 - INFO - File 6041: Filtered 7606655 hits and 6 records
2025-09-19 04:23:25,373 - INFO - Completed /viper/ptmp/arego/RC4K1_1/28220.h5 in 4.06 seconds
2025-09-19 04:23:25,575 - INFO - Processing /viper/ptmp/arego/RC4K1/953.h5
2025-09-19 04:23:25,594 - INFO - Completed /viper/ptmp/arego/RC4K1_1/8459.h5 in 6.09 seconds
2025-09-19 04:23:26,147 - INFO - File 17723: Filtered 11383588 hits and 9 records
2025-09-19 04:23:26,147 - INFO - Completed /viper/ptmp/arego/RC4K1_1/22953.h5 in 8.47 seconds
2025-09-19 04:23:26,321 - INFO - Processing /viper/ptmp/arego/RC4K1/18573.h5
2025-09-19 04:23:26,884 - INFO - Processing /viper/ptmp/arego/RC4K1/6609.h5
2025-09-19 04:23:27,089 - INFO - File 24501: Filtered 8574953 hits and 7 records
2025-09-19 04:23:27,525 - INFO - Processing /viper/ptmp/arego/RC4K1/17716.h5
2025-09-19 04:23:27,577 - INFO - File 16762: Filtered 7251461 hits and 6 records
2025-09-19 04:23:28,386 - INFO - Completed /viper/ptmp/arego/RC4K1_1/6041.h5 in 6.59 seconds
2025-09-19 04:23:28,432 - INFO - Completed /viper/ptmp/arego/RC4K1_1/17723.h5 in 6.13 seconds
2025-09-19 04:23:28,710 - INFO - Processing /viper/ptmp/arego/RC4K1/24128.h5
2025-09-19 04:23:29,336 - INFO - Processing /viper/ptmp/arego/RC4K1/27051.h5
2025-09-19 04:23:29,635 - INFO - File 953: Filtered 5107355 hits and 8 records
2025-09-19 04:23:30,161 - INFO - File 6609: Filtered 13302396 hits and 9 records
2025-09-19 04:23:30,355 - INFO - File 18573: Filtered 10019384 hits and 8 records
2025-09-19 04:23:31,344 - INFO - Completed /viper/ptmp/arego/RC4K1_1/24501.h5 in 8.49 seconds
2025-09-19 04:23:31,632 - INFO - File 17716: Filtered 11409211 hits and 6 records
2025-09-19 04:23:31,811 - INFO - Completed /viper/ptmp/arego/RC4K1_1/6609.h5 in 4.93 seconds
2025-09-19 04:23:32,173 - INFO - Processing /viper/ptmp/arego/RC4K1/17642.h5
2025-09-19 04:23:32,547 - INFO - Completed /viper/ptmp/arego/RC4K1_1/16762.h5 in 9.10 seconds
2025-09-19 04:23:32,561 - INFO - File 24128: Filtered 13374315 hits and 5 records
2025-09-19 04:23:32,972 - INFO - Processing /viper/ptmp/arego/RC4K1/4552.h5
2025-09-19 04:23:33,117 - INFO - Completed /viper/ptmp/arego/RC4K1_1/18573.h5 in 6.80 seconds
2025-09-19 04:23:33,309 - INFO - File 27051: Filtered 16669019 hits and 10 records
2025-09-19 04:23:33,650 - INFO - Processing /viper/ptmp/arego/RC4K1/19056.h5
2025-09-19 04:23:33,775 - INFO - Completed /viper/ptmp/arego/RC4K1_1/953.h5 in 8.20 seconds
2025-09-19 04:23:34,213 - INFO - Processing /viper/ptmp/arego/RC4K1/28138.h5
2025-09-19 04:23:34,257 - INFO - Completed /viper/ptmp/arego/RC4K1_1/17716.h5 in 6.73 seconds
2025-09-19 04:23:34,411 - INFO - Completed /viper/ptmp/arego/RC4K1_1/27051.h5 in 5.08 seconds
2025-09-19 04:23:34,504 - INFO - Completed /viper/ptmp/arego/RC4K1_1/24128.h5 in 5.79 seconds
2025-09-19 04:23:34,784 - INFO - Processing /viper/ptmp/arego/RC4K1/29118.h5
2025-09-19 04:23:35,335 - INFO - Processing /viper/ptmp/arego/RC4K1/1327.h5
2025-09-19 04:23:35,909 - INFO - File 17642: Filtered 9019305 hits and 6 records
2025-09-19 04:23:35,929 - INFO - Processing /viper/ptmp/arego/RC4K1/22938.h5
2025-09-19 04:23:36,689 - INFO - Processing /viper/ptmp/arego/RC4K1/10152.h5
2025-09-19 04:23:38,100 - INFO - File 4552: Filtered 9123208 hits and 7 records
2025-09-19 04:23:38,929 - INFO - File 19056: Filtered 3352933 hits and 4 records
2025-09-19 04:23:39,332 - INFO - File 1327: Filtered 11453457 hits and 9 records
2025-09-19 04:23:39,818 - INFO - File 28138: Filtered 9647715 hits and 9 records
2025-09-19 04:23:40,000 - INFO - File 22938: Filtered 14581640 hits and 7 records
2025-09-19 04:23:40,152 - INFO - File 29118: Filtered 10324258 hits and 10 records
2025-09-19 04:23:41,722 - INFO - Completed /viper/ptmp/arego/RC4K1_1/17642.h5 in 9.55 seconds
2025-09-19 04:23:41,750 - INFO - File 10152: Filtered 12452403 hits and 7 records
2025-09-19 04:23:42,131 - INFO - Completed /viper/ptmp/arego/RC4K1_1/1327.h5 in 6.80 seconds
2025-09-19 04:23:42,435 - INFO - Processing /viper/ptmp/arego/RC4K1/23133.h5
2025-09-19 04:23:42,509 - INFO - Completed /viper/ptmp/arego/RC4K1_1/22938.h5 in 6.58 seconds
2025-09-19 04:23:42,745 - INFO - Completed /viper/ptmp/arego/RC4K1_1/4552.h5 in 9.77 seconds
2025-09-19 04:23:43,005 - INFO - Processing /viper/ptmp/arego/RC4K1/28806.h5
2025-09-19 04:23:43,476 - INFO - Completed /viper/ptmp/arego/RC4K1_1/29118.h5 in 8.69 seconds
2025-09-19 04:23:43,533 - INFO - Processing /viper/ptmp/arego/RC4K1/28294.h5
2025-09-19 04:23:43,780 - INFO - Completed /viper/ptmp/arego/RC4K1_1/28138.h5 in 9.57 seconds
2025-09-19 04:23:44,089 - INFO - Processing /viper/ptmp/arego/RC4K1/24523.h5
2025-09-19 04:23:44,328 - INFO - Completed /viper/ptmp/arego/RC4K1_1/10152.h5 in 7.64 seconds
2025-09-19 04:23:44,641 - INFO - Completed /viper/ptmp/arego/RC4K1_1/19056.h5 in 10.99 seconds
2025-09-19 04:23:44,658 - INFO - Processing /viper/ptmp/arego/RC4K1/6514.h5
2025-09-19 04:23:45,239 - INFO - Processing /viper/ptmp/arego/RC4K1/16832.h5
2025-09-19 04:23:45,922 - INFO - Processing /viper/ptmp/arego/RC4K1/2473.h5
2025-09-19 04:23:46,650 - INFO - File 23133: Filtered 15018432 hits and 8 records
2025-09-19 04:23:46,881 - INFO - Processing /viper/ptmp/arego/RC4K1/25231.h5
2025-09-19 04:23:47,642 - INFO - File 28806: Filtered 9951545 hits and 8 records
2025-09-19 04:23:48,014 - INFO - File 28294: Filtered 6999018 hits and 4 records
2025-09-19 04:23:48,563 - INFO - File 24523: Filtered 11502870 hits and 6 records
2025-09-19 04:23:48,827 - INFO - Completed /viper/ptmp/arego/RC4K1_1/23133.h5 in 6.39 seconds
2025-09-19 04:23:49,119 - INFO - Processing /viper/ptmp/arego/RC4K1/26802.h5
2025-09-19 04:23:49,697 - INFO - File 6514: Filtered 14021528 hits and 8 records
2025-09-19 04:23:49,915 - INFO - File 16832: Filtered 16990388 hits and 8 records
2025-09-19 04:23:50,720 - INFO - File 2473: Filtered 15581819 hits and 7 records
2025-09-19 04:23:51,306 - INFO - Completed /viper/ptmp/arego/RC4K1_1/28806.h5 in 8.30 seconds
2025-09-19 04:23:51,538 - INFO - Completed /viper/ptmp/arego/RC4K1_1/16832.h5 in 6.30 seconds
2025-09-19 04:23:51,707 - INFO - Processing /viper/ptmp/arego/RC4K1/17332.h5
2025-09-19 04:23:51,750 - INFO - Completed /viper/ptmp/arego/RC4K1_1/24523.h5 in 7.66 seconds
2025-09-19 04:23:51,996 - INFO - Completed /viper/ptmp/arego/RC4K1_1/6514.h5 in 7.34 seconds
2025-09-19 04:23:52,032 - INFO - File 25231: Filtered 10801403 hits and 6 records
2025-09-19 04:23:52,175 - INFO - Completed /viper/ptmp/arego/RC4K1_1/28294.h5 in 8.64 seconds
2025-09-19 04:23:52,308 - INFO - Processing /viper/ptmp/arego/RC4K1/26176.h5
2025-09-19 04:23:52,658 - INFO - Completed /viper/ptmp/arego/RC4K1_1/2473.h5 in 6.74 seconds
2025-09-19 04:23:53,000 - INFO - Processing /viper/ptmp/arego/RC4K1/26104.h5
2025-09-19 04:23:53,374 - INFO - File 26802: Filtered 16498299 hits and 6 records
2025-09-19 04:23:53,531 - INFO - Processing /viper/ptmp/arego/RC4K1/22005.h5
2025-09-19 04:23:54,098 - INFO - Processing /viper/ptmp/arego/RC4K1/10389.h5
2025-09-19 04:23:54,683 - INFO - Processing /viper/ptmp/arego/RC4K1/1025.h5
2025-09-19 04:23:55,334 - INFO - Completed /viper/ptmp/arego/RC4K1_1/26802.h5 in 6.21 seconds
2025-09-19 04:23:55,615 - INFO - Processing /viper/ptmp/arego/RC4K1/3540.h5
2025-09-19 04:23:55,824 - INFO - Completed /viper/ptmp/arego/RC4K1_1/25231.h5 in 8.94 seconds
2025-09-19 04:23:56,091 - INFO - File 17332: Filtered 11070179 hits and 8 records
2025-09-19 04:23:56,676 - INFO - Processing /viper/ptmp/arego/RC4K1/4822.h5
2025-09-19 04:23:57,368 - INFO - File 26176: Filtered 10616127 hits and 4 records
2025-09-19 04:23:58,371 - INFO - File 26104: Filtered 12630139 hits and 6 records
2025-09-19 04:23:58,739 - INFO - File 10389: Filtered 18346420 hits and 12 records
2025-09-19 04:23:59,272 - INFO - File 22005: Filtered 11495528 hits and 8 records
2025-09-19 04:23:59,473 - INFO - Completed /viper/ptmp/arego/RC4K1_1/17332.h5 in 7.77 seconds
2025-09-19 04:23:59,916 - INFO - Processing /viper/ptmp/arego/RC4K1/22150.h5
2025-09-19 04:24:00,184 - INFO - File 1025: Filtered 15855033 hits and 8 records
2025-09-19 04:24:00,540 - INFO - File 3540: Filtered 15278546 hits and 6 records
2025-09-19 04:24:00,707 - ERROR - Error processing /viper/ptmp/arego/RC4K1/10389.h5: low >= high
2025-09-19 04:24:01,266 - INFO - Processing /viper/ptmp/arego/RC4K1/28067.h5
2025-09-19 04:24:01,470 - INFO - Completed /viper/ptmp/arego/RC4K1_1/26176.h5 in 9.16 seconds
2025-09-19 04:24:01,785 - INFO - File 4822: Filtered 8568065 hits and 7 records
2025-09-19 04:24:01,819 - INFO - Completed /viper/ptmp/arego/RC4K1_1/26104.h5 in 8.82 seconds
2025-09-19 04:24:01,907 - INFO - Processing /viper/ptmp/arego/RC4K1/29727.h5
2025-09-19 04:24:02,494 - INFO - Processing /viper/ptmp/arego/RC4K1/20793.h5
2025-09-19 04:24:02,657 - INFO - Completed /viper/ptmp/arego/RC4K1_1/1025.h5 in 7.97 seconds
2025-09-19 04:24:03,016 - INFO - Completed /viper/ptmp/arego/RC4K1_1/22005.h5 in 9.48 seconds
2025-09-19 04:24:03,016 - INFO - Processing /viper/ptmp/arego/RC4K1/18662.h5
2025-09-19 04:24:03,600 - INFO - Completed /viper/ptmp/arego/RC4K1_1/3540.h5 in 7.98 seconds
2025-09-19 04:24:03,705 - INFO - Processing /viper/ptmp/arego/RC4K1/5782.h5
2025-09-19 04:24:04,336 - INFO - Processing /viper/ptmp/arego/RC4K1/18080.h5
2025-09-19 04:24:04,873 - INFO - File 22150: Filtered 8128395 hits and 9 records
2025-09-19 04:24:06,255 - INFO - File 28067: Filtered 14051245 hits and 7 records
2025-09-19 04:24:07,352 - INFO - Completed /viper/ptmp/arego/RC4K1_1/4822.h5 in 10.68 seconds
2025-09-19 04:24:07,744 - INFO - File 29727: Filtered 21893129 hits and 8 records
2025-09-19 04:24:08,257 - INFO - Processing /viper/ptmp/arego/RC4K1/27132.h5
2025-09-19 04:24:08,546 - INFO - File 20793: Filtered 17088440 hits and 9 records
2025-09-19 04:24:09,136 - INFO - File 18662: Filtered 12647456 hits and 9 records
2025-09-19 04:24:09,343 - INFO - File 18080: Filtered 17633099 hits and 10 records
2025-09-19 04:24:09,477 - INFO - File 5782: Filtered 20822042 hits and 7 records
2025-09-19 04:24:09,521 - INFO - Completed /viper/ptmp/arego/RC4K1_1/29727.h5 in 7.61 seconds
2025-09-19 04:24:09,739 - INFO - Completed /viper/ptmp/arego/RC4K1_1/22150.h5 in 9.82 seconds
2025-09-19 04:24:09,851 - INFO - Processing /viper/ptmp/arego/RC4K1/28388.h5
2025-09-19 04:24:09,912 - INFO - Completed /viper/ptmp/arego/RC4K1_1/28067.h5 in 8.65 seconds
2025-09-19 04:24:10,773 - INFO - Processing /viper/ptmp/arego/RC4K1/27396.h5
2025-09-19 04:24:11,012 - INFO - Completed /viper/ptmp/arego/RC4K1_1/5782.h5 in 7.31 seconds
2025-09-19 04:24:11,100 - INFO - Completed /viper/ptmp/arego/RC4K1_1/20793.h5 in 8.61 seconds
2025-09-19 04:24:11,478 - INFO - Processing /viper/ptmp/arego/RC4K1/20213.h5
2025-09-19 04:24:11,786 - INFO - Completed /viper/ptmp/arego/RC4K1_1/18080.h5 in 7.45 seconds
2025-09-19 04:24:12,042 - INFO - Processing /viper/ptmp/arego/RC4K1/6676.h5
2025-09-19 04:24:12,660 - INFO - Processing /viper/ptmp/arego/RC4K1/24462.h5
2025-09-19 04:24:13,121 - INFO - Completed /viper/ptmp/arego/RC4K1_1/18662.h5 in 10.10 seconds
2025-09-19 04:24:13,497 - INFO - File 27132: Filtered 9992566 hits and 6 records
2025-09-19 04:24:13,544 - INFO - Processing /viper/ptmp/arego/RC4K1/4906.h5
2025-09-19 04:24:14,395 - INFO - Processing /viper/ptmp/arego/RC4K1/25932.h5
2025-09-19 04:24:15,246 - INFO - File 28388: Filtered 17718325 hits and 10 records
2025-09-19 04:24:16,992 - INFO - File 27396: Filtered 17528907 hits and 10 records
2025-09-19 04:24:17,409 - INFO - File 20213: Filtered 16625184 hits and 5 records
2025-09-19 04:24:17,610 - INFO - File 6676: Filtered 12644375 hits and 8 records
2025-09-19 04:24:18,197 - INFO - Completed /viper/ptmp/arego/RC4K1_1/28388.h5 in 8.35 seconds
2025-09-19 04:24:18,510 - INFO - Completed /viper/ptmp/arego/RC4K1_1/27132.h5 in 10.25 seconds
2025-09-19 04:24:18,909 - INFO - Processing /viper/ptmp/arego/RC4K1/6461.h5
2025-09-19 04:24:19,008 - INFO - File 24462: Filtered 2607306 hits and 6 records
2025-09-19 04:24:19,315 - INFO - File 4906: Filtered 20053701 hits and 9 records
2025-09-19 04:24:19,853 - INFO - Processing /viper/ptmp/arego/RC4K1/4294.h5
2025-09-19 04:24:20,068 - INFO - Completed /viper/ptmp/arego/RC4K1_1/27396.h5 in 9.30 seconds
2025-09-19 04:24:20,207 - INFO - File 25932: Filtered 10902937 hits and 6 records
2025-09-19 04:24:20,487 - INFO - Processing /viper/ptmp/arego/RC4K1/29710.h5
2025-09-19 04:24:20,932 - INFO - Completed /viper/ptmp/arego/RC4K1_1/20213.h5 in 9.45 seconds
2025-09-19 04:24:21,266 - INFO - Processing /viper/ptmp/arego/RC4K1/20183.h5
2025-09-19 04:24:21,692 - INFO - Completed /viper/ptmp/arego/RC4K1_1/4906.h5 in 8.15 seconds
2025-09-19 04:24:22,013 - INFO - Completed /viper/ptmp/arego/RC4K1_1/6676.h5 in 9.97 seconds
2025-09-19 04:24:22,248 - INFO - Processing /viper/ptmp/arego/RC4K1/3074.h5
2025-09-19 04:24:23,074 - INFO - Processing /viper/ptmp/arego/RC4K1/17613.h5
2025-09-19 04:24:24,210 - INFO - File 6461: Filtered 17648885 hits and 8 records
2025-09-19 04:24:24,955 - INFO - Completed /viper/ptmp/arego/RC4K1_1/25932.h5 in 10.56 seconds
2025-09-19 04:24:25,422 - INFO - Processing /viper/ptmp/arego/RC4K1/11188.h5
2025-09-19 04:24:26,459 - INFO - Completed /viper/ptmp/arego/RC4K1_1/24462.h5 in 13.80 seconds
2025-09-19 04:24:26,850 - INFO - File 4294: Filtered 12355387 hits and 6 records
2025-09-19 04:24:27,143 - INFO - Processing /viper/ptmp/arego/RC4K1/18529.h5
2025-09-19 04:24:27,458 - INFO - File 29710: Filtered 17459258 hits and 8 records
2025-09-19 04:24:27,540 - INFO - Completed /viper/ptmp/arego/RC4K1_1/6461.h5 in 8.63 seconds
2025-09-19 04:24:27,888 - INFO - File 20183: Filtered 15133994 hits and 9 records
2025-09-19 04:24:28,402 - INFO - Processing /viper/ptmp/arego/RC4K1/12215.h5
2025-09-19 04:24:28,550 - INFO - File 17613: Filtered 9687535 hits and 5 records
2025-09-19 04:24:29,001 - INFO - File 3074: Filtered 18669214 hits and 9 records
2025-09-19 04:24:30,871 - INFO - Completed /viper/ptmp/arego/RC4K1_1/29710.h5 in 10.38 seconds
2025-09-19 04:24:31,023 - INFO - File 11188: Filtered 19967048 hits and 9 records
2025-09-19 04:24:31,225 - INFO - Processing /viper/ptmp/arego/RC4K1/14449.h5
2025-09-19 04:24:31,723 - INFO - Completed /viper/ptmp/arego/RC4K1_1/3074.h5 in 9.48 seconds
2025-09-19 04:24:31,785 - INFO - Completed /viper/ptmp/arego/RC4K1_1/20183.h5 in 10.52 seconds
2025-09-19 04:24:32,110 - INFO - Completed /viper/ptmp/arego/RC4K1_1/4294.h5 in 12.26 seconds
2025-09-19 04:24:32,125 - INFO - Processing /viper/ptmp/arego/RC4K1/15761.h5
2025-09-19 04:24:32,745 - INFO - Processing /viper/ptmp/arego/RC4K1/25954.h5
2025-09-19 04:24:33,163 - INFO - File 18529: Filtered 13220637 hits and 7 records
2025-09-19 04:24:33,300 - INFO - Processing /viper/ptmp/arego/RC4K1/19071.h5
2025-09-19 04:24:33,712 - INFO - Completed /viper/ptmp/arego/RC4K1_1/11188.h5 in 8.29 seconds
2025-09-19 04:24:34,176 - INFO - Completed /viper/ptmp/arego/RC4K1_1/17613.h5 in 11.10 seconds
2025-09-19 04:24:34,183 - INFO - Processing /viper/ptmp/arego/RC4K1/24437.h5
2025-09-19 04:24:34,489 - INFO - File 12215: Filtered 10641845 hits and 7 records
2025-09-19 04:24:34,960 - INFO - Processing /viper/ptmp/arego/RC4K1/28332.h5
2025-09-19 04:24:37,535 - INFO - Completed /viper/ptmp/arego/RC4K1_1/18529.h5 in 10.39 seconds
2025-09-19 04:24:38,011 - INFO - Processing /viper/ptmp/arego/RC4K1/21122.h5
2025-09-19 04:24:38,937 - INFO - File 14449: Filtered 7809045 hits and 9 records
2025-09-19 04:24:39,790 - INFO - Completed /viper/ptmp/arego/RC4K1_1/12215.h5 in 11.39 seconds
2025-09-19 04:24:39,896 - INFO - File 15761: Filtered 7758012 hits and 6 records
2025-09-19 04:24:40,290 - INFO - File 25954: Filtered 17802021 hits and 8 records
2025-09-19 04:24:40,435 - INFO - Processing /viper/ptmp/arego/RC4K1/6662.h5
2025-09-19 04:24:40,602 - INFO - File 24437: Filtered 13998785 hits and 10 records
2025-09-19 04:24:41,010 - INFO - File 28332: Filtered 14876411 hits and 7 records
2025-09-19 04:24:41,043 - INFO - File 19071: Filtered 9826365 hits and 7 records
2025-09-19 04:24:44,017 - INFO - Completed /viper/ptmp/arego/RC4K1_1/25954.h5 in 11.27 seconds
2025-09-19 04:24:44,182 - INFO - File 21122: Filtered 13582316 hits and 9 records
2025-09-19 04:24:44,361 - INFO - Processing /viper/ptmp/arego/RC4K1/17524.h5
2025-09-19 04:24:45,157 - ERROR - Error processing /viper/ptmp/arego/RC4K1/24437.h5: low >= high
2025-09-19 04:24:45,400 - INFO - Completed /viper/ptmp/arego/RC4K1_1/28332.h5 in 10.44 seconds
2025-09-19 04:24:45,662 - INFO - Processing /viper/ptmp/arego/RC4K1/18985.h5
2025-09-19 04:24:46,015 - INFO - Completed /viper/ptmp/arego/RC4K1_1/14449.h5 in 14.79 seconds
2025-09-19 04:24:46,217 - INFO - Processing /viper/ptmp/arego/RC4K1/13341.h5
2025-09-19 04:24:46,585 - INFO - File 6662: Filtered 17488718 hits and 8 records
2025-09-19 04:24:46,772 - INFO - Processing /viper/ptmp/arego/RC4K1/25728.h5
2025-09-19 04:24:46,940 - INFO - Completed /viper/ptmp/arego/RC4K1_1/15761.h5 in 14.81 seconds
2025-09-19 04:24:47,215 - INFO - Completed /viper/ptmp/arego/RC4K1_1/19071.h5 in 13.92 seconds
2025-09-19 04:24:47,719 - INFO - Processing /viper/ptmp/arego/RC4K1/6330.h5
2025-09-19 04:24:48,336 - INFO - Processing /viper/ptmp/arego/RC4K1/9879.h5
2025-09-19 04:24:48,971 - INFO - Completed /viper/ptmp/arego/RC4K1_1/21122.h5 in 10.96 seconds
2025-09-19 04:24:49,485 - INFO - Processing /viper/ptmp/arego/RC4K1/4125.h5
2025-09-19 04:24:50,068 - INFO - Completed /viper/ptmp/arego/RC4K1_1/6662.h5 in 9.63 seconds
2025-09-19 04:24:50,644 - INFO - Processing /viper/ptmp/arego/RC4K1/1551.h5
2025-09-19 04:24:51,583 - INFO - File 17524: Filtered 10871056 hits and 4 records
2025-09-19 04:24:51,658 - INFO - File 18985: Filtered 22434923 hits and 7 records
2025-09-19 04:24:52,337 - INFO - File 13341: Filtered 21446871 hits and 10 records
2025-09-19 04:24:54,619 - INFO - Completed /viper/ptmp/arego/RC4K1_1/18985.h5 in 8.96 seconds
2025-09-19 04:24:54,903 - INFO - File 25728: Filtered 16514357 hits and 8 records
2025-09-19 04:24:55,034 - INFO - Processing /viper/ptmp/arego/RC4K1/1743.h5
2025-09-19 04:24:55,197 - INFO - Completed /viper/ptmp/arego/RC4K1_1/13341.h5 in 8.98 seconds
2025-09-19 04:24:55,646 - INFO - File 6330: Filtered 13436329 hits and 6 records
2025-09-19 04:24:56,102 - INFO - Processing /viper/ptmp/arego/RC4K1/4165.h5
2025-09-19 04:24:56,343 - INFO - File 4125: Filtered 20191597 hits and 7 records
2025-09-19 04:24:56,521 - INFO - File 9879: Filtered 16603915 hits and 9 records
2025-09-19 04:24:57,518 - INFO - File 1551: Filtered 11439979 hits and 6 records
2025-09-19 04:24:59,174 - INFO - Completed /viper/ptmp/arego/RC4K1_1/17524.h5 in 14.81 seconds
2025-09-19 04:24:59,711 - INFO - Processing /viper/ptmp/arego/RC4K1/15098.h5
2025-09-19 04:24:59,871 - INFO - Completed /viper/ptmp/arego/RC4K1_1/4125.h5 in 10.39 seconds
2025-09-19 04:25:00,283 - INFO - Completed /viper/ptmp/arego/RC4K1_1/25728.h5 in 13.51 seconds
2025-09-19 04:25:00,749 - INFO - Processing /viper/ptmp/arego/RC4K1/28542.h5
2025-09-19 04:25:01,104 - INFO - Completed /viper/ptmp/arego/RC4K1_1/9879.h5 in 12.77 seconds
2025-09-19 04:25:01,369 - INFO - Completed /viper/ptmp/arego/RC4K1_1/6330.h5 in 13.65 seconds
2025-09-19 04:25:01,470 - INFO - Processing /viper/ptmp/arego/RC4K1/26624.h5
2025-09-19 04:25:01,714 - INFO - File 1743: Filtered 25816555 hits and 8 records
2025-09-19 04:25:02,139 - INFO - Processing /viper/ptmp/arego/RC4K1/7894.h5
2025-09-19 04:25:02,745 - INFO - Processing /viper/ptmp/arego/RC4K1/25500.h5
2025-09-19 04:25:02,817 - INFO - File 4165: Filtered 19906497 hits and 6 records
2025-09-19 04:25:03,501 - INFO - Completed /viper/ptmp/arego/RC4K1_1/1551.h5 in 12.86 seconds
2025-09-19 04:25:03,682 - INFO - Completed /viper/ptmp/arego/RC4K1_1/1743.h5 in 8.65 seconds
2025-09-19 04:25:03,999 - INFO - Processing /viper/ptmp/arego/RC4K1/10141.h5
2025-09-19 04:25:05,072 - INFO - Processing /viper/ptmp/arego/RC4K1/7973.h5
2025-09-19 04:25:06,373 - INFO - Completed /viper/ptmp/arego/RC4K1_1/4165.h5 in 10.27 seconds
2025-09-19 04:25:06,850 - INFO - Processing /viper/ptmp/arego/RC4K1/12499.h5
2025-09-19 04:25:07,048 - INFO - File 28542: Filtered 21907654 hits and 10 records
2025-09-19 04:25:07,578 - INFO - File 15098: Filtered 18243565 hits and 11 records
2025-09-19 04:25:10,051 - INFO - File 26624: Filtered 19726843 hits and 9 records
2025-09-19 04:25:10,161 - INFO - Completed /viper/ptmp/arego/RC4K1_1/28542.h5 in 9.41 seconds
2025-09-19 04:25:10,771 - INFO - File 10141: Filtered 16242889 hits and 7 records
2025-09-19 04:25:10,771 - INFO - Processing /viper/ptmp/arego/RC4K1/8491.h5
2025-09-19 04:25:11,584 - INFO - File 7894: Filtered 13397932 hits and 8 records
2025-09-19 04:25:11,887 - INFO - File 25500: Filtered 24256797 hits and 9 records
2025-09-19 04:25:12,973 - INFO - Completed /viper/ptmp/arego/RC4K1_1/15098.h5 in 13.26 seconds
2025-09-19 04:25:13,388 - INFO - Processing /viper/ptmp/arego/RC4K1/25216.h5
2025-09-19 04:25:13,828 - INFO - File 7973: Filtered 15660925 hits and 9 records
2025-09-19 04:25:14,551 - INFO - File 12499: Filtered 14496372 hits and 9 records
2025-09-19 04:25:14,888 - INFO - Completed /viper/ptmp/arego/RC4K1_1/25500.h5 in 12.14 seconds
2025-09-19 04:25:15,045 - INFO - Completed /viper/ptmp/arego/RC4K1_1/26624.h5 in 13.57 seconds
2025-09-19 04:25:15,276 - INFO - Processing /viper/ptmp/arego/RC4K1/15777.h5
2025-09-19 04:25:15,977 - INFO - Processing /viper/ptmp/arego/RC4K1/9297.h5
2025-09-19 04:25:16,936 - INFO - Completed /viper/ptmp/arego/RC4K1_1/10141.h5 in 12.94 seconds
2025-09-19 04:25:17,501 - INFO - Processing /viper/ptmp/arego/RC4K1/10653.h5
2025-09-19 04:25:17,768 - INFO - Completed /viper/ptmp/arego/RC4K1_1/7894.h5 in 15.63 seconds
2025-09-19 04:25:17,879 - INFO - File 8491: Filtered 14931329 hits and 6 records
2025-09-19 04:25:18,348 - INFO - Processing /viper/ptmp/arego/RC4K1/6343.h5
2025-09-19 04:25:19,277 - INFO - Completed /viper/ptmp/arego/RC4K1_1/7973.h5 in 14.21 seconds
2025-09-19 04:25:19,799 - INFO - Processing /viper/ptmp/arego/RC4K1/26456.h5
2025-09-19 04:25:21,058 - INFO - Completed /viper/ptmp/arego/RC4K1_1/12499.h5 in 14.21 seconds
2025-09-19 04:25:21,647 - INFO - Processing /viper/ptmp/arego/RC4K1/28032.h5
2025-09-19 04:25:22,839 - INFO - File 25216: Filtered 19131928 hits and 9 records
2025-09-19 04:25:23,508 - INFO - Completed /viper/ptmp/arego/RC4K1_1/8491.h5 in 12.74 seconds
2025-09-19 04:25:24,085 - INFO - Processing /viper/ptmp/arego/RC4K1/1750.h5
2025-09-19 04:25:24,770 - INFO - File 10653: Filtered 9654418 hits and 6 records
2025-09-19 04:25:25,192 - INFO - File 15777: Filtered 12614358 hits and 5 records
2025-09-19 04:25:25,795 - INFO - File 9297: Filtered 12030890 hits and 6 records
2025-09-19 04:25:27,311 - INFO - File 26456: Filtered 19074803 hits and 8 records
2025-09-19 04:25:27,406 - INFO - File 6343: Filtered 26196315 hits and 9 records
2025-09-19 04:25:28,802 - INFO - Completed /viper/ptmp/arego/RC4K1_1/25216.h5 in 15.41 seconds
2025-09-19 04:25:29,240 - INFO - Processing /viper/ptmp/arego/RC4K1/8685.h5
2025-09-19 04:25:31,239 - INFO - Completed /viper/ptmp/arego/RC4K1_1/6343.h5 in 12.89 seconds
2025-09-19 04:25:31,640 - INFO - Processing /viper/ptmp/arego/RC4K1/7880.h5
2025-09-19 04:25:32,027 - INFO - File 1750: Filtered 23963677 hits and 8 records
2025-09-19 04:25:32,294 - INFO - Completed /viper/ptmp/arego/RC4K1_1/26456.h5 in 12.50 seconds
2025-09-19 04:25:32,809 - INFO - Completed /viper/ptmp/arego/RC4K1_1/15777.h5 in 17.53 seconds
2025-09-19 04:25:32,888 - INFO - Processing /viper/ptmp/arego/RC4K1/12878.h5
2025-09-19 04:25:33,179 - INFO - Completed /viper/ptmp/arego/RC4K1_1/10653.h5 in 15.68 seconds
2025-09-19 04:25:33,716 - INFO - Completed /viper/ptmp/arego/RC4K1_1/9297.h5 in 17.74 seconds
2025-09-19 04:25:33,787 - INFO - File 28032: Filtered 15882389 hits and 6 records
2025-09-19 04:25:33,884 - INFO - Processing /viper/ptmp/arego/RC4K1/28462.h5
2025-09-19 04:25:34,594 - INFO - Processing /viper/ptmp/arego/RC4K1/15206.h5
2025-09-19 04:25:35,222 - INFO - Processing /viper/ptmp/arego/RC4K1/10302.h5
2025-09-19 04:25:36,191 - INFO - Completed /viper/ptmp/arego/RC4K1_1/1750.h5 in 12.11 seconds
2025-09-19 04:25:36,611 - INFO - Processing /viper/ptmp/arego/RC4K1/6418.h5
2025-09-19 04:25:38,664 - INFO - File 8685: Filtered 7629202 hits and 6 records
2025-09-19 04:25:40,130 - INFO - File 7880: Filtered 28905507 hits and 8 records
2025-09-19 04:25:40,207 - INFO - File 12878: Filtered 24485147 hits and 8 records
2025-09-19 04:25:42,808 - INFO - File 15206: Filtered 6952412 hits and 4 records
2025-09-19 04:25:43,448 - INFO - Completed /viper/ptmp/arego/RC4K1_1/7880.h5 in 11.81 seconds
2025-09-19 04:25:43,798 - INFO - Processing /viper/ptmp/arego/RC4K1/26470.h5
2025-09-19 04:25:43,882 - INFO - File 28462: Filtered 17466737 hits and 6 records
2025-09-19 04:25:44,322 - INFO - Completed /viper/ptmp/arego/RC4K1_1/12878.h5 in 11.43 seconds
2025-09-19 04:25:44,664 - INFO - File 10302: Filtered 16803149 hits and 7 records
2025-09-19 04:25:44,825 - INFO - File 6418: Filtered 18506136 hits and 9 records
2025-09-19 04:25:44,855 - INFO - Processing /viper/ptmp/arego/RC4K1/26325.h5
2025-09-19 04:25:45,942 - INFO - Completed /viper/ptmp/arego/RC4K1_1/28032.h5 in 24.30 seconds
2025-09-19 04:25:46,950 - INFO - Processing /viper/ptmp/arego/RC4K1/16378.h5
2025-09-19 04:25:49,408 - INFO - Completed /viper/ptmp/arego/RC4K1_1/8685.h5 in 20.17 seconds
2025-09-19 04:25:50,050 - INFO - Completed /viper/ptmp/arego/RC4K1_1/28462.h5 in 16.17 seconds
2025-09-19 04:25:50,162 - INFO - Processing /viper/ptmp/arego/RC4K1/25283.h5
2025-09-19 04:25:50,769 - INFO - Completed /viper/ptmp/arego/RC4K1_1/6418.h5 in 14.16 seconds
2025-09-19 04:25:51,088 - INFO - Completed /viper/ptmp/arego/RC4K1_1/10302.h5 in 15.87 seconds
2025-09-19 04:25:51,384 - INFO - Processing /viper/ptmp/arego/RC4K1/18699.h5
2025-09-19 04:25:51,888 - INFO - Processing /viper/ptmp/arego/RC4K1/17898.h5
2025-09-19 04:25:51,903 - INFO - Completed /viper/ptmp/arego/RC4K1_1/15206.h5 in 17.31 seconds
2025-09-19 04:25:52,464 - INFO - File 26470: Filtered 24937981 hits and 8 records
2025-09-19 04:25:52,802 - INFO - File 26325: Filtered 37154021 hits and 11 records
2025-09-19 04:25:53,059 - INFO - Processing /viper/ptmp/arego/RC4K1/20316.h5
2025-09-19 04:25:54,093 - INFO - Processing /viper/ptmp/arego/RC4K1/19929.h5
2025-09-19 04:25:54,508 - INFO - Completed /viper/ptmp/arego/RC4K1_1/26325.h5 in 9.65 seconds
2025-09-19 04:25:54,991 - INFO - Processing /viper/ptmp/arego/RC4K1/2015.h5
2025-09-19 04:25:55,664 - INFO - File 16378: Filtered 19136858 hits and 6 records
2025-09-19 04:25:57,085 - INFO - Completed /viper/ptmp/arego/RC4K1_1/26470.h5 in 13.29 seconds
2025-09-19 04:25:57,608 - INFO - Processing /viper/ptmp/arego/RC4K1/13527.h5
2025-09-19 04:26:00,531 - INFO - File 25283: Filtered 36766423 hits and 7 records
2025-09-19 04:26:00,630 - INFO - File 17898: Filtered 25446991 hits and 7 records
2025-09-19 04:26:02,076 - INFO - File 18699: Filtered 24782458 hits and 8 records
2025-09-19 04:26:02,253 - INFO - Completed /viper/ptmp/arego/RC4K1_1/16378.h5 in 15.30 seconds
2025-09-19 04:26:03,106 - INFO - Completed /viper/ptmp/arego/RC4K1_1/25283.h5 in 12.94 seconds
2025-09-19 04:26:03,220 - INFO - Processing /viper/ptmp/arego/RC4K1/23587.h5
2025-09-19 04:26:03,858 - INFO - File 20316: Filtered 34604325 hits and 9 records
2025-09-19 04:26:04,048 - INFO - Processing /viper/ptmp/arego/RC4K1/12235.h5
2025-09-19 04:26:04,465 - INFO - File 19929: Filtered 27051464 hits and 8 records
2025-09-19 04:26:05,146 - INFO - File 2015: Filtered 18318843 hits and 9 records
2025-09-19 04:26:07,149 - INFO - Completed /viper/ptmp/arego/RC4K1_1/20316.h5 in 14.09 seconds
2025-09-19 04:26:07,491 - INFO - Completed /viper/ptmp/arego/RC4K1_1/17898.h5 in 15.60 seconds
2025-09-19 04:26:07,509 - INFO - Processing /viper/ptmp/arego/RC4K1/24056.h5
2025-09-19 04:26:08,220 - INFO - Completed /viper/ptmp/arego/RC4K1_1/18699.h5 in 16.84 seconds
2025-09-19 04:26:08,548 - INFO - Processing /viper/ptmp/arego/RC4K1/28293.h5
2025-09-19 04:26:08,680 - INFO - File 13527: Filtered 32571445 hits and 11 records
2025-09-19 04:26:09,297 - INFO - Processing /viper/ptmp/arego/RC4K1/13998.h5
2025-09-19 04:26:09,570 - INFO - Completed /viper/ptmp/arego/RC4K1_1/19929.h5 in 15.48 seconds
2025-09-19 04:26:10,110 - INFO - Processing /viper/ptmp/arego/RC4K1/26439.h5
2025-09-19 04:26:12,122 - INFO - File 23587: Filtered 19514849 hits and 6 records
2025-09-19 04:26:12,977 - INFO - Completed /viper/ptmp/arego/RC4K1_1/2015.h5 in 17.99 seconds
2025-09-19 04:26:13,769 - INFO - Processing /viper/ptmp/arego/RC4K1/7702.h5
2025-09-19 04:26:13,778 - INFO - Completed /viper/ptmp/arego/RC4K1_1/13527.h5 in 16.17 seconds
2025-09-19 04:26:14,810 - INFO - Processing /viper/ptmp/arego/RC4K1/29797.h5
2025-09-19 04:26:15,662 - INFO - File 12235: Filtered 33984728 hits and 10 records
2025-09-19 04:26:17,658 - INFO - File 28293: Filtered 31679473 hits and 8 records
2025-09-19 04:26:18,415 - INFO - File 24056: Filtered 32143051 hits and 7 records
2025-09-19 04:26:19,583 - INFO - Completed /viper/ptmp/arego/RC4K1_1/23587.h5 in 16.36 seconds
2025-09-19 04:26:19,887 - INFO - File 26439: Filtered 21981998 hits and 9 records
2025-09-19 04:26:20,103 - INFO - Completed /viper/ptmp/arego/RC4K1_1/12235.h5 in 16.06 seconds
2025-09-19 04:26:20,385 - INFO - Processing /viper/ptmp/arego/RC4K1/16786.h5
2025-09-19 04:26:20,559 - INFO - File 13998: Filtered 17543662 hits and 8 records
2025-09-19 04:26:21,203 - INFO - Processing /viper/ptmp/arego/RC4K1/21790.h5
2025-09-19 04:26:21,987 - INFO - Completed /viper/ptmp/arego/RC4K1_1/28293.h5 in 13.44 seconds
2025-09-19 04:26:22,538 - INFO - Processing /viper/ptmp/arego/RC4K1/17249.h5
2025-09-19 04:26:23,210 - INFO - Completed /viper/ptmp/arego/RC4K1_1/24056.h5 in 15.70 seconds
2025-09-19 04:26:23,534 - INFO - File 7702: Filtered 18071719 hits and 6 records
2025-09-19 04:26:23,733 - INFO - Processing /viper/ptmp/arego/RC4K1/21766.h5
2025-09-19 04:26:26,446 - INFO - File 29797: Filtered 16673216 hits and 8 records
2025-09-19 04:26:27,474 - INFO - Completed /viper/ptmp/arego/RC4K1_1/26439.h5 in 17.36 seconds
2025-09-19 04:26:28,161 - INFO - Processing /viper/ptmp/arego/RC4K1/21151.h5
2025-09-19 04:26:30,048 - INFO - File 16786: Filtered 18173393 hits and 7 records
2025-09-19 04:26:30,199 - INFO - Completed /viper/ptmp/arego/RC4K1_1/13998.h5 in 20.90 seconds
2025-09-19 04:26:31,160 - INFO - Processing /viper/ptmp/arego/RC4K1/20854.h5
2025-09-19 04:26:31,761 - INFO - Completed /viper/ptmp/arego/RC4K1_1/7702.h5 in 17.99 seconds
2025-09-19 04:26:32,616 - INFO - File 21790: Filtered 29121867 hits and 8 records
2025-09-19 04:26:32,661 - INFO - Processing /viper/ptmp/arego/RC4K1/14902.h5
2025-09-19 04:26:32,714 - INFO - File 17249: Filtered 31416749 hits and 10 records
2025-09-19 04:26:34,515 - INFO - File 21766: Filtered 20536663 hits and 9 records
2025-09-19 04:26:35,826 - INFO - Completed /viper/ptmp/arego/RC4K1_1/29797.h5 in 21.02 seconds
2025-09-19 04:26:36,659 - INFO - Processing /viper/ptmp/arego/RC4K1/16889.h5
2025-09-19 04:26:37,403 - INFO - Completed /viper/ptmp/arego/RC4K1_1/17249.h5 in 14.86 seconds
2025-09-19 04:26:37,647 - INFO - File 21151: Filtered 26761004 hits and 9 records
2025-09-19 04:26:37,995 - INFO - Processing /viper/ptmp/arego/RC4K1/4362.h5
2025-09-19 04:26:38,551 - INFO - Completed /viper/ptmp/arego/RC4K1_1/21790.h5 in 17.35 seconds
2025-09-19 04:26:38,881 - INFO - Completed /viper/ptmp/arego/RC4K1_1/16786.h5 in 18.50 seconds
2025-09-19 04:26:39,155 - INFO - Processing /viper/ptmp/arego/RC4K1/13360.h5
2025-09-19 04:26:39,876 - INFO - Processing /viper/ptmp/arego/RC4K1/29341.h5
2025-09-19 04:26:42,926 - INFO - Completed /viper/ptmp/arego/RC4K1_1/21766.h5 in 19.19 seconds
2025-09-19 04:26:42,957 - INFO - File 14902: Filtered 31685995 hits and 9 records
2025-09-19 04:26:43,669 - INFO - Processing /viper/ptmp/arego/RC4K1/1099.h5
2025-09-19 04:26:44,174 - INFO - Completed /viper/ptmp/arego/RC4K1_1/21151.h5 in 16.01 seconds
2025-09-19 04:26:44,283 - INFO - File 20854: Filtered 24809839 hits and 7 records
2025-09-19 04:26:44,796 - INFO - Processing /viper/ptmp/arego/RC4K1/5153.h5
2025-09-19 04:26:49,061 - INFO - File 4362: Filtered 33890457 hits and 6 records
2025-09-19 04:26:49,383 - INFO - Completed /viper/ptmp/arego/RC4K1_1/14902.h5 in 16.72 seconds
2025-09-19 04:26:50,139 - INFO - Processing /viper/ptmp/arego/RC4K1/3277.h5
2025-09-19 04:26:50,456 - INFO - File 16889: Filtered 26789471 hits and 9 records
2025-09-19 04:26:51,875 - INFO - File 29341: Filtered 18527935 hits and 8 records
2025-09-19 04:26:53,635 - INFO - Completed /viper/ptmp/arego/RC4K1_1/20854.h5 in 22.48 seconds
2025-09-19 04:26:54,428 - INFO - Processing /viper/ptmp/arego/RC4K1/28695.h5
2025-09-19 04:26:54,501 - INFO - File 13360: Filtered 18084648 hits and 5 records
2025-09-19 04:26:56,006 - INFO - Completed /viper/ptmp/arego/RC4K1_1/4362.h5 in 18.01 seconds
2025-09-19 04:26:56,202 - INFO - File 5153: Filtered 25622474 hits and 9 records
2025-09-19 04:26:56,664 - INFO - Processing /viper/ptmp/arego/RC4K1/15392.h5
2025-09-19 04:26:57,908 - INFO - File 1099: Filtered 23945317 hits and 5 records
2025-09-19 04:27:00,045 - INFO - Completed /viper/ptmp/arego/RC4K1_1/16889.h5 in 23.39 seconds
2025-09-19 04:27:00,719 - INFO - Processing /viper/ptmp/arego/RC4K1/3399.h5
2025-09-19 04:27:01,798 - INFO - File 3277: Filtered 16954928 hits and 4 records
2025-09-19 04:27:05,476 - INFO - Completed /viper/ptmp/arego/RC4K1_1/5153.h5 in 20.68 seconds
2025-09-19 04:27:06,276 - INFO - Completed /viper/ptmp/arego/RC4K1_1/29341.h5 in 26.40 seconds
2025-09-19 04:27:06,314 - INFO - Processing /viper/ptmp/arego/RC4K1/22055.h5
2025-09-19 04:27:06,333 - INFO - File 28695: Filtered 18382909 hits and 9 records
2025-09-19 04:27:06,594 - INFO - Completed /viper/ptmp/arego/RC4K1_1/13360.h5 in 27.44 seconds
2025-09-19 04:27:07,519 - INFO - Processing /viper/ptmp/arego/RC4K1/8690.h5
2025-09-19 04:27:07,628 - INFO - Completed /viper/ptmp/arego/RC4K1_1/1099.h5 in 23.96 seconds
2025-09-19 04:27:07,816 - INFO - File 15392: Filtered 44269764 hits and 6 records
2025-09-19 04:27:08,232 - INFO - Processing /viper/ptmp/arego/RC4K1/1082.h5
2025-09-19 04:27:08,858 - INFO - Processing /viper/ptmp/arego/RC4K1/12405.h5
2025-09-19 04:27:11,955 - INFO - Completed /viper/ptmp/arego/RC4K1_1/15392.h5 in 15.29 seconds
2025-09-19 04:27:12,365 - INFO - Processing /viper/ptmp/arego/RC4K1/26223.h5
2025-09-19 04:27:13,225 - INFO - Completed /viper/ptmp/arego/RC4K1_1/3277.h5 in 23.09 seconds
2025-09-19 04:27:14,238 - INFO - Processing /viper/ptmp/arego/RC4K1/20953.h5
2025-09-19 04:27:14,336 - INFO - File 3399: Filtered 30108248 hits and 6 records
2025-09-19 04:27:18,002 - INFO - File 22055: Filtered 40686989 hits and 11 records
2025-09-19 04:27:19,938 - INFO - Completed /viper/ptmp/arego/RC4K1_1/28695.h5 in 25.51 seconds
2025-09-19 04:27:21,088 - INFO - Processing /viper/ptmp/arego/RC4K1/76.h5
2025-09-19 04:27:21,941 - INFO - File 8690: Filtered 35825865 hits and 8 records
2025-09-19 04:27:23,803 - INFO - Completed /viper/ptmp/arego/RC4K1_1/22055.h5 in 17.49 seconds
2025-09-19 04:27:24,407 - INFO - File 26223: Filtered 36216768 hits and 8 records
2025-09-19 04:27:24,554 - INFO - Processing /viper/ptmp/arego/RC4K1/12172.h5
2025-09-19 04:27:24,561 - INFO - Completed /viper/ptmp/arego/RC4K1_1/3399.h5 in 23.84 seconds
2025-09-19 04:27:25,492 - INFO - Processing /viper/ptmp/arego/RC4K1/19463.h5
2025-09-19 04:27:27,563 - INFO - File 1082: Filtered 37036567 hits and 6 records
2025-09-19 04:27:27,932 - INFO - File 12405: Filtered 40317413 hits and 11 records
2025-09-19 04:27:28,728 - INFO - File 20953: Filtered 42232809 hits and 9 records
2025-09-19 04:27:31,703 - INFO - Completed /viper/ptmp/arego/RC4K1_1/8690.h5 in 24.18 seconds
2025-09-19 04:27:32,375 - INFO - Processing /viper/ptmp/arego/RC4K1/24522.h5
2025-09-19 04:27:32,614 - INFO - Completed /viper/ptmp/arego/RC4K1_1/26223.h5 in 20.25 seconds
2025-09-19 04:27:33,485 - INFO - Processing /viper/ptmp/arego/RC4K1/19086.h5
2025-09-19 04:27:35,333 - INFO - Completed /viper/ptmp/arego/RC4K1_1/20953.h5 in 21.09 seconds
2025-09-19 04:27:35,522 - INFO - Completed /viper/ptmp/arego/RC4K1_1/1082.h5 in 27.29 seconds
2025-09-19 04:27:35,930 - INFO - Completed /viper/ptmp/arego/RC4K1_1/12405.h5 in 27.07 seconds
2025-09-19 04:27:36,204 - INFO - Processing /viper/ptmp/arego/RC4K1/8765.h5
2025-09-19 04:27:36,939 - INFO - Processing /viper/ptmp/arego/RC4K1/20736.h5
2025-09-19 04:27:37,456 - INFO - Processing /viper/ptmp/arego/RC4K1/17419.h5
2025-09-19 04:27:37,578 - INFO - File 76: Filtered 48111134 hits and 7 records
2025-09-19 04:27:37,728 - INFO - File 12172: Filtered 37030859 hits and 6 records
2025-09-19 04:27:43,778 - INFO - Completed /viper/ptmp/arego/RC4K1_1/76.h5 in 22.69 seconds
2025-09-19 04:27:44,541 - INFO - Processing /viper/ptmp/arego/RC4K1/14444.h5
2025-09-19 04:27:46,539 - INFO - Completed /viper/ptmp/arego/RC4K1_1/12172.h5 in 21.99 seconds
2025-09-19 04:27:47,540 - INFO - Processing /viper/ptmp/arego/RC4K1/17264.h5
2025-09-19 04:27:47,947 - INFO - File 19086: Filtered 26728627 hits and 9 records
2025-09-19 04:27:49,953 - INFO - File 19463: Filtered 22160271 hits and 7 records
2025-09-19 04:27:50,505 - INFO - File 24522: Filtered 44288170 hits and 8 records
2025-09-19 04:27:53,897 - INFO - File 8765: Filtered 34317491 hits and 10 records
2025-09-19 04:27:55,896 - INFO - File 20736: Filtered 22435978 hits and 8 records
2025-09-19 04:27:58,127 - INFO - File 17419: Filtered 34645977 hits and 9 records
2025-09-19 04:27:59,827 - INFO - Completed /viper/ptmp/arego/RC4K1_1/24522.h5 in 27.45 seconds
2025-09-19 04:28:00,530 - INFO - Processing /viper/ptmp/arego/RC4K1/18614.h5
2025-09-19 04:28:02,963 - INFO - Completed /viper/ptmp/arego/RC4K1_1/19086.h5 in 29.48 seconds
2025-09-19 04:28:03,918 - INFO - File 17264: Filtered 53062889 hits and 9 records
2025-09-19 04:28:04,105 - INFO - Processing /viper/ptmp/arego/RC4K1/12937.h5
2025-09-19 04:28:04,797 - INFO - File 14444: Filtered 31029399 hits and 11 records
2025-09-19 04:28:05,272 - ERROR - Error processing /viper/ptmp/arego/RC4K1/8765.h5: low >= high
2025-09-19 04:28:06,317 - INFO - Processing /viper/ptmp/arego/RC4K1/6668.h5
2025-09-19 04:28:10,218 - INFO - Completed /viper/ptmp/arego/RC4K1_1/20736.h5 in 33.28 seconds
2025-09-19 04:28:11,354 - INFO - Completed /viper/ptmp/arego/RC4K1_1/17264.h5 in 23.81 seconds
2025-09-19 04:28:11,854 - INFO - Processing /viper/ptmp/arego/RC4K1/1283.h5
2025-09-19 04:28:12,202 - INFO - Completed /viper/ptmp/arego/RC4K1_1/17419.h5 in 34.75 seconds
2025-09-19 04:28:12,505 - INFO - Processing /viper/ptmp/arego/RC4K1/772.h5
2025-09-19 04:28:13,330 - INFO - Processing /viper/ptmp/arego/RC4K1/19059.h5
2025-09-19 04:28:13,960 - INFO - Completed /viper/ptmp/arego/RC4K1_1/19463.h5 in 48.47 seconds
2025-09-19 04:28:18,144 - INFO - Completed /viper/ptmp/arego/RC4K1_1/14444.h5 in 33.60 seconds
2025-09-19 04:28:19,304 - INFO - File 18614: Filtered 44688166 hits and 6 records
2025-09-19 04:28:23,459 - INFO - File 12937: Filtered 46998400 hits and 11 records
2025-09-19 04:28:26,498 - INFO - File 6668: Filtered 32622419 hits and 8 records
2025-09-19 04:28:30,540 - INFO - Completed /viper/ptmp/arego/RC4K1_1/18614.h5 in 30.01 seconds
2025-09-19 04:28:35,983 - INFO - File 1283: Filtered 37810983 hits and 8 records
2025-09-19 04:28:36,663 - INFO - File 772: Filtered 21731707 hits and 6 records
2025-09-19 04:28:37,654 - INFO - Completed /viper/ptmp/arego/RC4K1_1/12937.h5 in 33.55 seconds
2025-09-19 04:28:40,269 - INFO - File 19059: Filtered 27002122 hits and 9 records
2025-09-19 04:28:45,423 - INFO - Completed /viper/ptmp/arego/RC4K1_1/6668.h5 in 39.11 seconds
2025-09-19 04:28:54,296 - INFO - Completed /viper/ptmp/arego/RC4K1_1/1283.h5 in 42.44 seconds
2025-09-19 04:28:56,960 - INFO - Completed /viper/ptmp/arego/RC4K1_1/772.h5 in 44.46 seconds
2025-09-19 04:29:01,251 - ERROR - Error processing /viper/ptmp/arego/RC4K1/19059.h5: low >= high
