2025-09-18 20:16:56,351 - INFO - Loaded skip configuration: 0 files to skip entirely, 35364 files with partial record skips
2025-09-18 20:16:57,286 - INFO - Processing /viper/ptmp/arego/RC4K1/20481.h5
2025-09-18 20:16:57,825 - INFO - Processing /viper/ptmp/arego/RC4K1/8901.h5
2025-09-18 20:16:57,893 - INFO - File 20481: Filtered 628774 hits and 4 records
2025-09-18 20:16:58,304 - INFO - File 8901: Filtered 853111 hits and 5 records
2025-09-18 20:16:58,416 - INFO - Processing /viper/ptmp/arego/RC4K1/26124.h5
2025-09-18 20:16:58,891 - INFO - File 26124: Filtered 827524 hits and 4 records
2025-09-18 20:16:59,020 - INFO - Processing /viper/ptmp/arego/RC4K1/29698.h5
2025-09-18 20:16:59,503 - INFO - File 29698: Filtered 1141928 hits and 6 records
2025-09-18 20:16:59,620 - INFO - Processing /viper/ptmp/arego/RC4K1/25117.h5
2025-09-18 20:17:00,138 - INFO - File 25117: Filtered 816682 hits and 7 records
2025-09-18 20:17:00,233 - INFO - Processing /viper/ptmp/arego/RC4K1/6238.h5
2025-09-18 20:17:00,794 - INFO - File 6238: Filtered 1310389 hits and 7 records
2025-09-18 20:17:00,856 - INFO - Processing /viper/ptmp/arego/RC4K1/6833.h5
2025-09-18 20:17:01,467 - INFO - File 6833: Filtered 1634318 hits and 7 records
2025-09-18 20:17:01,542 - INFO - Processing /viper/ptmp/arego/RC4K1/28200.h5
2025-09-18 20:17:01,749 - INFO - Completed /viper/ptmp/arego/RC4K1_EN_100/20481.h5 in 4.46 seconds
2025-09-18 20:17:01,991 - INFO - Completed /viper/ptmp/arego/RC4K1_EN_100/8901.h5 in 4.17 seconds
2025-09-18 20:17:02,101 - INFO - Processing /viper/ptmp/arego/RC4K1/15658.h5
2025-09-18 20:17:02,194 - INFO - File 28200: Filtered 1621910 hits and 6 records
2025-09-18 20:17:02,710 - INFO - File 15658: Filtered 1182117 hits and 4 records
2025-09-18 20:17:02,772 - INFO - Processing /viper/ptmp/arego/RC4K1/18106.h5
2025-09-18 20:17:03,120 - INFO - Completed /viper/ptmp/arego/RC4K1_EN_100/29698.h5 in 4.10 seconds
2025-09-18 20:17:03,392 - INFO - Processing /viper/ptmp/arego/RC4K1/21177.h5
2025-09-18 20:17:03,528 - INFO - File 18106: Filtered 609068 hits and 5 records
2025-09-18 20:17:03,561 - INFO - Completed /viper/ptmp/arego/RC4K1_EN_100/26124.h5 in 5.15 seconds
2025-09-18 20:17:04,034 - INFO - Processing /viper/ptmp/arego/RC4K1/22249.h5
2025-09-18 20:17:04,074 - INFO - File 21177: Filtered 1355593 hits and 5 records
2025-09-18 20:17:04,487 - INFO - Completed /viper/ptmp/arego/RC4K1_EN_100/6238.h5 in 4.25 seconds
2025-09-18 20:17:04,690 - INFO - Processing /viper/ptmp/arego/RC4K1/27928.h5
2025-09-18 20:17:04,738 - INFO - File 22249: Filtered 2278593 hits and 9 records
2025-09-18 20:17:05,079 - INFO - Completed /viper/ptmp/arego/RC4K1_EN_100/6833.h5 in 4.22 seconds
2025-09-18 20:17:05,344 - INFO - File 27928: Filtered 1554677 hits and 7 records
2025-09-18 20:17:05,558 - INFO - Processing /viper/ptmp/arego/RC4K1/15502.h5
2025-09-18 20:17:05,919 - INFO - Completed /viper/ptmp/arego/RC4K1_EN_100/28200.h5 in 4.38 seconds
2025-09-18 20:17:06,255 - INFO - File 15502: Filtered 1615508 hits and 6 records
2025-09-18 20:17:06,286 - INFO - Completed /viper/ptmp/arego/RC4K1_EN_100/25117.h5 in 6.67 seconds
2025-09-18 20:17:06,390 - INFO - Processing /viper/ptmp/arego/RC4K1/15151.h5
2025-09-18 20:17:07,140 - INFO - Processing /viper/ptmp/arego/RC4K1/12376.h5
2025-09-18 20:17:07,202 - INFO - File 15151: Filtered 1541324 hits and 5 records
2025-09-18 20:17:07,944 - INFO - File 12376: Filtered 2174545 hits and 10 records
2025-09-18 20:17:08,487 - INFO - Completed /viper/ptmp/arego/RC4K1_EN_100/22249.h5 in 4.45 seconds
2025-09-18 20:17:08,654 - INFO - Processing /viper/ptmp/arego/RC4K1/18753.h5
2025-09-18 20:17:09,397 - INFO - File 18753: Filtered 3097896 hits and 8 records
2025-09-18 20:17:09,694 - INFO - Completed /viper/ptmp/arego/RC4K1_EN_100/15658.h5 in 7.59 seconds
2025-09-18 20:17:09,919 - INFO - Processing /viper/ptmp/arego/RC4K1/26893.h5
2025-09-18 20:17:10,285 - INFO - Completed /viper/ptmp/arego/RC4K1_EN_100/21177.h5 in 6.89 seconds
2025-09-18 20:17:10,746 - INFO - Processing /viper/ptmp/arego/RC4K1/25898.h5
2025-09-18 20:17:10,782 - INFO - File 26893: Filtered 1700218 hits and 6 records
2025-09-18 20:17:11,527 - INFO - File 25898: Filtered 2013818 hits and 6 records
2025-09-18 20:17:11,715 - INFO - Completed /viper/ptmp/arego/RC4K1_EN_100/27928.h5 in 7.02 seconds
2025-09-18 20:17:11,896 - INFO - Processing /viper/ptmp/arego/RC4K1/21908.h5
2025-09-18 20:17:12,451 - INFO - Completed /viper/ptmp/arego/RC4K1_EN_100/18106.h5 in 9.68 seconds
2025-09-18 20:17:12,514 - INFO - Completed /viper/ptmp/arego/RC4K1_EN_100/18753.h5 in 3.86 seconds
2025-09-18 20:17:12,648 - INFO - Completed /viper/ptmp/arego/RC4K1_EN_100/15502.h5 in 7.09 seconds
2025-09-18 20:17:12,741 - INFO - File 21908: Filtered 2267330 hits and 7 records
2025-09-18 20:17:12,837 - INFO - Processing /viper/ptmp/arego/RC4K1/11275.h5
2025-09-18 20:17:13,482 - INFO - Processing /viper/ptmp/arego/RC4K1/9867.h5
2025-09-18 20:17:13,715 - INFO - File 11275: Filtered 1459599 hits and 6 records
2025-09-18 20:17:13,765 - INFO - Completed /viper/ptmp/arego/RC4K1_EN_100/12376.h5 in 6.62 seconds
2025-09-18 20:17:14,093 - INFO - Processing /viper/ptmp/arego/RC4K1/24217.h5
2025-09-18 20:17:14,373 - INFO - File 9867: Filtered 1835598 hits and 8 records
2025-09-18 20:17:14,709 - INFO - Completed /viper/ptmp/arego/RC4K1_EN_100/15151.h5 in 8.32 seconds
2025-09-18 20:17:14,763 - INFO - Processing /viper/ptmp/arego/RC4K1/18333.h5
2025-09-18 20:17:15,010 - INFO - File 24217: Filtered 1813728 hits and 6 records
2025-09-18 20:17:15,413 - INFO - Processing /viper/ptmp/arego/RC4K1/19723.h5
2025-09-18 20:17:15,844 - INFO - File 18333: Filtered 1673256 hits and 7 records
2025-09-18 20:17:16,555 - INFO - File 19723: Filtered 3478209 hits and 8 records
2025-09-18 20:17:18,153 - INFO - Completed /viper/ptmp/arego/RC4K1_EN_100/25898.h5 in 7.41 seconds
2025-09-18 20:17:18,357 - INFO - Processing /viper/ptmp/arego/RC4K1/11834.h5
2025-09-18 20:17:18,854 - INFO - Completed /viper/ptmp/arego/RC4K1_EN_100/26893.h5 in 8.94 seconds
2025-09-18 20:17:19,076 - INFO - Processing /viper/ptmp/arego/RC4K1/2430.h5
2025-09-18 20:17:19,513 - INFO - File 11834: Filtered 1849550 hits and 6 records
2025-09-18 20:17:19,710 - INFO - Completed /viper/ptmp/arego/RC4K1_EN_100/21908.h5 in 7.81 seconds
2025-09-18 20:17:20,001 - INFO - Processing /viper/ptmp/arego/RC4K1/17294.h5
2025-09-18 20:17:20,193 - INFO - File 2430: Filtered 2665345 hits and 6 records
2025-09-18 20:17:20,271 - INFO - Completed /viper/ptmp/arego/RC4K1_EN_100/19723.h5 in 4.86 seconds
2025-09-18 20:17:20,900 - INFO - Processing /viper/ptmp/arego/RC4K1/9433.h5
2025-09-18 20:17:21,091 - INFO - File 17294: Filtered 3892090 hits and 6 records
2025-09-18 20:17:22,041 - INFO - File 9433: Filtered 4022665 hits and 6 records
2025-09-18 20:17:23,747 - INFO - Completed /viper/ptmp/arego/RC4K1_EN_100/9867.h5 in 10.26 seconds
2025-09-18 20:17:23,916 - INFO - Processing /viper/ptmp/arego/RC4K1/19231.h5
2025-09-18 20:17:24,702 - INFO - Completed /viper/ptmp/arego/RC4K1_EN_100/11275.h5 in 11.86 seconds
2025-09-18 20:17:24,943 - INFO - Processing /viper/ptmp/arego/RC4K1/20447.h5
2025-09-18 20:17:25,003 - INFO - Completed /viper/ptmp/arego/RC4K1_EN_100/24217.h5 in 10.91 seconds
2025-09-18 20:17:25,112 - INFO - File 19231: Filtered 2296581 hits and 7 records
2025-09-18 20:17:25,865 - INFO - Processing /viper/ptmp/arego/RC4K1/10944.h5
2025-09-18 20:17:26,294 - INFO - File 20447: Filtered 3065800 hits and 8 records
2025-09-18 20:17:26,728 - INFO - Completed /viper/ptmp/arego/RC4K1_EN_100/17294.h5 in 6.73 seconds
2025-09-18 20:17:26,996 - INFO - Processing /viper/ptmp/arego/RC4K1/14007.h5
2025-09-18 20:17:27,156 - INFO - File 10944: Filtered 2680441 hits and 5 records
2025-09-18 20:17:27,793 - INFO - Completed /viper/ptmp/arego/RC4K1_EN_100/18333.h5 in 13.03 seconds
2025-09-18 20:17:27,962 - INFO - Completed /viper/ptmp/arego/RC4K1_EN_100/9433.h5 in 7.06 seconds
2025-09-18 20:17:28,051 - INFO - Processing /viper/ptmp/arego/RC4K1/1086.h5
2025-09-18 20:17:28,261 - INFO - File 14007: Filtered 3525777 hits and 8 records
2025-09-18 20:17:28,716 - INFO - Processing /viper/ptmp/arego/RC4K1/6559.h5
2025-09-18 20:17:29,268 - INFO - File 1086: Filtered 2700544 hits and 6 records
2025-09-18 20:17:30,074 - INFO - File 6559: Filtered 2018329 hits and 7 records
2025-09-18 20:17:31,255 - INFO - Completed /viper/ptmp/arego/RC4K1_EN_100/2430.h5 in 12.18 seconds
2025-09-18 20:17:31,275 - INFO - Completed /viper/ptmp/arego/RC4K1_EN_100/11834.h5 in 12.92 seconds
2025-09-18 20:17:31,465 - INFO - Processing /viper/ptmp/arego/RC4K1/25531.h5
2025-09-18 20:17:32,018 - INFO - Processing /viper/ptmp/arego/RC4K1/11241.h5
2025-09-18 20:17:32,688 - INFO - File 25531: Filtered 2909601 hits and 8 records
2025-09-18 20:17:33,415 - INFO - File 11241: Filtered 4277415 hits and 8 records
2025-09-18 20:17:37,665 - INFO - Completed /viper/ptmp/arego/RC4K1_EN_100/20447.h5 in 12.72 seconds
2025-09-18 20:17:37,838 - INFO - Processing /viper/ptmp/arego/RC4K1/23191.h5
2025-09-18 20:17:37,928 - INFO - Completed /viper/ptmp/arego/RC4K1_EN_100/14007.h5 in 10.93 seconds
2025-09-18 20:17:38,550 - INFO - Processing /viper/ptmp/arego/RC4K1/7189.h5
2025-09-18 20:17:38,756 - INFO - Completed /viper/ptmp/arego/RC4K1_EN_100/19231.h5 in 14.84 seconds
2025-09-18 20:17:39,153 - INFO - File 23191: Filtered 4157547 hits and 6 records
2025-09-18 20:17:39,384 - INFO - Processing /viper/ptmp/arego/RC4K1/12004.h5
2025-09-18 20:17:39,849 - INFO - Completed /viper/ptmp/arego/RC4K1_EN_100/10944.h5 in 13.98 seconds
2025-09-18 20:17:40,015 - INFO - File 7189: Filtered 3779743 hits and 8 records
2025-09-18 20:17:40,029 - INFO - Processing /viper/ptmp/arego/RC4K1/27767.h5
2025-09-18 20:17:41,087 - INFO - File 12004: Filtered 2253953 hits and 5 records
2025-09-18 20:17:41,298 - INFO - Completed /viper/ptmp/arego/RC4K1_EN_100/11241.h5 in 9.28 seconds
2025-09-18 20:17:41,483 - INFO - File 27767: Filtered 2461446 hits and 4 records
2025-09-18 20:17:41,499 - INFO - Processing /viper/ptmp/arego/RC4K1/9540.h5
2025-09-18 20:17:42,005 - INFO - Completed /viper/ptmp/arego/RC4K1_EN_100/1086.h5 in 13.95 seconds
2025-09-18 20:17:42,513 - INFO - Processing /viper/ptmp/arego/RC4K1/27133.h5
2025-09-18 20:17:42,967 - INFO - File 9540: Filtered 4610669 hits and 7 records
2025-09-18 20:17:43,952 - INFO - File 27133: Filtered 4353918 hits and 4 records
2025-09-18 20:17:45,399 - INFO - Completed /viper/ptmp/arego/RC4K1_EN_100/25531.h5 in 13.93 seconds
2025-09-18 20:17:45,570 - INFO - Processing /viper/ptmp/arego/RC4K1/18487.h5
2025-09-18 20:17:45,898 - INFO - Completed /viper/ptmp/arego/RC4K1_EN_100/6559.h5 in 17.18 seconds
2025-09-18 20:17:46,261 - INFO - Processing /viper/ptmp/arego/RC4K1/4450.h5
2025-09-18 20:17:46,988 - INFO - File 18487: Filtered 3614634 hits and 8 records
2025-09-18 20:17:47,756 - INFO - File 4450: Filtered 3783967 hits and 8 records
2025-09-18 20:17:48,867 - INFO - Completed /viper/ptmp/arego/RC4K1_EN_100/23191.h5 in 11.03 seconds
2025-09-18 20:17:49,038 - INFO - Processing /viper/ptmp/arego/RC4K1/25370.h5
2025-09-18 20:17:50,432 - INFO - File 25370: Filtered 3403549 hits and 4 records
2025-09-18 20:17:50,842 - INFO - Completed /viper/ptmp/arego/RC4K1_EN_100/7189.h5 in 12.29 seconds
2025-09-18 20:17:51,020 - INFO - Processing /viper/ptmp/arego/RC4K1/25942.h5
2025-09-18 20:17:52,421 - INFO - File 25942: Filtered 4582998 hits and 7 records
2025-09-18 20:17:52,510 - INFO - Completed /viper/ptmp/arego/RC4K1_EN_100/9540.h5 in 11.01 seconds
2025-09-18 20:17:52,694 - INFO - Processing /viper/ptmp/arego/RC4K1/15662.h5
2025-09-18 20:17:53,909 - INFO - Completed /viper/ptmp/arego/RC4K1_EN_100/27133.h5 in 11.40 seconds
2025-09-18 20:17:54,073 - INFO - File 15662: Filtered 5578080 hits and 8 records
2025-09-18 20:17:54,098 - INFO - Processing /viper/ptmp/arego/RC4K1/23722.h5
2025-09-18 20:17:55,526 - INFO - File 23722: Filtered 2824591 hits and 3 records
2025-09-18 20:17:58,334 - INFO - Completed /viper/ptmp/arego/RC4K1_EN_100/27767.h5 in 18.31 seconds
2025-09-18 20:17:58,506 - INFO - Processing /viper/ptmp/arego/RC4K1/9598.h5
2025-09-18 20:17:59,295 - INFO - Completed /viper/ptmp/arego/RC4K1_EN_100/12004.h5 in 19.91 seconds
2025-09-18 20:17:59,474 - INFO - Processing /viper/ptmp/arego/RC4K1/20390.h5
2025-09-18 20:17:59,958 - INFO - File 9598: Filtered 4148807 hits and 9 records
2025-09-18 20:18:00,149 - INFO - Completed /viper/ptmp/arego/RC4K1_EN_100/15662.h5 in 7.46 seconds
2025-09-18 20:18:00,421 - INFO - Completed /viper/ptmp/arego/RC4K1_EN_100/18487.h5 in 14.85 seconds
2025-09-18 20:18:00,577 - INFO - Processing /viper/ptmp/arego/RC4K1/2826.h5
2025-09-18 20:18:01,081 - INFO - File 20390: Filtered 1054625 hits and 2 records
2025-09-18 20:18:01,227 - INFO - Processing /viper/ptmp/arego/RC4K1/23204.h5
2025-09-18 20:18:01,414 - INFO - Completed /viper/ptmp/arego/RC4K1_EN_100/4450.h5 in 15.15 seconds
2025-09-18 20:18:02,116 - INFO - Processing /viper/ptmp/arego/RC4K1/25411.h5
2025-09-18 20:18:02,213 - INFO - File 2826: Filtered 7021849 hits and 6 records
2025-09-18 20:18:02,229 - INFO - Completed /viper/ptmp/arego/RC4K1_EN_100/25942.h5 in 11.21 seconds
2025-09-18 20:18:02,878 - INFO - File 23204: Filtered 1436549 hits and 4 records
2025-09-18 20:18:02,982 - INFO - Processing /viper/ptmp/arego/RC4K1/28847.h5
2025-09-18 20:18:03,822 - INFO - File 25411: Filtered 3514944 hits and 5 records
2025-09-18 20:18:04,678 - INFO - File 28847: Filtered 3885403 hits and 7 records
2025-09-18 20:18:05,186 - INFO - Completed /viper/ptmp/arego/RC4K1_EN_100/25370.h5 in 16.15 seconds
2025-09-18 20:18:05,352 - INFO - Processing /viper/ptmp/arego/RC4K1/157.h5
2025-09-18 20:18:05,566 - INFO - Completed /viper/ptmp/arego/RC4K1_EN_100/2826.h5 in 4.99 seconds
2025-09-18 20:18:06,112 - INFO - Processing /viper/ptmp/arego/RC4K1/12673.h5
2025-09-18 20:18:06,994 - INFO - File 157: Filtered 5708853 hits and 5 records
2025-09-18 20:18:07,768 - INFO - File 12673: Filtered 6273784 hits and 5 records
2025-09-18 20:18:12,781 - INFO - Completed /viper/ptmp/arego/RC4K1_EN_100/9598.h5 in 14.27 seconds
2025-09-18 20:18:12,938 - INFO - Processing /viper/ptmp/arego/RC4K1/27993.h5
2025-09-18 20:18:13,220 - INFO - Completed /viper/ptmp/arego/RC4K1_EN_100/23722.h5 in 19.12 seconds
2025-09-18 20:18:13,761 - INFO - Processing /viper/ptmp/arego/RC4K1/9722.h5
2025-09-18 20:18:14,577 - INFO - File 27993: Filtered 4855095 hits and 9 records
2025-09-18 20:18:15,589 - INFO - File 9722: Filtered 4282796 hits and 5 records
2025-09-18 20:18:15,978 - INFO - Completed /viper/ptmp/arego/RC4K1_EN_100/12673.h5 in 9.87 seconds
2025-09-18 20:18:16,153 - INFO - Processing /viper/ptmp/arego/RC4K1/17284.h5
2025-09-18 20:18:16,893 - INFO - Completed /viper/ptmp/arego/RC4K1_EN_100/157.h5 in 11.54 seconds
2025-09-18 20:18:17,128 - INFO - Processing /viper/ptmp/arego/RC4K1/20816.h5
2025-09-18 20:18:17,771 - INFO - File 17284: Filtered 6566388 hits and 8 records
2025-09-18 20:18:18,842 - INFO - File 20816: Filtered 5590076 hits and 8 records
2025-09-18 20:18:20,579 - INFO - Completed /viper/ptmp/arego/RC4K1_EN_100/28847.h5 in 17.60 seconds
2025-09-18 20:18:20,812 - INFO - Processing /viper/ptmp/arego/RC4K1/2465.h5
2025-09-18 20:18:20,934 - INFO - Completed /viper/ptmp/arego/RC4K1_EN_100/25411.h5 in 18.82 seconds
2025-09-18 20:18:21,557 - INFO - Processing /viper/ptmp/arego/RC4K1/24466.h5
2025-09-18 20:18:22,519 - INFO - File 2465: Filtered 3547485 hits and 6 records
2025-09-18 20:18:23,457 - INFO - File 24466: Filtered 4138410 hits and 6 records
2025-09-18 20:18:25,954 - INFO - Completed /viper/ptmp/arego/RC4K1_EN_100/17284.h5 in 9.80 seconds
2025-09-18 20:18:26,125 - INFO - Processing /viper/ptmp/arego/RC4K1/19005.h5
2025-09-18 20:18:26,770 - INFO - Completed /viper/ptmp/arego/RC4K1_EN_100/20390.h5 in 27.30 seconds
2025-09-18 20:18:27,050 - INFO - Processing /viper/ptmp/arego/RC4K1/9819.h5
2025-09-18 20:18:27,966 - INFO - File 19005: Filtered 4128209 hits and 7 records
2025-09-18 20:18:28,606 - INFO - Completed /viper/ptmp/arego/RC4K1_EN_100/27993.h5 in 15.67 seconds
2025-09-18 20:18:28,869 - INFO - Processing /viper/ptmp/arego/RC4K1/8446.h5
2025-09-18 20:18:28,945 - INFO - Completed /viper/ptmp/arego/RC4K1_EN_100/23204.h5 in 27.72 seconds
2025-09-18 20:18:29,064 - INFO - File 9819: Filtered 5026119 hits and 8 records
2025-09-18 20:18:29,674 - INFO - Processing /viper/ptmp/arego/RC4K1/6499.h5
2025-09-18 20:18:30,593 - INFO - File 8446: Filtered 5918175 hits and 4 records
2025-09-18 20:18:31,202 - INFO - Completed /viper/ptmp/arego/RC4K1_EN_100/20816.h5 in 14.07 seconds
2025-09-18 20:18:31,392 - INFO - Processing /viper/ptmp/arego/RC4K1/14623.h5
2025-09-18 20:18:31,597 - INFO - File 6499: Filtered 3819455 hits and 7 records
2025-09-18 20:18:32,800 - INFO - Completed /viper/ptmp/arego/RC4K1_EN_100/9722.h5 in 19.04 seconds
2025-09-18 20:18:33,040 - INFO - Processing /viper/ptmp/arego/RC4K1/3422.h5
2025-09-18 20:18:33,330 - INFO - File 14623: Filtered 2507562 hits and 6 records
2025-09-18 20:18:34,936 - INFO - File 3422: Filtered 7174161 hits and 10 records
2025-09-18 20:18:41,650 - INFO - Completed /viper/ptmp/arego/RC4K1_EN_100/24466.h5 in 20.09 seconds
2025-09-18 20:18:41,824 - INFO - Processing /viper/ptmp/arego/RC4K1/20021.h5
2025-09-18 20:18:42,730 - INFO - Completed /viper/ptmp/arego/RC4K1_EN_100/2465.h5 in 21.92 seconds
2025-09-18 20:18:42,902 - INFO - Processing /viper/ptmp/arego/RC4K1/1555.h5
2025-09-18 20:18:43,706 - INFO - Completed /viper/ptmp/arego/RC4K1_EN_100/8446.h5 in 14.84 seconds
2025-09-18 20:18:43,718 - INFO - File 20021: Filtered 7483675 hits and 5 records
2025-09-18 20:18:43,961 - INFO - Processing /viper/ptmp/arego/RC4K1/27028.h5
2025-09-18 20:18:44,511 - INFO - Completed /viper/ptmp/arego/RC4K1_EN_100/9819.h5 in 17.46 seconds
2025-09-18 20:18:44,693 - INFO - Processing /viper/ptmp/arego/RC4K1/29053.h5
2025-09-18 20:18:44,902 - INFO - File 1555: Filtered 4075304 hits and 8 records
2025-09-18 20:18:44,982 - INFO - Completed /viper/ptmp/arego/RC4K1_EN_100/3422.h5 in 11.94 seconds
2025-09-18 20:18:45,484 - INFO - Processing /viper/ptmp/arego/RC4K1/4711.h5
2025-09-18 20:18:46,085 - INFO - File 27028: Filtered 4229589 hits and 3 records
2025-09-18 20:18:46,910 - INFO - File 29053: Filtered 3160416 hits and 6 records
2025-09-18 20:18:47,546 - INFO - Completed /viper/ptmp/arego/RC4K1_EN_100/19005.h5 in 21.42 seconds
2025-09-18 20:18:47,737 - INFO - Processing /viper/ptmp/arego/RC4K1/15204.h5
2025-09-18 20:18:47,810 - INFO - File 4711: Filtered 5625015 hits and 9 records
2025-09-18 20:18:49,700 - INFO - File 15204: Filtered 6563243 hits and 9 records
2025-09-18 20:18:54,028 - INFO - Completed /viper/ptmp/arego/RC4K1_EN_100/20021.h5 in 12.20 seconds
2025-09-18 20:18:54,028 - INFO - Completed /viper/ptmp/arego/RC4K1_EN_100/6499.h5 in 24.35 seconds
2025-09-18 20:18:54,186 - INFO - Processing /viper/ptmp/arego/RC4K1/2133.h5
2025-09-18 20:18:54,817 - INFO - Processing /viper/ptmp/arego/RC4K1/21400.h5
2025-09-18 20:18:56,070 - INFO - File 2133: Filtered 8298677 hits and 8 records
2025-09-18 20:18:56,901 - INFO - File 21400: Filtered 6345132 hits and 9 records
2025-09-18 20:19:01,498 - INFO - Completed /viper/ptmp/arego/RC4K1_EN_100/14623.h5 in 30.11 seconds
2025-09-18 20:19:01,670 - INFO - Processing /viper/ptmp/arego/RC4K1/25534.h5
2025-09-18 20:19:03,592 - INFO - File 25534: Filtered 9704796 hits and 8 records
2025-09-18 20:19:04,026 - INFO - Completed /viper/ptmp/arego/RC4K1_EN_100/15204.h5 in 16.29 seconds
2025-09-18 20:19:04,193 - INFO - Processing /viper/ptmp/arego/RC4K1/973.h5
2025-09-18 20:19:04,500 - INFO - Completed /viper/ptmp/arego/RC4K1_EN_100/2133.h5 in 10.31 seconds
2025-09-18 20:19:05,028 - INFO - Processing /viper/ptmp/arego/RC4K1/29421.h5
2025-09-18 20:19:06,007 - INFO - Completed /viper/ptmp/arego/RC4K1_EN_100/4711.h5 in 20.52 seconds
2025-09-18 20:19:06,144 - INFO - File 973: Filtered 10404686 hits and 7 records
2025-09-18 20:19:06,187 - INFO - Processing /viper/ptmp/arego/RC4K1/4804.h5
2025-09-18 20:19:07,121 - INFO - File 29421: Filtered 7215898 hits and 9 records
2025-09-18 20:19:07,344 - INFO - Completed /viper/ptmp/arego/RC4K1_EN_100/25534.h5 in 5.67 seconds
2025-09-18 20:19:07,507 - INFO - Processing /viper/ptmp/arego/RC4K1/9309.h5
2025-09-18 20:19:07,863 - INFO - Completed /viper/ptmp/arego/RC4K1_EN_100/973.h5 in 3.67 seconds
2025-09-18 20:19:08,325 - INFO - File 4804: Filtered 7931340 hits and 9 records
2025-09-18 20:19:08,419 - INFO - Completed /viper/ptmp/arego/RC4K1_EN_100/1555.h5 in 25.52 seconds
2025-09-18 20:19:08,457 - INFO - Processing /viper/ptmp/arego/RC4K1/19324.h5
2025-09-18 20:19:09,198 - INFO - Processing /viper/ptmp/arego/RC4K1/27479.h5
2025-09-18 20:19:09,342 - INFO - Completed /viper/ptmp/arego/RC4K1_EN_100/27028.h5 in 25.38 seconds
2025-09-18 20:19:09,638 - INFO - File 9309: Filtered 8184279 hits and 10 records
2025-09-18 20:19:09,903 - INFO - Processing /viper/ptmp/arego/RC4K1/8365.h5
2025-09-18 20:19:10,901 - INFO - File 19324: Filtered 4913729 hits and 7 records
2025-09-18 20:19:11,756 - INFO - File 27479: Filtered 5659308 hits and 6 records
2025-09-18 20:19:12,534 - INFO - File 8365: Filtered 6698088 hits and 8 records
2025-09-18 20:19:13,039 - INFO - Completed /viper/ptmp/arego/RC4K1_EN_100/21400.h5 in 18.22 seconds
2025-09-18 20:19:13,217 - INFO - Processing /viper/ptmp/arego/RC4K1/9172.h5
2025-09-18 20:19:14,978 - INFO - Completed /viper/ptmp/arego/RC4K1_EN_100/29053.h5 in 30.28 seconds
2025-09-18 20:19:15,169 - INFO - Processing /viper/ptmp/arego/RC4K1/14282.h5
2025-09-18 20:19:15,369 - INFO - File 9172: Filtered 4803440 hits and 4 records
2025-09-18 20:19:17,428 - INFO - File 14282: Filtered 5368842 hits and 10 records
2025-09-18 20:19:20,377 - INFO - Completed /viper/ptmp/arego/RC4K1_EN_100/4804.h5 in 14.19 seconds
2025-09-18 20:19:20,542 - INFO - Processing /viper/ptmp/arego/RC4K1/26506.h5
2025-09-18 20:19:21,008 - INFO - Completed /viper/ptmp/arego/RC4K1_EN_100/29421.h5 in 15.98 seconds
2025-09-18 20:19:21,304 - INFO - Processing /viper/ptmp/arego/RC4K1/28933.h5
2025-09-18 20:19:21,412 - INFO - Completed /viper/ptmp/arego/RC4K1_EN_100/9309.h5 in 13.91 seconds
2025-09-18 20:19:21,914 - INFO - Processing /viper/ptmp/arego/RC4K1/7512.h5
2025-09-18 20:19:22,807 - INFO - File 26506: Filtered 4292632 hits and 5 records
2025-09-18 20:19:23,881 - INFO - File 28933: Filtered 10972489 hits and 9 records
2025-09-18 20:19:24,465 - INFO - File 7512: Filtered 10415254 hits and 6 records
2025-09-18 20:19:27,269 - INFO - Completed /viper/ptmp/arego/RC4K1_EN_100/28933.h5 in 5.97 seconds
2025-09-18 20:19:27,426 - INFO - Processing /viper/ptmp/arego/RC4K1/6128.h5
2025-09-18 20:19:29,598 - INFO - Completed /viper/ptmp/arego/RC4K1_EN_100/7512.h5 in 7.68 seconds
2025-09-18 20:19:29,688 - INFO - File 6128: Filtered 7104382 hits and 5 records
2025-09-18 20:19:29,820 - INFO - Processing /viper/ptmp/arego/RC4K1/24879.h5
2025-09-18 20:19:30,680 - INFO - Completed /viper/ptmp/arego/RC4K1_EN_100/8365.h5 in 20.78 seconds
2025-09-18 20:19:30,845 - INFO - Processing /viper/ptmp/arego/RC4K1/22105.h5
2025-09-18 20:19:32,273 - INFO - File 24879: Filtered 5612262 hits and 6 records
2025-09-18 20:19:33,422 - INFO - File 22105: Filtered 10190891 hits and 8 records
2025-09-18 20:19:34,055 - INFO - Completed /viper/ptmp/arego/RC4K1_EN_100/27479.h5 in 24.86 seconds
2025-09-18 20:19:34,222 - INFO - Processing /viper/ptmp/arego/RC4K1/9204.h5
2025-09-18 20:19:36,543 - INFO - File 9204: Filtered 4903717 hits and 8 records
2025-09-18 20:19:37,298 - INFO - Completed /viper/ptmp/arego/RC4K1_EN_100/19324.h5 in 28.84 seconds
2025-09-18 20:19:37,467 - INFO - Processing /viper/ptmp/arego/RC4K1/12416.h5
2025-09-18 20:19:39,873 - INFO - File 12416: Filtered 4068708 hits and 6 records
2025-09-18 20:19:41,418 - INFO - Completed /viper/ptmp/arego/RC4K1_EN_100/9172.h5 in 28.20 seconds
2025-09-18 20:19:41,569 - INFO - Processing /viper/ptmp/arego/RC4K1/21742.h5
2025-09-18 20:19:41,579 - INFO - Completed /viper/ptmp/arego/RC4K1_EN_100/22105.h5 in 10.73 seconds
2025-09-18 20:19:42,268 - INFO - Processing /viper/ptmp/arego/RC4K1/20531.h5
2025-09-18 20:19:42,773 - INFO - Completed /viper/ptmp/arego/RC4K1_EN_100/14282.h5 in 27.60 seconds
2025-09-18 20:19:42,933 - INFO - Processing /viper/ptmp/arego/RC4K1/13556.h5
2025-09-18 20:19:43,936 - INFO - File 21742: Filtered 10780424 hits and 7 records
2025-09-18 20:19:44,960 - INFO - File 20531: Filtered 6828418 hits and 9 records
2025-09-18 20:19:45,596 - INFO - File 13556: Filtered 8166578 hits and 4 records
2025-09-18 20:19:49,227 - INFO - Completed /viper/ptmp/arego/RC4K1_EN_100/6128.h5 in 21.80 seconds
2025-09-18 20:19:49,433 - INFO - Processing /viper/ptmp/arego/RC4K1/18555.h5
2025-09-18 20:19:50,512 - INFO - Completed /viper/ptmp/arego/RC4K1_EN_100/21742.h5 in 8.94 seconds
2025-09-18 20:19:50,668 - INFO - Processing /viper/ptmp/arego/RC4K1/2691.h5
2025-09-18 20:19:51,725 - INFO - File 18555: Filtered 8150536 hits and 5 records
2025-09-18 20:19:53,169 - INFO - File 2691: Filtered 5571446 hits and 6 records
2025-09-18 20:19:54,021 - INFO - Completed /viper/ptmp/arego/RC4K1_EN_100/26506.h5 in 33.48 seconds
2025-09-18 20:19:54,242 - INFO - Processing /viper/ptmp/arego/RC4K1/2681.h5
2025-09-18 20:19:56,727 - INFO - File 2681: Filtered 5978362 hits and 9 records
2025-09-18 20:19:58,598 - INFO - Completed /viper/ptmp/arego/RC4K1_EN_100/24879.h5 in 28.78 seconds
2025-09-18 20:19:58,781 - INFO - Processing /viper/ptmp/arego/RC4K1/26664.h5
2025-09-18 20:20:01,175 - INFO - File 26664: Filtered 7721036 hits and 7 records
2025-09-18 20:20:02,587 - INFO - Completed /viper/ptmp/arego/RC4K1_EN_100/13556.h5 in 19.65 seconds
2025-09-18 20:20:02,800 - INFO - Processing /viper/ptmp/arego/RC4K1/27997.h5
2025-09-18 20:20:05,278 - INFO - Completed /viper/ptmp/arego/RC4K1_EN_100/9204.h5 in 31.06 seconds
2025-09-18 20:20:05,360 - INFO - File 27997: Filtered 7291756 hits and 8 records
2025-09-18 20:20:05,454 - INFO - Processing /viper/ptmp/arego/RC4K1/8157.h5
2025-09-18 20:20:07,442 - INFO - Completed /viper/ptmp/arego/RC4K1_EN_100/20531.h5 in 25.17 seconds
2025-09-18 20:20:07,618 - INFO - Processing /viper/ptmp/arego/RC4K1/8296.h5
2025-09-18 20:20:07,846 - INFO - File 8157: Filtered 7065148 hits and 8 records
2025-09-18 20:20:08,668 - INFO - Completed /viper/ptmp/arego/RC4K1_EN_100/18555.h5 in 19.23 seconds
2025-09-18 20:20:08,833 - INFO - Processing /viper/ptmp/arego/RC4K1/18211.h5
2025-09-18 20:20:10,369 - INFO - File 8296: Filtered 10135309 hits and 8 records
2025-09-18 20:20:11,429 - INFO - File 18211: Filtered 9682393 hits and 9 records
2025-09-18 20:20:11,957 - INFO - Completed /viper/ptmp/arego/RC4K1_EN_100/12416.h5 in 34.49 seconds
2025-09-18 20:20:12,122 - INFO - Processing /viper/ptmp/arego/RC4K1/15938.h5
2025-09-18 20:20:14,796 - INFO - File 15938: Filtered 5575554 hits and 7 records
2025-09-18 20:20:20,533 - INFO - Completed /viper/ptmp/arego/RC4K1_EN_100/26664.h5 in 21.75 seconds
2025-09-18 20:20:20,686 - INFO - Completed /viper/ptmp/arego/RC4K1_EN_100/2691.h5 in 30.02 seconds
2025-09-18 20:20:20,701 - INFO - Processing /viper/ptmp/arego/RC4K1/21678.h5
2025-09-18 20:20:21,375 - INFO - Processing /viper/ptmp/arego/RC4K1/14920.h5
2025-09-18 20:20:22,110 - INFO - Completed /viper/ptmp/arego/RC4K1_EN_100/8296.h5 in 14.49 seconds
2025-09-18 20:20:22,256 - INFO - Completed /viper/ptmp/arego/RC4K1_EN_100/2681.h5 in 28.01 seconds
2025-09-18 20:20:22,305 - INFO - Processing /viper/ptmp/arego/RC4K1/2238.h5
2025-09-18 20:20:23,124 - INFO - Processing /viper/ptmp/arego/RC4K1/5985.h5
2025-09-18 20:20:23,296 - INFO - File 21678: Filtered 12888136 hits and 4 records
2025-09-18 20:20:24,294 - INFO - File 14920: Filtered 6211579 hits and 9 records
2025-09-18 20:20:25,184 - INFO - File 2238: Filtered 11155700 hits and 6 records
2025-09-18 20:20:26,095 - INFO - File 5985: Filtered 10935739 hits and 8 records
2025-09-18 20:20:26,373 - INFO - Completed /viper/ptmp/arego/RC4K1_EN_100/18211.h5 in 17.54 seconds
2025-09-18 20:20:26,544 - INFO - Processing /viper/ptmp/arego/RC4K1/5180.h5
2025-09-18 20:20:27,215 - INFO - Completed /viper/ptmp/arego/RC4K1_EN_100/21678.h5 in 6.51 seconds
2025-09-18 20:20:27,273 - INFO - Completed /viper/ptmp/arego/RC4K1_EN_100/27997.h5 in 24.47 seconds
2025-09-18 20:20:27,440 - INFO - Processing /viper/ptmp/arego/RC4K1/25147.h5
2025-09-18 20:20:28,089 - INFO - Processing /viper/ptmp/arego/RC4K1/15165.h5
2025-09-18 20:20:29,077 - INFO - File 5180: Filtered 12131299 hits and 8 records
2025-09-18 20:20:30,356 - INFO - File 25147: Filtered 11946787 hits and 5 records
2025-09-18 20:20:30,917 - INFO - Completed /viper/ptmp/arego/RC4K1_EN_100/8157.h5 in 25.46 seconds
2025-09-18 20:20:31,135 - INFO - Processing /viper/ptmp/arego/RC4K1/15563.h5
2025-09-18 20:20:31,186 - INFO - File 15165: Filtered 7172417 hits and 9 records
2025-09-18 20:20:33,786 - INFO - File 15563: Filtered 13386835 hits and 7 records
2025-09-18 20:20:35,476 - INFO - Completed /viper/ptmp/arego/RC4K1_EN_100/2238.h5 in 13.17 seconds
2025-09-18 20:20:35,642 - INFO - Processing /viper/ptmp/arego/RC4K1/23311.h5
2025-09-18 20:20:37,029 - INFO - Completed /viper/ptmp/arego/RC4K1_EN_100/5180.h5 in 10.49 seconds
2025-09-18 20:20:37,089 - INFO - Completed /viper/ptmp/arego/RC4K1_EN_100/5985.h5 in 13.96 seconds
2025-09-18 20:20:37,181 - INFO - Processing /viper/ptmp/arego/RC4K1/6778.h5
2025-09-18 20:20:38,013 - INFO - Processing /viper/ptmp/arego/RC4K1/27493.h5
2025-09-18 20:20:38,515 - INFO - File 23311: Filtered 3211148 hits and 6 records
2025-09-18 20:20:38,694 - INFO - Completed /viper/ptmp/arego/RC4K1_EN_100/15563.h5 in 7.56 seconds
2025-09-18 20:20:38,852 - INFO - Processing /viper/ptmp/arego/RC4K1/16179.h5
2025-09-18 20:20:40,372 - INFO - File 6778: Filtered 12760442 hits and 7 records
2025-09-18 20:20:41,504 - INFO - File 27493: Filtered 7269690 hits and 7 records
2025-09-18 20:20:41,562 - INFO - Completed /viper/ptmp/arego/RC4K1_EN_100/25147.h5 in 14.12 seconds
2025-09-18 20:20:41,738 - INFO - Processing /viper/ptmp/arego/RC4K1/11796.h5
2025-09-18 20:20:42,336 - INFO - File 16179: Filtered 12208600 hits and 10 records
2025-09-18 20:20:44,815 - INFO - File 11796: Filtered 3498859 hits and 6 records
2025-09-18 20:20:46,982 - INFO - Completed /viper/ptmp/arego/RC4K1_EN_100/15938.h5 in 34.86 seconds
2025-09-18 20:20:47,142 - INFO - Processing /viper/ptmp/arego/RC4K1/11959.h5
2025-09-18 20:20:48,743 - INFO - Completed /viper/ptmp/arego/RC4K1_EN_100/6778.h5 in 11.56 seconds
2025-09-18 20:20:48,898 - INFO - Processing /viper/ptmp/arego/RC4K1/22109.h5
2025-09-18 20:20:50,130 - INFO - File 11959: Filtered 11115770 hits and 8 records
2025-09-18 20:20:52,649 - INFO - File 22109: Filtered 9709228 hits and 9 records
2025-09-18 20:20:53,829 - INFO - Completed /viper/ptmp/arego/RC4K1_EN_100/14920.h5 in 32.45 seconds
2025-09-18 20:20:54,015 - INFO - Processing /viper/ptmp/arego/RC4K1/9267.h5
2025-09-18 20:20:54,999 - INFO - Completed /viper/ptmp/arego/RC4K1_EN_100/16179.h5 in 16.15 seconds
2025-09-18 20:20:55,164 - INFO - Processing /viper/ptmp/arego/RC4K1/1768.h5
2025-09-18 20:20:57,047 - INFO - File 9267: Filtered 11739812 hits and 7 records
2025-09-18 20:20:58,362 - INFO - File 1768: Filtered 9179879 hits and 9 records
2025-09-18 20:21:00,936 - INFO - Completed /viper/ptmp/arego/RC4K1_EN_100/15165.h5 in 32.85 seconds
2025-09-18 20:21:01,125 - INFO - Processing /viper/ptmp/arego/RC4K1/10771.h5
2025-09-18 20:21:04,246 - INFO - File 10771: Filtered 13432840 hits and 7 records
2025-09-18 20:21:10,633 - INFO - Completed /viper/ptmp/arego/RC4K1_EN_100/11959.h5 in 23.49 seconds
2025-09-18 20:21:10,845 - INFO - Processing /viper/ptmp/arego/RC4K1/687.h5
2025-09-18 20:21:14,160 - INFO - File 687: Filtered 9072343 hits and 9 records
2025-09-18 20:21:15,838 - INFO - Completed /viper/ptmp/arego/RC4K1_EN_100/9267.h5 in 21.82 seconds
2025-09-18 20:21:15,982 - INFO - Completed /viper/ptmp/arego/RC4K1_EN_100/27493.h5 in 37.97 seconds
2025-09-18 20:21:16,055 - INFO - Processing /viper/ptmp/arego/RC4K1/1254.h5
2025-09-18 20:21:16,683 - INFO - Processing /viper/ptmp/arego/RC4K1/434.h5
2025-09-18 20:21:18,056 - INFO - Completed /viper/ptmp/arego/RC4K1_EN_100/22109.h5 in 29.16 seconds
2025-09-18 20:21:18,252 - INFO - Processing /viper/ptmp/arego/RC4K1/12677.h5
2025-09-18 20:21:19,026 - INFO - Completed /viper/ptmp/arego/RC4K1_EN_100/10771.h5 in 17.90 seconds
2025-09-18 20:21:19,548 - INFO - Processing /viper/ptmp/arego/RC4K1/1271.h5
2025-09-18 20:21:19,647 - INFO - File 1254: Filtered 9565798 hits and 6 records
2025-09-18 20:21:20,368 - INFO - File 434: Filtered 8341414 hits and 5 records
2025-09-18 20:21:21,548 - INFO - Completed /viper/ptmp/arego/RC4K1_EN_100/23311.h5 in 45.91 seconds
2025-09-18 20:21:21,760 - INFO - Processing /viper/ptmp/arego/RC4K1/20718.h5
2025-09-18 20:21:22,412 - INFO - File 12677: Filtered 9629176 hits and 8 records
2025-09-18 20:21:23,485 - INFO - File 1271: Filtered 8095057 hits and 10 records
2025-09-18 20:21:25,260 - INFO - File 20718: Filtered 14019457 hits and 7 records
2025-09-18 20:21:27,484 - INFO - Completed /viper/ptmp/arego/RC4K1_EN_100/1768.h5 in 32.32 seconds
2025-09-18 20:21:27,640 - INFO - Processing /viper/ptmp/arego/RC4K1/13220.h5
2025-09-18 20:21:30,865 - INFO - File 13220: Filtered 10433404 hits and 6 records
2025-09-18 20:21:37,243 - INFO - Completed /viper/ptmp/arego/RC4K1_EN_100/11796.h5 in 55.50 seconds
2025-09-18 20:21:37,452 - INFO - Processing /viper/ptmp/arego/RC4K1/15552.h5
2025-09-18 20:21:39,636 - INFO - Completed /viper/ptmp/arego/RC4K1_EN_100/20718.h5 in 17.88 seconds
2025-09-18 20:21:39,831 - INFO - Processing /viper/ptmp/arego/RC4K1/2176.h5
2025-09-18 20:21:40,718 - INFO - File 15552: Filtered 16650256 hits and 5 records
2025-09-18 20:21:43,218 - INFO - File 2176: Filtered 10842172 hits and 12 records
2025-09-18 20:21:44,596 - INFO - Completed /viper/ptmp/arego/RC4K1_EN_100/15552.h5 in 7.14 seconds
2025-09-18 20:21:44,765 - INFO - Processing /viper/ptmp/arego/RC4K1/29666.h5
2025-09-18 20:21:46,581 - INFO - Completed /viper/ptmp/arego/RC4K1_EN_100/687.h5 in 35.74 seconds
2025-09-18 20:21:46,739 - INFO - Processing /viper/ptmp/arego/RC4K1/8953.h5
2025-09-18 20:21:48,275 - INFO - File 29666: Filtered 8847992 hits and 6 records
2025-09-18 20:21:50,146 - INFO - Completed /viper/ptmp/arego/RC4K1_EN_100/1254.h5 in 34.09 seconds
2025-09-18 20:21:50,325 - INFO - Processing /viper/ptmp/arego/RC4K1/16955.h5
2025-09-18 20:21:50,456 - INFO - File 8953: Filtered 8889395 hits and 6 records
2025-09-18 20:21:53,901 - INFO - File 16955: Filtered 11703069 hits and 7 records
2025-09-18 20:21:53,971 - INFO - Completed /viper/ptmp/arego/RC4K1_EN_100/12677.h5 in 35.72 seconds
2025-09-18 20:21:54,206 - INFO - Processing /viper/ptmp/arego/RC4K1/5434.h5
2025-09-18 20:21:55,396 - INFO - Completed /viper/ptmp/arego/RC4K1_EN_100/434.h5 in 38.71 seconds
2025-09-18 20:21:55,565 - INFO - Processing /viper/ptmp/arego/RC4K1/13065.h5
2025-09-18 20:21:57,668 - INFO - File 5434: Filtered 6727743 hits and 5 records
2025-09-18 20:21:59,742 - INFO - File 13065: Filtered 10800670 hits and 8 records
2025-09-18 20:21:59,799 - INFO - Completed /viper/ptmp/arego/RC4K1_EN_100/13220.h5 in 32.16 seconds
2025-09-18 20:22:00,040 - INFO - Processing /viper/ptmp/arego/RC4K1/12907.h5
2025-09-18 20:22:03,121 - INFO - Completed /viper/ptmp/arego/RC4K1_EN_100/1271.h5 in 43.57 seconds
2025-09-18 20:22:03,320 - INFO - Processing /viper/ptmp/arego/RC4K1/11067.h5
2025-09-18 20:22:03,966 - INFO - File 12907: Filtered 12169800 hits and 9 records
2025-09-18 20:22:07,358 - INFO - File 11067: Filtered 13345747 hits and 10 records
2025-09-18 20:22:12,039 - INFO - Completed /viper/ptmp/arego/RC4K1_EN_100/2176.h5 in 32.21 seconds
2025-09-18 20:22:12,204 - INFO - Processing /viper/ptmp/arego/RC4K1/16953.h5
2025-09-18 20:22:16,121 - INFO - File 16953: Filtered 6189813 hits and 6 records
2025-09-18 20:22:19,927 - INFO - Completed /viper/ptmp/arego/RC4K1_EN_100/16955.h5 in 29.60 seconds
2025-09-18 20:22:20,078 - INFO - Processing /viper/ptmp/arego/RC4K1/8325.h5
2025-09-18 20:22:24,028 - INFO - File 8325: Filtered 16555523 hits and 8 records
2025-09-18 20:22:28,032 - INFO - Completed /viper/ptmp/arego/RC4K1_EN_100/29666.h5 in 43.27 seconds
2025-09-18 20:22:28,188 - INFO - Processing /viper/ptmp/arego/RC4K1/11193.h5
2025-09-18 20:22:29,745 - INFO - Completed /viper/ptmp/arego/RC4K1_EN_100/8953.h5 in 43.01 seconds
2025-09-18 20:22:29,898 - INFO - Processing /viper/ptmp/arego/RC4K1/28510.h5
2025-09-18 20:22:32,193 - INFO - File 11193: Filtered 11297363 hits and 8 records
2025-09-18 20:22:32,311 - INFO - Completed /viper/ptmp/arego/RC4K1_EN_100/12907.h5 in 32.27 seconds
2025-09-18 20:22:32,479 - INFO - Processing /viper/ptmp/arego/RC4K1/22286.h5
2025-09-18 20:22:32,933 - INFO - Completed /viper/ptmp/arego/RC4K1_EN_100/13065.h5 in 37.37 seconds
2025-09-18 20:22:33,423 - INFO - Processing /viper/ptmp/arego/RC4K1/26960.h5
2025-09-18 20:22:34,174 - INFO - File 28510: Filtered 9315200 hits and 6 records
2025-09-18 20:22:35,660 - INFO - Completed /viper/ptmp/arego/RC4K1_EN_100/11067.h5 in 32.34 seconds
2025-09-18 20:22:35,903 - INFO - Processing /viper/ptmp/arego/RC4K1/7052.h5
2025-09-18 20:22:37,025 - INFO - File 22286: Filtered 9490987 hits and 8 records
2025-09-18 20:22:37,532 - INFO - Completed /viper/ptmp/arego/RC4K1_EN_100/8325.h5 in 17.45 seconds
2025-09-18 20:22:37,796 - INFO - Processing /viper/ptmp/arego/RC4K1/18700.h5
2025-09-18 20:22:38,204 - INFO - File 26960: Filtered 11420127 hits and 8 records
2025-09-18 20:22:40,197 - INFO - File 7052: Filtered 13920886 hits and 9 records
2025-09-18 20:22:42,000 - INFO - File 18700: Filtered 10774939 hits and 9 records
2025-09-18 20:22:42,575 - INFO - Completed /viper/ptmp/arego/RC4K1_EN_100/5434.h5 in 48.37 seconds
2025-09-18 20:22:42,741 - INFO - Processing /viper/ptmp/arego/RC4K1/3007.h5
2025-09-18 20:22:46,700 - INFO - File 3007: Filtered 15845845 hits and 6 records
2025-09-18 20:23:03,257 - INFO - Completed /viper/ptmp/arego/RC4K1_EN_100/3007.h5 in 20.52 seconds
2025-09-18 20:23:03,434 - INFO - Processing /viper/ptmp/arego/RC4K1/20552.h5
2025-09-18 20:23:04,238 - INFO - Completed /viper/ptmp/arego/RC4K1_EN_100/7052.h5 in 28.33 seconds
2025-09-18 20:23:04,499 - INFO - Processing /viper/ptmp/arego/RC4K1/13003.h5
2025-09-18 20:23:05,267 - INFO - Completed /viper/ptmp/arego/RC4K1_EN_100/11193.h5 in 37.08 seconds
2025-09-18 20:23:05,425 - INFO - Processing /viper/ptmp/arego/RC4K1/28432.h5
2025-09-18 20:23:07,687 - INFO - File 20552: Filtered 13064946 hits and 5 records
2025-09-18 20:23:09,764 - INFO - File 13003: Filtered 10047724 hits and 8 records
2025-09-18 20:23:10,597 - INFO - File 28432: Filtered 4686362 hits and 6 records
2025-09-18 20:23:10,824 - INFO - Completed /viper/ptmp/arego/RC4K1_EN_100/16953.h5 in 58.62 seconds
2025-09-18 20:23:11,041 - INFO - Processing /viper/ptmp/arego/RC4K1/13042.h5
2025-09-18 20:23:13,673 - INFO - Completed /viper/ptmp/arego/RC4K1_EN_100/28510.h5 in 43.78 seconds
2025-09-18 20:23:13,700 - INFO - Completed /viper/ptmp/arego/RC4K1_EN_100/26960.h5 in 40.28 seconds
2025-09-18 20:23:13,836 - INFO - Processing /viper/ptmp/arego/RC4K1/11598.h5
2025-09-18 20:23:14,623 - INFO - Processing /viper/ptmp/arego/RC4K1/19307.h5
2025-09-18 20:23:14,795 - INFO - Completed /viper/ptmp/arego/RC4K1_EN_100/22286.h5 in 42.32 seconds
2025-09-18 20:23:15,382 - INFO - Processing /viper/ptmp/arego/RC4K1/8626.h5
2025-09-18 20:23:15,487 - INFO - File 13042: Filtered 11301341 hits and 8 records
2025-09-18 20:23:18,759 - INFO - File 11598: Filtered 11367966 hits and 8 records
2025-09-18 20:23:19,050 - INFO - Completed /viper/ptmp/arego/RC4K1_EN_100/18700.h5 in 41.25 seconds
2025-09-18 20:23:19,326 - INFO - Processing /viper/ptmp/arego/RC4K1/10125.h5
2025-09-18 20:23:19,683 - INFO - File 19307: Filtered 18672152 hits and 8 records
2025-09-18 20:23:20,549 - INFO - File 8626: Filtered 9432116 hits and 8 records
2025-09-18 20:23:23,832 - INFO - File 10125: Filtered 10794062 hits and 9 records
2025-09-18 20:23:31,466 - INFO - Completed /viper/ptmp/arego/RC4K1_EN_100/19307.h5 in 16.84 seconds
2025-09-18 20:23:31,614 - INFO - Processing /viper/ptmp/arego/RC4K1/13602.h5
2025-09-18 20:23:35,736 - INFO - File 13602: Filtered 13753768 hits and 7 records
2025-09-18 20:23:38,460 - INFO - Completed /viper/ptmp/arego/RC4K1_EN_100/20552.h5 in 35.03 seconds
2025-09-18 20:23:38,642 - INFO - Processing /viper/ptmp/arego/RC4K1/742.h5
2025-09-18 20:23:42,937 - INFO - File 742: Filtered 12645296 hits and 7 records
2025-09-18 20:23:51,829 - INFO - Completed /viper/ptmp/arego/RC4K1_EN_100/13003.h5 in 47.33 seconds
2025-09-18 20:23:51,992 - INFO - Processing /viper/ptmp/arego/RC4K1/18551.h5
2025-09-18 20:23:52,919 - INFO - Completed /viper/ptmp/arego/RC4K1_EN_100/13042.h5 in 41.88 seconds
2025-09-18 20:23:53,164 - INFO - Processing /viper/ptmp/arego/RC4K1/24563.h5
2025-09-18 20:23:56,936 - INFO - Completed /viper/ptmp/arego/RC4K1_EN_100/11598.h5 in 43.10 seconds
2025-09-18 20:23:57,227 - INFO - Processing /viper/ptmp/arego/RC4K1/23897.h5
2025-09-18 20:23:57,979 - INFO - File 24563: Filtered 11134685 hits and 8 records
2025-09-18 20:24:02,497 - INFO - File 23897: Filtered 12994872 hits and 8 records
2025-09-18 20:24:02,704 - INFO - File 18551: Filtered 23434833 hits and 9 records
2025-09-18 20:24:06,524 - INFO - Completed /viper/ptmp/arego/RC4K1_EN_100/10125.h5 in 47.20 seconds
2025-09-18 20:24:06,703 - INFO - Processing /viper/ptmp/arego/RC4K1/10587.h5
2025-09-18 20:24:06,792 - INFO - Completed /viper/ptmp/arego/RC4K1_EN_100/13602.h5 in 35.18 seconds
2025-09-18 20:24:07,385 - INFO - Processing /viper/ptmp/arego/RC4K1/2828.h5
2025-09-18 20:24:11,387 - INFO - Completed /viper/ptmp/arego/RC4K1_EN_100/8626.h5 in 56.00 seconds
2025-09-18 20:24:11,676 - INFO - File 10587: Filtered 14074524 hits and 8 records
2025-09-18 20:24:11,692 - INFO - Processing /viper/ptmp/arego/RC4K1/20539.h5
2025-09-18 20:24:12,577 - INFO - File 2828: Filtered 12187988 hits and 8 records
2025-09-18 20:24:16,461 - INFO - File 20539: Filtered 18766220 hits and 7 records
2025-09-18 20:24:21,157 - INFO - Completed /viper/ptmp/arego/RC4K1_EN_100/742.h5 in 42.51 seconds
2025-09-18 20:24:21,335 - INFO - Processing /viper/ptmp/arego/RC4K1/22438.h5
2025-09-18 20:24:23,410 - INFO - Completed /viper/ptmp/arego/RC4K1_EN_100/28432.h5 in 77.99 seconds
2025-09-18 20:24:23,619 - INFO - Processing /viper/ptmp/arego/RC4K1/19937.h5
2025-09-18 20:24:26,320 - INFO - File 22438: Filtered 7252624 hits and 5 records
2025-09-18 20:24:28,724 - INFO - File 19937: Filtered 17280925 hits and 8 records
2025-09-18 20:24:35,920 - INFO - Completed /viper/ptmp/arego/RC4K1_EN_100/20539.h5 in 24.23 seconds
2025-09-18 20:24:36,083 - INFO - Processing /viper/ptmp/arego/RC4K1/19491.h5
2025-09-18 20:24:38,941 - INFO - Completed /viper/ptmp/arego/RC4K1_EN_100/23897.h5 in 41.71 seconds
2025-09-18 20:24:39,115 - INFO - Processing /viper/ptmp/arego/RC4K1/15407.h5
2025-09-18 20:24:40,966 - INFO - File 19491: Filtered 10847281 hits and 7 records
2025-09-18 20:24:44,180 - INFO - File 15407: Filtered 16982428 hits and 8 records
2025-09-18 20:24:45,314 - INFO - Completed /viper/ptmp/arego/RC4K1_EN_100/24563.h5 in 52.15 seconds
2025-09-18 20:24:45,506 - INFO - Processing /viper/ptmp/arego/RC4K1/14176.h5
2025-09-18 20:24:48,385 - INFO - Completed /viper/ptmp/arego/RC4K1_EN_100/10587.h5 in 41.68 seconds
2025-09-18 20:24:48,552 - INFO - Processing /viper/ptmp/arego/RC4K1/24497.h5
2025-09-18 20:24:50,517 - INFO - File 14176: Filtered 10488676 hits and 5 records
2025-09-18 20:24:53,640 - INFO - File 24497: Filtered 17162737 hits and 10 records
2025-09-18 20:24:55,541 - INFO - Completed /viper/ptmp/arego/RC4K1_EN_100/2828.h5 in 48.16 seconds
2025-09-18 20:24:55,784 - INFO - Processing /viper/ptmp/arego/RC4K1/11410.h5
2025-09-18 20:24:56,762 - INFO - Completed /viper/ptmp/arego/RC4K1_EN_100/19937.h5 in 33.14 seconds
2025-09-18 20:24:56,926 - INFO - Processing /viper/ptmp/arego/RC4K1/5696.h5
2025-09-18 20:25:00,776 - INFO - File 11410: Filtered 13891268 hits and 4 records
2025-09-18 20:25:03,767 - INFO - File 5696: Filtered 14632257 hits and 5 records
2025-09-18 20:25:14,437 - INFO - Completed /viper/ptmp/arego/RC4K1_EN_100/15407.h5 in 35.32 seconds
2025-09-18 20:25:14,611 - INFO - Processing /viper/ptmp/arego/RC4K1/4336.h5
2025-09-18 20:25:19,657 - INFO - File 4336: Filtered 17341687 hits and 8 records
2025-09-18 20:25:23,794 - INFO - Completed /viper/ptmp/arego/RC4K1_EN_100/24497.h5 in 35.24 seconds
2025-09-18 20:25:23,987 - INFO - Processing /viper/ptmp/arego/RC4K1/28663.h5
2025-09-18 20:25:29,269 - INFO - File 28663: Filtered 14481954 hits and 9 records
2025-09-18 20:25:36,608 - INFO - Completed /viper/ptmp/arego/RC4K1_EN_100/19491.h5 in 60.53 seconds
2025-09-18 20:25:36,778 - INFO - Processing /viper/ptmp/arego/RC4K1/23177.h5
2025-09-18 20:25:37,553 - INFO - Completed /viper/ptmp/arego/RC4K1_EN_100/22438.h5 in 76.22 seconds
2025-09-18 20:25:37,722 - INFO - Processing /viper/ptmp/arego/RC4K1/13848.h5
2025-09-18 20:25:40,015 - INFO - Completed /viper/ptmp/arego/RC4K1_EN_100/11410.h5 in 44.23 seconds
2025-09-18 20:25:40,185 - INFO - Processing /viper/ptmp/arego/RC4K1/25587.h5
2025-09-18 20:25:41,481 - INFO - Completed /viper/ptmp/arego/RC4K1_EN_100/18551.h5 in 109.49 seconds
2025-09-18 20:25:41,754 - INFO - Processing /viper/ptmp/arego/RC4K1/15487.h5
2025-09-18 20:25:42,780 - INFO - File 23177: Filtered 18065327 hits and 9 records
2025-09-18 20:25:43,968 - INFO - File 13848: Filtered 25101322 hits and 9 records
2025-09-18 20:25:43,981 - INFO - Completed /viper/ptmp/arego/RC4K1_EN_100/14176.h5 in 58.48 seconds
2025-09-18 20:25:44,294 - INFO - Processing /viper/ptmp/arego/RC4K1/25414.h5
2025-09-18 20:25:46,553 - INFO - File 25587: Filtered 13609335 hits and 9 records
2025-09-18 20:25:47,993 - INFO - File 15487: Filtered 7596429 hits and 8 records
2025-09-18 20:25:50,566 - INFO - File 25414: Filtered 24659773 hits and 7 records
2025-09-18 20:25:52,732 - INFO - Completed /viper/ptmp/arego/RC4K1_EN_100/13848.h5 in 15.01 seconds
2025-09-18 20:25:52,923 - INFO - Processing /viper/ptmp/arego/RC4K1/12353.h5
2025-09-18 20:25:54,441 - INFO - Completed /viper/ptmp/arego/RC4K1_EN_100/4336.h5 in 39.83 seconds
2025-09-18 20:25:54,599 - INFO - Processing /viper/ptmp/arego/RC4K1/11594.h5
2025-09-18 20:25:58,779 - INFO - File 12353: Filtered 10308889 hits and 6 records
2025-09-18 20:26:00,567 - INFO - File 11594: Filtered 21200627 hits and 9 records
2025-09-18 20:26:00,864 - INFO - Completed /viper/ptmp/arego/RC4K1_EN_100/25414.h5 in 16.57 seconds
2025-09-18 20:26:01,061 - INFO - Processing /viper/ptmp/arego/RC4K1/20227.h5
2025-09-18 20:26:06,571 - INFO - File 20227: Filtered 13457181 hits and 6 records
2025-09-18 20:26:11,037 - INFO - Completed /viper/ptmp/arego/RC4K1_EN_100/28663.h5 in 47.05 seconds
2025-09-18 20:26:11,258 - INFO - Processing /viper/ptmp/arego/RC4K1/10105.h5
2025-09-18 20:26:16,965 - INFO - File 10105: Filtered 12284267 hits and 9 records
2025-09-18 20:26:17,410 - INFO - Completed /viper/ptmp/arego/RC4K1_EN_100/23177.h5 in 40.63 seconds
2025-09-18 20:26:17,616 - INFO - Processing /viper/ptmp/arego/RC4K1/14017.h5
2025-09-18 20:26:22,463 - INFO - Completed /viper/ptmp/arego/RC4K1_EN_100/5696.h5 in 85.54 seconds
2025-09-18 20:26:22,655 - INFO - Processing /viper/ptmp/arego/RC4K1/18448.h5
2025-09-18 20:26:23,057 - INFO - File 14017: Filtered 18087623 hits and 9 records
2025-09-18 20:26:24,053 - INFO - Completed /viper/ptmp/arego/RC4K1_EN_100/11594.h5 in 29.45 seconds
2025-09-18 20:26:24,263 - INFO - Processing /viper/ptmp/arego/RC4K1/19225.h5
2025-09-18 20:26:28,476 - INFO - File 18448: Filtered 13938877 hits and 9 records
2025-09-18 20:26:30,260 - INFO - File 19225: Filtered 17163288 hits and 8 records
2025-09-18 20:26:41,586 - INFO - Completed /viper/ptmp/arego/RC4K1_EN_100/25587.h5 in 61.40 seconds
2025-09-18 20:26:41,820 - INFO - Processing /viper/ptmp/arego/RC4K1/20516.h5
2025-09-18 20:26:47,730 - INFO - File 20516: Filtered 10585607 hits and 7 records
2025-09-18 20:27:01,040 - INFO - Completed /viper/ptmp/arego/RC4K1_EN_100/14017.h5 in 43.42 seconds
2025-09-18 20:27:01,212 - INFO - Processing /viper/ptmp/arego/RC4K1/19899.h5
2025-09-18 20:27:06,967 - INFO - Completed /viper/ptmp/arego/RC4K1_EN_100/20227.h5 in 65.91 seconds
2025-09-18 20:27:07,155 - INFO - Processing /viper/ptmp/arego/RC4K1/15362.h5
2025-09-18 20:27:07,213 - INFO - File 19899: Filtered 15921552 hits and 9 records
2025-09-18 20:27:11,484 - INFO - Completed /viper/ptmp/arego/RC4K1_EN_100/15487.h5 in 89.73 seconds
2025-09-18 20:27:11,573 - INFO - Completed /viper/ptmp/arego/RC4K1_EN_100/12353.h5 in 78.65 seconds
2025-09-18 20:27:11,686 - INFO - Processing /viper/ptmp/arego/RC4K1/15279.h5
2025-09-18 20:27:12,389 - INFO - Completed /viper/ptmp/arego/RC4K1_EN_100/19225.h5 in 48.13 seconds
2025-09-18 20:27:12,473 - INFO - Processing /viper/ptmp/arego/RC4K1/14869.h5
2025-09-18 20:27:13,121 - INFO - Processing /viper/ptmp/arego/RC4K1/22629.h5
2025-09-18 20:27:13,445 - INFO - File 15362: Filtered 16180412 hits and 9 records
2025-09-18 20:27:19,392 - INFO - File 15279: Filtered 11490383 hits and 3 records
2025-09-18 20:27:20,507 - INFO - File 14869: Filtered 11283919 hits and 7 records
2025-09-18 20:27:20,874 - INFO - File 22629: Filtered 17777650 hits and 6 records
2025-09-18 20:27:24,427 - INFO - Completed /viper/ptmp/arego/RC4K1_EN_100/10105.h5 in 73.17 seconds
2025-09-18 20:27:24,590 - INFO - Processing /viper/ptmp/arego/RC4K1/12453.h5
2025-09-18 20:27:30,718 - INFO - File 12453: Filtered 19418195 hits and 10 records
2025-09-18 20:27:31,971 - INFO - Completed /viper/ptmp/arego/RC4K1_EN_100/18448.h5 in 69.32 seconds
2025-09-18 20:27:32,152 - INFO - Processing /viper/ptmp/arego/RC4K1/4134.h5
2025-09-18 20:27:38,227 - INFO - File 4134: Filtered 17780029 hits and 6 records
2025-09-18 20:28:02,478 - INFO - Completed /viper/ptmp/arego/RC4K1_EN_100/19899.h5 in 61.27 seconds
2025-09-18 20:28:02,689 - INFO - Processing /viper/ptmp/arego/RC4K1/27061.h5
2025-09-18 20:28:07,029 - INFO - Completed /viper/ptmp/arego/RC4K1_EN_100/20516.h5 in 85.21 seconds
2025-09-18 20:28:07,252 - INFO - Processing /viper/ptmp/arego/RC4K1/25704.h5
2025-09-18 20:28:09,346 - INFO - File 27061: Filtered 23638232 hits and 7 records
2025-09-18 20:28:13,970 - INFO - File 25704: Filtered 18274121 hits and 8 records
2025-09-18 20:28:14,164 - INFO - Completed /viper/ptmp/arego/RC4K1_EN_100/15362.h5 in 67.01 seconds
2025-09-18 20:28:14,334 - INFO - Processing /viper/ptmp/arego/RC4K1/26915.h5
2025-09-18 20:28:15,887 - INFO - Completed /viper/ptmp/arego/RC4K1_EN_100/22629.h5 in 62.77 seconds
2025-09-18 20:28:16,047 - INFO - Completed /viper/ptmp/arego/RC4K1_EN_100/12453.h5 in 51.46 seconds
2025-09-18 20:28:16,113 - INFO - Processing /viper/ptmp/arego/RC4K1/21706.h5
2025-09-18 20:28:16,836 - INFO - Processing /viper/ptmp/arego/RC4K1/9785.h5
2025-09-18 20:28:21,493 - INFO - File 26915: Filtered 10955433 hits and 6 records
2025-09-18 20:28:24,121 - INFO - File 21706: Filtered 14214138 hits and 8 records
2025-09-18 20:28:25,186 - INFO - File 9785: Filtered 13868767 hits and 9 records
2025-09-18 20:28:31,723 - INFO - Completed /viper/ptmp/arego/RC4K1_EN_100/4134.h5 in 59.57 seconds
2025-09-18 20:28:31,885 - INFO - Processing /viper/ptmp/arego/RC4K1/22025.h5
2025-09-18 20:28:38,558 - INFO - File 22025: Filtered 18418872 hits and 7 records
2025-09-18 20:28:42,972 - INFO - Completed /viper/ptmp/arego/RC4K1_EN_100/27061.h5 in 40.28 seconds
2025-09-18 20:28:43,130 - INFO - Processing /viper/ptmp/arego/RC4K1/18079.h5
2025-09-18 20:28:45,854 - INFO - Completed /viper/ptmp/arego/RC4K1_EN_100/15279.h5 in 94.17 seconds
2025-09-18 20:28:46,133 - INFO - Processing /viper/ptmp/arego/RC4K1/21096.h5
2025-09-18 20:28:47,187 - INFO - Completed /viper/ptmp/arego/RC4K1_EN_100/14869.h5 in 94.71 seconds
2025-09-18 20:28:47,365 - INFO - Processing /viper/ptmp/arego/RC4K1/16574.h5
2025-09-18 20:28:49,719 - INFO - File 18079: Filtered 20920191 hits and 6 records
2025-09-18 20:28:53,871 - INFO - File 21096: Filtered 16985350 hits and 8 records
2025-09-18 20:28:54,939 - INFO - File 16574: Filtered 23877023 hits and 9 records
2025-09-18 20:29:14,265 - INFO - Completed /viper/ptmp/arego/RC4K1_EN_100/25704.h5 in 67.01 seconds
2025-09-18 20:29:14,431 - INFO - Processing /viper/ptmp/arego/RC4K1/21697.h5
2025-09-18 20:29:21,493 - INFO - File 21697: Filtered 18345116 hits and 8 records
2025-09-18 20:29:35,348 - INFO - Completed /viper/ptmp/arego/RC4K1_EN_100/16574.h5 in 47.98 seconds
2025-09-18 20:29:35,522 - INFO - Processing /viper/ptmp/arego/RC4K1/22015.h5
2025-09-18 20:29:39,367 - INFO - Completed /viper/ptmp/arego/RC4K1_EN_100/18079.h5 in 56.24 seconds
2025-09-18 20:29:39,538 - INFO - Processing /viper/ptmp/arego/RC4K1/5474.h5
2025-09-18 20:29:41,085 - INFO - Completed /viper/ptmp/arego/RC4K1_EN_100/22025.h5 in 69.20 seconds
2025-09-18 20:29:41,349 - INFO - Processing /viper/ptmp/arego/RC4K1/10174.h5
2025-09-18 20:29:42,706 - INFO - File 22015: Filtered 20793713 hits and 7 records
2025-09-18 20:29:42,817 - INFO - Completed /viper/ptmp/arego/RC4K1_EN_100/21706.h5 in 86.70 seconds
2025-09-18 20:29:43,012 - INFO - Processing /viper/ptmp/arego/RC4K1/17049.h5
2025-09-18 20:29:46,502 - INFO - Completed /viper/ptmp/arego/RC4K1_EN_100/9785.h5 in 89.67 seconds
2025-09-18 20:29:46,753 - INFO - Processing /viper/ptmp/arego/RC4K1/4949.h5
2025-09-18 20:29:47,504 - INFO - File 5474: Filtered 18395037 hits and 5 records
2025-09-18 20:29:50,146 - INFO - File 10174: Filtered 18738640 hits and 9 records
2025-09-18 20:29:51,707 - INFO - File 17049: Filtered 19874595 hits and 7 records
2025-09-18 20:29:55,084 - INFO - File 4949: Filtered 23957298 hits and 9 records
2025-09-18 20:29:55,691 - INFO - Completed /viper/ptmp/arego/RC4K1_EN_100/26915.h5 in 101.36 seconds
2025-09-18 20:29:55,916 - INFO - Processing /viper/ptmp/arego/RC4K1/26631.h5
2025-09-18 20:30:03,331 - INFO - File 26631: Filtered 12195702 hits and 7 records
2025-09-18 20:30:07,249 - INFO - Completed /viper/ptmp/arego/RC4K1_EN_100/21096.h5 in 81.12 seconds
2025-09-18 20:30:07,417 - INFO - Processing /viper/ptmp/arego/RC4K1/7953.h5
2025-09-18 20:30:14,501 - INFO - File 7953: Filtered 23796208 hits and 9 records
2025-09-18 20:30:34,415 - INFO - Completed /viper/ptmp/arego/RC4K1_EN_100/21697.h5 in 79.98 seconds
2025-09-18 20:30:34,617 - INFO - Processing /viper/ptmp/arego/RC4K1/9924.h5
2025-09-18 20:30:41,905 - INFO - File 9924: Filtered 25919733 hits and 10 records
2025-09-18 20:30:42,328 - INFO - Completed /viper/ptmp/arego/RC4K1_EN_100/22015.h5 in 66.81 seconds
2025-09-18 20:30:42,330 - INFO - Completed /viper/ptmp/arego/RC4K1_EN_100/4949.h5 in 55.58 seconds
2025-09-18 20:30:42,510 - INFO - Processing /viper/ptmp/arego/RC4K1/3891.h5
2025-09-18 20:30:43,217 - INFO - Processing /viper/ptmp/arego/RC4K1/237.h5
2025-09-18 20:30:50,830 - INFO - File 3891: Filtered 9593352 hits and 7 records
2025-09-18 20:30:51,401 - INFO - File 237: Filtered 18976797 hits and 8 records
2025-09-18 20:30:59,740 - INFO - Completed /viper/ptmp/arego/RC4K1_EN_100/17049.h5 in 76.73 seconds
2025-09-18 20:30:59,904 - INFO - Processing /viper/ptmp/arego/RC4K1/8988.h5
2025-09-18 20:31:01,696 - INFO - Completed /viper/ptmp/arego/RC4K1_EN_100/5474.h5 in 82.16 seconds
2025-09-18 20:31:01,736 - INFO - Completed /viper/ptmp/arego/RC4K1_EN_100/10174.h5 in 80.39 seconds
2025-09-18 20:31:01,866 - INFO - Processing /viper/ptmp/arego/RC4K1/18127.h5
2025-09-18 20:31:02,573 - INFO - Processing /viper/ptmp/arego/RC4K1/29656.h5
2025-09-18 20:31:07,816 - INFO - File 8988: Filtered 20000485 hits and 7 records
2025-09-18 20:31:11,293 - INFO - File 18127: Filtered 16411034 hits and 8 records
2025-09-18 20:31:11,365 - INFO - Completed /viper/ptmp/arego/RC4K1_EN_100/7953.h5 in 63.95 seconds
2025-09-18 20:31:11,655 - INFO - Processing /viper/ptmp/arego/RC4K1/28349.h5
2025-09-18 20:31:13,216 - INFO - File 29656: Filtered 9803088 hits and 11 records
2025-09-18 20:31:20,209 - INFO - File 28349: Filtered 7342736 hits and 7 records
2025-09-18 20:31:21,350 - INFO - Completed /viper/ptmp/arego/RC4K1_EN_100/9924.h5 in 46.73 seconds
2025-09-18 20:31:21,537 - INFO - Processing /viper/ptmp/arego/RC4K1/16738.h5
2025-09-18 20:31:29,189 - INFO - File 16738: Filtered 15855000 hits and 5 records
2025-09-18 20:31:50,504 - INFO - Completed /viper/ptmp/arego/RC4K1_EN_100/26631.h5 in 114.59 seconds
2025-09-18 20:31:50,679 - INFO - Processing /viper/ptmp/arego/RC4K1/15703.h5
2025-09-18 20:31:58,616 - INFO - File 15703: Filtered 11497004 hits and 9 records
2025-09-18 20:32:05,951 - INFO - Completed /viper/ptmp/arego/RC4K1_EN_100/237.h5 in 82.73 seconds
2025-09-18 20:32:06,147 - INFO - Processing /viper/ptmp/arego/RC4K1/11129.h5
2025-09-18 20:32:13,768 - INFO - File 11129: Filtered 26905151 hits and 11 records
2025-09-18 20:32:22,335 - INFO - Completed /viper/ptmp/arego/RC4K1_EN_100/8988.h5 in 82.43 seconds
2025-09-18 20:32:22,559 - INFO - Processing /viper/ptmp/arego/RC4K1/8839.h5
2025-09-18 20:32:30,574 - INFO - File 8839: Filtered 17258509 hits and 6 records
2025-09-18 20:32:42,837 - INFO - Completed /viper/ptmp/arego/RC4K1_EN_100/18127.h5 in 100.97 seconds
2025-09-18 20:32:43,009 - INFO - Processing /viper/ptmp/arego/RC4K1/9212.h5
2025-09-18 20:32:47,286 - INFO - Completed /viper/ptmp/arego/RC4K1_EN_100/3891.h5 in 124.78 seconds
2025-09-18 20:32:47,455 - INFO - Processing /viper/ptmp/arego/RC4K1/17370.h5
2025-09-18 20:32:50,995 - INFO - File 9212: Filtered 21573990 hits and 9 records
2025-09-18 20:32:55,796 - INFO - File 17370: Filtered 21672693 hits and 9 records
2025-09-18 20:33:02,248 - INFO - Completed /viper/ptmp/arego/RC4K1_EN_100/11129.h5 in 56.10 seconds
2025-09-18 20:33:02,413 - INFO - Processing /viper/ptmp/arego/RC4K1/13973.h5
2025-09-18 20:33:06,636 - INFO - Completed /viper/ptmp/arego/RC4K1_EN_100/16738.h5 in 105.10 seconds
2025-09-18 20:33:06,810 - INFO - Processing /viper/ptmp/arego/RC4K1/14527.h5
2025-09-18 20:33:10,442 - INFO - File 13973: Filtered 19495465 hits and 9 records
2025-09-18 20:33:15,446 - INFO - File 14527: Filtered 14492951 hits and 9 records
2025-09-18 20:33:35,228 - INFO - Completed /viper/ptmp/arego/RC4K1_EN_100/28349.h5 in 143.57 seconds
2025-09-18 20:33:35,400 - INFO - Processing /viper/ptmp/arego/RC4K1/3919.h5
2025-09-18 20:33:36,032 - INFO - Completed /viper/ptmp/arego/RC4K1_EN_100/29656.h5 in 153.46 seconds
2025-09-18 20:33:36,204 - INFO - Processing /viper/ptmp/arego/RC4K1/15978.h5
2025-09-18 20:33:44,619 - INFO - File 3919: Filtered 16932955 hits and 7 records
2025-09-18 20:33:45,326 - INFO - File 15978: Filtered 18652939 hits and 6 records
2025-09-18 20:33:57,122 - INFO - Completed /viper/ptmp/arego/RC4K1_EN_100/15703.h5 in 126.44 seconds
2025-09-18 20:33:57,297 - INFO - Processing /viper/ptmp/arego/RC4K1/14903.h5
2025-09-18 20:34:03,692 - INFO - Completed /viper/ptmp/arego/RC4K1_EN_100/8839.h5 in 101.13 seconds
2025-09-18 20:34:03,949 - INFO - Processing /viper/ptmp/arego/RC4K1/1593.h5
2025-09-18 20:34:05,567 - INFO - File 14903: Filtered 26909953 hits and 9 records
2025-09-18 20:34:07,968 - INFO - Completed /viper/ptmp/arego/RC4K1_EN_100/17370.h5 in 80.51 seconds
2025-09-18 20:34:08,172 - INFO - Processing /viper/ptmp/arego/RC4K1/10513.h5
2025-09-18 20:34:08,556 - INFO - Completed /viper/ptmp/arego/RC4K1_EN_100/9212.h5 in 85.55 seconds
2025-09-18 20:34:08,989 - INFO - Processing /viper/ptmp/arego/RC4K1/20606.h5
2025-09-18 20:34:12,413 - INFO - File 1593: Filtered 17719529 hits and 5 records
2025-09-18 20:34:18,063 - INFO - File 10513: Filtered 16552804 hits and 7 records
2025-09-18 20:34:18,659 - INFO - File 20606: Filtered 23426436 hits and 8 records
2025-09-18 20:34:37,896 - INFO - Completed /viper/ptmp/arego/RC4K1_EN_100/13973.h5 in 95.48 seconds
2025-09-18 20:34:38,065 - INFO - Processing /viper/ptmp/arego/RC4K1/20498.h5
2025-09-18 20:34:46,423 - INFO - File 20498: Filtered 17258257 hits and 8 records
2025-09-18 20:34:57,762 - INFO - Completed /viper/ptmp/arego/RC4K1_EN_100/14903.h5 in 60.47 seconds
2025-09-18 20:34:57,931 - INFO - Processing /viper/ptmp/arego/RC4K1/19971.h5
2025-09-18 20:35:03,435 - INFO - Completed /viper/ptmp/arego/RC4K1_EN_100/14527.h5 in 116.62 seconds
2025-09-18 20:35:03,654 - INFO - Processing /viper/ptmp/arego/RC4K1/20570.h5
2025-09-18 20:35:06,483 - INFO - File 19971: Filtered 22705434 hits and 6 records
2025-09-18 20:35:12,568 - INFO - File 20570: Filtered 19910785 hits and 7 records
2025-09-18 20:35:15,451 - INFO - Completed /viper/ptmp/arego/RC4K1_EN_100/15978.h5 in 99.25 seconds
2025-09-18 20:35:15,637 - INFO - Processing /viper/ptmp/arego/RC4K1/16796.h5
2025-09-18 20:35:23,984 - INFO - File 16796: Filtered 25924387 hits and 8 records
2025-09-18 20:35:24,223 - INFO - Completed /viper/ptmp/arego/RC4K1_EN_100/3919.h5 in 108.82 seconds
2025-09-18 20:35:24,392 - INFO - Processing /viper/ptmp/arego/RC4K1/17077.h5
2025-09-18 20:35:32,936 - INFO - File 17077: Filtered 23933176 hits and 10 records
2025-09-18 20:35:33,113 - INFO - Completed /viper/ptmp/arego/RC4K1_EN_100/20606.h5 in 84.12 seconds
2025-09-18 20:35:33,420 - INFO - Processing /viper/ptmp/arego/RC4K1/5443.h5
2025-09-18 20:35:42,152 - INFO - File 5443: Filtered 10448409 hits and 6 records
2025-09-18 20:35:55,542 - INFO - Completed /viper/ptmp/arego/RC4K1_EN_100/1593.h5 in 111.59 seconds
2025-09-18 20:35:55,711 - INFO - Processing /viper/ptmp/arego/RC4K1/25347.h5
2025-09-18 20:36:00,268 - INFO - Completed /viper/ptmp/arego/RC4K1_EN_100/10513.h5 in 112.10 seconds
2025-09-18 20:36:00,444 - INFO - Processing /viper/ptmp/arego/RC4K1/275.h5
2025-09-18 20:36:04,671 - INFO - File 25347: Filtered 21883265 hits and 8 records
2025-09-18 20:36:10,167 - INFO - File 275: Filtered 25110073 hits and 8 records
2025-09-18 20:36:26,773 - INFO - Completed /viper/ptmp/arego/RC4K1_EN_100/19971.h5 in 88.84 seconds
2025-09-18 20:36:26,942 - INFO - Processing /viper/ptmp/arego/RC4K1/6793.h5
2025-09-18 20:36:28,347 - INFO - Completed /viper/ptmp/arego/RC4K1_EN_100/20498.h5 in 110.28 seconds
2025-09-18 20:36:28,543 - INFO - Processing /viper/ptmp/arego/RC4K1/1979.h5
2025-09-18 20:36:35,432 - INFO - Completed /viper/ptmp/arego/RC4K1_EN_100/16796.h5 in 79.79 seconds
2025-09-18 20:36:35,675 - INFO - Processing /viper/ptmp/arego/RC4K1/17039.h5
2025-09-18 20:36:36,885 - INFO - File 6793: Filtered 17256886 hits and 5 records
2025-09-18 20:36:38,860 - INFO - File 1979: Filtered 13396431 hits and 7 records
2025-09-18 20:36:45,668 - INFO - File 17039: Filtered 16931665 hits and 8 records
2025-09-18 20:36:48,378 - INFO - Completed /viper/ptmp/arego/RC4K1_EN_100/20570.h5 in 104.72 seconds
2025-09-18 20:36:48,550 - INFO - Processing /viper/ptmp/arego/RC4K1/8212.h5
2025-09-18 20:36:52,726 - INFO - Completed /viper/ptmp/arego/RC4K1_EN_100/17077.h5 in 88.33 seconds
2025-09-18 20:36:52,891 - INFO - Processing /viper/ptmp/arego/RC4K1/15203.h5
2025-09-18 20:36:58,405 - INFO - File 8212: Filtered 22053521 hits and 9 records
2025-09-18 20:37:03,182 - INFO - File 15203: Filtered 31662171 hits and 8 records
2025-09-18 20:37:37,528 - INFO - Completed /viper/ptmp/arego/RC4K1_EN_100/275.h5 in 97.08 seconds
2025-09-18 20:37:37,618 - INFO - Completed /viper/ptmp/arego/RC4K1_EN_100/25347.h5 in 101.91 seconds
2025-09-18 20:37:37,704 - INFO - Processing /viper/ptmp/arego/RC4K1/25084.h5
2025-09-18 20:37:38,386 - INFO - Processing /viper/ptmp/arego/RC4K1/21966.h5
2025-09-18 20:37:49,390 - INFO - File 25084: Filtered 23362214 hits and 10 records
2025-09-18 20:37:50,295 - INFO - File 21966: Filtered 17956010 hits and 7 records
2025-09-18 20:38:05,179 - INFO - Completed /viper/ptmp/arego/RC4K1_EN_100/5443.h5 in 151.76 seconds
2025-09-18 20:38:05,355 - INFO - Processing /viper/ptmp/arego/RC4K1/3352.h5
2025-09-18 20:38:07,358 - INFO - Completed /viper/ptmp/arego/RC4K1_EN_100/15203.h5 in 74.47 seconds
2025-09-18 20:38:07,573 - INFO - Processing /viper/ptmp/arego/RC4K1/11.h5
2025-09-18 20:38:16,039 - INFO - File 3352: Filtered 24399530 hits and 10 records
2025-09-18 20:38:18,187 - INFO - File 11: Filtered 25805119 hits and 8 records
2025-09-18 20:38:34,908 - INFO - Completed /viper/ptmp/arego/RC4K1_EN_100/6793.h5 in 127.97 seconds
2025-09-18 20:38:35,075 - INFO - Processing /viper/ptmp/arego/RC4K1/3427.h5
2025-09-18 20:38:44,773 - INFO - File 3427: Filtered 23797068 hits and 8 records
2025-09-18 20:38:45,688 - INFO - Completed /viper/ptmp/arego/RC4K1_EN_100/8212.h5 in 117.14 seconds
2025-09-18 20:38:45,871 - INFO - Processing /viper/ptmp/arego/RC4K1/8664.h5
2025-09-18 20:38:52,583 - INFO - Completed /viper/ptmp/arego/RC4K1_EN_100/17039.h5 in 136.91 seconds
2025-09-18 20:38:52,849 - INFO - Processing /viper/ptmp/arego/RC4K1/19334.h5
2025-09-18 20:38:55,506 - INFO - File 8664: Filtered 27595987 hits and 4 records
2025-09-18 20:38:57,797 - INFO - Completed /viper/ptmp/arego/RC4K1_EN_100/1979.h5 in 149.25 seconds
2025-09-18 20:38:58,022 - INFO - Processing /viper/ptmp/arego/RC4K1/13610.h5
2025-09-18 20:39:02,970 - INFO - File 19334: Filtered 27390604 hits and 9 records
2025-09-18 20:39:08,955 - INFO - File 13610: Filtered 21743238 hits and 9 records
2025-09-18 20:39:29,926 - INFO - Completed /viper/ptmp/arego/RC4K1_EN_100/25084.h5 in 112.22 seconds
2025-09-18 20:39:30,095 - INFO - Processing /viper/ptmp/arego/RC4K1/23471.h5
2025-09-18 20:39:40,259 - INFO - File 23471: Filtered 15851386 hits and 8 records
2025-09-18 20:39:45,585 - INFO - Completed /viper/ptmp/arego/RC4K1_EN_100/11.h5 in 98.01 seconds
2025-09-18 20:39:45,757 - INFO - Processing /viper/ptmp/arego/RC4K1/7664.h5
2025-09-18 20:39:55,724 - INFO - File 7664: Filtered 29928264 hits and 7 records
2025-09-18 20:39:55,978 - INFO - Completed /viper/ptmp/arego/RC4K1_EN_100/3352.h5 in 110.62 seconds
2025-09-18 20:39:56,153 - INFO - Processing /viper/ptmp/arego/RC4K1/473.h5
2025-09-18 20:39:59,356 - INFO - Completed /viper/ptmp/arego/RC4K1_EN_100/21966.h5 in 140.97 seconds
2025-09-18 20:39:59,537 - INFO - Processing /viper/ptmp/arego/RC4K1/25183.h5
2025-09-18 20:40:07,099 - INFO - File 473: Filtered 19100362 hits and 6 records
2025-09-18 20:40:11,371 - INFO - File 25183: Filtered 13360420 hits and 6 records
2025-09-18 20:40:31,463 - INFO - Completed /viper/ptmp/arego/RC4K1_EN_100/8664.h5 in 105.59 seconds
2025-09-18 20:40:31,635 - INFO - Completed /viper/ptmp/arego/RC4K1_EN_100/3427.h5 in 116.56 seconds
2025-09-18 20:40:31,685 - INFO - Processing /viper/ptmp/arego/RC4K1/10364.h5
2025-09-18 20:40:32,359 - INFO - Processing /viper/ptmp/arego/RC4K1/5415.h5
2025-09-18 20:40:37,494 - INFO - Completed /viper/ptmp/arego/RC4K1_EN_100/19334.h5 in 104.65 seconds
2025-09-18 20:40:37,666 - INFO - Processing /viper/ptmp/arego/RC4K1/17558.h5
2025-09-18 20:40:44,368 - INFO - File 10364: Filtered 20460600 hits and 7 records
2025-09-18 20:40:45,024 - INFO - File 5415: Filtered 32140869 hits and 9 records
2025-09-18 20:40:51,008 - INFO - File 17558: Filtered 27272588 hits and 9 records
2025-09-18 20:41:09,025 - INFO - Completed /viper/ptmp/arego/RC4K1_EN_100/13610.h5 in 131.00 seconds
2025-09-18 20:41:09,195 - INFO - Processing /viper/ptmp/arego/RC4K1/20430.h5
2025-09-18 20:41:20,518 - INFO - File 20430: Filtered 22600620 hits and 9 records
2025-09-18 20:41:23,855 - INFO - Completed /viper/ptmp/arego/RC4K1_EN_100/7664.h5 in 98.10 seconds
2025-09-18 20:41:24,030 - INFO - Processing /viper/ptmp/arego/RC4K1/25268.h5
2025-09-18 20:41:35,290 - INFO - File 25268: Filtered 29732913 hits and 9 records
2025-09-18 20:42:08,345 - INFO - Completed /viper/ptmp/arego/RC4K1_EN_100/23471.h5 in 158.25 seconds
2025-09-18 20:42:08,516 - INFO - Processing /viper/ptmp/arego/RC4K1/5199.h5
2025-09-18 20:42:17,036 - INFO - Completed /viper/ptmp/arego/RC4K1_EN_100/5415.h5 in 104.68 seconds
2025-09-18 20:42:17,247 - INFO - Processing /viper/ptmp/arego/RC4K1/24459.h5
2025-09-18 20:42:19,946 - INFO - File 5199: Filtered 24247877 hits and 8 records
2025-09-18 20:42:27,149 - INFO - Completed /viper/ptmp/arego/RC4K1_EN_100/473.h5 in 151.00 seconds
2025-09-18 20:42:27,345 - INFO - Processing /viper/ptmp/arego/RC4K1/2539.h5
2025-09-18 20:42:28,804 - INFO - File 24459: Filtered 38468329 hits and 10 records
2025-09-18 20:42:38,832 - INFO - File 2539: Filtered 34780570 hits and 8 records
2025-09-18 20:42:48,612 - INFO - Completed /viper/ptmp/arego/RC4K1_EN_100/17558.h5 in 130.95 seconds
2025-09-18 20:42:48,840 - INFO - Processing /viper/ptmp/arego/RC4K1/10434.h5
2025-09-18 20:43:00,761 - INFO - File 10434: Filtered 37704485 hits and 9 records
2025-09-18 20:43:03,157 - INFO - Completed /viper/ptmp/arego/RC4K1_EN_100/25183.h5 in 183.62 seconds
2025-09-18 20:43:03,393 - INFO - Processing /viper/ptmp/arego/RC4K1/23865.h5
2025-09-18 20:43:06,508 - INFO - Completed /viper/ptmp/arego/RC4K1_EN_100/10364.h5 in 154.82 seconds
2025-09-18 20:43:06,715 - INFO - Processing /viper/ptmp/arego/RC4K1/23357.h5
2025-09-18 20:43:16,005 - INFO - File 23865: Filtered 27867237 hits and 10 records
2025-09-18 20:43:19,801 - INFO - File 23357: Filtered 33466157 hits and 9 records
2025-09-18 20:43:33,356 - INFO - Completed /viper/ptmp/arego/RC4K1_EN_100/25268.h5 in 129.33 seconds
2025-09-18 20:43:33,523 - INFO - Processing /viper/ptmp/arego/RC4K1/16697.h5
2025-09-18 20:43:43,118 - INFO - Completed /viper/ptmp/arego/RC4K1_EN_100/20430.h5 in 153.92 seconds
2025-09-18 20:43:43,341 - INFO - Processing /viper/ptmp/arego/RC4K1/17238.h5
2025-09-18 20:43:46,223 - INFO - File 16697: Filtered 16759623 hits and 5 records
2025-09-18 20:43:48,596 - INFO - Completed /viper/ptmp/arego/RC4K1_EN_100/24459.h5 in 91.35 seconds
2025-09-18 20:43:48,785 - INFO - Processing /viper/ptmp/arego/RC4K1/188.h5
2025-09-18 20:43:56,856 - INFO - File 17238: Filtered 17973217 hits and 8 records
2025-09-18 20:44:03,398 - INFO - File 188: Filtered 1750114 hits and 6 records
2025-09-18 20:44:17,595 - INFO - Completed /viper/ptmp/arego/RC4K1_EN_100/2539.h5 in 110.25 seconds
2025-09-18 20:44:17,765 - INFO - Processing /viper/ptmp/arego/RC4K1/20129.h5
2025-09-18 20:44:31,369 - INFO - Completed /viper/ptmp/arego/RC4K1_EN_100/10434.h5 in 102.53 seconds
2025-09-18 20:44:31,550 - INFO - Processing /viper/ptmp/arego/RC4K1/2562.h5
2025-09-18 20:44:31,622 - INFO - File 20129: Filtered 39660587 hits and 8 records
2025-09-18 20:44:38,602 - INFO - Completed /viper/ptmp/arego/RC4K1_EN_100/5199.h5 in 150.09 seconds
2025-09-18 20:44:38,771 - INFO - Processing /viper/ptmp/arego/RC4K1/29471.h5
2025-09-18 20:44:44,927 - INFO - File 2562: Filtered 36466388 hits and 7 records
2025-09-18 20:44:52,876 - INFO - File 29471: Filtered 33149995 hits and 7 records
2025-09-18 20:45:14,003 - INFO - Completed /viper/ptmp/arego/RC4K1_EN_100/23357.h5 in 127.29 seconds
2025-09-18 20:45:14,173 - INFO - Processing /viper/ptmp/arego/RC4K1/16031.h5
2025-09-18 20:45:27,483 - INFO - File 16031: Filtered 38435086 hits and 11 records
2025-09-18 20:45:31,468 - INFO - Completed /viper/ptmp/arego/RC4K1_EN_100/23865.h5 in 148.07 seconds
2025-09-18 20:45:31,649 - INFO - Processing /viper/ptmp/arego/RC4K1/5322.h5
2025-09-18 20:45:44,837 - INFO - File 5322: Filtered 44333039 hits and 9 records
2025-09-18 20:46:20,124 - INFO - Completed /viper/ptmp/arego/RC4K1_EN_100/20129.h5 in 122.36 seconds
2025-09-18 20:46:20,302 - INFO - Processing /viper/ptmp/arego/RC4K1/5802.h5
2025-09-18 20:46:34,007 - INFO - File 5802: Filtered 36948568 hits and 7 records
2025-09-18 20:46:55,813 - INFO - Completed /viper/ptmp/arego/RC4K1_EN_100/2562.h5 in 144.26 seconds
2025-09-18 20:46:56,026 - INFO - Processing /viper/ptmp/arego/RC4K1/26199.h5
2025-09-18 20:46:59,766 - INFO - Completed /viper/ptmp/arego/RC4K1_EN_100/16697.h5 in 206.24 seconds
2025-09-18 20:46:59,984 - INFO - Processing /viper/ptmp/arego/RC4K1/16269.h5
2025-09-18 20:47:13,152 - INFO - File 26199: Filtered 39946836 hits and 11 records
2025-09-18 20:47:13,601 - INFO - Completed /viper/ptmp/arego/RC4K1_EN_100/29471.h5 in 154.83 seconds
2025-09-18 20:47:13,837 - INFO - Processing /viper/ptmp/arego/RC4K1/12269.h5
2025-09-18 20:47:14,110 - INFO - Completed /viper/ptmp/arego/RC4K1_EN_100/17238.h5 in 210.77 seconds
2025-09-18 20:47:14,767 - INFO - Processing /viper/ptmp/arego/RC4K1/4625.h5
2025-09-18 20:47:16,163 - INFO - File 16269: Filtered 26921322 hits and 8 records
2025-09-18 20:47:29,952 - INFO - Completed /viper/ptmp/arego/RC4K1_EN_100/5322.h5 in 118.30 seconds
2025-09-18 20:47:30,148 - INFO - Processing /viper/ptmp/arego/RC4K1/10031.h5
2025-09-18 20:47:31,434 - INFO - File 12269: Filtered 32818428 hits and 8 records
2025-09-18 20:47:32,083 - INFO - File 4625: Filtered 23704216 hits and 5 records
2025-09-18 20:47:41,411 - INFO - Completed /viper/ptmp/arego/RC4K1_EN_100/16031.h5 in 147.24 seconds
2025-09-18 20:47:41,626 - INFO - Processing /viper/ptmp/arego/RC4K1/25281.h5
2025-09-18 20:47:45,220 - INFO - File 10031: Filtered 32466412 hits and 7 records
2025-09-18 20:47:55,877 - INFO - File 25281: Filtered 41237240 hits and 7 records
2025-09-18 20:48:50,336 - INFO - Completed /viper/ptmp/arego/RC4K1_EN_100/188.h5 in 301.55 seconds
2025-09-18 20:48:50,509 - INFO - Processing /viper/ptmp/arego/RC4K1/7415.h5
2025-09-18 20:48:55,390 - INFO - Completed /viper/ptmp/arego/RC4K1_EN_100/5802.h5 in 155.09 seconds
2025-09-18 20:48:55,619 - INFO - Processing /viper/ptmp/arego/RC4K1/11157.h5
2025-09-18 20:49:05,695 - INFO - File 7415: Filtered 30263790 hits and 7 records
2025-09-18 20:49:11,818 - INFO - File 11157: Filtered 59707210 hits and 8 records
2025-09-18 20:49:21,427 - INFO - Completed /viper/ptmp/arego/RC4K1_EN_100/26199.h5 in 145.40 seconds
2025-09-18 20:49:21,604 - INFO - Processing /viper/ptmp/arego/RC4K1/7629.h5
2025-09-18 20:49:37,012 - INFO - File 7629: Filtered 23148396 hits and 7 records
2025-09-18 20:50:06,961 - INFO - Completed /viper/ptmp/arego/RC4K1_EN_100/25281.h5 in 145.33 seconds
2025-09-18 20:50:07,142 - INFO - Processing /viper/ptmp/arego/RC4K1/2851.h5
2025-09-18 20:50:09,950 - INFO - Completed /viper/ptmp/arego/RC4K1_EN_100/11157.h5 in 74.33 seconds
2025-09-18 20:50:10,121 - INFO - Processing /viper/ptmp/arego/RC4K1/25149.h5
2025-09-18 20:50:13,153 - INFO - Completed /viper/ptmp/arego/RC4K1_EN_100/12269.h5 in 179.32 seconds
2025-09-18 20:50:13,328 - INFO - Processing /viper/ptmp/arego/RC4K1/24188.h5
2025-09-18 20:50:24,046 - INFO - File 2851: Filtered 31447153 hits and 9 records
2025-09-18 20:50:28,832 - INFO - Completed /viper/ptmp/arego/RC4K1_EN_100/16269.h5 in 208.85 seconds
2025-09-18 20:50:29,098 - INFO - Processing /viper/ptmp/arego/RC4K1/215.h5
2025-09-18 20:50:29,924 - INFO - File 25149: Filtered 23773976 hits and 6 records
2025-09-18 20:50:32,859 - INFO - File 24188: Filtered 49565560 hits and 11 records
2025-09-18 20:50:33,900 - INFO - Completed /viper/ptmp/arego/RC4K1_EN_100/10031.h5 in 183.75 seconds
2025-09-18 20:50:34,207 - INFO - Processing /viper/ptmp/arego/RC4K1/15125.h5
2025-09-18 20:50:47,976 - INFO - File 215: Filtered 49340880 hits and 9 records
2025-09-18 20:50:51,770 - INFO - File 15125: Filtered 42805566 hits and 9 records
2025-09-18 20:51:00,591 - INFO - Completed /viper/ptmp/arego/RC4K1_EN_100/4625.h5 in 225.82 seconds
2025-09-18 20:51:00,806 - INFO - Processing /viper/ptmp/arego/RC4K1/8342.h5
2025-09-18 20:51:16,988 - INFO - File 8342: Filtered 31451893 hits and 8 records
2025-09-18 20:52:28,784 - INFO - Completed /viper/ptmp/arego/RC4K1_EN_100/7415.h5 in 218.27 seconds
2025-09-18 20:52:28,959 - INFO - Processing /viper/ptmp/arego/RC4K1/19542.h5
2025-09-18 20:52:38,566 - INFO - Completed /viper/ptmp/arego/RC4K1_EN_100/24188.h5 in 145.24 seconds
2025-09-18 20:52:38,735 - INFO - Processing /viper/ptmp/arego/RC4K1/10440.h5
2025-09-18 20:52:46,340 - INFO - File 19542: Filtered 25708232 hits and 8 records
2025-09-18 20:52:54,843 - INFO - Completed /viper/ptmp/arego/RC4K1_EN_100/215.h5 in 145.75 seconds
2025-09-18 20:52:55,095 - INFO - Processing /viper/ptmp/arego/RC4K1/23151.h5
2025-09-18 20:52:58,722 - INFO - File 10440: Filtered 93415980 hits and 7 records
2025-09-18 20:53:11,232 - INFO - Completed /viper/ptmp/arego/RC4K1_EN_100/10440.h5 in 32.50 seconds
2025-09-18 20:53:11,430 - INFO - Processing /viper/ptmp/arego/RC4K1/29189.h5
2025-09-18 20:53:13,718 - INFO - File 23151: Filtered 36044831 hits and 7 records
2025-09-18 20:53:16,661 - INFO - Completed /viper/ptmp/arego/RC4K1_EN_100/7629.h5 in 235.06 seconds
2025-09-18 20:53:16,859 - INFO - Processing /viper/ptmp/arego/RC4K1/23058.h5
2025-09-18 20:53:32,000 - INFO - File 29189: Filtered 67300703 hits and 11 records
2025-09-18 20:53:36,196 - INFO - Completed /viper/ptmp/arego/RC4K1_EN_100/2851.h5 in 209.05 seconds
2025-09-18 20:53:36,416 - INFO - Processing /viper/ptmp/arego/RC4K1/19905.h5
2025-09-18 20:53:37,791 - INFO - File 23058: Filtered 31678116 hits and 5 records
2025-09-18 20:53:38,218 - INFO - Completed /viper/ptmp/arego/RC4K1_EN_100/15125.h5 in 184.01 seconds
2025-09-18 20:54:04,386 - INFO - File 19905: Filtered 81248918 hits and 9 records
2025-09-18 20:54:29,606 - INFO - Completed /viper/ptmp/arego/RC4K1_EN_100/25149.h5 in 259.48 seconds
2025-09-18 20:54:48,007 - INFO - Completed /viper/ptmp/arego/RC4K1_EN_100/8342.h5 in 227.20 seconds
2025-09-18 20:55:17,581 - INFO - Completed /viper/ptmp/arego/RC4K1_EN_100/29189.h5 in 126.15 seconds
2025-09-18 20:56:55,532 - INFO - Completed /viper/ptmp/arego/RC4K1_EN_100/19542.h5 in 266.57 seconds
2025-09-18 20:57:01,514 - INFO - Completed /viper/ptmp/arego/RC4K1_EN_100/23151.h5 in 246.42 seconds
2025-09-18 20:57:53,957 - INFO - Completed /viper/ptmp/arego/RC4K1_EN_100/19905.h5 in 257.54 seconds
2025-09-18 20:58:00,324 - INFO - Completed /viper/ptmp/arego/RC4K1_EN_100/23058.h5 in 283.46 seconds
