2025-09-19 01:32:13,814 - INFO - Loaded skip configuration: 0 files to skip entirely, 35364 files with partial record skips
2025-09-19 01:32:14,708 - INFO - Processing /viper/ptmp/arego/RC4K1/12047.h5
2025-09-19 01:32:15,212 - INFO - Processing /viper/ptmp/arego/RC4K1/7214.h5
2025-09-19 01:32:15,427 - INFO - File 12047: Filtered 1434209 hits and 6 records
2025-09-19 01:32:15,778 - INFO - File 7214: Filtered 566924 hits and 4 records
2025-09-19 01:32:15,780 - INFO - Processing /viper/ptmp/arego/RC4K1/13997.h5
2025-09-19 01:32:16,345 - INFO - File 13997: Filtered 1004755 hits and 6 records
2025-09-19 01:32:16,380 - INFO - Processing /viper/ptmp/arego/RC4K1/20853.h5
2025-09-19 01:32:16,968 - INFO - Processing /viper/ptmp/arego/RC4K1/14020.h5
2025-09-19 01:32:17,022 - INFO - File 20853: Filtered 1211031 hits and 6 records
2025-09-19 01:32:17,309 - INFO - Completed /viper/ptmp/arego/RC4K1_EN_100/12047.h5 in 2.60 seconds
2025-09-19 01:32:17,588 - INFO - Processing /viper/ptmp/arego/RC4K1/4017.h5
2025-09-19 01:32:17,634 - INFO - File 14020: Filtered 1250137 hits and 6 records
2025-09-19 01:32:18,194 - INFO - Processing /viper/ptmp/arego/RC4K1/13645.h5
2025-09-19 01:32:18,298 - INFO - File 4017: Filtered 1970108 hits and 3 records
2025-09-19 01:32:18,793 - INFO - Processing /viper/ptmp/arego/RC4K1/15820.h5
2025-09-19 01:32:18,947 - INFO - File 13645: Filtered 1764187 hits and 9 records
2025-09-19 01:32:19,396 - INFO - Processing /viper/ptmp/arego/RC4K1/4698.h5
2025-09-19 01:32:19,656 - INFO - File 15820: Filtered 2378073 hits and 7 records
2025-09-19 01:32:20,618 - INFO - File 4698: Filtered 1593462 hits and 4 records
2025-09-19 01:32:21,937 - INFO - Completed /viper/ptmp/arego/RC4K1_EN_100/4017.h5 in 4.35 seconds
2025-09-19 01:32:22,109 - INFO - Processing /viper/ptmp/arego/RC4K1/11517.h5
2025-09-19 01:32:22,520 - INFO - Completed /viper/ptmp/arego/RC4K1_EN_100/13997.h5 in 6.74 seconds
2025-09-19 01:32:23,010 - INFO - Processing /viper/ptmp/arego/RC4K1/11166.h5
2025-09-19 01:32:23,263 - INFO - File 11517: Filtered 2025227 hits and 5 records
2025-09-19 01:32:23,344 - INFO - Completed /viper/ptmp/arego/RC4K1_EN_100/20853.h5 in 6.96 seconds
2025-09-19 01:32:23,590 - INFO - Processing /viper/ptmp/arego/RC4K1/16863.h5
2025-09-19 01:32:23,656 - INFO - Completed /viper/ptmp/arego/RC4K1_EN_100/7214.h5 in 8.44 seconds
2025-09-19 01:32:24,286 - INFO - Processing /viper/ptmp/arego/RC4K1/14164.h5
2025-09-19 01:32:24,347 - INFO - File 11166: Filtered 3465644 hits and 7 records
2025-09-19 01:32:24,890 - INFO - File 16863: Filtered 3218735 hits and 8 records
2025-09-19 01:32:25,568 - INFO - Completed /viper/ptmp/arego/RC4K1_EN_100/14020.h5 in 8.60 seconds
2025-09-19 01:32:25,674 - INFO - File 14164: Filtered 3313851 hits and 7 records
2025-09-19 01:32:25,748 - INFO - Processing /viper/ptmp/arego/RC4K1/26609.h5
2025-09-19 01:32:25,946 - INFO - Completed /viper/ptmp/arego/RC4K1_EN_100/15820.h5 in 7.15 seconds
2025-09-19 01:32:26,537 - INFO - Processing /viper/ptmp/arego/RC4K1/19250.h5
2025-09-19 01:32:26,607 - INFO - Completed /viper/ptmp/arego/RC4K1_EN_100/13645.h5 in 8.41 seconds
2025-09-19 01:32:27,026 - INFO - File 26609: Filtered 2566159 hits and 7 records
2025-09-19 01:32:27,188 - INFO - Processing /viper/ptmp/arego/RC4K1/8194.h5
2025-09-19 01:32:27,946 - INFO - File 19250: Filtered 4685509 hits and 9 records
2025-09-19 01:32:28,661 - INFO - File 8194: Filtered 3896862 hits and 8 records
2025-09-19 01:32:34,394 - INFO - Completed /viper/ptmp/arego/RC4K1_EN_100/11166.h5 in 11.38 seconds
2025-09-19 01:32:34,562 - INFO - Processing /viper/ptmp/arego/RC4K1/12641.h5
2025-09-19 01:32:35,485 - INFO - Completed /viper/ptmp/arego/RC4K1_EN_100/19250.h5 in 8.95 seconds
2025-09-19 01:32:35,698 - INFO - Processing /viper/ptmp/arego/RC4K1/19318.h5
2025-09-19 01:32:36,035 - INFO - File 12641: Filtered 2378932 hits and 6 records
2025-09-19 01:32:36,036 - INFO - Completed /viper/ptmp/arego/RC4K1_EN_100/4698.h5 in 16.64 seconds
2025-09-19 01:32:36,609 - INFO - Completed /viper/ptmp/arego/RC4K1_EN_100/16863.h5 in 13.02 seconds
2025-09-19 01:32:36,644 - INFO - Processing /viper/ptmp/arego/RC4K1/15889.h5
2025-09-19 01:32:37,040 - INFO - Completed /viper/ptmp/arego/RC4K1_EN_100/11517.h5 in 14.93 seconds
2025-09-19 01:32:37,138 - INFO - File 19318: Filtered 2431382 hits and 6 records
2025-09-19 01:32:37,302 - INFO - Processing /viper/ptmp/arego/RC4K1/3636.h5
2025-09-19 01:32:37,542 - INFO - Completed /viper/ptmp/arego/RC4K1_EN_100/14164.h5 in 13.26 seconds
2025-09-19 01:32:37,984 - INFO - Processing /viper/ptmp/arego/RC4K1/27142.h5
2025-09-19 01:32:38,101 - INFO - File 15889: Filtered 3230574 hits and 6 records
2025-09-19 01:32:38,795 - INFO - Processing /viper/ptmp/arego/RC4K1/23453.h5
2025-09-19 01:32:38,846 - INFO - File 3636: Filtered 4746680 hits and 7 records
2025-09-19 01:32:39,530 - INFO - File 27142: Filtered 3916574 hits and 5 records
2025-09-19 01:32:40,061 - INFO - Completed /viper/ptmp/arego/RC4K1_EN_100/8194.h5 in 12.87 seconds
2025-09-19 01:32:40,243 - INFO - Processing /viper/ptmp/arego/RC4K1/267.h5
2025-09-19 01:32:40,554 - INFO - File 23453: Filtered 3254482 hits and 9 records
2025-09-19 01:32:41,685 - INFO - File 267: Filtered 6149035 hits and 8 records
2025-09-19 01:32:42,649 - INFO - Completed /viper/ptmp/arego/RC4K1_EN_100/26609.h5 in 16.90 seconds
2025-09-19 01:32:42,816 - INFO - Processing /viper/ptmp/arego/RC4K1/11044.h5
2025-09-19 01:32:44,288 - INFO - File 11044: Filtered 6325274 hits and 5 records
2025-09-19 01:32:46,579 - INFO - Completed /viper/ptmp/arego/RC4K1_EN_100/267.h5 in 6.34 seconds
2025-09-19 01:32:46,776 - INFO - Processing /viper/ptmp/arego/RC4K1/20777.h5
2025-09-19 01:32:48,289 - INFO - File 20777: Filtered 2789973 hits and 5 records
2025-09-19 01:32:48,486 - INFO - Completed /viper/ptmp/arego/RC4K1_EN_100/3636.h5 in 11.18 seconds
2025-09-19 01:32:48,718 - INFO - Processing /viper/ptmp/arego/RC4K1/13516.h5
2025-09-19 01:32:49,302 - INFO - Completed /viper/ptmp/arego/RC4K1_EN_100/11044.h5 in 6.49 seconds
2025-09-19 01:32:49,567 - INFO - Processing /viper/ptmp/arego/RC4K1/27233.h5
2025-09-19 01:32:50,412 - INFO - File 13516: Filtered 2958996 hits and 7 records
2025-09-19 01:32:51,463 - INFO - File 27233: Filtered 4451807 hits and 9 records
2025-09-19 01:32:52,649 - INFO - Completed /viper/ptmp/arego/RC4K1_EN_100/27142.h5 in 14.66 seconds
2025-09-19 01:32:52,855 - INFO - Processing /viper/ptmp/arego/RC4K1/13054.h5
2025-09-19 01:32:53,484 - INFO - Completed /viper/ptmp/arego/RC4K1_EN_100/15889.h5 in 16.84 seconds
2025-09-19 01:32:53,690 - INFO - Processing /viper/ptmp/arego/RC4K1/11761.h5
2025-09-19 01:32:53,803 - INFO - Completed /viper/ptmp/arego/RC4K1_EN_100/12641.h5 in 19.24 seconds
2025-09-19 01:32:54,447 - INFO - Processing /viper/ptmp/arego/RC4K1/19586.h5
2025-09-19 01:32:54,600 - INFO - File 13054: Filtered 4259784 hits and 5 records
2025-09-19 01:32:55,447 - INFO - Completed /viper/ptmp/arego/RC4K1_EN_100/19318.h5 in 19.75 seconds
2025-09-19 01:32:55,471 - INFO - File 11761: Filtered 5504477 hits and 8 records
2025-09-19 01:32:55,684 - INFO - Processing /viper/ptmp/arego/RC4K1/23436.h5
2025-09-19 01:32:56,321 - INFO - File 19586: Filtered 3651098 hits and 7 records
2025-09-19 01:32:57,377 - INFO - Completed /viper/ptmp/arego/RC4K1_EN_100/23453.h5 in 18.58 seconds
2025-09-19 01:32:57,569 - INFO - File 23436: Filtered 5338641 hits and 6 records
2025-09-19 01:32:57,594 - INFO - Processing /viper/ptmp/arego/RC4K1/15637.h5
2025-09-19 01:32:59,298 - INFO - File 15637: Filtered 7234824 hits and 10 records
2025-09-19 01:33:06,644 - INFO - Completed /viper/ptmp/arego/RC4K1_EN_100/27233.h5 in 17.08 seconds
2025-09-19 01:33:06,815 - INFO - Processing /viper/ptmp/arego/RC4K1/1356.h5
2025-09-19 01:33:07,172 - INFO - Completed /viper/ptmp/arego/RC4K1_EN_100/15637.h5 in 9.58 seconds
2025-09-19 01:33:07,332 - INFO - Completed /viper/ptmp/arego/RC4K1_EN_100/11761.h5 in 13.64 seconds
2025-09-19 01:33:07,598 - INFO - Processing /viper/ptmp/arego/RC4K1/2174.h5
2025-09-19 01:33:07,749 - INFO - Completed /viper/ptmp/arego/RC4K1_EN_100/20777.h5 in 20.97 seconds
2025-09-19 01:33:08,202 - INFO - Processing /viper/ptmp/arego/RC4K1/8295.h5
2025-09-19 01:33:08,675 - INFO - File 1356: Filtered 5331247 hits and 8 records
2025-09-19 01:33:09,018 - INFO - Processing /viper/ptmp/arego/RC4K1/29503.h5
2025-09-19 01:33:09,706 - INFO - File 2174: Filtered 3243453 hits and 5 records
2025-09-19 01:33:10,268 - INFO - File 8295: Filtered 5196879 hits and 6 records
2025-09-19 01:33:10,970 - INFO - Completed /viper/ptmp/arego/RC4K1_EN_100/13054.h5 in 18.11 seconds
2025-09-19 01:33:11,177 - INFO - Processing /viper/ptmp/arego/RC4K1/9130.h5
2025-09-19 01:33:11,243 - INFO - File 29503: Filtered 5111564 hits and 6 records
2025-09-19 01:33:11,483 - INFO - Completed /viper/ptmp/arego/RC4K1_EN_100/13516.h5 in 22.77 seconds
2025-09-19 01:33:11,780 - INFO - Completed /viper/ptmp/arego/RC4K1_EN_100/23436.h5 in 16.10 seconds
2025-09-19 01:33:11,924 - INFO - Processing /viper/ptmp/arego/RC4K1/7553.h5
2025-09-19 01:33:12,518 - INFO - Processing /viper/ptmp/arego/RC4K1/22187.h5
2025-09-19 01:33:12,945 - INFO - File 9130: Filtered 8736364 hits and 7 records
2025-09-19 01:33:13,786 - INFO - File 7553: Filtered 7541556 hits and 8 records
2025-09-19 01:33:14,623 - INFO - File 22187: Filtered 1567464 hits and 4 records
2025-09-19 01:33:15,446 - INFO - Completed /viper/ptmp/arego/RC4K1_EN_100/19586.h5 in 21.00 seconds
2025-09-19 01:33:15,622 - INFO - Processing /viper/ptmp/arego/RC4K1/19639.h5
2025-09-19 01:33:16,786 - INFO - Completed /viper/ptmp/arego/RC4K1_EN_100/9130.h5 in 5.61 seconds
2025-09-19 01:33:16,962 - INFO - Processing /viper/ptmp/arego/RC4K1/18335.h5
2025-09-19 01:33:17,520 - INFO - File 19639: Filtered 5320188 hits and 5 records
2025-09-19 01:33:18,932 - INFO - File 18335: Filtered 4737978 hits and 8 records
2025-09-19 01:33:23,156 - INFO - Completed /viper/ptmp/arego/RC4K1_EN_100/7553.h5 in 11.23 seconds
2025-09-19 01:33:23,323 - INFO - Processing /viper/ptmp/arego/RC4K1/481.h5
2025-09-19 01:33:25,041 - INFO - Completed /viper/ptmp/arego/RC4K1_EN_100/1356.h5 in 18.23 seconds
2025-09-19 01:33:25,228 - INFO - Processing /viper/ptmp/arego/RC4K1/5769.h5
2025-09-19 01:33:25,267 - INFO - File 481: Filtered 8053224 hits and 8 records
2025-09-19 01:33:27,189 - INFO - File 5769: Filtered 6224495 hits and 6 records
2025-09-19 01:33:27,558 - INFO - Completed /viper/ptmp/arego/RC4K1_EN_100/8295.h5 in 19.36 seconds
2025-09-19 01:33:27,737 - INFO - Processing /viper/ptmp/arego/RC4K1/25309.h5
2025-09-19 01:33:29,045 - INFO - Completed /viper/ptmp/arego/RC4K1_EN_100/29503.h5 in 20.03 seconds
2025-09-19 01:33:29,249 - INFO - Processing /viper/ptmp/arego/RC4K1/14212.h5
2025-09-19 01:33:29,746 - INFO - File 25309: Filtered 9259689 hits and 6 records
2025-09-19 01:33:31,477 - INFO - File 14212: Filtered 5180874 hits and 9 records
2025-09-19 01:33:34,050 - INFO - Completed /viper/ptmp/arego/RC4K1_EN_100/2174.h5 in 26.45 seconds
2025-09-19 01:33:34,218 - INFO - Processing /viper/ptmp/arego/RC4K1/3218.h5
2025-09-19 01:33:34,861 - INFO - Completed /viper/ptmp/arego/RC4K1_EN_100/481.h5 in 11.54 seconds
2025-09-19 01:33:34,994 - INFO - Completed /viper/ptmp/arego/RC4K1_EN_100/19639.h5 in 19.37 seconds
2025-09-19 01:33:35,122 - INFO - Processing /viper/ptmp/arego/RC4K1/18909.h5
2025-09-19 01:33:35,769 - INFO - Processing /viper/ptmp/arego/RC4K1/16989.h5
2025-09-19 01:33:36,089 - INFO - Completed /viper/ptmp/arego/RC4K1_EN_100/25309.h5 in 8.35 seconds
2025-09-19 01:33:36,398 - INFO - File 3218: Filtered 6272969 hits and 8 records
2025-09-19 01:33:36,427 - INFO - Processing /viper/ptmp/arego/RC4K1/6699.h5
2025-09-19 01:33:37,686 - INFO - File 18909: Filtered 3492106 hits and 6 records
2025-09-19 01:33:38,555 - INFO - File 16989: Filtered 6262332 hits and 11 records
2025-09-19 01:33:39,200 - INFO - File 6699: Filtered 8670222 hits and 10 records
2025-09-19 01:33:41,013 - INFO - Completed /viper/ptmp/arego/RC4K1_EN_100/18335.h5 in 24.05 seconds
2025-09-19 01:33:41,178 - INFO - Processing /viper/ptmp/arego/RC4K1/17535.h5
2025-09-19 01:33:43,368 - INFO - File 17535: Filtered 8670246 hits and 7 records
2025-09-19 01:33:44,451 - INFO - Completed /viper/ptmp/arego/RC4K1_EN_100/5769.h5 in 19.22 seconds
2025-09-19 01:33:44,605 - INFO - Processing /viper/ptmp/arego/RC4K1/29338.h5
2025-09-19 01:33:46,775 - INFO - File 29338: Filtered 6196699 hits and 6 records
2025-09-19 01:33:47,617 - INFO - Completed /viper/ptmp/arego/RC4K1_EN_100/22187.h5 in 35.10 seconds
2025-09-19 01:33:47,785 - INFO - Processing /viper/ptmp/arego/RC4K1/16748.h5
2025-09-19 01:33:50,041 - INFO - File 16748: Filtered 6272504 hits and 9 records
2025-09-19 01:33:51,017 - INFO - Completed /viper/ptmp/arego/RC4K1_EN_100/6699.h5 in 14.59 seconds
2025-09-19 01:33:51,168 - INFO - Processing /viper/ptmp/arego/RC4K1/8305.h5
2025-09-19 01:33:53,541 - INFO - File 8305: Filtered 4109242 hits and 7 records
2025-09-19 01:33:55,123 - INFO - Completed /viper/ptmp/arego/RC4K1_EN_100/14212.h5 in 25.87 seconds
2025-09-19 01:33:55,283 - INFO - Processing /viper/ptmp/arego/RC4K1/25518.h5
2025-09-19 01:33:55,738 - INFO - Completed /viper/ptmp/arego/RC4K1_EN_100/17535.h5 in 14.56 seconds
2025-09-19 01:33:56,142 - INFO - Processing /viper/ptmp/arego/RC4K1/13290.h5
2025-09-19 01:33:57,510 - INFO - Completed /viper/ptmp/arego/RC4K1_EN_100/3218.h5 in 23.29 seconds
2025-09-19 01:33:57,723 - INFO - Processing /viper/ptmp/arego/RC4K1/29347.h5
2025-09-19 01:33:57,956 - INFO - File 25518: Filtered 6813438 hits and 8 records
2025-09-19 01:33:58,616 - INFO - File 13290: Filtered 9318513 hits and 6 records
2025-09-19 01:34:00,168 - INFO - File 29347: Filtered 10951902 hits and 6 records
2025-09-19 01:34:00,481 - INFO - Completed /viper/ptmp/arego/RC4K1_EN_100/16989.h5 in 24.71 seconds
2025-09-19 01:34:00,650 - INFO - Processing /viper/ptmp/arego/RC4K1/26849.h5
2025-09-19 01:34:02,960 - INFO - File 26849: Filtered 6408591 hits and 6 records
2025-09-19 01:34:06,429 - INFO - Completed /viper/ptmp/arego/RC4K1_EN_100/29347.h5 in 8.71 seconds
2025-09-19 01:34:06,698 - INFO - Processing /viper/ptmp/arego/RC4K1/14266.h5
2025-09-19 01:34:08,988 - INFO - Completed /viper/ptmp/arego/RC4K1_EN_100/29338.h5 in 24.38 seconds
2025-09-19 01:34:09,206 - INFO - File 14266: Filtered 9794474 hits and 9 records
2025-09-19 01:34:09,220 - INFO - Processing /viper/ptmp/arego/RC4K1/15663.h5
2025-09-19 01:34:09,391 - INFO - Completed /viper/ptmp/arego/RC4K1_EN_100/18909.h5 in 34.27 seconds
2025-09-19 01:34:10,037 - INFO - Processing /viper/ptmp/arego/RC4K1/930.h5
2025-09-19 01:34:10,143 - INFO - Completed /viper/ptmp/arego/RC4K1_EN_100/13290.h5 in 14.00 seconds
2025-09-19 01:34:10,567 - INFO - Processing /viper/ptmp/arego/RC4K1/19374.h5
2025-09-19 01:34:11,619 - INFO - File 15663: Filtered 8325130 hits and 9 records
2025-09-19 01:34:12,875 - INFO - File 930: Filtered 6185229 hits and 7 records
2025-09-19 01:34:12,986 - INFO - Completed /viper/ptmp/arego/RC4K1_EN_100/16748.h5 in 25.20 seconds
2025-09-19 01:34:13,181 - INFO - Processing /viper/ptmp/arego/RC4K1/7707.h5
2025-09-19 01:34:13,384 - INFO - File 19374: Filtered 6609936 hits and 5 records
2025-09-19 01:34:15,697 - INFO - File 7707: Filtered 5139697 hits and 5 records
2025-09-19 01:34:19,995 - INFO - Completed /viper/ptmp/arego/RC4K1_EN_100/25518.h5 in 24.71 seconds
2025-09-19 01:34:20,204 - INFO - Processing /viper/ptmp/arego/RC4K1/6666.h5
2025-09-19 01:34:21,111 - INFO - Completed /viper/ptmp/arego/RC4K1_EN_100/14266.h5 in 14.41 seconds
2025-09-19 01:34:21,351 - INFO - Processing /viper/ptmp/arego/RC4K1/12779.h5
2025-09-19 01:34:22,656 - INFO - File 6666: Filtered 8587394 hits and 7 records
2025-09-19 01:34:24,115 - INFO - File 12779: Filtered 2198243 hits and 6 records
2025-09-19 01:34:25,031 - INFO - Completed /viper/ptmp/arego/RC4K1_EN_100/8305.h5 in 33.86 seconds
2025-09-19 01:34:25,204 - INFO - Processing /viper/ptmp/arego/RC4K1/12759.h5
2025-09-19 01:34:26,212 - INFO - Completed /viper/ptmp/arego/RC4K1_EN_100/26849.h5 in 25.56 seconds
2025-09-19 01:34:26,408 - INFO - Processing /viper/ptmp/arego/RC4K1/25164.h5
2025-09-19 01:34:27,757 - INFO - File 12759: Filtered 8200107 hits and 7 records
2025-09-19 01:34:29,032 - INFO - File 25164: Filtered 11323813 hits and 8 records
2025-09-19 01:34:29,289 - INFO - Completed /viper/ptmp/arego/RC4K1_EN_100/15663.h5 in 20.07 seconds
2025-09-19 01:34:29,457 - INFO - Processing /viper/ptmp/arego/RC4K1/23019.h5
2025-09-19 01:34:31,973 - INFO - File 23019: Filtered 9064580 hits and 7 records
2025-09-19 01:34:36,960 - INFO - Completed /viper/ptmp/arego/RC4K1_EN_100/25164.h5 in 10.55 seconds
2025-09-19 01:34:37,131 - INFO - Processing /viper/ptmp/arego/RC4K1/27961.h5
2025-09-19 01:34:37,879 - INFO - Completed /viper/ptmp/arego/RC4K1_EN_100/19374.h5 in 27.31 seconds
2025-09-19 01:34:38,041 - INFO - Processing /viper/ptmp/arego/RC4K1/29087.h5
2025-09-19 01:34:38,715 - INFO - Completed /viper/ptmp/arego/RC4K1_EN_100/930.h5 in 28.68 seconds
2025-09-19 01:34:39,051 - INFO - Processing /viper/ptmp/arego/RC4K1/3248.h5
2025-09-19 01:34:39,682 - INFO - Completed /viper/ptmp/arego/RC4K1_EN_100/6666.h5 in 19.48 seconds
2025-09-19 01:34:39,955 - INFO - Processing /viper/ptmp/arego/RC4K1/10555.h5
2025-09-19 01:34:40,127 - INFO - File 27961: Filtered 4154089 hits and 7 records
2025-09-19 01:34:40,814 - INFO - File 29087: Filtered 11521032 hits and 12 records
2025-09-19 01:34:42,184 - INFO - File 3248: Filtered 9574787 hits and 5 records
2025-09-19 01:34:42,928 - INFO - File 10555: Filtered 4305571 hits and 4 records
2025-09-19 01:34:46,370 - INFO - Completed /viper/ptmp/arego/RC4K1_EN_100/7707.h5 in 33.19 seconds
2025-09-19 01:34:46,581 - INFO - Processing /viper/ptmp/arego/RC4K1/1014.h5
2025-09-19 01:34:48,479 - INFO - Completed /viper/ptmp/arego/RC4K1_EN_100/12759.h5 in 23.27 seconds
2025-09-19 01:34:48,719 - INFO - Processing /viper/ptmp/arego/RC4K1/4155.h5
2025-09-19 01:34:48,785 - INFO - Completed /viper/ptmp/arego/RC4K1_EN_100/29087.h5 in 10.74 seconds
2025-09-19 01:34:48,884 - INFO - Completed /viper/ptmp/arego/RC4K1_EN_100/23019.h5 in 19.43 seconds
2025-09-19 01:34:49,221 - INFO - File 1014: Filtered 4969972 hits and 7 records
2025-09-19 01:34:49,432 - INFO - Processing /viper/ptmp/arego/RC4K1/19733.h5
2025-09-19 01:34:50,133 - INFO - Processing /viper/ptmp/arego/RC4K1/28307.h5
2025-09-19 01:34:51,451 - INFO - File 4155: Filtered 10235259 hits and 8 records
2025-09-19 01:34:52,344 - INFO - File 19733: Filtered 6790080 hits and 5 records
2025-09-19 01:34:53,212 - INFO - File 28307: Filtered 5372024 hits and 6 records
2025-09-19 01:34:57,320 - INFO - Completed /viper/ptmp/arego/RC4K1_EN_100/3248.h5 in 18.27 seconds
2025-09-19 01:34:57,477 - INFO - Processing /viper/ptmp/arego/RC4K1/1176.h5
2025-09-19 01:35:00,062 - INFO - File 1176: Filtered 6331312 hits and 6 records
2025-09-19 01:35:04,895 - INFO - Completed /viper/ptmp/arego/RC4K1_EN_100/4155.h5 in 16.18 seconds
2025-09-19 01:35:05,067 - INFO - Processing /viper/ptmp/arego/RC4K1/14078.h5
2025-09-19 01:35:05,862 - INFO - Completed /viper/ptmp/arego/RC4K1_EN_100/12779.h5 in 44.51 seconds
2025-09-19 01:35:06,023 - INFO - Processing /viper/ptmp/arego/RC4K1/29328.h5
2025-09-19 01:35:08,584 - INFO - File 29328: Filtered 9709775 hits and 7 records
2025-09-19 01:35:17,151 - INFO - File 14078: Filtered 13385096 hits and 6 records
2025-09-19 01:35:18,553 - INFO - Completed /viper/ptmp/arego/RC4K1_EN_100/10555.h5 in 38.60 seconds
2025-09-19 01:35:18,714 - INFO - Processing /viper/ptmp/arego/RC4K1/3896.h5
2025-09-19 01:35:19,171 - INFO - Completed /viper/ptmp/arego/RC4K1_EN_100/19733.h5 in 29.74 seconds
2025-09-19 01:35:19,321 - INFO - Completed /viper/ptmp/arego/RC4K1_EN_100/27961.h5 in 42.19 seconds
2025-09-19 01:35:19,392 - INFO - Processing /viper/ptmp/arego/RC4K1/4172.h5
2025-09-19 01:35:20,026 - INFO - Processing /viper/ptmp/arego/RC4K1/20981.h5
2025-09-19 01:35:21,284 - INFO - Completed /viper/ptmp/arego/RC4K1_EN_100/14078.h5 in 16.22 seconds
2025-09-19 01:35:21,603 - INFO - Processing /viper/ptmp/arego/RC4K1/15532.h5
2025-09-19 01:35:21,745 - INFO - File 3896: Filtered 9623723 hits and 7 records
2025-09-19 01:35:22,786 - INFO - File 4172: Filtered 10810466 hits and 8 records
2025-09-19 01:35:23,444 - INFO - File 20981: Filtered 8198628 hits and 9 records
2025-09-19 01:35:24,904 - INFO - File 15532: Filtered 12645949 hits and 9 records
2025-09-19 01:35:26,723 - INFO - Completed /viper/ptmp/arego/RC4K1_EN_100/28307.h5 in 36.59 seconds
2025-09-19 01:35:26,865 - INFO - Completed /viper/ptmp/arego/RC4K1_EN_100/29328.h5 in 20.84 seconds
2025-09-19 01:35:26,896 - INFO - Processing /viper/ptmp/arego/RC4K1/19125.h5
2025-09-19 01:35:27,598 - INFO - Processing /viper/ptmp/arego/RC4K1/5477.h5
2025-09-19 01:35:29,836 - INFO - File 19125: Filtered 8420440 hits and 7 records
2025-09-19 01:35:30,437 - INFO - Completed /viper/ptmp/arego/RC4K1_EN_100/1176.h5 in 32.96 seconds
2025-09-19 01:35:30,632 - INFO - Processing /viper/ptmp/arego/RC4K1/26512.h5
2025-09-19 01:35:30,782 - INFO - File 5477: Filtered 11350637 hits and 9 records
2025-09-19 01:35:32,279 - INFO - Completed /viper/ptmp/arego/RC4K1_EN_100/1014.h5 in 45.70 seconds
2025-09-19 01:35:32,441 - INFO - Processing /viper/ptmp/arego/RC4K1/26667.h5
2025-09-19 01:35:33,600 - INFO - File 26512: Filtered 7943898 hits and 4 records
2025-09-19 01:35:35,607 - INFO - Completed /viper/ptmp/arego/RC4K1_EN_100/15532.h5 in 14.00 seconds
2025-09-19 01:35:35,716 - INFO - File 26667: Filtered 4666989 hits and 5 records
2025-09-19 01:35:35,825 - INFO - Processing /viper/ptmp/arego/RC4K1/14487.h5
2025-09-19 01:35:39,461 - INFO - Completed /viper/ptmp/arego/RC4K1_EN_100/4172.h5 in 20.07 seconds
2025-09-19 01:35:39,638 - INFO - Processing /viper/ptmp/arego/RC4K1/23633.h5
2025-09-19 01:35:39,941 - INFO - File 14487: Filtered 8606687 hits and 7 records
2025-09-19 01:35:40,777 - INFO - Completed /viper/ptmp/arego/RC4K1_EN_100/3896.h5 in 22.06 seconds
2025-09-19 01:35:40,951 - INFO - Processing /viper/ptmp/arego/RC4K1/21218.h5
2025-09-19 01:35:46,758 - INFO - File 23633: Filtered 13018374 hits and 9 records
2025-09-19 01:35:46,759 - INFO - File 21218: Filtered 7383848 hits and 4 records
2025-09-19 01:35:51,653 - INFO - Completed /viper/ptmp/arego/RC4K1_EN_100/20981.h5 in 31.63 seconds
2025-09-19 01:35:51,811 - INFO - Processing /viper/ptmp/arego/RC4K1/4913.h5
2025-09-19 01:35:53,062 - INFO - Completed /viper/ptmp/arego/RC4K1_EN_100/5477.h5 in 25.46 seconds
2025-09-19 01:35:53,213 - INFO - Processing /viper/ptmp/arego/RC4K1/19769.h5
2025-09-19 01:35:54,903 - INFO - File 4913: Filtered 9105728 hits and 6 records
2025-09-19 01:35:57,194 - INFO - File 19769: Filtered 7637837 hits and 9 records
2025-09-19 01:36:00,352 - INFO - Completed /viper/ptmp/arego/RC4K1_EN_100/19125.h5 in 33.46 seconds
2025-09-19 01:36:00,394 - INFO - Completed /viper/ptmp/arego/RC4K1_EN_100/23633.h5 in 20.76 seconds
2025-09-19 01:36:00,516 - INFO - Processing /viper/ptmp/arego/RC4K1/23301.h5
2025-09-19 01:36:01,157 - INFO - Processing /viper/ptmp/arego/RC4K1/4121.h5
2025-09-19 01:36:03,901 - INFO - File 23301: Filtered 10628677 hits and 9 records
2025-09-19 01:36:04,687 - INFO - File 4121: Filtered 7380363 hits and 10 records
2025-09-19 01:36:05,678 - INFO - Completed /viper/ptmp/arego/RC4K1_EN_100/26512.h5 in 35.05 seconds
2025-09-19 01:36:05,852 - INFO - Processing /viper/ptmp/arego/RC4K1/4951.h5
2025-09-19 01:36:11,469 - INFO - Completed /viper/ptmp/arego/RC4K1_EN_100/14487.h5 in 35.64 seconds
2025-09-19 01:36:11,633 - INFO - Processing /viper/ptmp/arego/RC4K1/406.h5
2025-09-19 01:36:14,641 - INFO - File 406: Filtered 15232150 hits and 8 records
2025-09-19 01:36:18,638 - INFO - File 4951: Filtered 11390139 hits and 10 records
2025-09-19 01:36:21,073 - INFO - Completed /viper/ptmp/arego/RC4K1_EN_100/21218.h5 in 40.12 seconds
2025-09-19 01:36:21,230 - INFO - Processing /viper/ptmp/arego/RC4K1/5654.h5
2025-09-19 01:36:21,679 - INFO - Completed /viper/ptmp/arego/RC4K1_EN_100/26667.h5 in 49.24 seconds
2025-09-19 01:36:21,888 - INFO - Processing /viper/ptmp/arego/RC4K1/27298.h5
2025-09-19 01:36:22,993 - INFO - Completed /viper/ptmp/arego/RC4K1_EN_100/406.h5 in 11.36 seconds
2025-09-19 01:36:23,181 - INFO - Processing /viper/ptmp/arego/RC4K1/19696.h5
2025-09-19 01:36:24,679 - INFO - Completed /viper/ptmp/arego/RC4K1_EN_100/4913.h5 in 32.87 seconds
2025-09-19 01:36:24,911 - INFO - Processing /viper/ptmp/arego/RC4K1/2191.h5
2025-09-19 01:36:25,040 - INFO - File 5654: Filtered 10737699 hits and 9 records
2025-09-19 01:36:25,644 - INFO - File 27298: Filtered 8329941 hits and 6 records
2025-09-19 01:36:27,015 - INFO - File 19696: Filtered 13258753 hits and 10 records
2025-09-19 01:36:28,645 - INFO - File 2191: Filtered 7369345 hits and 6 records
2025-09-19 01:36:29,501 - INFO - Completed /viper/ptmp/arego/RC4K1_EN_100/23301.h5 in 28.99 seconds
2025-09-19 01:36:29,726 - INFO - Processing /viper/ptmp/arego/RC4K1/24134.h5
2025-09-19 01:36:33,503 - INFO - File 24134: Filtered 9541577 hits and 5 records
2025-09-19 01:36:41,029 - INFO - Completed /viper/ptmp/arego/RC4K1_EN_100/4951.h5 in 35.18 seconds
2025-09-19 01:36:41,177 - INFO - Processing /viper/ptmp/arego/RC4K1/2719.h5
2025-09-19 01:36:42,674 - INFO - Completed /viper/ptmp/arego/RC4K1_EN_100/4121.h5 in 41.52 seconds
2025-09-19 01:36:42,843 - INFO - Processing /viper/ptmp/arego/RC4K1/7588.h5
2025-09-19 01:36:44,602 - INFO - File 2719: Filtered 10110614 hits and 7 records
2025-09-19 01:36:44,845 - INFO - Completed /viper/ptmp/arego/RC4K1_EN_100/19696.h5 in 21.66 seconds
2025-09-19 01:36:45,023 - INFO - Processing /viper/ptmp/arego/RC4K1/6367.h5
2025-09-19 01:36:47,402 - INFO - File 7588: Filtered 3039148 hits and 6 records
2025-09-19 01:36:48,134 - INFO - Completed /viper/ptmp/arego/RC4K1_EN_100/19769.h5 in 54.92 seconds
2025-09-19 01:36:48,345 - INFO - Processing /viper/ptmp/arego/RC4K1/26018.h5
2025-09-19 01:36:49,028 - INFO - File 6367: Filtered 16443034 hits and 10 records
2025-09-19 01:36:52,231 - INFO - File 26018: Filtered 10799660 hits and 7 records
2025-09-19 01:36:52,998 - INFO - Completed /viper/ptmp/arego/RC4K1_EN_100/5654.h5 in 31.77 seconds
2025-09-19 01:36:53,160 - INFO - Processing /viper/ptmp/arego/RC4K1/5355.h5
2025-09-19 01:36:57,131 - INFO - File 5355: Filtered 10599115 hits and 12 records
2025-09-19 01:36:59,227 - INFO - Completed /viper/ptmp/arego/RC4K1_EN_100/6367.h5 in 14.20 seconds
2025-09-19 01:36:59,394 - INFO - Processing /viper/ptmp/arego/RC4K1/9250.h5
2025-09-19 01:37:02,572 - INFO - Completed /viper/ptmp/arego/RC4K1_EN_100/27298.h5 in 40.68 seconds
2025-09-19 01:37:02,771 - INFO - Processing /viper/ptmp/arego/RC4K1/5749.h5
2025-09-19 01:37:03,387 - INFO - File 9250: Filtered 12202456 hits and 7 records
2025-09-19 01:37:05,657 - INFO - Completed /viper/ptmp/arego/RC4K1_EN_100/2191.h5 in 40.75 seconds
2025-09-19 01:37:05,856 - INFO - Processing /viper/ptmp/arego/RC4K1/5684.h5
2025-09-19 01:37:06,665 - INFO - File 5749: Filtered 12638752 hits and 8 records
2025-09-19 01:37:09,956 - INFO - File 5684: Filtered 10787296 hits and 7 records
2025-09-19 01:37:11,279 - INFO - Completed /viper/ptmp/arego/RC4K1_EN_100/24134.h5 in 41.55 seconds
2025-09-19 01:37:11,487 - INFO - Processing /viper/ptmp/arego/RC4K1/22656.h5
2025-09-19 01:37:15,518 - INFO - File 22656: Filtered 7404647 hits and 8 records
2025-09-19 01:37:17,315 - INFO - Completed /viper/ptmp/arego/RC4K1_EN_100/2719.h5 in 36.14 seconds
2025-09-19 01:37:17,518 - INFO - Processing /viper/ptmp/arego/RC4K1/644.h5
2025-09-19 01:37:21,568 - INFO - File 644: Filtered 2500665 hits and 5 records
2025-09-19 01:37:28,058 - INFO - Completed /viper/ptmp/arego/RC4K1_EN_100/26018.h5 in 39.71 seconds
2025-09-19 01:37:28,244 - INFO - Processing /viper/ptmp/arego/RC4K1/12142.h5
2025-09-19 01:37:31,981 - INFO - Completed /viper/ptmp/arego/RC4K1_EN_100/9250.h5 in 32.59 seconds
2025-09-19 01:37:32,154 - INFO - Processing /viper/ptmp/arego/RC4K1/19222.h5
2025-09-19 01:37:32,272 - INFO - File 12142: Filtered 18839248 hits and 9 records
2025-09-19 01:37:32,994 - INFO - Completed /viper/ptmp/arego/RC4K1_EN_100/5355.h5 in 39.83 seconds
2025-09-19 01:37:33,204 - INFO - Processing /viper/ptmp/arego/RC4K1/28300.h5
2025-09-19 01:37:33,617 - INFO - Completed /viper/ptmp/arego/RC4K1_EN_100/5749.h5 in 30.85 seconds
2025-09-19 01:37:33,895 - INFO - Processing /viper/ptmp/arego/RC4K1/1298.h5
2025-09-19 01:37:36,860 - INFO - File 19222: Filtered 3188107 hits and 7 records
2025-09-19 01:37:38,371 - INFO - File 28300: Filtered 10473592 hits and 10 records
2025-09-19 01:37:38,778 - INFO - Completed /viper/ptmp/arego/RC4K1_EN_100/12142.h5 in 10.53 seconds
2025-09-19 01:37:39,019 - INFO - Processing /viper/ptmp/arego/RC4K1/17638.h5
2025-09-19 01:37:39,089 - INFO - File 1298: Filtered 14683561 hits and 13 records
2025-09-19 01:37:43,360 - INFO - File 17638: Filtered 12364666 hits and 8 records
2025-09-19 01:37:47,200 - INFO - Completed /viper/ptmp/arego/RC4K1_EN_100/5684.h5 in 41.34 seconds
2025-09-19 01:37:47,398 - INFO - Processing /viper/ptmp/arego/RC4K1/13168.h5
2025-09-19 01:37:51,631 - INFO - File 13168: Filtered 16073814 hits and 9 records
2025-09-19 01:38:02,151 - INFO - Completed /viper/ptmp/arego/RC4K1_EN_100/7588.h5 in 79.31 seconds
2025-09-19 01:38:02,325 - INFO - Processing /viper/ptmp/arego/RC4K1/7822.h5
2025-09-19 01:38:06,649 - INFO - Completed /viper/ptmp/arego/RC4K1_EN_100/1298.h5 in 32.75 seconds
2025-09-19 01:38:06,772 - INFO - File 7822: Filtered 12312864 hits and 11 records
2025-09-19 01:38:06,826 - INFO - Processing /viper/ptmp/arego/RC4K1/22399.h5
2025-09-19 01:38:09,329 - INFO - Completed /viper/ptmp/arego/RC4K1_EN_100/22656.h5 in 57.84 seconds
2025-09-19 01:38:09,568 - INFO - Processing /viper/ptmp/arego/RC4K1/10898.h5
2025-09-19 01:38:11,228 - INFO - File 22399: Filtered 9547149 hits and 7 records
2025-09-19 01:38:12,781 - INFO - Completed /viper/ptmp/arego/RC4K1_EN_100/13168.h5 in 25.38 seconds
2025-09-19 01:38:13,003 - INFO - Processing /viper/ptmp/arego/RC4K1/9962.h5
2025-09-19 01:38:13,691 - INFO - Completed /viper/ptmp/arego/RC4K1_EN_100/28300.h5 in 40.49 seconds
2025-09-19 01:38:13,890 - INFO - Processing /viper/ptmp/arego/RC4K1/23710.h5
2025-09-19 01:38:14,488 - INFO - File 10898: Filtered 8851421 hits and 8 records
2025-09-19 01:38:17,983 - INFO - File 9962: Filtered 10660940 hits and 6 records
2025-09-19 01:38:18,053 - INFO - Completed /viper/ptmp/arego/RC4K1_EN_100/17638.h5 in 39.03 seconds
2025-09-19 01:38:18,242 - INFO - Processing /viper/ptmp/arego/RC4K1/12329.h5
2025-09-19 01:38:19,015 - INFO - File 23710: Filtered 8410434 hits and 9 records
2025-09-19 01:38:22,682 - INFO - File 12329: Filtered 18811340 hits and 11 records
2025-09-19 01:38:34,248 - INFO - Completed /viper/ptmp/arego/RC4K1_EN_100/12329.h5 in 16.01 seconds
2025-09-19 01:38:34,467 - INFO - Processing /viper/ptmp/arego/RC4K1/25185.h5
2025-09-19 01:38:34,975 - INFO - Completed /viper/ptmp/arego/RC4K1_EN_100/644.h5 in 77.46 seconds
2025-09-19 01:38:35,301 - INFO - Processing /viper/ptmp/arego/RC4K1/21886.h5
2025-09-19 01:38:39,377 - INFO - File 25185: Filtered 8458010 hits and 5 records
2025-09-19 01:38:40,318 - INFO - File 21886: Filtered 9890851 hits and 7 records
2025-09-19 01:38:42,837 - INFO - Completed /viper/ptmp/arego/RC4K1_EN_100/7822.h5 in 40.51 seconds
2025-09-19 01:38:43,009 - INFO - Processing /viper/ptmp/arego/RC4K1/23712.h5
2025-09-19 01:38:47,706 - INFO - File 23712: Filtered 7317468 hits and 8 records
2025-09-19 01:38:49,784 - INFO - Completed /viper/ptmp/arego/RC4K1_EN_100/19222.h5 in 77.63 seconds
2025-09-19 01:38:49,964 - INFO - Processing /viper/ptmp/arego/RC4K1/21185.h5
2025-09-19 01:38:54,406 - INFO - File 21185: Filtered 16474313 hits and 10 records
2025-09-19 01:38:56,750 - INFO - Completed /viper/ptmp/arego/RC4K1_EN_100/22399.h5 in 49.92 seconds
2025-09-19 01:38:56,945 - INFO - Processing /viper/ptmp/arego/RC4K1/27460.h5
2025-09-19 01:38:57,130 - INFO - Completed /viper/ptmp/arego/RC4K1_EN_100/9962.h5 in 44.13 seconds
2025-09-19 01:38:57,595 - INFO - Processing /viper/ptmp/arego/RC4K1/2682.h5
2025-09-19 01:39:01,951 - INFO - File 27460: Filtered 13589889 hits and 10 records
2025-09-19 01:39:02,739 - INFO - File 2682: Filtered 9618211 hits and 6 records
2025-09-19 01:39:04,500 - INFO - Completed /viper/ptmp/arego/RC4K1_EN_100/10898.h5 in 54.93 seconds
2025-09-19 01:39:04,682 - INFO - Processing /viper/ptmp/arego/RC4K1/20043.h5
2025-09-19 01:39:09,455 - INFO - File 20043: Filtered 12188133 hits and 7 records
2025-09-19 01:39:11,087 - INFO - Completed /viper/ptmp/arego/RC4K1_EN_100/23710.h5 in 57.20 seconds
2025-09-19 01:39:11,256 - INFO - Processing /viper/ptmp/arego/RC4K1/1833.h5
2025-09-19 01:39:16,002 - INFO - File 1833: Filtered 6170356 hits and 4 records
2025-09-19 01:39:19,667 - INFO - Completed /viper/ptmp/arego/RC4K1_EN_100/21185.h5 in 29.70 seconds
2025-09-19 01:39:19,867 - INFO - Processing /viper/ptmp/arego/RC4K1/12534.h5
2025-09-19 01:39:24,821 - INFO - File 12534: Filtered 2600711 hits and 9 records
2025-09-19 01:39:27,718 - INFO - Completed /viper/ptmp/arego/RC4K1_EN_100/21886.h5 in 52.42 seconds
2025-09-19 01:39:27,883 - INFO - Processing /viper/ptmp/arego/RC4K1/20170.h5
2025-09-19 01:39:32,698 - INFO - File 20170: Filtered 15762001 hits and 7 records
2025-09-19 01:39:37,131 - INFO - Completed /viper/ptmp/arego/RC4K1_EN_100/25185.h5 in 62.66 seconds
2025-09-19 01:39:37,321 - INFO - Processing /viper/ptmp/arego/RC4K1/15509.h5
2025-09-19 01:39:41,522 - INFO - Completed /viper/ptmp/arego/RC4K1_EN_100/27460.h5 in 44.58 seconds
2025-09-19 01:39:41,721 - INFO - Processing /viper/ptmp/arego/RC4K1/7871.h5
2025-09-19 01:39:42,161 - INFO - File 15509: Filtered 12792729 hits and 7 records
2025-09-19 01:39:46,582 - INFO - File 7871: Filtered 9636554 hits and 7 records
2025-09-19 01:39:52,304 - INFO - Completed /viper/ptmp/arego/RC4K1_EN_100/23712.h5 in 69.30 seconds
2025-09-19 01:39:52,474 - INFO - Processing /viper/ptmp/arego/RC4K1/26374.h5
2025-09-19 01:39:54,002 - INFO - Completed /viper/ptmp/arego/RC4K1_EN_100/20043.h5 in 49.32 seconds
2025-09-19 01:39:54,172 - INFO - Processing /viper/ptmp/arego/RC4K1/8887.h5
2025-09-19 01:39:57,311 - INFO - File 26374: Filtered 12655099 hits and 7 records
2025-09-19 01:39:59,147 - INFO - Completed /viper/ptmp/arego/RC4K1_EN_100/2682.h5 in 61.55 seconds
2025-09-19 01:39:59,300 - INFO - File 8887: Filtered 16055359 hits and 7 records
2025-09-19 01:39:59,350 - INFO - Processing /viper/ptmp/arego/RC4K1/2338.h5
2025-09-19 01:40:04,154 - INFO - File 2338: Filtered 11137156 hits and 5 records
2025-09-19 01:40:06,713 - INFO - Completed /viper/ptmp/arego/RC4K1_EN_100/20170.h5 in 38.83 seconds
2025-09-19 01:40:06,877 - INFO - Processing /viper/ptmp/arego/RC4K1/9314.h5
2025-09-19 01:40:11,666 - INFO - File 9314: Filtered 16423467 hits and 7 records
2025-09-19 01:40:25,533 - INFO - Completed /viper/ptmp/arego/RC4K1_EN_100/15509.h5 in 48.21 seconds
2025-09-19 01:40:25,701 - INFO - Processing /viper/ptmp/arego/RC4K1/15413.h5
2025-09-19 01:40:27,835 - INFO - Completed /viper/ptmp/arego/RC4K1_EN_100/1833.h5 in 76.58 seconds
2025-09-19 01:40:28,071 - INFO - Processing /viper/ptmp/arego/RC4K1/10887.h5
2025-09-19 01:40:30,928 - INFO - File 15413: Filtered 7864631 hits and 8 records
2025-09-19 01:40:33,534 - INFO - File 10887: Filtered 19466560 hits and 7 records
2025-09-19 01:40:37,100 - INFO - Completed /viper/ptmp/arego/RC4K1_EN_100/8887.h5 in 42.93 seconds
2025-09-19 01:40:37,258 - INFO - Processing /viper/ptmp/arego/RC4K1/18273.h5
2025-09-19 01:40:41,239 - INFO - Completed /viper/ptmp/arego/RC4K1_EN_100/26374.h5 in 48.77 seconds
2025-09-19 01:40:41,440 - INFO - Processing /viper/ptmp/arego/RC4K1/7988.h5
2025-09-19 01:40:42,304 - INFO - File 18273: Filtered 16444613 hits and 9 records
2025-09-19 01:40:43,905 - INFO - Completed /viper/ptmp/arego/RC4K1_EN_100/9314.h5 in 37.03 seconds
2025-09-19 01:40:44,112 - INFO - Processing /viper/ptmp/arego/RC4K1/4254.h5
2025-09-19 01:40:46,772 - INFO - File 7988: Filtered 16162406 hits and 10 records
2025-09-19 01:40:48,598 - INFO - Completed /viper/ptmp/arego/RC4K1_EN_100/7871.h5 in 66.88 seconds
2025-09-19 01:40:48,788 - INFO - Processing /viper/ptmp/arego/RC4K1/6910.h5
2025-09-19 01:40:49,812 - INFO - File 4254: Filtered 13101446 hits and 8 records
2025-09-19 01:40:53,717 - INFO - File 6910: Filtered 24754388 hits and 8 records
2025-09-19 01:40:56,015 - INFO - Completed /viper/ptmp/arego/RC4K1_EN_100/10887.h5 in 27.94 seconds
2025-09-19 01:40:56,179 - INFO - Processing /viper/ptmp/arego/RC4K1/7326.h5
2025-09-19 01:40:56,481 - INFO - Completed /viper/ptmp/arego/RC4K1_EN_100/12534.h5 in 96.61 seconds
2025-09-19 01:40:56,873 - INFO - Processing /viper/ptmp/arego/RC4K1/29072.h5
2025-09-19 01:40:57,340 - INFO - Completed /viper/ptmp/arego/RC4K1_EN_100/6910.h5 in 8.55 seconds
2025-09-19 01:40:57,495 - INFO - Processing /viper/ptmp/arego/RC4K1/27293.h5
2025-09-19 01:40:59,386 - INFO - Completed /viper/ptmp/arego/RC4K1_EN_100/2338.h5 in 60.04 seconds
2025-09-19 01:40:59,613 - INFO - Processing /viper/ptmp/arego/RC4K1/3689.h5
2025-09-19 01:41:02,172 - INFO - File 7326: Filtered 18793909 hits and 7 records
2025-09-19 01:41:03,238 - INFO - File 29072: Filtered 17455217 hits and 9 records
2025-09-19 01:41:03,836 - INFO - File 27293: Filtered 14121690 hits and 7 records
2025-09-19 01:41:05,844 - INFO - File 3689: Filtered 15394544 hits and 6 records
2025-09-19 01:41:17,940 - INFO - Completed /viper/ptmp/arego/RC4K1_EN_100/18273.h5 in 40.68 seconds
2025-09-19 01:41:18,170 - INFO - Processing /viper/ptmp/arego/RC4K1/15608.h5
2025-09-19 01:41:23,517 - INFO - File 15608: Filtered 9782893 hits and 5 records
2025-09-19 01:41:25,186 - INFO - Completed /viper/ptmp/arego/RC4K1_EN_100/7988.h5 in 43.75 seconds
2025-09-19 01:41:25,387 - INFO - Processing /viper/ptmp/arego/RC4K1/16386.h5
2025-09-19 01:41:30,433 - INFO - Completed /viper/ptmp/arego/RC4K1_EN_100/7326.h5 in 34.25 seconds
2025-09-19 01:41:30,579 - INFO - File 16386: Filtered 16080347 hits and 5 records
2025-09-19 01:41:30,615 - INFO - Processing /viper/ptmp/arego/RC4K1/27529.h5
2025-09-19 01:41:36,012 - INFO - File 27529: Filtered 11746976 hits and 5 records
2025-09-19 01:41:37,624 - INFO - Completed /viper/ptmp/arego/RC4K1_EN_100/29072.h5 in 40.75 seconds
2025-09-19 01:41:37,808 - INFO - Processing /viper/ptmp/arego/RC4K1/18748.h5
2025-09-19 01:41:41,053 - INFO - Completed /viper/ptmp/arego/RC4K1_EN_100/4254.h5 in 56.94 seconds
2025-09-19 01:41:41,206 - INFO - Processing /viper/ptmp/arego/RC4K1/12911.h5
2025-09-19 01:41:43,184 - INFO - File 18748: Filtered 17105149 hits and 7 records
2025-09-19 01:41:45,744 - INFO - Completed /viper/ptmp/arego/RC4K1_EN_100/15413.h5 in 80.04 seconds
2025-09-19 01:41:45,938 - INFO - Processing /viper/ptmp/arego/RC4K1/10437.h5
2025-09-19 01:41:46,757 - INFO - File 12911: Filtered 9466955 hits and 8 records
2025-09-19 01:41:47,611 - INFO - Completed /viper/ptmp/arego/RC4K1_EN_100/3689.h5 in 48.00 seconds
2025-09-19 01:41:47,882 - INFO - Processing /viper/ptmp/arego/RC4K1/22522.h5
2025-09-19 01:41:51,346 - INFO - File 10437: Filtered 13792556 hits and 6 records
2025-09-19 01:41:51,836 - INFO - Completed /viper/ptmp/arego/RC4K1_EN_100/27293.h5 in 54.34 seconds
2025-09-19 01:41:52,071 - INFO - Processing /viper/ptmp/arego/RC4K1/7877.h5
2025-09-19 01:41:54,300 - INFO - File 22522: Filtered 5919036 hits and 5 records
2025-09-19 01:41:58,175 - INFO - File 7877: Filtered 11662930 hits and 7 records
2025-09-19 01:42:13,634 - INFO - Completed /viper/ptmp/arego/RC4K1_EN_100/16386.h5 in 48.25 seconds
2025-09-19 01:42:13,807 - INFO - Processing /viper/ptmp/arego/RC4K1/11340.h5
2025-09-19 01:42:19,126 - INFO - Completed /viper/ptmp/arego/RC4K1_EN_100/18748.h5 in 41.32 seconds
2025-09-19 01:42:19,307 - INFO - Processing /viper/ptmp/arego/RC4K1/7719.h5
2025-09-19 01:42:19,517 - INFO - File 11340: Filtered 11260206 hits and 4 records
2025-09-19 01:42:24,848 - INFO - File 7719: Filtered 24549713 hits and 8 records
2025-09-19 01:42:27,496 - INFO - Completed /viper/ptmp/arego/RC4K1_EN_100/15608.h5 in 69.33 seconds
2025-09-19 01:42:27,706 - INFO - Processing /viper/ptmp/arego/RC4K1/12725.h5
2025-09-19 01:42:33,377 - INFO - File 12725: Filtered 20403676 hits and 8 records
2025-09-19 01:42:38,294 - INFO - Completed /viper/ptmp/arego/RC4K1_EN_100/27529.h5 in 67.68 seconds
2025-09-19 01:42:38,510 - INFO - Processing /viper/ptmp/arego/RC4K1/16430.h5
2025-09-19 01:42:41,039 - INFO - Completed /viper/ptmp/arego/RC4K1_EN_100/7719.h5 in 21.73 seconds
2025-09-19 01:42:41,205 - INFO - Processing /viper/ptmp/arego/RC4K1/16510.h5
2025-09-19 01:42:44,293 - INFO - File 16430: Filtered 16589323 hits and 8 records
2025-09-19 01:42:44,378 - INFO - Completed /viper/ptmp/arego/RC4K1_EN_100/10437.h5 in 58.44 seconds
2025-09-19 01:42:44,560 - INFO - Processing /viper/ptmp/arego/RC4K1/16104.h5
2025-09-19 01:42:47,353 - INFO - File 16510: Filtered 19144048 hits and 6 records
2025-09-19 01:42:50,760 - INFO - File 16104: Filtered 7025910 hits and 8 records
2025-09-19 01:43:02,540 - INFO - Completed /viper/ptmp/arego/RC4K1_EN_100/12911.h5 in 81.33 seconds
2025-09-19 01:43:02,722 - INFO - Processing /viper/ptmp/arego/RC4K1/14456.h5
2025-09-19 01:43:07,955 - INFO - Completed /viper/ptmp/arego/RC4K1_EN_100/12725.h5 in 40.25 seconds
2025-09-19 01:43:08,158 - INFO - Processing /viper/ptmp/arego/RC4K1/2891.h5
2025-09-19 01:43:08,452 - INFO - Completed /viper/ptmp/arego/RC4K1_EN_100/7877.h5 in 76.38 seconds
2025-09-19 01:43:08,616 - INFO - File 14456: Filtered 17973817 hits and 8 records
2025-09-19 01:43:08,937 - INFO - Processing /viper/ptmp/arego/RC4K1/5131.h5
2025-09-19 01:43:14,824 - INFO - File 2891: Filtered 21985852 hits and 10 records
2025-09-19 01:43:15,646 - INFO - File 5131: Filtered 15887674 hits and 8 records
2025-09-19 01:43:24,550 - INFO - Completed /viper/ptmp/arego/RC4K1_EN_100/22522.h5 in 96.67 seconds
2025-09-19 01:43:24,709 - INFO - Processing /viper/ptmp/arego/RC4K1/13707.h5
2025-09-19 01:43:25,301 - INFO - Completed /viper/ptmp/arego/RC4K1_EN_100/16510.h5 in 44.10 seconds
2025-09-19 01:43:25,643 - INFO - Processing /viper/ptmp/arego/RC4K1/21761.h5
2025-09-19 01:43:31,217 - INFO - File 13707: Filtered 16373205 hits and 8 records
2025-09-19 01:43:31,799 - INFO - Completed /viper/ptmp/arego/RC4K1_EN_100/11340.h5 in 77.99 seconds
2025-09-19 01:43:32,015 - INFO - Processing /viper/ptmp/arego/RC4K1/45.h5
2025-09-19 01:43:32,506 - INFO - File 21761: Filtered 11797799 hits and 7 records
2025-09-19 01:43:35,553 - INFO - Completed /viper/ptmp/arego/RC4K1_EN_100/16430.h5 in 57.04 seconds
2025-09-19 01:43:35,725 - INFO - Processing /viper/ptmp/arego/RC4K1/4561.h5
2025-09-19 01:43:38,324 - INFO - File 45: Filtered 18339507 hits and 10 records
2025-09-19 01:43:42,202 - INFO - File 4561: Filtered 13082732 hits and 10 records
2025-09-19 01:43:48,130 - INFO - Completed /viper/ptmp/arego/RC4K1_EN_100/2891.h5 in 39.97 seconds
2025-09-19 01:43:48,298 - INFO - Processing /viper/ptmp/arego/RC4K1/24177.h5
2025-09-19 01:43:54,484 - INFO - File 24177: Filtered 19021284 hits and 6 records
2025-09-19 01:43:55,299 - INFO - Completed /viper/ptmp/arego/RC4K1_EN_100/14456.h5 in 52.58 seconds
2025-09-19 01:43:55,452 - INFO - Processing /viper/ptmp/arego/RC4K1/17047.h5
2025-09-19 01:44:01,551 - INFO - File 17047: Filtered 23973804 hits and 8 records
2025-09-19 01:44:13,069 - INFO - Completed /viper/ptmp/arego/RC4K1_EN_100/5131.h5 in 64.13 seconds
2025-09-19 01:44:13,279 - INFO - Processing /viper/ptmp/arego/RC4K1/6174.h5
2025-09-19 01:44:19,854 - INFO - File 6174: Filtered 20198541 hits and 9 records
2025-09-19 01:44:26,527 - INFO - Completed /viper/ptmp/arego/RC4K1_EN_100/16104.h5 in 101.97 seconds
2025-09-19 01:44:26,738 - INFO - Processing /viper/ptmp/arego/RC4K1/12778.h5
2025-09-19 01:44:28,451 - INFO - Completed /viper/ptmp/arego/RC4K1_EN_100/45.h5 in 56.44 seconds
2025-09-19 01:44:28,685 - INFO - Processing /viper/ptmp/arego/RC4K1/6528.h5
2025-09-19 01:44:29,795 - INFO - Completed /viper/ptmp/arego/RC4K1_EN_100/13707.h5 in 65.09 seconds
2025-09-19 01:44:29,965 - INFO - Processing /viper/ptmp/arego/RC4K1/27660.h5
2025-09-19 01:44:32,473 - INFO - Completed /viper/ptmp/arego/RC4K1_EN_100/17047.h5 in 37.02 seconds
2025-09-19 01:44:32,719 - INFO - Processing /viper/ptmp/arego/RC4K1/6020.h5
2025-09-19 01:44:33,409 - INFO - File 12778: Filtered 16350134 hits and 7 records
2025-09-19 01:44:38,370 - INFO - File 27660: Filtered 22316296 hits and 8 records
2025-09-19 01:44:40,636 - INFO - File 6528: Filtered 8000813 hits and 4 records
2025-09-19 01:44:40,871 - INFO - File 6020: Filtered 28235481 hits and 6 records
2025-09-19 01:44:46,428 - INFO - Completed /viper/ptmp/arego/RC4K1_EN_100/24177.h5 in 58.13 seconds
2025-09-19 01:44:46,591 - INFO - Processing /viper/ptmp/arego/RC4K1/8427.h5
2025-09-19 01:44:50,703 - INFO - Completed /viper/ptmp/arego/RC4K1_EN_100/21761.h5 in 85.06 seconds
2025-09-19 01:44:50,941 - INFO - Processing /viper/ptmp/arego/RC4K1/28924.h5
2025-09-19 01:44:53,410 - INFO - File 8427: Filtered 7931028 hits and 5 records
2025-09-19 01:44:58,307 - INFO - File 28924: Filtered 15127593 hits and 8 records
2025-09-19 01:45:01,372 - INFO - Completed /viper/ptmp/arego/RC4K1_EN_100/4561.h5 in 85.65 seconds
2025-09-19 01:45:01,540 - INFO - Processing /viper/ptmp/arego/RC4K1/29447.h5
2025-09-19 01:45:02,611 - INFO - Completed /viper/ptmp/arego/RC4K1_EN_100/6020.h5 in 29.89 seconds
2025-09-19 01:45:02,785 - INFO - Processing /viper/ptmp/arego/RC4K1/28711.h5
2025-09-19 01:45:09,248 - INFO - File 29447: Filtered 12536299 hits and 9 records
2025-09-19 01:45:10,291 - INFO - File 28711: Filtered 26528564 hits and 7 records
2025-09-19 01:45:10,422 - INFO - Completed /viper/ptmp/arego/RC4K1_EN_100/6174.h5 in 57.14 seconds
2025-09-19 01:45:10,658 - INFO - Processing /viper/ptmp/arego/RC4K1/9166.h5
2025-09-19 01:45:17,762 - INFO - File 9166: Filtered 14915680 hits and 6 records
2025-09-19 01:45:23,218 - INFO - Completed /viper/ptmp/arego/RC4K1_EN_100/27660.h5 in 53.25 seconds
2025-09-19 01:45:23,422 - INFO - Processing /viper/ptmp/arego/RC4K1/23924.h5
2025-09-19 01:45:30,210 - INFO - File 23924: Filtered 22454222 hits and 6 records
2025-09-19 01:45:40,858 - INFO - Completed /viper/ptmp/arego/RC4K1_EN_100/28711.h5 in 38.07 seconds
2025-09-19 01:45:41,026 - INFO - Processing /viper/ptmp/arego/RC4K1/18674.h5
2025-09-19 01:45:41,700 - INFO - Completed /viper/ptmp/arego/RC4K1_EN_100/12778.h5 in 74.96 seconds
2025-09-19 01:45:41,872 - INFO - Processing /viper/ptmp/arego/RC4K1/4559.h5
2025-09-19 01:45:48,615 - INFO - File 18674: Filtered 18797326 hits and 7 records
2025-09-19 01:45:49,365 - INFO - File 4559: Filtered 19253688 hits and 5 records
2025-09-19 01:46:17,086 - INFO - Completed /viper/ptmp/arego/RC4K1_EN_100/23924.h5 in 53.66 seconds
2025-09-19 01:46:17,254 - INFO - Processing /viper/ptmp/arego/RC4K1/10196.h5
2025-09-19 01:46:17,540 - INFO - Completed /viper/ptmp/arego/RC4K1_EN_100/28924.h5 in 86.60 seconds
2025-09-19 01:46:18,065 - INFO - Processing /viper/ptmp/arego/RC4K1/10901.h5
2025-09-19 01:46:25,420 - INFO - File 10196: Filtered 25952096 hits and 9 records
2025-09-19 01:46:26,274 - INFO - File 10901: Filtered 22091242 hits and 7 records
2025-09-19 01:46:41,398 - INFO - Completed /viper/ptmp/arego/RC4K1_EN_100/29447.h5 in 99.86 seconds
2025-09-19 01:46:41,578 - INFO - Processing /viper/ptmp/arego/RC4K1/26832.h5
2025-09-19 01:46:43,656 - INFO - Completed /viper/ptmp/arego/RC4K1_EN_100/8427.h5 in 117.06 seconds
2025-09-19 01:46:43,829 - INFO - Processing /viper/ptmp/arego/RC4K1/27306.h5
2025-09-19 01:46:45,528 - INFO - Completed /viper/ptmp/arego/RC4K1_EN_100/9166.h5 in 94.87 seconds
2025-09-19 01:46:45,700 - INFO - Processing /viper/ptmp/arego/RC4K1/25459.h5
2025-09-19 01:46:48,912 - INFO - File 26832: Filtered 17820580 hits and 8 records
2025-09-19 01:46:52,271 - INFO - File 27306: Filtered 19647926 hits and 8 records
2025-09-19 01:46:53,949 - INFO - File 25459: Filtered 28756512 hits and 9 records
2025-09-19 01:46:55,554 - INFO - Completed /viper/ptmp/arego/RC4K1_EN_100/4559.h5 in 73.68 seconds
2025-09-19 01:46:55,723 - INFO - Processing /viper/ptmp/arego/RC4K1/8873.h5
2025-09-19 01:46:57,477 - INFO - Completed /viper/ptmp/arego/RC4K1_EN_100/18674.h5 in 76.45 seconds
2025-09-19 01:46:57,646 - INFO - Processing /viper/ptmp/arego/RC4K1/9177.h5
2025-09-19 01:47:03,204 - INFO - File 8873: Filtered 17239277 hits and 7 records
2025-09-19 01:47:05,640 - INFO - File 9177: Filtered 18450262 hits and 10 records
2025-09-19 01:47:07,688 - INFO - Completed /viper/ptmp/arego/RC4K1_EN_100/10196.h5 in 50.43 seconds
2025-09-19 01:47:07,865 - INFO - Processing /viper/ptmp/arego/RC4K1/18329.h5
2025-09-19 01:47:15,921 - INFO - File 18329: Filtered 12879704 hits and 6 records
2025-09-19 01:47:21,775 - INFO - Completed /viper/ptmp/arego/RC4K1_EN_100/25459.h5 in 36.07 seconds
2025-09-19 01:47:21,938 - INFO - Processing /viper/ptmp/arego/RC4K1/19275.h5
2025-09-19 01:47:24,787 - INFO - Completed /viper/ptmp/arego/RC4K1_EN_100/10901.h5 in 66.72 seconds
2025-09-19 01:47:24,959 - INFO - Processing /viper/ptmp/arego/RC4K1/25421.h5
2025-09-19 01:47:25,377 - INFO - Completed /viper/ptmp/arego/RC4K1_EN_100/6528.h5 in 176.69 seconds
2025-09-19 01:47:25,702 - INFO - Processing /viper/ptmp/arego/RC4K1/20705.h5
2025-09-19 01:47:29,109 - INFO - File 19275: Filtered 26960069 hits and 11 records
2025-09-19 01:47:33,537 - INFO - File 25421: Filtered 16821727 hits and 11 records
2025-09-19 01:47:33,833 - INFO - File 20705: Filtered 24791575 hits and 8 records
2025-09-19 01:48:00,728 - INFO - Completed /viper/ptmp/arego/RC4K1_EN_100/27306.h5 in 76.90 seconds
2025-09-19 01:48:00,895 - INFO - Processing /viper/ptmp/arego/RC4K1/29813.h5
2025-09-19 01:48:06,785 - INFO - Completed /viper/ptmp/arego/RC4K1_EN_100/19275.h5 in 44.85 seconds
2025-09-19 01:48:06,986 - INFO - Processing /viper/ptmp/arego/RC4K1/21829.h5
2025-09-19 01:48:08,293 - INFO - File 29813: Filtered 16452713 hits and 8 records
2025-09-19 01:48:10,347 - INFO - Completed /viper/ptmp/arego/RC4K1_EN_100/26832.h5 in 88.77 seconds
2025-09-19 01:48:10,530 - INFO - Processing /viper/ptmp/arego/RC4K1/10916.h5
2025-09-19 01:48:14,408 - INFO - File 21829: Filtered 23887274 hits and 7 records
2025-09-19 01:48:18,405 - INFO - File 10916: Filtered 21204661 hits and 7 records
2025-09-19 01:48:20,699 - INFO - Completed /viper/ptmp/arego/RC4K1_EN_100/20705.h5 in 55.00 seconds
2025-09-19 01:48:20,865 - INFO - Processing /viper/ptmp/arego/RC4K1/20669.h5
2025-09-19 01:48:21,394 - INFO - Completed /viper/ptmp/arego/RC4K1_EN_100/9177.h5 in 83.75 seconds
2025-09-19 01:48:21,562 - INFO - Processing /viper/ptmp/arego/RC4K1/5472.h5
2025-09-19 01:48:24,061 - INFO - Completed /viper/ptmp/arego/RC4K1_EN_100/8873.h5 in 88.34 seconds
2025-09-19 01:48:24,242 - INFO - Processing /viper/ptmp/arego/RC4K1/13445.h5
2025-09-19 01:48:29,119 - INFO - File 20669: Filtered 18749894 hits and 6 records
2025-09-19 01:48:30,699 - INFO - File 5472: Filtered 14040139 hits and 5 records
2025-09-19 01:48:33,118 - INFO - File 13445: Filtered 30266050 hits and 9 records
2025-09-19 01:48:59,394 - INFO - Completed /viper/ptmp/arego/RC4K1_EN_100/25421.h5 in 94.44 seconds
2025-09-19 01:48:59,566 - INFO - Processing /viper/ptmp/arego/RC4K1/399.h5
2025-09-19 01:49:01,417 - INFO - Completed /viper/ptmp/arego/RC4K1_EN_100/13445.h5 in 37.17 seconds
2025-09-19 01:49:01,581 - INFO - Processing /viper/ptmp/arego/RC4K1/24015.h5
2025-09-19 01:49:06,049 - INFO - Completed /viper/ptmp/arego/RC4K1_EN_100/21829.h5 in 59.06 seconds
2025-09-19 01:49:06,236 - INFO - Processing /viper/ptmp/arego/RC4K1/10374.h5
2025-09-19 01:49:07,831 - INFO - File 399: Filtered 17461803 hits and 8 records
2025-09-19 01:49:10,456 - INFO - File 24015: Filtered 16222158 hits and 5 records
2025-09-19 01:49:15,255 - INFO - File 10374: Filtered 16451840 hits and 10 records
2025-09-19 01:49:15,524 - INFO - Completed /viper/ptmp/arego/RC4K1_EN_100/18329.h5 in 127.66 seconds
2025-09-19 01:49:15,694 - INFO - Processing /viper/ptmp/arego/RC4K1/20591.h5
2025-09-19 01:49:23,650 - INFO - File 20591: Filtered 31596944 hits and 9 records
2025-09-19 01:49:25,560 - INFO - Completed /viper/ptmp/arego/RC4K1_EN_100/10916.h5 in 75.03 seconds
2025-09-19 01:49:25,723 - INFO - Processing /viper/ptmp/arego/RC4K1/21962.h5
2025-09-19 01:49:33,903 - INFO - File 21962: Filtered 19766340 hits and 8 records
2025-09-19 01:49:40,424 - INFO - Completed /viper/ptmp/arego/RC4K1_EN_100/29813.h5 in 99.53 seconds
2025-09-19 01:49:40,635 - INFO - Processing /viper/ptmp/arego/RC4K1/27842.h5
2025-09-19 01:49:46,023 - INFO - Completed /viper/ptmp/arego/RC4K1_EN_100/20669.h5 in 85.16 seconds
2025-09-19 01:49:46,276 - INFO - Processing /viper/ptmp/arego/RC4K1/8398.h5
2025-09-19 01:49:48,506 - INFO - File 27842: Filtered 24821730 hits and 7 records
2025-09-19 01:49:54,098 - INFO - File 8398: Filtered 32709637 hits and 9 records
2025-09-19 01:49:57,499 - INFO - Completed /viper/ptmp/arego/RC4K1_EN_100/20591.h5 in 41.80 seconds
2025-09-19 01:49:57,667 - INFO - Processing /viper/ptmp/arego/RC4K1/23098.h5
2025-09-19 01:50:05,792 - INFO - File 23098: Filtered 22122663 hits and 12 records
2025-09-19 01:50:14,590 - INFO - Completed /viper/ptmp/arego/RC4K1_EN_100/5472.h5 in 113.03 seconds
2025-09-19 01:50:14,753 - INFO - Processing /viper/ptmp/arego/RC4K1/6779.h5
2025-09-19 01:50:23,321 - INFO - File 6779: Filtered 24996391 hits and 9 records
2025-09-19 01:50:24,505 - INFO - Completed /viper/ptmp/arego/RC4K1_EN_100/8398.h5 in 38.23 seconds
2025-09-19 01:50:24,686 - INFO - Processing /viper/ptmp/arego/RC4K1/12450.h5
2025-09-19 01:50:33,175 - INFO - File 12450: Filtered 17603548 hits and 9 records
2025-09-19 01:50:40,368 - INFO - Completed /viper/ptmp/arego/RC4K1_EN_100/399.h5 in 100.80 seconds
2025-09-19 01:50:40,600 - INFO - Processing /viper/ptmp/arego/RC4K1/10620.h5
2025-09-19 01:50:49,326 - INFO - File 10620: Filtered 11457926 hits and 5 records
2025-09-19 01:50:50,299 - INFO - Completed /viper/ptmp/arego/RC4K1_EN_100/24015.h5 in 108.72 seconds
2025-09-19 01:50:50,502 - INFO - Processing /viper/ptmp/arego/RC4K1/23672.h5
2025-09-19 01:50:53,778 - INFO - Completed /viper/ptmp/arego/RC4K1_EN_100/10374.h5 in 107.54 seconds
2025-09-19 01:50:53,988 - INFO - Processing /viper/ptmp/arego/RC4K1/5806.h5
2025-09-19 01:50:54,242 - INFO - Completed /viper/ptmp/arego/RC4K1_EN_100/27842.h5 in 73.61 seconds
2025-09-19 01:50:54,769 - INFO - Processing /viper/ptmp/arego/RC4K1/3917.h5
2025-09-19 01:50:58,839 - INFO - File 23672: Filtered 26118528 hits and 10 records
2025-09-19 01:51:03,888 - INFO - File 5806: Filtered 29924799 hits and 8 records
2025-09-19 01:51:04,526 - INFO - Completed /viper/ptmp/arego/RC4K1_EN_100/21962.h5 in 98.80 seconds
2025-09-19 01:51:04,792 - INFO - File 3917: Filtered 27105658 hits and 10 records
2025-09-19 01:51:04,798 - INFO - Processing /viper/ptmp/arego/RC4K1/15575.h5
2025-09-19 01:51:13,500 - INFO - File 15575: Filtered 30401216 hits and 9 records
2025-09-19 01:51:24,810 - INFO - Completed /viper/ptmp/arego/RC4K1_EN_100/23098.h5 in 87.14 seconds
2025-09-19 01:51:24,973 - INFO - Processing /viper/ptmp/arego/RC4K1/21531.h5
2025-09-19 01:51:33,956 - INFO - File 21531: Filtered 15769455 hits and 7 records
2025-09-19 01:51:35,392 - INFO - Completed /viper/ptmp/arego/RC4K1_EN_100/6779.h5 in 80.64 seconds
2025-09-19 01:51:35,623 - INFO - Processing /viper/ptmp/arego/RC4K1/13193.h5
2025-09-19 01:51:44,620 - INFO - File 13193: Filtered 22191646 hits and 7 records
2025-09-19 01:51:51,163 - INFO - Completed /viper/ptmp/arego/RC4K1_EN_100/5806.h5 in 57.18 seconds
2025-09-19 01:51:51,333 - INFO - Processing /viper/ptmp/arego/RC4K1/20452.h5
2025-09-19 01:52:00,335 - INFO - File 20452: Filtered 30351521 hits and 8 records
2025-09-19 01:52:00,702 - INFO - Completed /viper/ptmp/arego/RC4K1_EN_100/23672.h5 in 70.20 seconds
2025-09-19 01:52:00,984 - INFO - Processing /viper/ptmp/arego/RC4K1/1163.h5
2025-09-19 01:52:08,261 - INFO - Completed /viper/ptmp/arego/RC4K1_EN_100/15575.h5 in 63.46 seconds
2025-09-19 01:52:08,469 - INFO - Processing /viper/ptmp/arego/RC4K1/20125.h5
2025-09-19 01:52:09,997 - INFO - File 1163: Filtered 23454870 hits and 7 records
2025-09-19 01:52:14,410 - INFO - Completed /viper/ptmp/arego/RC4K1_EN_100/12450.h5 in 109.72 seconds
2025-09-19 01:52:14,609 - INFO - Processing /viper/ptmp/arego/RC4K1/4579.h5
2025-09-19 01:52:15,963 - INFO - Completed /viper/ptmp/arego/RC4K1_EN_100/3917.h5 in 81.19 seconds
2025-09-19 01:52:16,161 - INFO - Processing /viper/ptmp/arego/RC4K1/17322.h5
2025-09-19 01:52:17,939 - INFO - File 20125: Filtered 20825067 hits and 8 records
2025-09-19 01:52:25,106 - INFO - File 4579: Filtered 23813311 hits and 10 records
2025-09-19 01:52:26,580 - INFO - File 17322: Filtered 26686434 hits and 7 records
2025-09-19 01:52:59,012 - INFO - Completed /viper/ptmp/arego/RC4K1_EN_100/10620.h5 in 138.41 seconds
2025-09-19 01:52:59,179 - INFO - Processing /viper/ptmp/arego/RC4K1/9500.h5
2025-09-19 01:53:01,956 - INFO - Completed /viper/ptmp/arego/RC4K1_EN_100/20452.h5 in 70.62 seconds
2025-09-19 01:53:02,127 - INFO - Processing /viper/ptmp/arego/RC4K1/1531.h5
2025-09-19 01:53:08,869 - INFO - File 9500: Filtered 29186364 hits and 9 records
2025-09-19 01:53:12,549 - INFO - File 1531: Filtered 32407320 hits and 9 records
2025-09-19 01:53:24,074 - INFO - Completed /viper/ptmp/arego/RC4K1_EN_100/13193.h5 in 108.45 seconds
2025-09-19 01:53:24,247 - INFO - Processing /viper/ptmp/arego/RC4K1/8785.h5
2025-09-19 01:53:34,380 - INFO - File 8785: Filtered 17863075 hits and 8 records
2025-09-19 01:53:41,793 - INFO - Completed /viper/ptmp/arego/RC4K1_EN_100/21531.h5 in 136.82 seconds
2025-09-19 01:53:41,995 - INFO - Processing /viper/ptmp/arego/RC4K1/10313.h5
2025-09-19 01:53:45,341 - INFO - Completed /viper/ptmp/arego/RC4K1_EN_100/1163.h5 in 104.36 seconds
2025-09-19 01:53:45,512 - INFO - Processing /viper/ptmp/arego/RC4K1/24985.h5
2025-09-19 01:53:51,805 - INFO - File 10313: Filtered 27511028 hits and 9 records
2025-09-19 01:53:56,216 - INFO - File 24985: Filtered 28244260 hits and 6 records
2025-09-19 01:53:57,450 - INFO - Completed /viper/ptmp/arego/RC4K1_EN_100/17322.h5 in 101.29 seconds
2025-09-19 01:53:57,638 - INFO - Processing /viper/ptmp/arego/RC4K1/24949.h5
2025-09-19 01:54:07,622 - INFO - Completed /viper/ptmp/arego/RC4K1_EN_100/20125.h5 in 119.15 seconds
2025-09-19 01:54:07,718 - INFO - File 24949: Filtered 23096405 hits and 6 records
2025-09-19 01:54:07,805 - INFO - Processing /viper/ptmp/arego/RC4K1/28509.h5
2025-09-19 01:54:09,897 - INFO - Completed /viper/ptmp/arego/RC4K1_EN_100/4579.h5 in 115.29 seconds
2025-09-19 01:54:10,099 - INFO - Processing /viper/ptmp/arego/RC4K1/22234.h5
2025-09-19 01:54:17,873 - INFO - File 28509: Filtered 30128609 hits and 10 records
2025-09-19 01:54:19,399 - INFO - Completed /viper/ptmp/arego/RC4K1_EN_100/1531.h5 in 77.27 seconds
2025-09-19 01:54:19,644 - INFO - Processing /viper/ptmp/arego/RC4K1/14185.h5
2025-09-19 01:54:31,320 - INFO - Completed /viper/ptmp/arego/RC4K1_EN_100/9500.h5 in 92.14 seconds
2025-09-19 01:54:31,546 - INFO - Processing /viper/ptmp/arego/RC4K1/9299.h5
2025-09-19 01:54:33,738 - INFO - File 14185: Filtered 19840286 hits and 8 records
2025-09-19 01:54:44,211 - INFO - File 9299: Filtered 34414533 hits and 8 records
2025-09-19 01:54:45,000 - INFO - File 22234: Filtered 55083926 hits and 10 records
2025-09-19 01:55:22,408 - INFO - Completed /viper/ptmp/arego/RC4K1_EN_100/10313.h5 in 100.41 seconds
2025-09-19 01:55:22,586 - INFO - Processing /viper/ptmp/arego/RC4K1/8372.h5
2025-09-19 01:55:25,654 - INFO - Completed /viper/ptmp/arego/RC4K1_EN_100/24985.h5 in 100.14 seconds
2025-09-19 01:55:25,824 - INFO - Processing /viper/ptmp/arego/RC4K1/5532.h5
2025-09-19 01:55:33,162 - INFO - File 8372: Filtered 28764306 hits and 10 records
2025-09-19 01:55:37,228 - INFO - File 5532: Filtered 27985247 hits and 10 records
2025-09-19 01:55:43,321 - INFO - Completed /viper/ptmp/arego/RC4K1_EN_100/28509.h5 in 95.52 seconds
2025-09-19 01:55:43,490 - INFO - Processing /viper/ptmp/arego/RC4K1/19081.h5
2025-09-19 01:55:47,929 - INFO - Completed /viper/ptmp/arego/RC4K1_EN_100/8785.h5 in 143.68 seconds
2025-09-19 01:55:48,102 - INFO - Processing /viper/ptmp/arego/RC4K1/17147.h5
2025-09-19 01:55:53,348 - INFO - Completed /viper/ptmp/arego/RC4K1_EN_100/9299.h5 in 81.80 seconds
2025-09-19 01:55:53,555 - INFO - Processing /viper/ptmp/arego/RC4K1/23937.h5
2025-09-19 01:55:53,945 - INFO - File 19081: Filtered 27594609 hits and 6 records
2025-09-19 01:55:59,482 - INFO - File 17147: Filtered 36705552 hits and 11 records
2025-09-19 01:56:04,546 - INFO - File 23937: Filtered 38145510 hits and 9 records
2025-09-19 01:56:04,761 - INFO - Completed /viper/ptmp/arego/RC4K1_EN_100/24949.h5 in 127.12 seconds
2025-09-19 01:56:04,935 - INFO - Processing /viper/ptmp/arego/RC4K1/13402.h5
2025-09-19 01:56:15,530 - INFO - File 13402: Filtered 17413562 hits and 5 records
2025-09-19 01:56:49,766 - INFO - Completed /viper/ptmp/arego/RC4K1_EN_100/14185.h5 in 150.12 seconds
2025-09-19 01:56:49,995 - INFO - Processing /viper/ptmp/arego/RC4K1/16651.h5
2025-09-19 01:57:01,169 - INFO - File 16651: Filtered 21169832 hits and 7 records
2025-09-19 01:57:02,555 - INFO - Completed /viper/ptmp/arego/RC4K1_EN_100/17147.h5 in 74.45 seconds
2025-09-19 01:57:02,733 - INFO - Processing /viper/ptmp/arego/RC4K1/11356.h5
2025-09-19 01:57:05,563 - INFO - Completed /viper/ptmp/arego/RC4K1_EN_100/23937.h5 in 72.01 seconds
2025-09-19 01:57:05,798 - INFO - Processing /viper/ptmp/arego/RC4K1/27450.h5
2025-09-19 01:57:10,078 - INFO - Completed /viper/ptmp/arego/RC4K1_EN_100/8372.h5 in 107.49 seconds
2025-09-19 01:57:10,286 - INFO - Processing /viper/ptmp/arego/RC4K1/22659.h5
2025-09-19 01:57:14,764 - INFO - File 11356: Filtered 18682556 hits and 7 records
2025-09-19 01:57:16,644 - INFO - Completed /viper/ptmp/arego/RC4K1_EN_100/5532.h5 in 110.82 seconds
2025-09-19 01:57:16,856 - INFO - Processing /viper/ptmp/arego/RC4K1/5217.h5
2025-09-19 01:57:18,036 - INFO - File 27450: Filtered 39640975 hits and 11 records
2025-09-19 01:57:23,252 - INFO - File 22659: Filtered 29906452 hits and 7 records
2025-09-19 01:57:29,280 - INFO - File 5217: Filtered 36791185 hits and 9 records
2025-09-19 01:57:38,671 - INFO - Completed /viper/ptmp/arego/RC4K1_EN_100/19081.h5 in 115.18 seconds
2025-09-19 01:57:38,838 - INFO - Processing /viper/ptmp/arego/RC4K1/7546.h5
2025-09-19 01:57:50,184 - INFO - File 7546: Filtered 37720539 hits and 11 records
2025-09-19 01:58:26,590 - INFO - Completed /viper/ptmp/arego/RC4K1_EN_100/27450.h5 in 80.79 seconds
2025-09-19 01:58:26,767 - INFO - Processing /viper/ptmp/arego/RC4K1/1955.h5
2025-09-19 01:58:38,587 - INFO - File 1955: Filtered 25200149 hits and 8 records
2025-09-19 01:58:53,583 - INFO - Completed /viper/ptmp/arego/RC4K1_EN_100/5217.h5 in 96.73 seconds
2025-09-19 01:58:53,794 - INFO - Processing /viper/ptmp/arego/RC4K1/25583.h5
2025-09-19 01:58:56,438 - INFO - Completed /viper/ptmp/arego/RC4K1_EN_100/13402.h5 in 171.50 seconds
2025-09-19 01:58:56,609 - INFO - Processing /viper/ptmp/arego/RC4K1/11522.h5
2025-09-19 01:59:07,659 - INFO - File 25583: Filtered 32257307 hits and 9 records
2025-09-19 01:59:09,977 - INFO - File 11522: Filtered 22103107 hits and 9 records
2025-09-19 01:59:10,284 - INFO - Completed /viper/ptmp/arego/RC4K1_EN_100/7546.h5 in 91.45 seconds
2025-09-19 01:59:10,509 - INFO - Processing /viper/ptmp/arego/RC4K1/18103.h5
2025-09-19 01:59:16,042 - INFO - Completed /viper/ptmp/arego/RC4K1_EN_100/22659.h5 in 125.76 seconds
2025-09-19 01:59:16,210 - INFO - Processing /viper/ptmp/arego/RC4K1/22137.h5
2025-09-19 01:59:16,570 - INFO - Completed /viper/ptmp/arego/RC4K1_EN_100/16651.h5 in 146.57 seconds
2025-09-19 01:59:16,904 - INFO - Processing /viper/ptmp/arego/RC4K1/27350.h5
2025-09-19 01:59:22,576 - INFO - File 18103: Filtered 35377421 hits and 11 records
2025-09-19 01:59:30,841 - INFO - File 22137: Filtered 23039468 hits and 5 records
2025-09-19 01:59:31,702 - INFO - File 27350: Filtered 8229834 hits and 3 records
2025-09-19 01:59:51,833 - INFO - Completed /viper/ptmp/arego/RC4K1_EN_100/11356.h5 in 169.10 seconds
2025-09-19 01:59:52,037 - INFO - Processing /viper/ptmp/arego/RC4K1/28430.h5
2025-09-19 02:00:04,065 - INFO - File 28430: Filtered 23704172 hits and 7 records
2025-09-19 02:00:21,378 - INFO - Completed /viper/ptmp/arego/RC4K1_EN_100/22234.h5 in 371.28 seconds
2025-09-19 02:00:21,553 - INFO - Processing /viper/ptmp/arego/RC4K1/4577.h5
2025-09-19 02:00:33,551 - INFO - File 4577: Filtered 48825761 hits and 11 records
2025-09-19 02:00:59,602 - INFO - Completed /viper/ptmp/arego/RC4K1_EN_100/1955.h5 in 152.84 seconds
2025-09-19 02:00:59,781 - INFO - Processing /viper/ptmp/arego/RC4K1/977.h5
2025-09-19 02:01:03,628 - INFO - Completed /viper/ptmp/arego/RC4K1_EN_100/18103.h5 in 113.12 seconds
2025-09-19 02:01:03,837 - INFO - Processing /viper/ptmp/arego/RC4K1/19465.h5
2025-09-19 02:01:10,361 - INFO - Completed /viper/ptmp/arego/RC4K1_EN_100/25583.h5 in 136.57 seconds
2025-09-19 02:01:10,561 - INFO - Processing /viper/ptmp/arego/RC4K1/16812.h5
2025-09-19 02:01:12,098 - INFO - File 977: Filtered 38510861 hits and 11 records
2025-09-19 02:01:17,336 - INFO - File 19465: Filtered 35761213 hits and 9 records
2025-09-19 02:01:21,746 - INFO - Completed /viper/ptmp/arego/RC4K1_EN_100/4577.h5 in 60.19 seconds
2025-09-19 02:01:21,935 - INFO - Processing /viper/ptmp/arego/RC4K1/24181.h5
2025-09-19 02:01:24,354 - INFO - File 16812: Filtered 36176114 hits and 8 records
2025-09-19 02:01:35,010 - INFO - File 24181: Filtered 32223669 hits and 7 records
2025-09-19 02:01:45,565 - INFO - Completed /viper/ptmp/arego/RC4K1_EN_100/11522.h5 in 168.96 seconds
2025-09-19 02:01:45,768 - INFO - Processing /viper/ptmp/arego/RC4K1/7061.h5
2025-09-19 02:01:58,310 - INFO - File 7061: Filtered 33416941 hits and 10 records
2025-09-19 02:02:12,359 - INFO - Completed /viper/ptmp/arego/RC4K1_EN_100/22137.h5 in 176.15 seconds
2025-09-19 02:02:12,571 - INFO - Processing /viper/ptmp/arego/RC4K1/3036.h5
2025-09-19 02:02:25,751 - INFO - File 3036: Filtered 30374870 hits and 10 records
2025-09-19 02:02:45,299 - INFO - Completed /viper/ptmp/arego/RC4K1_EN_100/28430.h5 in 173.26 seconds
2025-09-19 02:02:45,473 - INFO - Processing /viper/ptmp/arego/RC4K1/20039.h5
2025-09-19 02:02:48,802 - INFO - Completed /viper/ptmp/arego/RC4K1_EN_100/977.h5 in 109.02 seconds
2025-09-19 02:02:48,979 - INFO - Processing /viper/ptmp/arego/RC4K1/16060.h5
2025-09-19 02:02:58,988 - INFO - File 20039: Filtered 29765824 hits and 10 records
2025-09-19 02:03:04,510 - INFO - File 16060: Filtered 25262261 hits and 5 records
2025-09-19 02:03:13,846 - INFO - Completed /viper/ptmp/arego/RC4K1_EN_100/19465.h5 in 130.01 seconds
2025-09-19 02:03:14,022 - INFO - Processing /viper/ptmp/arego/RC4K1/12947.h5
2025-09-19 02:03:25,872 - INFO - Completed /viper/ptmp/arego/RC4K1_EN_100/27350.h5 in 248.97 seconds
2025-09-19 02:03:26,122 - INFO - Processing /viper/ptmp/arego/RC4K1/15837.h5
2025-09-19 02:03:26,589 - INFO - Completed /viper/ptmp/arego/RC4K1_EN_100/16812.h5 in 136.03 seconds
2025-09-19 02:03:27,003 - INFO - Processing /viper/ptmp/arego/RC4K1/85.h5
2025-09-19 02:03:29,359 - INFO - File 12947: Filtered 33186996 hits and 6 records
2025-09-19 02:03:42,073 - INFO - File 15837: Filtered 36950925 hits and 9 records
2025-09-19 02:03:43,370 - INFO - File 85: Filtered 23678303 hits and 8 records
2025-09-19 02:03:53,354 - INFO - Completed /viper/ptmp/arego/RC4K1_EN_100/24181.h5 in 151.42 seconds
2025-09-19 02:03:53,558 - INFO - Processing /viper/ptmp/arego/RC4K1/15448.h5
2025-09-19 02:04:07,212 - INFO - File 15448: Filtered 34363613 hits and 8 records
2025-09-19 02:04:12,662 - INFO - Completed /viper/ptmp/arego/RC4K1_EN_100/7061.h5 in 146.89 seconds
2025-09-19 02:04:12,830 - INFO - Processing /viper/ptmp/arego/RC4K1/14093.h5
2025-09-19 02:04:26,690 - INFO - File 14093: Filtered 24909414 hits and 7 records
2025-09-19 02:04:49,976 - INFO - Completed /viper/ptmp/arego/RC4K1_EN_100/3036.h5 in 157.41 seconds
2025-09-19 02:04:50,148 - INFO - Processing /viper/ptmp/arego/RC4K1/8401.h5
2025-09-19 02:05:04,031 - INFO - File 8401: Filtered 40836514 hits and 6 records
2025-09-19 02:05:34,541 - INFO - Completed /viper/ptmp/arego/RC4K1_EN_100/20039.h5 in 169.07 seconds
2025-09-19 02:05:34,777 - INFO - Processing /viper/ptmp/arego/RC4K1/27278.h5
2025-09-19 02:05:49,236 - INFO - File 27278: Filtered 36709936 hits and 9 records
2025-09-19 02:05:57,903 - INFO - Completed /viper/ptmp/arego/RC4K1_EN_100/15837.h5 in 151.78 seconds
2025-09-19 02:05:58,079 - INFO - Processing /viper/ptmp/arego/RC4K1/25166.h5
2025-09-19 02:06:09,217 - INFO - Completed /viper/ptmp/arego/RC4K1_EN_100/12947.h5 in 175.20 seconds
2025-09-19 02:06:09,440 - INFO - Processing /viper/ptmp/arego/RC4K1/22714.h5
2025-09-19 02:06:12,992 - INFO - File 25166: Filtered 23087386 hits and 4 records
2025-09-19 02:06:14,110 - INFO - Completed /viper/ptmp/arego/RC4K1_EN_100/16060.h5 in 205.13 seconds
2025-09-19 02:06:14,325 - INFO - Processing /viper/ptmp/arego/RC4K1/12384.h5
2025-09-19 02:06:25,357 - INFO - File 22714: Filtered 26248078 hits and 8 records
2025-09-19 02:06:31,262 - INFO - File 12384: Filtered 17137273 hits and 6 records
2025-09-19 02:06:40,171 - INFO - Completed /viper/ptmp/arego/RC4K1_EN_100/15448.h5 in 166.61 seconds
2025-09-19 02:06:40,342 - INFO - Processing /viper/ptmp/arego/RC4K1/26168.h5
2025-09-19 02:06:55,403 - INFO - File 26168: Filtered 30985421 hits and 6 records
2025-09-19 02:06:58,268 - INFO - Completed /viper/ptmp/arego/RC4K1_EN_100/85.h5 in 211.26 seconds
2025-09-19 02:06:58,441 - INFO - Processing /viper/ptmp/arego/RC4K1/29545.h5
2025-09-19 02:07:10,630 - INFO - Completed /viper/ptmp/arego/RC4K1_EN_100/8401.h5 in 140.48 seconds
2025-09-19 02:07:10,818 - INFO - Processing /viper/ptmp/arego/RC4K1/20795.h5
2025-09-19 02:07:14,193 - INFO - File 29545: Filtered 36209503 hits and 10 records
2025-09-19 02:07:26,393 - INFO - File 20795: Filtered 43861807 hits and 7 records
2025-09-19 02:07:41,544 - INFO - Completed /viper/ptmp/arego/RC4K1_EN_100/14093.h5 in 208.71 seconds
2025-09-19 02:07:41,715 - INFO - Processing /viper/ptmp/arego/RC4K1/20751.h5
2025-09-19 02:07:57,135 - INFO - File 20751: Filtered 17003678 hits and 8 records
2025-09-19 02:08:17,421 - INFO - Completed /viper/ptmp/arego/RC4K1_EN_100/27278.h5 in 162.64 seconds
2025-09-19 02:08:17,583 - INFO - Processing /viper/ptmp/arego/RC4K1/19003.h5
2025-09-19 02:08:33,224 - INFO - File 19003: Filtered 53468853 hits and 7 records
2025-09-19 02:09:43,446 - INFO - Completed /viper/ptmp/arego/RC4K1_EN_100/22714.h5 in 214.01 seconds
2025-09-19 02:09:43,620 - INFO - Processing /viper/ptmp/arego/RC4K1/7485.h5
2025-09-19 02:09:55,459 - INFO - Completed /viper/ptmp/arego/RC4K1_EN_100/20795.h5 in 164.64 seconds
2025-09-19 02:09:55,661 - INFO - Processing /viper/ptmp/arego/RC4K1/378.h5
2025-09-19 02:09:57,044 - INFO - Completed /viper/ptmp/arego/RC4K1_EN_100/25166.h5 in 238.96 seconds
2025-09-19 02:09:57,252 - INFO - Processing /viper/ptmp/arego/RC4K1/11046.h5
2025-09-19 02:09:59,538 - INFO - File 7485: Filtered 40603899 hits and 10 records
2025-09-19 02:10:02,858 - INFO - Completed /viper/ptmp/arego/RC4K1_EN_100/29545.h5 in 184.42 seconds
2025-09-19 02:10:03,092 - INFO - Processing /viper/ptmp/arego/RC4K1/16770.h5
2025-09-19 02:10:15,441 - INFO - Completed /viper/ptmp/arego/RC4K1_EN_100/26168.h5 in 215.10 seconds
2025-09-19 02:10:15,758 - INFO - Processing /viper/ptmp/arego/RC4K1/18032.h5
2025-09-19 02:10:16,023 - INFO - File 378: Filtered 22650582 hits and 6 records
2025-09-19 02:10:17,638 - INFO - File 11046: Filtered 43823860 hits and 11 records
2025-09-19 02:10:23,800 - INFO - File 16770: Filtered 25662120 hits and 6 records
2025-09-19 02:10:31,869 - INFO - Completed /viper/ptmp/arego/RC4K1_EN_100/19003.h5 in 134.29 seconds
2025-09-19 02:10:32,236 - INFO - Processing /viper/ptmp/arego/RC4K1/20545.h5
2025-09-19 02:10:34,654 - INFO - File 18032: Filtered 36494532 hits and 9 records
2025-09-19 02:10:49,360 - INFO - Completed /viper/ptmp/arego/RC4K1_EN_100/12384.h5 in 275.04 seconds
2025-09-19 02:10:49,543 - INFO - Processing /viper/ptmp/arego/RC4K1/15252.h5
2025-09-19 02:10:49,599 - INFO - File 20545: Filtered 31937185 hits and 7 records
2025-09-19 02:11:06,738 - INFO - File 15252: Filtered 38373677 hits and 9 records
2025-09-19 02:12:27,594 - INFO - Completed /viper/ptmp/arego/RC4K1_EN_100/20751.h5 in 285.88 seconds
2025-09-19 02:12:27,762 - INFO - Processing /viper/ptmp/arego/RC4K1/363.h5
2025-09-19 02:12:45,527 - INFO - File 363: Filtered 35503462 hits and 7 records
2025-09-19 02:12:54,727 - INFO - Completed /viper/ptmp/arego/RC4K1_EN_100/7485.h5 in 191.11 seconds
2025-09-19 02:12:54,899 - INFO - Processing /viper/ptmp/arego/RC4K1/28363.h5
2025-09-19 02:12:56,214 - INFO - Completed /viper/ptmp/arego/RC4K1_EN_100/11046.h5 in 178.96 seconds
2025-09-19 02:12:56,382 - INFO - Processing /viper/ptmp/arego/RC4K1/9532.h5
2025-09-19 02:13:15,311 - INFO - File 28363: Filtered 27478345 hits and 5 records
2025-09-19 02:13:16,786 - INFO - File 9532: Filtered 48602428 hits and 8 records
2025-09-19 02:13:57,395 - INFO - Completed /viper/ptmp/arego/RC4K1_EN_100/18032.h5 in 221.64 seconds
2025-09-19 02:13:57,570 - INFO - Processing /viper/ptmp/arego/RC4K1/3695.h5
2025-09-19 02:14:15,463 - INFO - File 3695: Filtered 47374355 hits and 8 records
2025-09-19 02:14:30,292 - INFO - Completed /viper/ptmp/arego/RC4K1_EN_100/16770.h5 in 267.20 seconds
2025-09-19 02:14:30,466 - INFO - Processing /viper/ptmp/arego/RC4K1/1587.h5
2025-09-19 02:14:33,250 - INFO - Completed /viper/ptmp/arego/RC4K1_EN_100/378.h5 in 277.59 seconds
2025-09-19 02:14:33,460 - INFO - Processing /viper/ptmp/arego/RC4K1/16501.h5
2025-09-19 02:14:36,724 - INFO - Completed /viper/ptmp/arego/RC4K1_EN_100/15252.h5 in 227.18 seconds
2025-09-19 02:14:36,888 - INFO - Processing /viper/ptmp/arego/RC4K1/17470.h5
2025-09-19 02:14:40,111 - INFO - Completed /viper/ptmp/arego/RC4K1_EN_100/20545.h5 in 247.88 seconds
2025-09-19 02:14:40,289 - INFO - Processing /viper/ptmp/arego/RC4K1/11883.h5
2025-09-19 02:14:51,002 - INFO - File 1587: Filtered 52290212 hits and 9 records
2025-09-19 02:14:56,801 - INFO - File 16501: Filtered 36299772 hits and 7 records
2025-09-19 02:15:02,130 - INFO - File 17470: Filtered 41162420 hits and 9 records
2025-09-19 02:15:05,144 - INFO - File 11883: Filtered 51238008 hits and 11 records
2025-09-19 02:16:16,084 - INFO - Completed /viper/ptmp/arego/RC4K1_EN_100/9532.h5 in 199.70 seconds
2025-09-19 02:16:16,255 - INFO - Processing /viper/ptmp/arego/RC4K1/4098.h5
2025-09-19 02:16:24,303 - INFO - Completed /viper/ptmp/arego/RC4K1_EN_100/363.h5 in 236.54 seconds
2025-09-19 02:16:24,469 - INFO - Processing /viper/ptmp/arego/RC4K1/27410.h5
2025-09-19 02:16:35,372 - INFO - File 4098: Filtered 41243681 hits and 7 records
2025-09-19 02:16:46,333 - INFO - File 27410: Filtered 50208192 hits and 7 records
2025-09-19 02:17:19,314 - INFO - Completed /viper/ptmp/arego/RC4K1_EN_100/3695.h5 in 201.74 seconds
2025-09-19 02:17:19,484 - INFO - Processing /viper/ptmp/arego/RC4K1/8160.h5
2025-09-19 02:17:36,794 - INFO - Completed /viper/ptmp/arego/RC4K1_EN_100/28363.h5 in 281.90 seconds
2025-09-19 02:17:36,977 - INFO - Processing /viper/ptmp/arego/RC4K1/27021.h5
2025-09-19 02:17:39,988 - INFO - File 8160: Filtered 58119091 hits and 8 records
2025-09-19 02:17:43,930 - INFO - Completed /viper/ptmp/arego/RC4K1_EN_100/1587.h5 in 193.46 seconds
2025-09-19 02:17:44,108 - INFO - Processing /viper/ptmp/arego/RC4K1/26433.h5
2025-09-19 02:17:56,441 - INFO - File 27021: Filtered 51658892 hits and 5 records
2025-09-19 02:18:06,122 - INFO - File 26433: Filtered 41617887 hits and 9 records
2025-09-19 02:18:14,117 - INFO - Completed /viper/ptmp/arego/RC4K1_EN_100/11883.h5 in 213.83 seconds
2025-09-19 02:18:14,304 - INFO - Processing /viper/ptmp/arego/RC4K1/29517.h5
2025-09-19 02:18:35,225 - INFO - File 29517: Filtered 35340233 hits and 9 records
2025-09-19 02:18:50,760 - INFO - Completed /viper/ptmp/arego/RC4K1_EN_100/17470.h5 in 253.87 seconds
2025-09-19 02:18:50,959 - INFO - Processing /viper/ptmp/arego/RC4K1/17597.h5
2025-09-19 02:19:03,180 - INFO - Completed /viper/ptmp/arego/RC4K1_EN_100/16501.h5 in 269.72 seconds
2025-09-19 02:19:03,352 - INFO - Processing /viper/ptmp/arego/RC4K1/25338.h5
2025-09-19 02:19:14,220 - INFO - File 17597: Filtered 51782804 hits and 9 records
2025-09-19 02:19:33,647 - INFO - File 25338: Filtered 40786503 hits and 8 records
2025-09-19 02:20:40,614 - INFO - Completed /viper/ptmp/arego/RC4K1_EN_100/27410.h5 in 256.15 seconds
2025-09-19 02:20:40,784 - INFO - Processing /viper/ptmp/arego/RC4K1/22083.h5
2025-09-19 02:20:42,604 - INFO - Completed /viper/ptmp/arego/RC4K1_EN_100/4098.h5 in 266.35 seconds
2025-09-19 02:20:54,650 - INFO - Completed /viper/ptmp/arego/RC4K1_EN_100/8160.h5 in 215.17 seconds
2025-09-19 02:21:13,846 - INFO - File 22083: Filtered 135336879 hits and 11 records
2025-09-19 02:21:29,566 - INFO - Completed /viper/ptmp/arego/RC4K1_EN_100/27021.h5 in 232.59 seconds
2025-09-19 02:22:22,856 - INFO - Completed /viper/ptmp/arego/RC4K1_EN_100/26433.h5 in 278.75 seconds
2025-09-19 02:23:26,339 - INFO - Completed /viper/ptmp/arego/RC4K1_EN_100/22083.h5 in 165.56 seconds
2025-09-19 02:23:39,700 - INFO - Completed /viper/ptmp/arego/RC4K1_EN_100/17597.h5 in 288.74 seconds
2025-09-19 02:23:46,765 - INFO - Completed /viper/ptmp/arego/RC4K1_EN_100/29517.h5 in 332.46 seconds
2025-09-19 02:26:02,181 - INFO - Completed /viper/ptmp/arego/RC4K1_EN_100/25338.h5 in 418.83 seconds
