2025-09-18 22:48:35,591 - INFO - Loaded skip configuration: 0 files to skip entirely, 35364 files with partial record skips
2025-09-18 22:48:36,448 - INFO - Processing /viper/ptmp/arego/RC4K1/8103.h5
2025-09-18 22:48:36,921 - INFO - File 8103: Filtered 664600 hits and 3 records
2025-09-18 22:48:37,048 - INFO - Processing /viper/ptmp/arego/RC4K1/808.h5
2025-09-18 22:48:37,589 - INFO - File 808: Filtered 736203 hits and 2 records
2025-09-18 22:48:37,608 - INFO - Processing /viper/ptmp/arego/RC4K1/20332.h5
2025-09-18 22:48:38,151 - INFO - File 20332: Filtered 1374942 hits and 11 records
2025-09-18 22:48:38,465 - INFO - Processing /viper/ptmp/arego/RC4K1/12912.h5
2025-09-18 22:48:39,031 - INFO - File 12912: Filtered 970942 hits and 4 records
2025-09-18 22:48:39,369 - INFO - Processing /viper/ptmp/arego/RC4K1/10768.h5
2025-09-18 22:48:40,171 - INFO - File 10768: Filtered 1145249 hits and 6 records
2025-09-18 22:48:40,214 - INFO - Processing /viper/ptmp/arego/RC4K1/851.h5
2025-09-18 22:48:41,015 - INFO - File 851: Filtered 1252121 hits and 6 records
2025-09-18 22:48:41,113 - INFO - Processing /viper/ptmp/arego/RC4K1/8855.h5
2025-09-18 22:48:41,611 - INFO - Completed /viper/ptmp/arego/RC4K1_EN_100/8103.h5 in 5.16 seconds
2025-09-18 22:48:41,942 - INFO - Processing /viper/ptmp/arego/RC4K1/125.h5
2025-09-18 22:48:41,965 - INFO - File 8855: Filtered 966858 hits and 3 records
2025-09-18 22:48:42,604 - INFO - Completed /viper/ptmp/arego/RC4K1_EN_100/808.h5 in 5.56 seconds
2025-09-18 22:48:42,673 - INFO - Completed /viper/ptmp/arego/RC4K1_EN_100/20332.h5 in 5.06 seconds
2025-09-18 22:48:42,747 - INFO - File 125: Filtered 1988733 hits and 5 records
2025-09-18 22:48:42,748 - INFO - Processing /viper/ptmp/arego/RC4K1/22040.h5
2025-09-18 22:48:43,563 - INFO - File 22040: Filtered 1428267 hits and 7 records
2025-09-18 22:48:43,692 - INFO - Processing /viper/ptmp/arego/RC4K1/25774.h5
2025-09-18 22:48:43,949 - INFO - Completed /viper/ptmp/arego/RC4K1_EN_100/12912.h5 in 5.48 seconds
2025-09-18 22:48:44,525 - INFO - File 25774: Filtered 2761631 hits and 8 records
2025-09-18 22:48:44,546 - INFO - Processing /viper/ptmp/arego/RC4K1/10450.h5
2025-09-18 22:48:45,415 - INFO - File 10450: Filtered 2396388 hits and 7 records
2025-09-18 22:48:45,425 - INFO - Processing /viper/ptmp/arego/RC4K1/26254.h5
2025-09-18 22:48:46,216 - INFO - File 26254: Filtered 2652310 hits and 7 records
2025-09-18 22:48:48,114 - INFO - Completed /viper/ptmp/arego/RC4K1_EN_100/125.h5 in 6.17 seconds
2025-09-18 22:48:48,317 - INFO - Processing /viper/ptmp/arego/RC4K1/15882.h5
2025-09-18 22:48:48,610 - INFO - Completed /viper/ptmp/arego/RC4K1_EN_100/851.h5 in 8.40 seconds
2025-09-18 22:48:49,137 - INFO - File 15882: Filtered 1718049 hits and 6 records
2025-09-18 22:48:49,168 - INFO - Processing /viper/ptmp/arego/RC4K1/13391.h5
2025-09-18 22:48:49,382 - INFO - Completed /viper/ptmp/arego/RC4K1_EN_100/25774.h5 in 5.69 seconds
2025-09-18 22:48:49,980 - INFO - File 13391: Filtered 1948218 hits and 7 records
2025-09-18 22:48:50,017 - INFO - Processing /viper/ptmp/arego/RC4K1/8628.h5
2025-09-18 22:48:50,117 - INFO - Completed /viper/ptmp/arego/RC4K1_EN_100/26254.h5 in 4.69 seconds
2025-09-18 22:48:50,183 - INFO - Completed /viper/ptmp/arego/RC4K1_EN_100/10768.h5 in 10.81 seconds
2025-09-18 22:48:50,814 - INFO - Processing /viper/ptmp/arego/RC4K1/29309.h5
2025-09-18 22:48:50,851 - INFO - Completed /viper/ptmp/arego/RC4K1_EN_100/10450.h5 in 6.30 seconds
2025-09-18 22:48:50,992 - INFO - File 8628: Filtered 2827684 hits and 7 records
2025-09-18 22:48:51,485 - INFO - Processing /viper/ptmp/arego/RC4K1/15751.h5
2025-09-18 22:48:51,678 - INFO - File 29309: Filtered 646020 hits and 6 records
2025-09-18 22:48:52,233 - INFO - Processing /viper/ptmp/arego/RC4K1/5018.h5
2025-09-18 22:48:52,488 - INFO - File 15751: Filtered 3870450 hits and 9 records
2025-09-18 22:48:53,055 - INFO - Completed /viper/ptmp/arego/RC4K1_EN_100/8855.h5 in 11.94 seconds
2025-09-18 22:48:53,313 - INFO - File 5018: Filtered 3467194 hits and 4 records
2025-09-18 22:48:53,407 - INFO - Processing /viper/ptmp/arego/RC4K1/25872.h5
2025-09-18 22:48:53,726 - INFO - Completed /viper/ptmp/arego/RC4K1_EN_100/22040.h5 in 10.98 seconds
2025-09-18 22:48:54,329 - INFO - Processing /viper/ptmp/arego/RC4K1/5512.h5
2025-09-18 22:48:54,528 - INFO - File 25872: Filtered 3741957 hits and 9 records
2025-09-18 22:48:55,549 - INFO - File 5512: Filtered 2372821 hits and 6 records
2025-09-18 22:48:56,901 - INFO - Completed /viper/ptmp/arego/RC4K1_EN_100/15751.h5 in 5.42 seconds
2025-09-18 22:48:57,252 - INFO - Processing /viper/ptmp/arego/RC4K1/3645.h5
2025-09-18 22:48:58,158 - INFO - Completed /viper/ptmp/arego/RC4K1_EN_100/5018.h5 in 5.92 seconds
2025-09-18 22:48:58,487 - INFO - Processing /viper/ptmp/arego/RC4K1/18036.h5
2025-09-18 22:48:58,601 - INFO - Completed /viper/ptmp/arego/RC4K1_EN_100/15882.h5 in 10.28 seconds
2025-09-18 22:48:58,618 - INFO - File 3645: Filtered 3357006 hits and 8 records
2025-09-18 22:48:58,635 - INFO - Completed /viper/ptmp/arego/RC4K1_EN_100/13391.h5 in 9.47 seconds
2025-09-18 22:48:59,106 - INFO - Completed /viper/ptmp/arego/RC4K1_EN_100/8628.h5 in 9.09 seconds
2025-09-18 22:48:59,255 - INFO - Completed /viper/ptmp/arego/RC4K1_EN_100/25872.h5 in 5.85 seconds
2025-09-18 22:48:59,280 - INFO - Processing /viper/ptmp/arego/RC4K1/24088.h5
2025-09-18 22:48:59,731 - INFO - File 18036: Filtered 2207392 hits and 4 records
2025-09-18 22:49:00,083 - INFO - Processing /viper/ptmp/arego/RC4K1/25552.h5
2025-09-18 22:49:00,391 - INFO - File 24088: Filtered 3179028 hits and 7 records
2025-09-18 22:49:00,831 - INFO - Processing /viper/ptmp/arego/RC4K1/26339.h5
2025-09-18 22:49:01,214 - INFO - File 25552: Filtered 3812494 hits and 8 records
2025-09-18 22:49:01,648 - INFO - Processing /viper/ptmp/arego/RC4K1/3844.h5
2025-09-18 22:49:02,097 - INFO - File 26339: Filtered 3098200 hits and 6 records
2025-09-18 22:49:03,177 - INFO - File 3844: Filtered 3967783 hits and 6 records
2025-09-18 22:49:08,633 - INFO - Completed /viper/ptmp/arego/RC4K1_EN_100/25552.h5 in 8.55 seconds
2025-09-18 22:49:08,826 - INFO - Processing /viper/ptmp/arego/RC4K1/7235.h5
2025-09-18 22:49:09,479 - INFO - Completed /viper/ptmp/arego/RC4K1_EN_100/3645.h5 in 12.23 seconds
2025-09-18 22:49:09,518 - INFO - Completed /viper/ptmp/arego/RC4K1_EN_100/24088.h5 in 10.24 seconds
2025-09-18 22:49:09,541 - INFO - Completed /viper/ptmp/arego/RC4K1_EN_100/5512.h5 in 15.21 seconds
2025-09-18 22:49:09,796 - INFO - Processing /viper/ptmp/arego/RC4K1/28594.h5
2025-09-18 22:49:10,028 - INFO - File 7235: Filtered 2471500 hits and 7 records
2025-09-18 22:49:10,772 - INFO - Processing /viper/ptmp/arego/RC4K1/3378.h5
2025-09-18 22:49:11,154 - INFO - Completed /viper/ptmp/arego/RC4K1_EN_100/29309.h5 in 20.34 seconds
2025-09-18 22:49:11,244 - INFO - File 28594: Filtered 1553050 hits and 5 records
2025-09-18 22:49:11,634 - INFO - Processing /viper/ptmp/arego/RC4K1/12557.h5
2025-09-18 22:49:12,181 - INFO - File 3378: Filtered 2621464 hits and 7 records
2025-09-18 22:49:12,576 - INFO - Processing /viper/ptmp/arego/RC4K1/5678.h5
2025-09-18 22:49:13,214 - INFO - File 12557: Filtered 1639629 hits and 4 records
2025-09-18 22:49:14,151 - INFO - File 5678: Filtered 4698851 hits and 9 records
2025-09-18 22:49:15,499 - INFO - Completed /viper/ptmp/arego/RC4K1_EN_100/3844.h5 in 13.85 seconds
2025-09-18 22:49:15,568 - INFO - Completed /viper/ptmp/arego/RC4K1_EN_100/26339.h5 in 14.74 seconds
2025-09-18 22:49:15,743 - INFO - Processing /viper/ptmp/arego/RC4K1/5235.h5
2025-09-18 22:49:16,101 - INFO - Completed /viper/ptmp/arego/RC4K1_EN_100/18036.h5 in 17.61 seconds
2025-09-18 22:49:16,548 - INFO - Processing /viper/ptmp/arego/RC4K1/9009.h5
2025-09-18 22:49:17,318 - INFO - File 5235: Filtered 2173710 hits and 4 records
2025-09-18 22:49:17,447 - INFO - Processing /viper/ptmp/arego/RC4K1/8882.h5
2025-09-18 22:49:18,407 - INFO - File 9009: Filtered 2318177 hits and 5 records
2025-09-18 22:49:19,066 - INFO - File 8882: Filtered 5905786 hits and 10 records
2025-09-18 22:49:25,334 - INFO - Completed /viper/ptmp/arego/RC4K1_EN_100/7235.h5 in 16.51 seconds
2025-09-18 22:49:25,496 - INFO - Processing /viper/ptmp/arego/RC4K1/15103.h5
2025-09-18 22:49:26,185 - INFO - Completed /viper/ptmp/arego/RC4K1_EN_100/5678.h5 in 13.61 seconds
2025-09-18 22:49:26,532 - INFO - Processing /viper/ptmp/arego/RC4K1/12781.h5
2025-09-18 22:49:26,938 - INFO - File 15103: Filtered 5539388 hits and 8 records
2025-09-18 22:49:27,235 - INFO - Completed /viper/ptmp/arego/RC4K1_EN_100/8882.h5 in 9.79 seconds
2025-09-18 22:49:27,490 - INFO - Processing /viper/ptmp/arego/RC4K1/28208.h5
2025-09-18 22:49:27,939 - INFO - Completed /viper/ptmp/arego/RC4K1_EN_100/3378.h5 in 17.17 seconds
2025-09-18 22:49:28,147 - INFO - Processing /viper/ptmp/arego/RC4K1/27942.h5
2025-09-18 22:49:28,470 - INFO - File 12781: Filtered 5831178 hits and 7 records
2025-09-18 22:49:29,358 - INFO - File 28208: Filtered 3660809 hits and 8 records
2025-09-18 22:49:29,706 - INFO - File 27942: Filtered 5445611 hits and 5 records
2025-09-18 22:49:35,437 - INFO - Completed /viper/ptmp/arego/RC4K1_EN_100/15103.h5 in 9.94 seconds
2025-09-18 22:49:35,610 - INFO - Processing /viper/ptmp/arego/RC4K1/22759.h5
2025-09-18 22:49:36,018 - INFO - Completed /viper/ptmp/arego/RC4K1_EN_100/28594.h5 in 26.22 seconds
2025-09-18 22:49:36,574 - INFO - Processing /viper/ptmp/arego/RC4K1/4304.h5
2025-09-18 22:49:37,086 - INFO - File 22759: Filtered 6222320 hits and 8 records
2025-09-18 22:49:38,686 - INFO - File 4304: Filtered 3403050 hits and 8 records
2025-09-18 22:49:38,804 - INFO - Completed /viper/ptmp/arego/RC4K1_EN_100/12781.h5 in 12.27 seconds
2025-09-18 22:49:38,881 - INFO - Completed /viper/ptmp/arego/RC4K1_EN_100/27942.h5 in 10.73 seconds
2025-09-18 22:49:39,039 - INFO - Processing /viper/ptmp/arego/RC4K1/15240.h5
2025-09-18 22:49:40,026 - INFO - Processing /viper/ptmp/arego/RC4K1/22054.h5
2025-09-18 22:49:40,146 - INFO - Completed /viper/ptmp/arego/RC4K1_EN_100/12557.h5 in 28.51 seconds
2025-09-18 22:49:40,991 - INFO - File 15240: Filtered 2636816 hits and 8 records
2025-09-18 22:49:40,997 - INFO - Processing /viper/ptmp/arego/RC4K1/14303.h5
2025-09-18 22:49:41,613 - INFO - File 22054: Filtered 6954375 hits and 8 records
2025-09-18 22:49:43,050 - INFO - File 14303: Filtered 6351798 hits and 8 records
2025-09-18 22:49:43,853 - INFO - Completed /viper/ptmp/arego/RC4K1_EN_100/5235.h5 in 28.11 seconds
2025-09-18 22:49:44,191 - INFO - Processing /viper/ptmp/arego/RC4K1/18518.h5
2025-09-18 22:49:44,223 - INFO - Completed /viper/ptmp/arego/RC4K1_EN_100/9009.h5 in 27.68 seconds
2025-09-18 22:49:44,468 - INFO - Completed /viper/ptmp/arego/RC4K1_EN_100/22759.h5 in 8.86 seconds
2025-09-18 22:49:44,959 - INFO - Processing /viper/ptmp/arego/RC4K1/7591.h5
2025-09-18 22:49:46,086 - INFO - Processing /viper/ptmp/arego/RC4K1/13287.h5
2025-09-18 22:49:47,356 - INFO - File 7591: Filtered 3110188 hits and 6 records
2025-09-18 22:49:47,862 - INFO - File 13287: Filtered 6805321 hits and 7 records
2025-09-18 22:49:47,871 - INFO - File 18518: Filtered 2334343 hits and 8 records
2025-09-18 22:49:48,281 - INFO - Completed /viper/ptmp/arego/RC4K1_EN_100/22054.h5 in 8.25 seconds
2025-09-18 22:49:48,462 - INFO - Processing /viper/ptmp/arego/RC4K1/24358.h5
2025-09-18 22:49:50,036 - INFO - File 24358: Filtered 5178317 hits and 7 records
2025-09-18 22:49:50,391 - INFO - Completed /viper/ptmp/arego/RC4K1_EN_100/28208.h5 in 22.90 seconds
2025-09-18 22:49:50,639 - INFO - Processing /viper/ptmp/arego/RC4K1/11210.h5
2025-09-18 22:49:52,735 - INFO - File 11210: Filtered 4462198 hits and 7 records
2025-09-18 22:49:54,314 - INFO - Completed /viper/ptmp/arego/RC4K1_EN_100/14303.h5 in 13.32 seconds
2025-09-18 22:49:54,544 - INFO - Processing /viper/ptmp/arego/RC4K1/709.h5
2025-09-18 22:49:55,968 - INFO - Completed /viper/ptmp/arego/RC4K1_EN_100/13287.h5 in 9.88 seconds
2025-09-18 22:49:56,207 - INFO - Processing /viper/ptmp/arego/RC4K1/20133.h5
2025-09-18 22:49:56,702 - INFO - File 709: Filtered 5417766 hits and 6 records
2025-09-18 22:49:57,884 - INFO - File 20133: Filtered 6021909 hits and 6 records
2025-09-18 22:50:02,290 - INFO - Completed /viper/ptmp/arego/RC4K1_EN_100/4304.h5 in 25.72 seconds
2025-09-18 22:50:02,647 - INFO - Processing /viper/ptmp/arego/RC4K1/25913.h5
2025-09-18 22:50:04,388 - INFO - Completed /viper/ptmp/arego/RC4K1_EN_100/24358.h5 in 15.93 seconds
2025-09-18 22:50:04,596 - INFO - Processing /viper/ptmp/arego/RC4K1/2285.h5
2025-09-18 22:50:04,925 - INFO - File 25913: Filtered 4208309 hits and 4 records
2025-09-18 22:50:06,391 - INFO - File 2285: Filtered 5228807 hits and 5 records
2025-09-18 22:50:10,165 - INFO - Completed /viper/ptmp/arego/RC4K1_EN_100/15240.h5 in 31.13 seconds
2025-09-18 22:50:10,233 - INFO - Completed /viper/ptmp/arego/RC4K1_EN_100/20133.h5 in 14.03 seconds
2025-09-18 22:50:10,366 - INFO - Processing /viper/ptmp/arego/RC4K1/1948.h5
2025-09-18 22:50:11,397 - INFO - Processing /viper/ptmp/arego/RC4K1/13372.h5
2025-09-18 22:50:12,543 - INFO - File 1948: Filtered 7878163 hits and 6 records
2025-09-18 22:50:13,357 - INFO - File 13372: Filtered 3604860 hits and 6 records
2025-09-18 22:50:14,925 - INFO - Completed /viper/ptmp/arego/RC4K1_EN_100/7591.h5 in 29.97 seconds
2025-09-18 22:50:15,215 - INFO - Processing /viper/ptmp/arego/RC4K1/15734.h5
2025-09-18 22:50:15,849 - INFO - Completed /viper/ptmp/arego/RC4K1_EN_100/709.h5 in 21.30 seconds
2025-09-18 22:50:16,149 - INFO - Processing /viper/ptmp/arego/RC4K1/14465.h5
2025-09-18 22:50:16,417 - INFO - Completed /viper/ptmp/arego/RC4K1_EN_100/11210.h5 in 25.78 seconds
2025-09-18 22:50:17,177 - INFO - Processing /viper/ptmp/arego/RC4K1/13522.h5
2025-09-18 22:50:17,446 - INFO - File 15734: Filtered 6219820 hits and 6 records
2025-09-18 22:50:18,335 - INFO - File 14465: Filtered 4511847 hits and 4 records
2025-09-18 22:50:19,504 - INFO - File 13522: Filtered 2998582 hits and 4 records
2025-09-18 22:50:23,060 - INFO - Completed /viper/ptmp/arego/RC4K1_EN_100/1948.h5 in 12.69 seconds
2025-09-18 22:50:23,501 - INFO - Processing /viper/ptmp/arego/RC4K1/18532.h5
2025-09-18 22:50:23,975 - INFO - Completed /viper/ptmp/arego/RC4K1_EN_100/2285.h5 in 19.38 seconds
2025-09-18 22:50:24,142 - INFO - Processing /viper/ptmp/arego/RC4K1/20883.h5
2025-09-18 22:50:25,590 - INFO - File 18532: Filtered 6986571 hits and 8 records
2025-09-18 22:50:26,020 - INFO - File 20883: Filtered 5734023 hits and 5 records
2025-09-18 22:50:32,873 - INFO - Completed /viper/ptmp/arego/RC4K1_EN_100/25913.h5 in 30.23 seconds
2025-09-18 22:50:33,090 - INFO - Processing /viper/ptmp/arego/RC4K1/493.h5
2025-09-18 22:50:35,326 - INFO - Completed /viper/ptmp/arego/RC4K1_EN_100/15734.h5 in 20.11 seconds
2025-09-18 22:50:35,347 - INFO - File 493: Filtered 3824797 hits and 8 records
2025-09-18 22:50:35,562 - INFO - Processing /viper/ptmp/arego/RC4K1/1784.h5
2025-09-18 22:50:37,259 - INFO - Completed /viper/ptmp/arego/RC4K1_EN_100/13372.h5 in 25.86 seconds
2025-09-18 22:50:37,462 - INFO - Processing /viper/ptmp/arego/RC4K1/4527.h5
2025-09-18 22:50:37,683 - INFO - File 1784: Filtered 6505198 hits and 8 records
2025-09-18 22:50:39,320 - INFO - File 4527: Filtered 5019468 hits and 7 records
2025-09-18 22:50:42,717 - INFO - Completed /viper/ptmp/arego/RC4K1_EN_100/18532.h5 in 19.22 seconds
2025-09-18 22:50:42,986 - INFO - Processing /viper/ptmp/arego/RC4K1/22719.h5
2025-09-18 22:50:43,751 - INFO - Completed /viper/ptmp/arego/RC4K1_EN_100/20883.h5 in 19.61 seconds
2025-09-18 22:50:43,913 - INFO - Processing /viper/ptmp/arego/RC4K1/22368.h5
2025-09-18 22:50:45,076 - INFO - Completed /viper/ptmp/arego/RC4K1_EN_100/14465.h5 in 28.93 seconds
2025-09-18 22:50:45,131 - INFO - File 22719: Filtered 8570645 hits and 7 records
2025-09-18 22:50:45,358 - INFO - Processing /viper/ptmp/arego/RC4K1/13793.h5
2025-09-18 22:50:45,745 - INFO - File 22368: Filtered 5596342 hits and 7 records
2025-09-18 22:50:47,578 - INFO - File 13793: Filtered 4088337 hits and 7 records
2025-09-18 22:50:50,351 - INFO - Completed /viper/ptmp/arego/RC4K1_EN_100/18518.h5 in 66.16 seconds
2025-09-18 22:50:50,612 - INFO - Processing /viper/ptmp/arego/RC4K1/7619.h5
2025-09-18 22:50:52,846 - INFO - File 7619: Filtered 6733178 hits and 6 records
2025-09-18 22:50:54,737 - INFO - Completed /viper/ptmp/arego/RC4K1_EN_100/22719.h5 in 11.75 seconds
2025-09-18 22:50:54,989 - INFO - Processing /viper/ptmp/arego/RC4K1/8941.h5
2025-09-18 22:50:55,712 - INFO - Completed /viper/ptmp/arego/RC4K1_EN_100/13522.h5 in 38.54 seconds
2025-09-18 22:50:55,931 - INFO - Processing /viper/ptmp/arego/RC4K1/9811.h5
2025-09-18 22:50:56,355 - INFO - Completed /viper/ptmp/arego/RC4K1_EN_100/1784.h5 in 20.79 seconds
2025-09-18 22:50:56,638 - INFO - Processing /viper/ptmp/arego/RC4K1/10090.h5
2025-09-18 22:50:57,265 - INFO - File 8941: Filtered 4149003 hits and 5 records
2025-09-18 22:50:58,206 - INFO - File 9811: Filtered 4130558 hits and 5 records
2025-09-18 22:50:58,989 - INFO - File 10090: Filtered 4996501 hits and 7 records
2025-09-18 22:50:59,280 - INFO - Completed /viper/ptmp/arego/RC4K1_EN_100/4527.h5 in 21.82 seconds
2025-09-18 22:50:59,442 - INFO - Processing /viper/ptmp/arego/RC4K1/21952.h5
2025-09-18 22:51:01,349 - INFO - File 21952: Filtered 5662178 hits and 4 records
2025-09-18 22:51:04,221 - INFO - Completed /viper/ptmp/arego/RC4K1_EN_100/22368.h5 in 20.31 seconds
2025-09-18 22:51:04,371 - INFO - Processing /viper/ptmp/arego/RC4K1/6930.h5
2025-09-18 22:51:06,227 - INFO - File 6930: Filtered 9743829 hits and 6 records
2025-09-18 22:51:07,834 - INFO - Completed /viper/ptmp/arego/RC4K1_EN_100/493.h5 in 34.74 seconds
2025-09-18 22:51:08,101 - INFO - Processing /viper/ptmp/arego/RC4K1/4820.h5
2025-09-18 22:51:10,273 - INFO - File 4820: Filtered 8008043 hits and 7 records
2025-09-18 22:51:10,714 - INFO - Completed /viper/ptmp/arego/RC4K1_EN_100/6930.h5 in 6.34 seconds
2025-09-18 22:51:10,870 - INFO - Processing /viper/ptmp/arego/RC4K1/20909.h5
2025-09-18 22:51:11,980 - INFO - Completed /viper/ptmp/arego/RC4K1_EN_100/7619.h5 in 21.37 seconds
2025-09-18 22:51:12,183 - INFO - Processing /viper/ptmp/arego/RC4K1/20031.h5
2025-09-18 22:51:12,861 - INFO - File 20909: Filtered 5662497 hits and 6 records
2025-09-18 22:51:14,620 - INFO - File 20031: Filtered 5352461 hits and 10 records
2025-09-18 22:51:19,878 - INFO - Completed /viper/ptmp/arego/RC4K1_EN_100/21952.h5 in 20.44 seconds
2025-09-18 22:51:20,044 - INFO - Processing /viper/ptmp/arego/RC4K1/18922.h5
2025-09-18 22:51:20,563 - INFO - Completed /viper/ptmp/arego/RC4K1_EN_100/13793.h5 in 35.20 seconds
2025-09-18 22:51:20,844 - INFO - Processing /viper/ptmp/arego/RC4K1/21688.h5
2025-09-18 22:51:22,014 - INFO - File 18922: Filtered 9986809 hits and 10 records
2025-09-18 22:51:23,320 - INFO - File 21688: Filtered 5482904 hits and 8 records
2025-09-18 22:51:25,237 - INFO - Completed /viper/ptmp/arego/RC4K1_EN_100/4820.h5 in 17.14 seconds
2025-09-18 22:51:25,446 - INFO - Processing /viper/ptmp/arego/RC4K1/26545.h5
2025-09-18 22:51:26,821 - INFO - Completed /viper/ptmp/arego/RC4K1_EN_100/18922.h5 in 6.78 seconds
2025-09-18 22:51:26,967 - INFO - Processing /viper/ptmp/arego/RC4K1/14840.h5
2025-09-18 22:51:27,860 - INFO - File 26545: Filtered 4251699 hits and 5 records
2025-09-18 22:51:28,455 - INFO - Completed /viper/ptmp/arego/RC4K1_EN_100/10090.h5 in 31.82 seconds
2025-09-18 22:51:28,689 - INFO - Processing /viper/ptmp/arego/RC4K1/6936.h5
2025-09-18 22:51:29,088 - INFO - File 14840: Filtered 6476846 hits and 8 records
2025-09-18 22:51:30,056 - INFO - Completed /viper/ptmp/arego/RC4K1_EN_100/8941.h5 in 35.07 seconds
2025-09-18 22:51:30,306 - INFO - Processing /viper/ptmp/arego/RC4K1/26851.h5
2025-09-18 22:51:30,468 - INFO - Completed /viper/ptmp/arego/RC4K1_EN_100/9811.h5 in 34.54 seconds
2025-09-18 22:51:30,911 - INFO - Processing /viper/ptmp/arego/RC4K1/897.h5
2025-09-18 22:51:31,159 - INFO - File 6936: Filtered 10511870 hits and 8 records
2025-09-18 22:51:32,989 - INFO - File 26851: Filtered 3296360 hits and 5 records
2025-09-18 22:51:33,058 - INFO - Completed /viper/ptmp/arego/RC4K1_EN_100/20909.h5 in 22.19 seconds
2025-09-18 22:51:33,206 - INFO - Processing /viper/ptmp/arego/RC4K1/5201.h5
2025-09-18 22:51:33,494 - INFO - File 897: Filtered 6154104 hits and 6 records
2025-09-18 22:51:35,424 - INFO - File 5201: Filtered 4864237 hits and 4 records
2025-09-18 22:51:39,542 - INFO - Completed /viper/ptmp/arego/RC4K1_EN_100/6936.h5 in 10.85 seconds
2025-09-18 22:51:39,778 - INFO - Processing /viper/ptmp/arego/RC4K1/186.h5
2025-09-18 22:51:42,231 - INFO - File 186: Filtered 10853333 hits and 7 records
2025-09-18 22:51:44,299 - INFO - Completed /viper/ptmp/arego/RC4K1_EN_100/20031.h5 in 32.12 seconds
2025-09-18 22:51:44,635 - INFO - Processing /viper/ptmp/arego/RC4K1/26577.h5
2025-09-18 22:51:47,154 - INFO - File 26577: Filtered 8208017 hits and 9 records
2025-09-18 22:51:50,069 - INFO - Completed /viper/ptmp/arego/RC4K1_EN_100/14840.h5 in 23.10 seconds
2025-09-18 22:51:50,259 - INFO - Processing /viper/ptmp/arego/RC4K1/25418.h5
2025-09-18 22:51:50,840 - INFO - Completed /viper/ptmp/arego/RC4K1_EN_100/186.h5 in 11.06 seconds
2025-09-18 22:51:51,109 - INFO - Processing /viper/ptmp/arego/RC4K1/29506.h5
2025-09-18 22:51:52,471 - INFO - File 25418: Filtered 10116370 hits and 10 records
2025-09-18 22:51:53,436 - INFO - Completed /viper/ptmp/arego/RC4K1_EN_100/21688.h5 in 32.59 seconds
2025-09-18 22:51:53,673 - INFO - Processing /viper/ptmp/arego/RC4K1/5188.h5
2025-09-18 22:51:53,688 - INFO - File 29506: Filtered 5136054 hits and 9 records
2025-09-18 22:51:56,485 - INFO - File 5188: Filtered 7667626 hits and 7 records
2025-09-18 22:52:02,362 - INFO - Completed /viper/ptmp/arego/RC4K1_EN_100/25418.h5 in 12.10 seconds
2025-09-18 22:52:02,519 - INFO - Processing /viper/ptmp/arego/RC4K1/21710.h5
2025-09-18 22:52:03,659 - INFO - Completed /viper/ptmp/arego/RC4K1_EN_100/897.h5 in 32.75 seconds
2025-09-18 22:52:03,880 - INFO - Processing /viper/ptmp/arego/RC4K1/13109.h5
2025-09-18 22:52:04,050 - INFO - Completed /viper/ptmp/arego/RC4K1_EN_100/5201.h5 in 30.84 seconds
2025-09-18 22:52:04,431 - INFO - Processing /viper/ptmp/arego/RC4K1/392.h5
2025-09-18 22:52:04,612 - INFO - Completed /viper/ptmp/arego/RC4K1_EN_100/26545.h5 in 39.17 seconds
2025-09-18 22:52:04,791 - INFO - File 21710: Filtered 5898894 hits and 7 records
2025-09-18 22:52:05,043 - INFO - Processing /viper/ptmp/arego/RC4K1/3194.h5
2025-09-18 22:52:06,531 - INFO - File 13109: Filtered 8560384 hits and 8 records
2025-09-18 22:52:06,708 - INFO - File 392: Filtered 8857520 hits and 5 records
2025-09-18 22:52:07,783 - INFO - File 3194: Filtered 8070271 hits and 8 records
2025-09-18 22:52:09,354 - INFO - Completed /viper/ptmp/arego/RC4K1_EN_100/26577.h5 in 24.72 seconds
2025-09-18 22:52:09,578 - INFO - Processing /viper/ptmp/arego/RC4K1/17344.h5
2025-09-18 22:52:12,242 - INFO - File 17344: Filtered 8764757 hits and 5 records
2025-09-18 22:52:20,814 - INFO - Completed /viper/ptmp/arego/RC4K1_EN_100/26851.h5 in 50.51 seconds
2025-09-18 22:52:21,099 - INFO - Processing /viper/ptmp/arego/RC4K1/10594.h5
2025-09-18 22:52:22,662 - INFO - Completed /viper/ptmp/arego/RC4K1_EN_100/5188.h5 in 28.99 seconds
2025-09-18 22:52:22,902 - INFO - Processing /viper/ptmp/arego/RC4K1/21749.h5
2025-09-18 22:52:23,054 - INFO - Completed /viper/ptmp/arego/RC4K1_EN_100/392.h5 in 18.62 seconds
2025-09-18 22:52:23,448 - INFO - Processing /viper/ptmp/arego/RC4K1/2535.h5
2025-09-18 22:52:23,889 - INFO - File 10594: Filtered 5653837 hits and 6 records
2025-09-18 22:52:25,732 - INFO - File 21749: Filtered 7045640 hits and 10 records
2025-09-18 22:52:25,740 - INFO - File 2535: Filtered 8190702 hits and 7 records
2025-09-18 22:52:28,111 - INFO - Completed /viper/ptmp/arego/RC4K1_EN_100/13109.h5 in 24.23 seconds
2025-09-18 22:52:28,431 - INFO - Processing /viper/ptmp/arego/RC4K1/3516.h5
2025-09-18 22:52:31,294 - INFO - File 3516: Filtered 10013418 hits and 8 records
2025-09-18 22:52:32,075 - INFO - Completed /viper/ptmp/arego/RC4K1_EN_100/29506.h5 in 40.97 seconds
2025-09-18 22:52:32,357 - INFO - Processing /viper/ptmp/arego/RC4K1/10520.h5
2025-09-18 22:52:32,366 - INFO - Completed /viper/ptmp/arego/RC4K1_EN_100/21710.h5 in 29.85 seconds
2025-09-18 22:52:32,918 - INFO - Processing /viper/ptmp/arego/RC4K1/19742.h5
2025-09-18 22:52:33,680 - INFO - Completed /viper/ptmp/arego/RC4K1_EN_100/3194.h5 in 28.64 seconds
2025-09-18 22:52:33,907 - INFO - Processing /viper/ptmp/arego/RC4K1/16041.h5
2025-09-18 22:52:35,227 - INFO - File 19742: Filtered 11022649 hits and 6 records
2025-09-18 22:52:35,244 - INFO - File 10520: Filtered 9625916 hits and 8 records
2025-09-18 22:52:35,709 - INFO - Completed /viper/ptmp/arego/RC4K1_EN_100/17344.h5 in 26.13 seconds
2025-09-18 22:52:35,927 - INFO - Processing /viper/ptmp/arego/RC4K1/25782.h5
2025-09-18 22:52:36,860 - INFO - File 16041: Filtered 6880474 hits and 8 records
2025-09-18 22:52:38,844 - INFO - File 25782: Filtered 10308126 hits and 7 records
2025-09-18 22:52:44,996 - INFO - Completed /viper/ptmp/arego/RC4K1_EN_100/19742.h5 in 12.08 seconds
2025-09-18 22:52:45,160 - INFO - Completed /viper/ptmp/arego/RC4K1_EN_100/2535.h5 in 21.71 seconds
2025-09-18 22:52:45,166 - INFO - Processing /viper/ptmp/arego/RC4K1/20555.h5
2025-09-18 22:52:45,661 - INFO - Processing /viper/ptmp/arego/RC4K1/21214.h5
2025-09-18 22:52:47,715 - INFO - File 20555: Filtered 11814552 hits and 6 records
2025-09-18 22:52:48,428 - INFO - File 21214: Filtered 6544151 hits and 5 records
2025-09-18 22:52:48,621 - INFO - Completed /viper/ptmp/arego/RC4K1_EN_100/3516.h5 in 20.19 seconds
2025-09-18 22:52:48,889 - INFO - Processing /viper/ptmp/arego/RC4K1/10570.h5
2025-09-18 22:52:52,076 - INFO - File 10570: Filtered 482585 hits and 3 records
2025-09-18 22:52:56,606 - INFO - Completed /viper/ptmp/arego/RC4K1_EN_100/20555.h5 in 11.44 seconds
2025-09-18 22:52:56,641 - INFO - Completed /viper/ptmp/arego/RC4K1_EN_100/10520.h5 in 24.28 seconds
2025-09-18 22:52:56,756 - INFO - Processing /viper/ptmp/arego/RC4K1/18580.h5
2025-09-18 22:52:57,492 - INFO - Processing /viper/ptmp/arego/RC4K1/3313.h5
2025-09-18 22:52:58,416 - INFO - Completed /viper/ptmp/arego/RC4K1_EN_100/25782.h5 in 22.49 seconds
2025-09-18 22:52:58,602 - INFO - Completed /viper/ptmp/arego/RC4K1_EN_100/21749.h5 in 35.70 seconds
2025-09-18 22:52:58,700 - INFO - Processing /viper/ptmp/arego/RC4K1/9327.h5
2025-09-18 22:52:59,303 - INFO - Processing /viper/ptmp/arego/RC4K1/5450.h5
2025-09-18 22:52:59,516 - INFO - File 18580: Filtered 7612957 hits and 6 records
2025-09-18 22:53:00,840 - INFO - File 3313: Filtered 7892019 hits and 8 records
2025-09-18 22:53:02,118 - INFO - File 9327: Filtered 5812221 hits and 9 records
2025-09-18 22:53:02,403 - INFO - Completed /viper/ptmp/arego/RC4K1_EN_100/10594.h5 in 41.30 seconds
2025-09-18 22:53:02,624 - INFO - Processing /viper/ptmp/arego/RC4K1/10296.h5
2025-09-18 22:53:02,639 - INFO - File 5450: Filtered 10449425 hits and 8 records
2025-09-18 22:53:05,985 - INFO - File 10296: Filtered 4928925 hits and 6 records
2025-09-18 22:53:13,538 - INFO - Completed /viper/ptmp/arego/RC4K1_EN_100/16041.h5 in 39.63 seconds
2025-09-18 22:53:13,760 - INFO - Processing /viper/ptmp/arego/RC4K1/24070.h5
2025-09-18 22:53:16,886 - INFO - File 24070: Filtered 12501802 hits and 6 records
2025-09-18 22:53:18,892 - INFO - Completed /viper/ptmp/arego/RC4K1_EN_100/21214.h5 in 33.23 seconds
2025-09-18 22:53:19,066 - INFO - Processing /viper/ptmp/arego/RC4K1/24798.h5
2025-09-18 22:53:21,834 - INFO - File 24798: Filtered 10410890 hits and 8 records
2025-09-18 22:53:28,896 - INFO - Completed /viper/ptmp/arego/RC4K1_EN_100/18580.h5 in 32.14 seconds
2025-09-18 22:53:29,050 - INFO - Processing /viper/ptmp/arego/RC4K1/12255.h5
2025-09-18 22:53:29,123 - INFO - Completed /viper/ptmp/arego/RC4K1_EN_100/5450.h5 in 29.82 seconds
2025-09-18 22:53:29,613 - INFO - Processing /viper/ptmp/arego/RC4K1/26207.h5
2025-09-18 22:53:31,828 - INFO - File 12255: Filtered 8601568 hits and 8 records
2025-09-18 22:53:32,883 - INFO - File 26207: Filtered 12523833 hits and 11 records
2025-09-18 22:53:34,193 - INFO - Completed /viper/ptmp/arego/RC4K1_EN_100/24070.h5 in 20.43 seconds
2025-09-18 22:53:34,417 - INFO - Processing /viper/ptmp/arego/RC4K1/6360.h5
2025-09-18 22:53:37,330 - INFO - File 6360: Filtered 12371594 hits and 9 records
2025-09-18 22:53:39,363 - INFO - Completed /viper/ptmp/arego/RC4K1_EN_100/3313.h5 in 41.87 seconds
2025-09-18 22:53:39,619 - INFO - Processing /viper/ptmp/arego/RC4K1/16628.h5
2025-09-18 22:53:42,930 - INFO - File 16628: Filtered 10886776 hits and 7 records
2025-09-18 22:53:43,397 - INFO - Completed /viper/ptmp/arego/RC4K1_EN_100/24798.h5 in 24.33 seconds
2025-09-18 22:53:43,538 - INFO - Processing /viper/ptmp/arego/RC4K1/6501.h5
2025-09-18 22:53:46,463 - INFO - File 6501: Filtered 4060741 hits and 3 records
2025-09-18 22:53:48,511 - INFO - Completed /viper/ptmp/arego/RC4K1_EN_100/9327.h5 in 49.81 seconds
2025-09-18 22:53:48,764 - INFO - Processing /viper/ptmp/arego/RC4K1/29135.h5
2025-09-18 22:53:51,398 - INFO - Completed /viper/ptmp/arego/RC4K1_EN_100/26207.h5 in 21.78 seconds
2025-09-18 22:53:51,743 - INFO - Processing /viper/ptmp/arego/RC4K1/10122.h5
2025-09-18 22:53:52,211 - INFO - File 29135: Filtered 5045051 hits and 5 records
2025-09-18 22:53:55,218 - INFO - File 10122: Filtered 11896943 hits and 6 records
2025-09-18 22:53:57,492 - INFO - Completed /viper/ptmp/arego/RC4K1_EN_100/6360.h5 in 23.07 seconds
2025-09-18 22:53:57,773 - INFO - Processing /viper/ptmp/arego/RC4K1/25107.h5
2025-09-18 22:53:59,298 - INFO - Completed /viper/ptmp/arego/RC4K1_EN_100/12255.h5 in 30.25 seconds
2025-09-18 22:53:59,482 - INFO - Processing /viper/ptmp/arego/RC4K1/9757.h5
2025-09-18 22:54:01,359 - INFO - File 25107: Filtered 11646347 hits and 10 records
2025-09-18 22:54:02,010 - INFO - Completed /viper/ptmp/arego/RC4K1_EN_100/10296.h5 in 59.39 seconds
2025-09-18 22:54:02,293 - INFO - Processing /viper/ptmp/arego/RC4K1/2675.h5
2025-09-18 22:54:02,578 - INFO - File 9757: Filtered 10222888 hits and 9 records
2025-09-18 22:54:05,816 - INFO - File 2675: Filtered 10594086 hits and 8 records
2025-09-18 22:54:10,185 - INFO - Completed /viper/ptmp/arego/RC4K1_EN_100/10570.h5 in 81.30 seconds
2025-09-18 22:54:10,460 - INFO - Processing /viper/ptmp/arego/RC4K1/4024.h5
2025-09-18 22:54:11,045 - INFO - Completed /viper/ptmp/arego/RC4K1_EN_100/16628.h5 in 31.43 seconds
2025-09-18 22:54:11,236 - INFO - Processing /viper/ptmp/arego/RC4K1/18618.h5
2025-09-18 22:54:13,744 - INFO - File 4024: Filtered 14456430 hits and 5 records
2025-09-18 22:54:15,288 - INFO - File 18618: Filtered 10789794 hits and 9 records
2025-09-18 22:54:19,607 - INFO - Completed /viper/ptmp/arego/RC4K1_EN_100/10122.h5 in 27.86 seconds
2025-09-18 22:54:19,837 - INFO - Processing /viper/ptmp/arego/RC4K1/26861.h5
2025-09-18 22:54:23,453 - INFO - File 26861: Filtered 10454728 hits and 9 records
2025-09-18 22:54:26,564 - INFO - Completed /viper/ptmp/arego/RC4K1_EN_100/4024.h5 in 16.10 seconds
2025-09-18 22:54:26,970 - INFO - Processing /viper/ptmp/arego/RC4K1/22152.h5
2025-09-18 22:54:27,024 - INFO - Completed /viper/ptmp/arego/RC4K1_EN_100/25107.h5 in 29.25 seconds
2025-09-18 22:54:27,652 - INFO - Processing /viper/ptmp/arego/RC4K1/2580.h5
2025-09-18 22:54:28,484 - INFO - Completed /viper/ptmp/arego/RC4K1_EN_100/9757.h5 in 29.00 seconds
2025-09-18 22:54:28,649 - INFO - Processing /viper/ptmp/arego/RC4K1/23213.h5
2025-09-18 22:54:30,745 - INFO - File 22152: Filtered 6176649 hits and 6 records
2025-09-18 22:54:31,251 - INFO - File 2580: Filtered 10379561 hits and 5 records
2025-09-18 22:54:31,876 - INFO - File 23213: Filtered 11895825 hits and 12 records
2025-09-18 22:54:37,164 - INFO - Completed /viper/ptmp/arego/RC4K1_EN_100/6501.h5 in 53.63 seconds
2025-09-18 22:54:37,319 - INFO - Processing /viper/ptmp/arego/RC4K1/29818.h5
2025-09-18 22:54:38,855 - INFO - Completed /viper/ptmp/arego/RC4K1_EN_100/2675.h5 in 36.56 seconds
2025-09-18 22:54:39,177 - INFO - Processing /viper/ptmp/arego/RC4K1/27137.h5
2025-09-18 22:54:40,584 - INFO - File 29818: Filtered 6058727 hits and 4 records
2025-09-18 22:54:42,885 - INFO - File 27137: Filtered 14534375 hits and 9 records
2025-09-18 22:54:48,988 - INFO - Completed /viper/ptmp/arego/RC4K1_EN_100/29135.h5 in 60.22 seconds
2025-09-18 22:54:49,263 - INFO - Processing /viper/ptmp/arego/RC4K1/6246.h5
2025-09-18 22:54:53,016 - INFO - File 6246: Filtered 13520248 hits and 7 records
2025-09-18 22:54:54,154 - INFO - Completed /viper/ptmp/arego/RC4K1_EN_100/23213.h5 in 25.51 seconds
2025-09-18 22:54:54,301 - INFO - Processing /viper/ptmp/arego/RC4K1/5429.h5
2025-09-18 22:54:56,134 - INFO - Completed /viper/ptmp/arego/RC4K1_EN_100/18618.h5 in 44.90 seconds
2025-09-18 22:54:56,436 - INFO - Processing /viper/ptmp/arego/RC4K1/24732.h5
2025-09-18 22:54:57,393 - INFO - File 5429: Filtered 12207578 hits and 7 records
2025-09-18 22:54:59,398 - INFO - Completed /viper/ptmp/arego/RC4K1_EN_100/26861.h5 in 39.56 seconds
2025-09-18 22:54:59,739 - INFO - Processing /viper/ptmp/arego/RC4K1/25584.h5
2025-09-18 22:55:00,487 - INFO - Completed /viper/ptmp/arego/RC4K1_EN_100/27137.h5 in 21.31 seconds
2025-09-18 22:55:00,616 - INFO - File 24732: Filtered 8507005 hits and 6 records
2025-09-18 22:55:00,722 - INFO - Processing /viper/ptmp/arego/RC4K1/5984.h5
2025-09-18 22:55:04,287 - INFO - File 25584: Filtered 6961235 hits and 7 records
2025-09-18 22:55:05,063 - INFO - File 5984: Filtered 7268750 hits and 7 records
2025-09-18 22:55:06,493 - INFO - Completed /viper/ptmp/arego/RC4K1_EN_100/2580.h5 in 38.84 seconds
2025-09-18 22:55:06,830 - INFO - Processing /viper/ptmp/arego/RC4K1/5071.h5
2025-09-18 22:55:10,929 - INFO - File 5071: Filtered 8444798 hits and 9 records
2025-09-18 22:55:16,111 - INFO - Completed /viper/ptmp/arego/RC4K1_EN_100/6246.h5 in 26.85 seconds
2025-09-18 22:55:16,467 - INFO - Processing /viper/ptmp/arego/RC4K1/1332.h5
2025-09-18 22:55:19,564 - INFO - Completed /viper/ptmp/arego/RC4K1_EN_100/5429.h5 in 25.26 seconds
2025-09-18 22:55:19,708 - INFO - Processing /viper/ptmp/arego/RC4K1/25701.h5
2025-09-18 22:55:20,253 - INFO - File 1332: Filtered 11585048 hits and 9 records
2025-09-18 22:55:21,282 - INFO - Completed /viper/ptmp/arego/RC4K1_EN_100/22152.h5 in 54.31 seconds
2025-09-18 22:55:21,563 - INFO - Processing /viper/ptmp/arego/RC4K1/27453.h5
2025-09-18 22:55:23,183 - INFO - File 25701: Filtered 10234682 hits and 9 records
2025-09-18 22:55:24,739 - INFO - Completed /viper/ptmp/arego/RC4K1_EN_100/29818.h5 in 47.42 seconds
2025-09-18 22:55:24,930 - INFO - Processing /viper/ptmp/arego/RC4K1/22564.h5
2025-09-18 22:55:25,456 - INFO - File 27453: Filtered 12216149 hits and 10 records
2025-09-18 22:55:28,462 - INFO - File 22564: Filtered 7841151 hits and 7 records
2025-09-18 22:55:51,784 - INFO - Completed /viper/ptmp/arego/RC4K1_EN_100/24732.h5 in 55.35 seconds
2025-09-18 22:55:52,212 - INFO - Processing /viper/ptmp/arego/RC4K1/25589.h5
2025-09-18 22:55:54,610 - INFO - Completed /viper/ptmp/arego/RC4K1_EN_100/25701.h5 in 34.90 seconds
2025-09-18 22:55:54,769 - INFO - Processing /viper/ptmp/arego/RC4K1/27965.h5
2025-09-18 22:55:54,867 - INFO - Completed /viper/ptmp/arego/RC4K1_EN_100/1332.h5 in 38.40 seconds
2025-09-18 22:55:55,779 - INFO - Processing /viper/ptmp/arego/RC4K1/19471.h5
2025-09-18 22:55:55,930 - INFO - Completed /viper/ptmp/arego/RC4K1_EN_100/5984.h5 in 55.21 seconds
2025-09-18 22:55:56,345 - INFO - File 25589: Filtered 9474949 hits and 8 records
2025-09-18 22:55:56,682 - INFO - Processing /viper/ptmp/arego/RC4K1/2979.h5
2025-09-18 22:55:57,778 - INFO - Completed /viper/ptmp/arego/RC4K1_EN_100/27453.h5 in 36.22 seconds
2025-09-18 22:55:58,021 - INFO - Processing /viper/ptmp/arego/RC4K1/22357.h5
2025-09-18 22:55:58,273 - INFO - File 27965: Filtered 8274881 hits and 8 records
2025-09-18 22:56:00,082 - INFO - File 19471: Filtered 10593023 hits and 10 records
2025-09-18 22:56:00,670 - INFO - Completed /viper/ptmp/arego/RC4K1_EN_100/5071.h5 in 53.84 seconds
2025-09-18 22:56:01,047 - INFO - Processing /viper/ptmp/arego/RC4K1/1870.h5
2025-09-18 22:56:01,076 - INFO - File 2979: Filtered 10246786 hits and 8 records
2025-09-18 22:56:03,119 - INFO - File 22357: Filtered 8794308 hits and 6 records
2025-09-18 22:56:06,111 - INFO - File 1870: Filtered 7703670 hits and 6 records
2025-09-18 22:56:06,315 - INFO - Completed /viper/ptmp/arego/RC4K1_EN_100/25584.h5 in 66.58 seconds
2025-09-18 22:56:06,526 - INFO - Processing /viper/ptmp/arego/RC4K1/27066.h5
2025-09-18 22:56:07,841 - INFO - Completed /viper/ptmp/arego/RC4K1_EN_100/22564.h5 in 42.91 seconds
2025-09-18 22:56:07,990 - INFO - Processing /viper/ptmp/arego/RC4K1/301.h5
2025-09-18 22:56:11,454 - INFO - File 27066: Filtered 4204396 hits and 7 records
2025-09-18 22:56:11,692 - INFO - File 301: Filtered 3784143 hits and 7 records
2025-09-18 22:56:35,465 - INFO - Completed /viper/ptmp/arego/RC4K1_EN_100/27965.h5 in 40.70 seconds
2025-09-18 22:56:35,614 - INFO - Processing /viper/ptmp/arego/RC4K1/29906.h5
2025-09-18 22:56:39,606 - INFO - File 29906: Filtered 7686093 hits and 7 records
2025-09-18 22:56:42,264 - INFO - Completed /viper/ptmp/arego/RC4K1_EN_100/19471.h5 in 46.48 seconds
2025-09-18 22:56:42,511 - INFO - Processing /viper/ptmp/arego/RC4K1/28201.h5
2025-09-18 22:56:43,244 - INFO - Completed /viper/ptmp/arego/RC4K1_EN_100/25589.h5 in 51.03 seconds
2025-09-18 22:56:43,481 - INFO - Processing /viper/ptmp/arego/RC4K1/16404.h5
2025-09-18 22:56:45,116 - INFO - Completed /viper/ptmp/arego/RC4K1_EN_100/2979.h5 in 48.43 seconds
2025-09-18 22:56:45,509 - INFO - Processing /viper/ptmp/arego/RC4K1/9468.h5
2025-09-18 22:56:46,998 - INFO - File 28201: Filtered 6735189 hits and 5 records
2025-09-18 22:56:48,001 - INFO - File 16404: Filtered 7948948 hits and 5 records
2025-09-18 22:56:50,268 - INFO - File 9468: Filtered 18388075 hits and 9 records
2025-09-18 22:56:55,168 - INFO - Completed /viper/ptmp/arego/RC4K1_EN_100/22357.h5 in 57.15 seconds
2025-09-18 22:56:55,461 - INFO - Processing /viper/ptmp/arego/RC4K1/6219.h5
2025-09-18 22:56:58,131 - INFO - Completed /viper/ptmp/arego/RC4K1_EN_100/9468.h5 in 12.62 seconds
2025-09-18 22:56:58,498 - INFO - Processing /viper/ptmp/arego/RC4K1/21248.h5
2025-09-18 22:56:59,884 - INFO - File 6219: Filtered 12890313 hits and 9 records
2025-09-18 22:57:03,229 - INFO - File 21248: Filtered 9956359 hits and 5 records
2025-09-18 22:57:09,649 - INFO - Completed /viper/ptmp/arego/RC4K1_EN_100/1870.h5 in 68.60 seconds
2025-09-18 22:57:09,866 - INFO - Processing /viper/ptmp/arego/RC4K1/7411.h5
2025-09-18 22:57:14,549 - INFO - File 7411: Filtered 11901738 hits and 7 records
2025-09-18 22:57:15,075 - INFO - Completed /viper/ptmp/arego/RC4K1_EN_100/301.h5 in 67.09 seconds
2025-09-18 22:57:15,242 - INFO - Processing /viper/ptmp/arego/RC4K1/22526.h5
2025-09-18 22:57:19,147 - INFO - File 22526: Filtered 18841297 hits and 10 records
2025-09-18 22:57:22,674 - INFO - Completed /viper/ptmp/arego/RC4K1_EN_100/29906.h5 in 47.06 seconds
2025-09-18 22:57:22,880 - INFO - Processing /viper/ptmp/arego/RC4K1/3775.h5
2025-09-18 22:57:26,590 - INFO - Completed /viper/ptmp/arego/RC4K1_EN_100/22526.h5 in 11.35 seconds
2025-09-18 22:57:26,707 - INFO - File 3775: Filtered 11667009 hits and 6 records
2025-09-18 22:57:26,755 - INFO - Processing /viper/ptmp/arego/RC4K1/11389.h5
2025-09-18 22:57:34,904 - INFO - Completed /viper/ptmp/arego/RC4K1_EN_100/6219.h5 in 39.44 seconds
2025-09-18 22:57:35,135 - INFO - Processing /viper/ptmp/arego/RC4K1/6371.h5
2025-09-18 22:57:37,625 - INFO - File 11389: Filtered 1875284 hits and 4 records
2025-09-18 22:57:39,622 - INFO - File 6371: Filtered 11672444 hits and 5 records
2025-09-18 22:57:47,794 - INFO - Completed /viper/ptmp/arego/RC4K1_EN_100/16404.h5 in 64.31 seconds
2025-09-18 22:57:48,010 - INFO - Processing /viper/ptmp/arego/RC4K1/3522.h5
2025-09-18 22:57:49,406 - INFO - Completed /viper/ptmp/arego/RC4K1_EN_100/21248.h5 in 50.91 seconds
2025-09-18 22:57:49,675 - INFO - Completed /viper/ptmp/arego/RC4K1_EN_100/27066.h5 in 103.15 seconds
2025-09-18 22:57:49,684 - INFO - Processing /viper/ptmp/arego/RC4K1/10662.h5
2025-09-18 22:57:50,466 - INFO - Processing /viper/ptmp/arego/RC4K1/28857.h5
2025-09-18 22:57:52,312 - INFO - File 3522: Filtered 17276823 hits and 8 records
2025-09-18 22:57:54,316 - INFO - File 10662: Filtered 12340444 hits and 7 records
2025-09-18 22:57:55,240 - INFO - File 28857: Filtered 17597026 hits and 11 records
2025-09-18 22:57:56,876 - INFO - Completed /viper/ptmp/arego/RC4K1_EN_100/28201.h5 in 74.36 seconds
2025-09-18 22:57:57,108 - INFO - Processing /viper/ptmp/arego/RC4K1/28813.h5
2025-09-18 22:57:57,254 - INFO - Completed /viper/ptmp/arego/RC4K1_EN_100/7411.h5 in 47.39 seconds
2025-09-18 22:57:57,948 - INFO - Processing /viper/ptmp/arego/RC4K1/17044.h5
2025-09-18 22:58:02,039 - INFO - File 28813: Filtered 10788332 hits and 7 records
2025-09-18 22:58:02,154 - INFO - Completed /viper/ptmp/arego/RC4K1_EN_100/3775.h5 in 39.27 seconds
2025-09-18 22:58:02,319 - INFO - Processing /viper/ptmp/arego/RC4K1/18710.h5
2025-09-18 22:58:03,011 - INFO - File 17044: Filtered 4090667 hits and 4 records
2025-09-18 22:58:06,255 - INFO - File 18710: Filtered 15492327 hits and 6 records
2025-09-18 22:58:10,247 - INFO - Completed /viper/ptmp/arego/RC4K1_EN_100/3522.h5 in 22.24 seconds
2025-09-18 22:58:10,447 - INFO - Processing /viper/ptmp/arego/RC4K1/21963.h5
2025-09-18 22:58:15,218 - INFO - Completed /viper/ptmp/arego/RC4K1_EN_100/28857.h5 in 24.75 seconds
2025-09-18 22:58:15,241 - INFO - File 21963: Filtered 11575874 hits and 8 records
2025-09-18 22:58:15,472 - INFO - Processing /viper/ptmp/arego/RC4K1/508.h5
2025-09-18 22:58:20,073 - INFO - File 508: Filtered 15096876 hits and 7 records
2025-09-18 22:58:26,781 - INFO - Completed /viper/ptmp/arego/RC4K1_EN_100/6371.h5 in 51.65 seconds
2025-09-18 22:58:26,994 - INFO - Processing /viper/ptmp/arego/RC4K1/29509.h5
2025-09-18 22:58:29,664 - INFO - Completed /viper/ptmp/arego/RC4K1_EN_100/18710.h5 in 27.34 seconds
2025-09-18 22:58:29,814 - INFO - Processing /viper/ptmp/arego/RC4K1/18359.h5
2025-09-18 22:58:31,794 - INFO - File 29509: Filtered 7686104 hits and 6 records
2025-09-18 22:58:33,853 - INFO - File 18359: Filtered 17704337 hits and 10 records
2025-09-18 22:58:38,282 - INFO - Completed /viper/ptmp/arego/RC4K1_EN_100/10662.h5 in 48.60 seconds
2025-09-18 22:58:38,494 - INFO - Processing /viper/ptmp/arego/RC4K1/8970.h5
2025-09-18 22:58:43,341 - INFO - File 8970: Filtered 10344940 hits and 7 records
2025-09-18 22:58:50,747 - INFO - Completed /viper/ptmp/arego/RC4K1_EN_100/18359.h5 in 20.93 seconds
2025-09-18 22:58:50,910 - INFO - Processing /viper/ptmp/arego/RC4K1/25535.h5
2025-09-18 22:58:54,830 - INFO - Completed /viper/ptmp/arego/RC4K1_EN_100/508.h5 in 39.36 seconds
2025-09-18 22:58:55,048 - INFO - Processing /viper/ptmp/arego/RC4K1/24095.h5
2025-09-18 22:58:55,159 - INFO - File 25535: Filtered 11612318 hits and 8 records
2025-09-18 22:58:56,223 - INFO - Completed /viper/ptmp/arego/RC4K1_EN_100/28813.h5 in 59.11 seconds
2025-09-18 22:58:56,511 - INFO - Processing /viper/ptmp/arego/RC4K1/24925.h5
2025-09-18 22:58:59,618 - INFO - File 24095: Filtered 17919261 hits and 7 records
2025-09-18 22:59:01,465 - INFO - File 24925: Filtered 12776309 hits and 10 records
2025-09-18 22:59:02,011 - INFO - Completed /viper/ptmp/arego/RC4K1_EN_100/21963.h5 in 51.56 seconds
2025-09-18 22:59:02,272 - INFO - Processing /viper/ptmp/arego/RC4K1/10351.h5
2025-09-18 22:59:07,158 - INFO - File 10351: Filtered 10391291 hits and 7 records
2025-09-18 22:59:20,093 - INFO - Completed /viper/ptmp/arego/RC4K1_EN_100/24095.h5 in 25.04 seconds
2025-09-18 22:59:20,316 - INFO - Processing /viper/ptmp/arego/RC4K1/22159.h5
2025-09-18 22:59:25,034 - INFO - File 22159: Filtered 12767809 hits and 6 records
2025-09-18 22:59:31,643 - INFO - Completed /viper/ptmp/arego/RC4K1_EN_100/25535.h5 in 40.73 seconds
2025-09-18 22:59:31,785 - INFO - Processing /viper/ptmp/arego/RC4K1/16533.h5
2025-09-18 22:59:35,963 - INFO - File 16533: Filtered 14988872 hits and 8 records
2025-09-18 22:59:37,593 - INFO - Completed /viper/ptmp/arego/RC4K1_EN_100/17044.h5 in 99.64 seconds
2025-09-18 22:59:37,910 - INFO - Processing /viper/ptmp/arego/RC4K1/9147.h5
2025-09-18 22:59:40,204 - INFO - Completed /viper/ptmp/arego/RC4K1_EN_100/8970.h5 in 61.71 seconds
2025-09-18 22:59:40,470 - INFO - Processing /viper/ptmp/arego/RC4K1/11093.h5
2025-09-18 22:59:42,795 - INFO - File 9147: Filtered 17146969 hits and 10 records
2025-09-18 22:59:45,376 - INFO - File 11093: Filtered 15553318 hits and 9 records
2025-09-18 22:59:49,211 - INFO - Completed /viper/ptmp/arego/RC4K1_EN_100/24925.h5 in 52.70 seconds
2025-09-18 22:59:49,425 - INFO - Processing /viper/ptmp/arego/RC4K1/10293.h5
2025-09-18 22:59:49,675 - INFO - Completed /viper/ptmp/arego/RC4K1_EN_100/29509.h5 in 82.68 seconds
2025-09-18 22:59:50,033 - INFO - Processing /viper/ptmp/arego/RC4K1/29817.h5
2025-09-18 22:59:54,607 - INFO - File 10293: Filtered 9665355 hits and 5 records
2025-09-18 22:59:55,102 - INFO - File 29817: Filtered 15677365 hits and 7 records
2025-09-18 23:00:07,315 - INFO - Completed /viper/ptmp/arego/RC4K1_EN_100/16533.h5 in 35.53 seconds
2025-09-18 23:00:07,486 - INFO - Processing /viper/ptmp/arego/RC4K1/2411.h5
2025-09-18 23:00:09,567 - INFO - Completed /viper/ptmp/arego/RC4K1_EN_100/10351.h5 in 67.29 seconds
2025-09-18 23:00:09,791 - INFO - Processing /viper/ptmp/arego/RC4K1/6537.h5
2025-09-18 23:00:12,245 - INFO - File 2411: Filtered 7316406 hits and 5 records
2025-09-18 23:00:13,139 - INFO - Completed /viper/ptmp/arego/RC4K1_EN_100/9147.h5 in 35.23 seconds
2025-09-18 23:00:13,542 - INFO - Processing /viper/ptmp/arego/RC4K1/6863.h5
2025-09-18 23:00:15,117 - INFO - File 6537: Filtered 6807858 hits and 6 records
2025-09-18 23:00:15,598 - INFO - Completed /viper/ptmp/arego/RC4K1_EN_100/22159.h5 in 55.28 seconds
2025-09-18 23:00:15,887 - INFO - Processing /viper/ptmp/arego/RC4K1/11257.h5
2025-09-18 23:00:19,020 - INFO - File 6863: Filtered 9250669 hits and 7 records
2025-09-18 23:00:20,558 - INFO - File 11257: Filtered 6828103 hits and 4 records
2025-09-18 23:00:23,615 - INFO - Completed /viper/ptmp/arego/RC4K1_EN_100/11093.h5 in 43.15 seconds
2025-09-18 23:00:23,913 - INFO - Processing /viper/ptmp/arego/RC4K1/9940.h5
2025-09-18 23:00:29,399 - INFO - File 9940: Filtered 10827395 hits and 9 records
2025-09-18 23:00:34,153 - INFO - Completed /viper/ptmp/arego/RC4K1_EN_100/29817.h5 in 44.12 seconds
2025-09-18 23:00:34,477 - INFO - Processing /viper/ptmp/arego/RC4K1/8844.h5
2025-09-18 23:00:39,639 - INFO - File 8844: Filtered 12060821 hits and 7 records
2025-09-18 23:01:08,450 - INFO - Completed /viper/ptmp/arego/RC4K1_EN_100/11389.h5 in 221.69 seconds
2025-09-18 23:01:08,625 - INFO - Processing /viper/ptmp/arego/RC4K1/3864.h5
2025-09-18 23:01:08,872 - INFO - Completed /viper/ptmp/arego/RC4K1_EN_100/10293.h5 in 79.45 seconds
2025-09-18 23:01:09,356 - INFO - Processing /viper/ptmp/arego/RC4K1/4064.h5
2025-09-18 23:01:13,193 - INFO - File 3864: Filtered 16108774 hits and 7 records
2025-09-18 23:01:14,428 - INFO - File 4064: Filtered 19635687 hits and 9 records
2025-09-18 23:01:19,691 - INFO - Completed /viper/ptmp/arego/RC4K1_EN_100/2411.h5 in 72.20 seconds
2025-09-18 23:01:19,873 - INFO - Processing /viper/ptmp/arego/RC4K1/18348.h5
2025-09-18 23:01:24,527 - INFO - File 18348: Filtered 5783177 hits and 4 records
2025-09-18 23:01:39,894 - INFO - Completed /viper/ptmp/arego/RC4K1_EN_100/6863.h5 in 86.35 seconds
2025-09-18 23:01:40,159 - INFO - Processing /viper/ptmp/arego/RC4K1/18996.h5
2025-09-18 23:01:40,504 - INFO - Completed /viper/ptmp/arego/RC4K1_EN_100/4064.h5 in 31.15 seconds
2025-09-18 23:01:40,774 - INFO - Processing /viper/ptmp/arego/RC4K1/7009.h5
2025-09-18 23:01:41,122 - INFO - Completed /viper/ptmp/arego/RC4K1_EN_100/8844.h5 in 66.65 seconds
2025-09-18 23:01:41,413 - INFO - Processing /viper/ptmp/arego/RC4K1/29858.h5
2025-09-18 23:01:44,183 - INFO - Completed /viper/ptmp/arego/RC4K1_EN_100/9940.h5 in 80.27 seconds
2025-09-18 23:01:44,417 - INFO - Processing /viper/ptmp/arego/RC4K1/12482.h5
2025-09-18 23:01:44,778 - INFO - Completed /viper/ptmp/arego/RC4K1_EN_100/3864.h5 in 36.15 seconds
2025-09-18 23:01:44,959 - INFO - Processing /viper/ptmp/arego/RC4K1/18317.h5
2025-09-18 23:01:45,730 - INFO - File 18996: Filtered 15738520 hits and 11 records
2025-09-18 23:01:46,447 - INFO - File 7009: Filtered 10886712 hits and 7 records
2025-09-18 23:01:46,988 - INFO - Completed /viper/ptmp/arego/RC4K1_EN_100/6537.h5 in 97.20 seconds
2025-09-18 23:01:47,101 - INFO - File 29858: Filtered 17422641 hits and 7 records
2025-09-18 23:01:47,225 - INFO - Processing /viper/ptmp/arego/RC4K1/28103.h5
2025-09-18 23:01:49,705 - INFO - File 18317: Filtered 15704627 hits and 9 records
2025-09-18 23:01:50,337 - INFO - File 12482: Filtered 14703233 hits and 5 records
2025-09-18 23:01:53,005 - INFO - File 28103: Filtered 13373147 hits and 10 records
2025-09-18 23:01:53,154 - INFO - Completed /viper/ptmp/arego/RC4K1_EN_100/11257.h5 in 97.27 seconds
2025-09-18 23:01:53,392 - INFO - Processing /viper/ptmp/arego/RC4K1/1032.h5
2025-09-18 23:01:59,034 - INFO - File 1032: Filtered 18254722 hits and 8 records
2025-09-18 23:02:27,371 - INFO - Completed /viper/ptmp/arego/RC4K1_EN_100/18317.h5 in 42.41 seconds
2025-09-18 23:02:27,571 - INFO - Processing /viper/ptmp/arego/RC4K1/4516.h5
2025-09-18 23:02:29,530 - INFO - Completed /viper/ptmp/arego/RC4K1_EN_100/29858.h5 in 48.12 seconds
2025-09-18 23:02:29,797 - INFO - Processing /viper/ptmp/arego/RC4K1/20311.h5
2025-09-18 23:02:32,771 - INFO - File 4516: Filtered 14149809 hits and 12 records
2025-09-18 23:02:34,812 - INFO - Completed /viper/ptmp/arego/RC4K1_EN_100/18996.h5 in 54.65 seconds
2025-09-18 23:02:35,032 - INFO - Processing /viper/ptmp/arego/RC4K1/9258.h5
2025-09-18 23:02:35,590 - INFO - File 20311: Filtered 13765074 hits and 8 records
2025-09-18 23:02:40,766 - INFO - File 9258: Filtered 17557863 hits and 8 records
2025-09-18 23:02:41,380 - INFO - Completed /viper/ptmp/arego/RC4K1_EN_100/1032.h5 in 47.99 seconds
2025-09-18 23:02:41,659 - INFO - Processing /viper/ptmp/arego/RC4K1/1557.h5
2025-09-18 23:02:41,902 - INFO - Completed /viper/ptmp/arego/RC4K1_EN_100/18348.h5 in 82.03 seconds
2025-09-18 23:02:42,109 - INFO - Completed /viper/ptmp/arego/RC4K1_EN_100/12482.h5 in 57.69 seconds
2025-09-18 23:02:42,161 - INFO - Processing /viper/ptmp/arego/RC4K1/14323.h5
2025-09-18 23:02:42,973 - INFO - Processing /viper/ptmp/arego/RC4K1/5214.h5
2025-09-18 23:02:47,266 - INFO - File 14323: Filtered 9991305 hits and 4 records
2025-09-18 23:02:47,721 - INFO - File 1557: Filtered 12716493 hits and 5 records
2025-09-18 23:02:49,120 - INFO - File 5214: Filtered 8146279 hits and 7 records
2025-09-18 23:02:56,366 - INFO - Completed /viper/ptmp/arego/RC4K1_EN_100/28103.h5 in 69.14 seconds
2025-09-18 23:02:56,593 - INFO - Processing /viper/ptmp/arego/RC4K1/24062.h5
2025-09-18 23:03:02,278 - INFO - File 24062: Filtered 15564369 hits and 7 records
2025-09-18 23:03:03,647 - INFO - Completed /viper/ptmp/arego/RC4K1_EN_100/7009.h5 in 82.87 seconds
2025-09-18 23:03:03,878 - INFO - Processing /viper/ptmp/arego/RC4K1/26189.h5
2025-09-18 23:03:09,899 - INFO - File 26189: Filtered 8804008 hits and 5 records
2025-09-18 23:03:15,581 - INFO - Completed /viper/ptmp/arego/RC4K1_EN_100/4516.h5 in 48.01 seconds
2025-09-18 23:03:15,729 - INFO - Processing /viper/ptmp/arego/RC4K1/13663.h5
2025-09-18 23:03:21,157 - INFO - File 13663: Filtered 17957629 hits and 8 records
2025-09-18 23:03:27,343 - INFO - Completed /viper/ptmp/arego/RC4K1_EN_100/9258.h5 in 52.31 seconds
2025-09-18 23:03:27,662 - INFO - Processing /viper/ptmp/arego/RC4K1/25945.h5
2025-09-18 23:03:33,603 - INFO - File 25945: Filtered 11442301 hits and 8 records
2025-09-18 23:03:40,201 - INFO - Completed /viper/ptmp/arego/RC4K1_EN_100/20311.h5 in 70.40 seconds
2025-09-18 23:03:40,458 - INFO - Processing /viper/ptmp/arego/RC4K1/18859.h5
2025-09-18 23:03:46,388 - INFO - File 18859: Filtered 16532915 hits and 11 records
2025-09-18 23:03:55,693 - INFO - Completed /viper/ptmp/arego/RC4K1_EN_100/14323.h5 in 73.53 seconds
2025-09-18 23:03:55,853 - INFO - Processing /viper/ptmp/arego/RC4K1/13537.h5
2025-09-18 23:03:56,341 - INFO - Completed /viper/ptmp/arego/RC4K1_EN_100/24062.h5 in 59.75 seconds
2025-09-18 23:03:56,554 - INFO - Processing /viper/ptmp/arego/RC4K1/15087.h5
2025-09-18 23:04:00,733 - INFO - File 13537: Filtered 22420657 hits and 6 records
2025-09-18 23:04:01,635 - INFO - Completed /viper/ptmp/arego/RC4K1_EN_100/13663.h5 in 45.91 seconds
2025-09-18 23:04:01,796 - INFO - Processing /viper/ptmp/arego/RC4K1/14924.h5
2025-09-18 23:04:02,467 - INFO - File 15087: Filtered 20293150 hits and 8 records
2025-09-18 23:04:06,209 - INFO - Completed /viper/ptmp/arego/RC4K1_EN_100/1557.h5 in 84.55 seconds
2025-09-18 23:04:06,418 - INFO - Processing /viper/ptmp/arego/RC4K1/24657.h5
2025-09-18 23:04:07,098 - INFO - File 14924: Filtered 12110329 hits and 5 records
2025-09-18 23:04:12,452 - INFO - File 24657: Filtered 22556467 hits and 9 records
2025-09-18 23:04:20,573 - INFO - Completed /viper/ptmp/arego/RC4K1_EN_100/13537.h5 in 24.72 seconds
2025-09-18 23:04:20,718 - INFO - Processing /viper/ptmp/arego/RC4K1/5967.h5
2025-09-18 23:04:25,989 - INFO - File 5967: Filtered 10817598 hits and 5 records
2025-09-18 23:04:39,503 - INFO - Completed /viper/ptmp/arego/RC4K1_EN_100/5214.h5 in 116.53 seconds
2025-09-18 23:04:39,713 - INFO - Processing /viper/ptmp/arego/RC4K1/12654.h5
2025-09-18 23:04:40,490 - INFO - Completed /viper/ptmp/arego/RC4K1_EN_100/18859.h5 in 60.03 seconds
2025-09-18 23:04:40,767 - INFO - Processing /viper/ptmp/arego/RC4K1/15406.h5
2025-09-18 23:04:41,910 - INFO - Completed /viper/ptmp/arego/RC4K1_EN_100/24657.h5 in 35.49 seconds
2025-09-18 23:04:42,127 - INFO - Processing /viper/ptmp/arego/RC4K1/6586.h5
2025-09-18 23:04:44,674 - INFO - Completed /viper/ptmp/arego/RC4K1_EN_100/15087.h5 in 48.12 seconds
2025-09-18 23:04:44,911 - INFO - Processing /viper/ptmp/arego/RC4K1/9831.h5
2025-09-18 23:04:46,017 - INFO - File 12654: Filtered 16152132 hits and 8 records
2025-09-18 23:04:47,599 - INFO - File 15406: Filtered 14428371 hits and 9 records
2025-09-18 23:04:48,821 - INFO - File 6586: Filtered 12534614 hits and 11 records
2025-09-18 23:04:51,596 - INFO - File 9831: Filtered 21108165 hits and 5 records
2025-09-18 23:04:52,951 - INFO - Completed /viper/ptmp/arego/RC4K1_EN_100/26189.h5 in 109.07 seconds
2025-09-18 23:04:53,145 - INFO - Processing /viper/ptmp/arego/RC4K1/25881.h5
2025-09-18 23:04:59,385 - INFO - File 25881: Filtered 16939678 hits and 7 records
2025-09-18 23:05:03,864 - INFO - Completed /viper/ptmp/arego/RC4K1_EN_100/25945.h5 in 96.20 seconds
2025-09-18 23:05:04,128 - INFO - Processing /viper/ptmp/arego/RC4K1/14563.h5
2025-09-18 23:05:10,639 - INFO - File 14563: Filtered 8485263 hits and 5 records
2025-09-18 23:05:13,301 - INFO - Completed /viper/ptmp/arego/RC4K1_EN_100/14924.h5 in 71.50 seconds
2025-09-18 23:05:13,471 - INFO - Processing /viper/ptmp/arego/RC4K1/625.h5
2025-09-18 23:05:20,048 - INFO - File 625: Filtered 14849924 hits and 5 records
2025-09-18 23:05:33,360 - INFO - Completed /viper/ptmp/arego/RC4K1_EN_100/9831.h5 in 48.45 seconds
2025-09-18 23:05:33,676 - INFO - Processing /viper/ptmp/arego/RC4K1/18595.h5
2025-09-18 23:05:38,448 - INFO - Completed /viper/ptmp/arego/RC4K1_EN_100/5967.h5 in 77.73 seconds
2025-09-18 23:05:38,604 - INFO - Processing /viper/ptmp/arego/RC4K1/27488.h5
2025-09-18 23:05:40,218 - INFO - File 18595: Filtered 17068023 hits and 7 records
2025-09-18 23:05:44,252 - INFO - File 27488: Filtered 17710255 hits and 8 records
2025-09-18 23:05:44,503 - INFO - Completed /viper/ptmp/arego/RC4K1_EN_100/12654.h5 in 64.79 seconds
2025-09-18 23:05:44,730 - INFO - Processing /viper/ptmp/arego/RC4K1/239.h5
2025-09-18 23:05:51,407 - INFO - File 239: Filtered 17019139 hits and 5 records
2025-09-18 23:06:03,603 - INFO - Completed /viper/ptmp/arego/RC4K1_EN_100/25881.h5 in 70.46 seconds
2025-09-18 23:06:03,860 - INFO - Processing /viper/ptmp/arego/RC4K1/8555.h5
2025-09-18 23:06:06,012 - INFO - Completed /viper/ptmp/arego/RC4K1_EN_100/15406.h5 in 85.25 seconds
2025-09-18 23:06:06,250 - INFO - Processing /viper/ptmp/arego/RC4K1/3562.h5
2025-09-18 23:06:10,367 - INFO - File 8555: Filtered 23506485 hits and 9 records
2025-09-18 23:06:13,348 - INFO - File 3562: Filtered 18585519 hits and 9 records
2025-09-18 23:06:19,557 - INFO - Completed /viper/ptmp/arego/RC4K1_EN_100/6586.h5 in 97.43 seconds
2025-09-18 23:06:19,775 - INFO - Processing /viper/ptmp/arego/RC4K1/29922.h5
2025-09-18 23:06:26,546 - INFO - File 29922: Filtered 21528329 hits and 11 records
2025-09-18 23:06:36,170 - INFO - Completed /viper/ptmp/arego/RC4K1_EN_100/625.h5 in 82.70 seconds
2025-09-18 23:06:36,331 - INFO - Processing /viper/ptmp/arego/RC4K1/2740.h5
2025-09-18 23:06:40,228 - INFO - Completed /viper/ptmp/arego/RC4K1_EN_100/27488.h5 in 61.62 seconds
2025-09-18 23:06:40,386 - INFO - Processing /viper/ptmp/arego/RC4K1/2700.h5
2025-09-18 23:06:42,584 - INFO - File 2740: Filtered 14459813 hits and 9 records
2025-09-18 23:06:46,295 - INFO - Completed /viper/ptmp/arego/RC4K1_EN_100/18595.h5 in 72.62 seconds
2025-09-18 23:06:46,558 - INFO - Processing /viper/ptmp/arego/RC4K1/27045.h5
2025-09-18 23:06:46,580 - INFO - File 2700: Filtered 24057359 hits and 5 records
2025-09-18 23:06:49,819 - INFO - Completed /viper/ptmp/arego/RC4K1_EN_100/8555.h5 in 45.96 seconds
2025-09-18 23:06:50,030 - INFO - Processing /viper/ptmp/arego/RC4K1/9129.h5
2025-09-18 23:06:53,699 - INFO - File 27045: Filtered 25599755 hits and 10 records
2025-09-18 23:06:56,669 - INFO - File 9129: Filtered 15186100 hits and 9 records
2025-09-18 23:07:12,202 - INFO - Completed /viper/ptmp/arego/RC4K1_EN_100/29922.h5 in 52.43 seconds
2025-09-18 23:07:12,466 - INFO - Processing /viper/ptmp/arego/RC4K1/58.h5
2025-09-18 23:07:13,031 - INFO - Completed /viper/ptmp/arego/RC4K1_EN_100/14563.h5 in 128.90 seconds
2025-09-18 23:07:13,135 - INFO - Completed /viper/ptmp/arego/RC4K1_EN_100/239.h5 in 88.41 seconds
2025-09-18 23:07:13,295 - INFO - Processing /viper/ptmp/arego/RC4K1/23321.h5
2025-09-18 23:07:13,839 - INFO - Processing /viper/ptmp/arego/RC4K1/1209.h5
2025-09-18 23:07:15,174 - INFO - Completed /viper/ptmp/arego/RC4K1_EN_100/3562.h5 in 68.92 seconds
2025-09-18 23:07:15,429 - INFO - Processing /viper/ptmp/arego/RC4K1/17211.h5
2025-09-18 23:07:19,854 - INFO - File 58: Filtered 10975136 hits and 7 records
2025-09-18 23:07:21,692 - INFO - File 23321: Filtered 25772372 hits and 11 records
2025-09-18 23:07:21,802 - INFO - Completed /viper/ptmp/arego/RC4K1_EN_100/2700.h5 in 41.42 seconds
2025-09-18 23:07:21,950 - INFO - File 1209: Filtered 16361645 hits and 6 records
2025-09-18 23:07:22,025 - INFO - Processing /viper/ptmp/arego/RC4K1/2968.h5
2025-09-18 23:07:24,455 - INFO - File 17211: Filtered 19757260 hits and 8 records
2025-09-18 23:07:28,899 - INFO - File 2968: Filtered 26517443 hits and 10 records
2025-09-18 23:07:31,680 - INFO - Completed /viper/ptmp/arego/RC4K1_EN_100/27045.h5 in 45.12 seconds
2025-09-18 23:07:31,870 - INFO - Processing /viper/ptmp/arego/RC4K1/272.h5
2025-09-18 23:07:39,664 - INFO - File 272: Filtered 23059627 hits and 9 records
2025-09-18 23:08:01,011 - INFO - Completed /viper/ptmp/arego/RC4K1_EN_100/2740.h5 in 84.68 seconds
2025-09-18 23:08:01,169 - INFO - Processing /viper/ptmp/arego/RC4K1/19123.h5
2025-09-18 23:08:02,403 - INFO - Completed /viper/ptmp/arego/RC4K1_EN_100/23321.h5 in 49.11 seconds
2025-09-18 23:08:02,597 - INFO - Processing /viper/ptmp/arego/RC4K1/21645.h5
2025-09-18 23:08:08,091 - INFO - File 19123: Filtered 25950348 hits and 7 records
2025-09-18 23:08:08,654 - INFO - Completed /viper/ptmp/arego/RC4K1_EN_100/2968.h5 in 46.63 seconds
2025-09-18 23:08:08,823 - INFO - Processing /viper/ptmp/arego/RC4K1/9087.h5
2025-09-18 23:08:10,049 - INFO - File 21645: Filtered 26806653 hits and 8 records
2025-09-18 23:08:16,071 - INFO - File 9087: Filtered 14558013 hits and 5 records
2025-09-18 23:08:25,376 - INFO - Completed /viper/ptmp/arego/RC4K1_EN_100/9129.h5 in 95.35 seconds
2025-09-18 23:08:25,567 - INFO - Processing /viper/ptmp/arego/RC4K1/15066.h5
2025-09-18 23:08:38,729 - INFO - Completed /viper/ptmp/arego/RC4K1_EN_100/272.h5 in 66.86 seconds
2025-09-18 23:08:38,886 - INFO - Processing /viper/ptmp/arego/RC4K1/22118.h5
2025-09-18 23:08:39,019 - INFO - File 15066: Filtered 20030475 hits and 9 records
2025-09-18 23:08:45,836 - INFO - File 22118: Filtered 19333583 hits and 7 records
2025-09-18 23:08:51,729 - INFO - Completed /viper/ptmp/arego/RC4K1_EN_100/19123.h5 in 50.56 seconds
2025-09-18 23:08:51,933 - INFO - Processing /viper/ptmp/arego/RC4K1/3968.h5
2025-09-18 23:08:58,009 - INFO - Completed /viper/ptmp/arego/RC4K1_EN_100/17211.h5 in 102.58 seconds
2025-09-18 23:08:58,227 - INFO - Processing /viper/ptmp/arego/RC4K1/19181.h5
2025-09-18 23:08:59,652 - INFO - File 3968: Filtered 26082319 hits and 9 records
2025-09-18 23:09:00,222 - INFO - Completed /viper/ptmp/arego/RC4K1_EN_100/1209.h5 in 106.38 seconds
2025-09-18 23:09:00,439 - INFO - Processing /viper/ptmp/arego/RC4K1/25498.h5
2025-09-18 23:09:07,652 - INFO - File 19181: Filtered 25993214 hits and 10 records
2025-09-18 23:09:09,176 - INFO - File 25498: Filtered 22765357 hits and 10 records
2025-09-18 23:09:13,210 - INFO - Completed /viper/ptmp/arego/RC4K1_EN_100/21645.h5 in 70.61 seconds
2025-09-18 23:09:13,457 - INFO - Processing /viper/ptmp/arego/RC4K1/14971.h5
2025-09-18 23:09:29,971 - INFO - File 14971: Filtered 31710558 hits and 13 records
2025-09-18 23:09:29,991 - INFO - Completed /viper/ptmp/arego/RC4K1_EN_100/58.h5 in 137.52 seconds
2025-09-18 23:09:30,166 - INFO - Processing /viper/ptmp/arego/RC4K1/28160.h5
2025-09-18 23:09:37,804 - INFO - File 28160: Filtered 34415986 hits and 10 records
2025-09-18 23:09:54,021 - INFO - Completed /viper/ptmp/arego/RC4K1_EN_100/9087.h5 in 105.20 seconds
2025-09-18 23:09:54,193 - INFO - Processing /viper/ptmp/arego/RC4K1/9174.h5
2025-09-18 23:09:54,381 - INFO - Completed /viper/ptmp/arego/RC4K1_EN_100/15066.h5 in 88.81 seconds
2025-09-18 23:09:54,883 - INFO - Processing /viper/ptmp/arego/RC4K1/14351.h5
2025-09-18 23:10:00,053 - INFO - Completed /viper/ptmp/arego/RC4K1_EN_100/28160.h5 in 29.89 seconds
2025-09-18 23:10:00,265 - INFO - Processing /viper/ptmp/arego/RC4K1/18259.h5
2025-09-18 23:10:02,991 - INFO - File 9174: Filtered 7747325 hits and 3 records
2025-09-18 23:10:03,495 - INFO - File 14351: Filtered 19231597 hits and 5 records
2025-09-18 23:10:04,312 - INFO - Completed /viper/ptmp/arego/RC4K1_EN_100/19181.h5 in 66.09 seconds
2025-09-18 23:10:04,566 - INFO - Processing /viper/ptmp/arego/RC4K1/26648.h5
2025-09-18 23:10:06,758 - INFO - Completed /viper/ptmp/arego/RC4K1_EN_100/3968.h5 in 74.82 seconds
2025-09-18 23:10:06,945 - INFO - Processing /viper/ptmp/arego/RC4K1/27918.h5
2025-09-18 23:10:08,702 - INFO - File 18259: Filtered 26170115 hits and 7 records
2025-09-18 23:10:08,967 - INFO - Completed /viper/ptmp/arego/RC4K1_EN_100/14971.h5 in 55.51 seconds
2025-09-18 23:10:09,236 - INFO - Processing /viper/ptmp/arego/RC4K1/1167.h5
2025-09-18 23:10:12,576 - INFO - File 26648: Filtered 17453316 hits and 6 records
2025-09-18 23:10:15,508 - INFO - File 27918: Filtered 20593875 hits and 10 records
2025-09-18 23:10:18,515 - INFO - File 1167: Filtered 17702211 hits and 8 records
2025-09-18 23:10:24,948 - INFO - Completed /viper/ptmp/arego/RC4K1_EN_100/22118.h5 in 106.06 seconds
2025-09-18 23:10:25,193 - INFO - Processing /viper/ptmp/arego/RC4K1/23361.h5
2025-09-18 23:10:27,587 - INFO - Completed /viper/ptmp/arego/RC4K1_EN_100/25498.h5 in 87.15 seconds
2025-09-18 23:10:27,807 - INFO - Processing /viper/ptmp/arego/RC4K1/20150.h5
2025-09-18 23:10:34,336 - INFO - File 23361: Filtered 26838573 hits and 11 records
2025-09-18 23:10:37,806 - INFO - File 20150: Filtered 17703735 hits and 8 records
2025-09-18 23:11:25,048 - INFO - Completed /viper/ptmp/arego/RC4K1_EN_100/18259.h5 in 84.78 seconds
2025-09-18 23:11:25,215 - INFO - Processing /viper/ptmp/arego/RC4K1/6535.h5
2025-09-18 23:11:33,749 - INFO - File 6535: Filtered 30524194 hits and 7 records
2025-09-18 23:11:39,767 - INFO - Completed /viper/ptmp/arego/RC4K1_EN_100/23361.h5 in 74.57 seconds
2025-09-18 23:11:39,924 - INFO - Processing /viper/ptmp/arego/RC4K1/27502.h5
2025-09-18 23:11:42,572 - INFO - Completed /viper/ptmp/arego/RC4K1_EN_100/14351.h5 in 107.69 seconds
2025-09-18 23:11:42,739 - INFO - Processing /viper/ptmp/arego/RC4K1/17795.h5
2025-09-18 23:11:48,152 - INFO - File 27502: Filtered 15842904 hits and 5 records
2025-09-18 23:11:51,175 - INFO - File 17795: Filtered 33626736 hits and 8 records
2025-09-18 23:11:53,749 - INFO - Completed /viper/ptmp/arego/RC4K1_EN_100/27918.h5 in 106.80 seconds
2025-09-18 23:11:53,916 - INFO - Processing /viper/ptmp/arego/RC4K1/12471.h5
2025-09-18 23:12:00,690 - INFO - Completed /viper/ptmp/arego/RC4K1_EN_100/26648.h5 in 116.12 seconds
2025-09-18 23:12:00,848 - INFO - Processing /viper/ptmp/arego/RC4K1/16661.h5
2025-09-18 23:12:02,248 - INFO - File 12471: Filtered 24627390 hits and 10 records
2025-09-18 23:12:04,633 - INFO - Completed /viper/ptmp/arego/RC4K1_EN_100/1167.h5 in 115.40 seconds
2025-09-18 23:12:04,896 - INFO - Processing /viper/ptmp/arego/RC4K1/21213.h5
2025-09-18 23:12:09,044 - INFO - File 16661: Filtered 22504358 hits and 7 records
2025-09-18 23:12:13,609 - INFO - File 21213: Filtered 16106943 hits and 7 records
2025-09-18 23:12:22,023 - INFO - Completed /viper/ptmp/arego/RC4K1_EN_100/6535.h5 in 56.81 seconds
2025-09-18 23:12:22,210 - INFO - Processing /viper/ptmp/arego/RC4K1/14132.h5
2025-09-18 23:12:30,805 - INFO - File 14132: Filtered 20754527 hits and 6 records
2025-09-18 23:12:33,058 - INFO - Completed /viper/ptmp/arego/RC4K1_EN_100/20150.h5 in 125.25 seconds
2025-09-18 23:12:33,266 - INFO - Processing /viper/ptmp/arego/RC4K1/14104.h5
2025-09-18 23:12:33,721 - INFO - Completed /viper/ptmp/arego/RC4K1_EN_100/17795.h5 in 50.98 seconds
2025-09-18 23:12:34,114 - INFO - Processing /viper/ptmp/arego/RC4K1/28485.h5
2025-09-18 23:12:38,752 - INFO - Completed /viper/ptmp/arego/RC4K1_EN_100/9174.h5 in 164.56 seconds
2025-09-18 23:12:38,915 - INFO - Processing /viper/ptmp/arego/RC4K1/9786.h5
2025-09-18 23:12:42,246 - INFO - File 14104: Filtered 26345543 hits and 6 records
2025-09-18 23:12:43,066 - INFO - File 28485: Filtered 28687020 hits and 7 records
2025-09-18 23:12:47,791 - INFO - File 9786: Filtered 29635902 hits and 7 records
2025-09-18 23:13:27,918 - INFO - Completed /viper/ptmp/arego/RC4K1_EN_100/12471.h5 in 94.00 seconds
2025-09-18 23:13:28,140 - INFO - Processing /viper/ptmp/arego/RC4K1/22729.h5
2025-09-18 23:13:37,917 - INFO - File 22729: Filtered 7384912 hits and 7 records
2025-09-18 23:13:49,010 - INFO - Completed /viper/ptmp/arego/RC4K1_EN_100/27502.h5 in 129.09 seconds
2025-09-18 23:13:49,227 - INFO - Processing /viper/ptmp/arego/RC4K1/24029.h5
2025-09-18 23:13:56,881 - INFO - Completed /viper/ptmp/arego/RC4K1_EN_100/28485.h5 in 82.77 seconds
2025-09-18 23:13:57,040 - INFO - Processing /viper/ptmp/arego/RC4K1/16148.h5
2025-09-18 23:13:57,319 - INFO - Completed /viper/ptmp/arego/RC4K1_EN_100/9786.h5 in 78.40 seconds
2025-09-18 23:13:57,756 - INFO - Processing /viper/ptmp/arego/RC4K1/17803.h5
2025-09-18 23:13:57,857 - INFO - File 24029: Filtered 24172341 hits and 7 records
2025-09-18 23:14:00,301 - INFO - Completed /viper/ptmp/arego/RC4K1_EN_100/16661.h5 in 119.45 seconds
2025-09-18 23:14:00,518 - INFO - Processing /viper/ptmp/arego/RC4K1/16058.h5
2025-09-18 23:14:06,544 - INFO - File 16148: Filtered 17323060 hits and 8 records
2025-09-18 23:14:06,881 - INFO - File 17803: Filtered 32609878 hits and 12 records
2025-09-18 23:14:07,440 - INFO - Completed /viper/ptmp/arego/RC4K1_EN_100/14104.h5 in 94.17 seconds
2025-09-18 23:14:07,661 - INFO - Processing /viper/ptmp/arego/RC4K1/24470.h5
2025-09-18 23:14:10,232 - INFO - File 16058: Filtered 20100274 hits and 7 records
2025-09-18 23:14:17,142 - INFO - File 24470: Filtered 20885457 hits and 8 records
2025-09-18 23:14:23,150 - INFO - Completed /viper/ptmp/arego/RC4K1_EN_100/14132.h5 in 120.94 seconds
2025-09-18 23:14:23,370 - INFO - Processing /viper/ptmp/arego/RC4K1/10487.h5
2025-09-18 23:14:32,518 - INFO - File 10487: Filtered 29693828 hits and 10 records
2025-09-18 23:14:33,175 - INFO - Completed /viper/ptmp/arego/RC4K1_EN_100/21213.h5 in 148.28 seconds
2025-09-18 23:14:33,388 - INFO - Processing /viper/ptmp/arego/RC4K1/14866.h5
2025-09-18 23:14:43,070 - INFO - File 14866: Filtered 23399501 hits and 8 records
2025-09-18 23:15:12,566 - INFO - Completed /viper/ptmp/arego/RC4K1_EN_100/17803.h5 in 74.81 seconds
2025-09-18 23:15:12,779 - INFO - Processing /viper/ptmp/arego/RC4K1/7555.h5
2025-09-18 23:15:23,033 - INFO - File 7555: Filtered 24076901 hits and 6 records
2025-09-18 23:15:41,223 - INFO - Completed /viper/ptmp/arego/RC4K1_EN_100/24029.h5 in 112.00 seconds
2025-09-18 23:15:41,430 - INFO - Processing /viper/ptmp/arego/RC4K1/1380.h5
2025-09-18 23:15:51,038 - INFO - File 1380: Filtered 30104577 hits and 9 records
2025-09-18 23:15:55,956 - INFO - Completed /viper/ptmp/arego/RC4K1_EN_100/10487.h5 in 92.59 seconds
2025-09-18 23:15:56,118 - INFO - Processing /viper/ptmp/arego/RC4K1/18227.h5
2025-09-18 23:16:06,375 - INFO - File 18227: Filtered 23280377 hits and 6 records
2025-09-18 23:16:20,171 - INFO - Completed /viper/ptmp/arego/RC4K1_EN_100/16148.h5 in 143.13 seconds
2025-09-18 23:16:20,364 - INFO - Processing /viper/ptmp/arego/RC4K1/6512.h5
2025-09-18 23:16:29,875 - INFO - Completed /viper/ptmp/arego/RC4K1_EN_100/24470.h5 in 142.21 seconds
2025-09-18 23:16:30,046 - INFO - Processing /viper/ptmp/arego/RC4K1/27485.h5
2025-09-18 23:16:30,758 - INFO - File 6512: Filtered 25629901 hits and 9 records
2025-09-18 23:16:39,702 - INFO - Completed /viper/ptmp/arego/RC4K1_EN_100/16058.h5 in 159.18 seconds
2025-09-18 23:16:39,895 - INFO - Processing /viper/ptmp/arego/RC4K1/23482.h5
2025-09-18 23:16:40,140 - INFO - File 27485: Filtered 34653614 hits and 11 records
2025-09-18 23:16:42,988 - INFO - Completed /viper/ptmp/arego/RC4K1_EN_100/22729.h5 in 194.85 seconds
2025-09-18 23:16:43,187 - INFO - Processing /viper/ptmp/arego/RC4K1/21513.h5
2025-09-18 23:16:51,464 - INFO - File 23482: Filtered 20507393 hits and 9 records
2025-09-18 23:16:53,966 - INFO - File 21513: Filtered 34568447 hits and 11 records
2025-09-18 23:16:59,051 - INFO - Completed /viper/ptmp/arego/RC4K1_EN_100/14866.h5 in 145.66 seconds
2025-09-18 23:16:59,307 - INFO - Processing /viper/ptmp/arego/RC4K1/19758.h5
2025-09-18 23:17:09,826 - INFO - File 19758: Filtered 28958306 hits and 8 records
2025-09-18 23:17:18,073 - INFO - Completed /viper/ptmp/arego/RC4K1_EN_100/7555.h5 in 125.29 seconds
2025-09-18 23:17:18,274 - INFO - Processing /viper/ptmp/arego/RC4K1/1495.h5
2025-09-18 23:17:24,589 - INFO - Completed /viper/ptmp/arego/RC4K1_EN_100/1380.h5 in 103.16 seconds
2025-09-18 23:17:24,777 - INFO - Processing /viper/ptmp/arego/RC4K1/27462.h5
2025-09-18 23:17:29,175 - INFO - File 1495: Filtered 31453846 hits and 10 records
2025-09-18 23:17:35,160 - INFO - File 27462: Filtered 39939685 hits and 9 records
2025-09-18 23:18:07,645 - INFO - Completed /viper/ptmp/arego/RC4K1_EN_100/27485.h5 in 97.60 seconds
2025-09-18 23:18:07,894 - INFO - Processing /viper/ptmp/arego/RC4K1/17641.h5
2025-09-18 23:18:19,554 - INFO - File 17641: Filtered 44258129 hits and 10 records
2025-09-18 23:18:22,933 - INFO - Completed /viper/ptmp/arego/RC4K1_EN_100/18227.h5 in 146.82 seconds
2025-09-18 23:18:23,145 - INFO - Processing /viper/ptmp/arego/RC4K1/27255.h5
2025-09-18 23:18:34,189 - INFO - Completed /viper/ptmp/arego/RC4K1_EN_100/6512.h5 in 133.82 seconds
2025-09-18 23:18:34,471 - INFO - Processing /viper/ptmp/arego/RC4K1/23120.h5
2025-09-18 23:18:36,511 - INFO - File 27255: Filtered 24404742 hits and 8 records
2025-09-18 23:18:37,281 - INFO - Completed /viper/ptmp/arego/RC4K1_EN_100/21513.h5 in 114.09 seconds
2025-09-18 23:18:37,516 - INFO - Processing /viper/ptmp/arego/RC4K1/7659.h5
2025-09-18 23:18:46,598 - INFO - File 23120: Filtered 26456908 hits and 9 records
2025-09-18 23:18:49,657 - INFO - File 7659: Filtered 27996336 hits and 9 records
2025-09-18 23:18:50,086 - INFO - Completed /viper/ptmp/arego/RC4K1_EN_100/27462.h5 in 85.31 seconds
2025-09-18 23:18:50,309 - INFO - Processing /viper/ptmp/arego/RC4K1/6801.h5
2025-09-18 23:19:05,197 - INFO - File 6801: Filtered 33601729 hits and 8 records
2025-09-18 23:19:13,527 - INFO - Completed /viper/ptmp/arego/RC4K1_EN_100/19758.h5 in 134.22 seconds
2025-09-18 23:19:13,725 - INFO - Processing /viper/ptmp/arego/RC4K1/16123.h5
2025-09-18 23:19:21,691 - INFO - Completed /viper/ptmp/arego/RC4K1_EN_100/23482.h5 in 161.80 seconds
2025-09-18 23:19:21,858 - INFO - Processing /viper/ptmp/arego/RC4K1/22726.h5
2025-09-18 23:19:21,940 - INFO - Completed /viper/ptmp/arego/RC4K1_EN_100/17641.h5 in 74.05 seconds
2025-09-18 23:19:22,461 - INFO - Processing /viper/ptmp/arego/RC4K1/16588.h5
2025-09-18 23:19:25,023 - INFO - File 16123: Filtered 36822573 hits and 5 records
2025-09-18 23:19:33,078 - INFO - File 22726: Filtered 37243947 hits and 5 records
2025-09-18 23:19:34,331 - INFO - File 16588: Filtered 43771948 hits and 9 records
2025-09-18 23:19:36,307 - INFO - Completed /viper/ptmp/arego/RC4K1_EN_100/1495.h5 in 138.03 seconds
2025-09-18 23:19:36,536 - INFO - Processing /viper/ptmp/arego/RC4K1/9228.h5
2025-09-18 23:19:49,000 - INFO - File 9228: Filtered 24694472 hits and 8 records
2025-09-18 23:21:00,424 - INFO - Completed /viper/ptmp/arego/RC4K1_EN_100/16588.h5 in 97.96 seconds
2025-09-18 23:21:00,681 - INFO - Processing /viper/ptmp/arego/RC4K1/25834.h5
2025-09-18 23:21:06,286 - INFO - Completed /viper/ptmp/arego/RC4K1_EN_100/16123.h5 in 112.56 seconds
2025-09-18 23:21:06,454 - INFO - Processing /viper/ptmp/arego/RC4K1/7844.h5
2025-09-18 23:21:12,943 - INFO - Completed /viper/ptmp/arego/RC4K1_EN_100/6801.h5 in 142.63 seconds
2025-09-18 23:21:13,255 - INFO - Processing /viper/ptmp/arego/RC4K1/17386.h5
2025-09-18 23:21:14,323 - INFO - File 25834: Filtered 19471421 hits and 8 records
2025-09-18 23:21:14,891 - INFO - Completed /viper/ptmp/arego/RC4K1_EN_100/22726.h5 in 113.03 seconds
2025-09-18 23:21:15,058 - INFO - Processing /viper/ptmp/arego/RC4K1/24101.h5
2025-09-18 23:21:18,223 - INFO - Completed /viper/ptmp/arego/RC4K1_EN_100/23120.h5 in 163.75 seconds
2025-09-18 23:21:18,418 - INFO - Processing /viper/ptmp/arego/RC4K1/3476.h5
2025-09-18 23:21:18,545 - INFO - File 7844: Filtered 49385067 hits and 8 records
2025-09-18 23:21:26,959 - INFO - Completed /viper/ptmp/arego/RC4K1_EN_100/7659.h5 in 169.44 seconds
2025-09-18 23:21:27,217 - INFO - Processing /viper/ptmp/arego/RC4K1/13883.h5
2025-09-18 23:21:27,685 - INFO - File 24101: Filtered 39109959 hits and 8 records
2025-09-18 23:21:30,992 - INFO - File 17386: Filtered 39828410 hits and 8 records
2025-09-18 23:21:31,840 - INFO - Completed /viper/ptmp/arego/RC4K1_EN_100/27255.h5 in 188.69 seconds
2025-09-18 23:21:32,260 - INFO - Processing /viper/ptmp/arego/RC4K1/25670.h5
2025-09-18 23:21:37,012 - INFO - File 3476: Filtered 29801453 hits and 7 records
2025-09-18 23:21:43,712 - INFO - File 13883: Filtered 41921390 hits and 8 records
2025-09-18 23:21:48,974 - INFO - File 25670: Filtered 39047526 hits and 8 records
2025-09-18 23:22:26,558 - INFO - Completed /viper/ptmp/arego/RC4K1_EN_100/7844.h5 in 80.10 seconds
2025-09-18 23:22:26,724 - INFO - Processing /viper/ptmp/arego/RC4K1/6144.h5
2025-09-18 23:22:41,337 - INFO - File 6144: Filtered 25450778 hits and 7 records
2025-09-18 23:23:05,511 - INFO - Completed /viper/ptmp/arego/RC4K1_EN_100/9228.h5 in 208.97 seconds
2025-09-18 23:23:05,738 - INFO - Processing /viper/ptmp/arego/RC4K1/17889.h5
2025-09-18 23:23:21,547 - INFO - File 17889: Filtered 39259765 hits and 7 records
2025-09-18 23:23:36,073 - INFO - Completed /viper/ptmp/arego/RC4K1_EN_100/17386.h5 in 142.82 seconds
2025-09-18 23:23:36,237 - INFO - Processing /viper/ptmp/arego/RC4K1/29076.h5
2025-09-18 23:23:37,965 - INFO - Completed /viper/ptmp/arego/RC4K1_EN_100/24101.h5 in 142.91 seconds
2025-09-18 23:23:38,125 - INFO - Processing /viper/ptmp/arego/RC4K1/1659.h5
2025-09-18 23:23:52,721 - INFO - File 29076: Filtered 24148637 hits and 9 records
2025-09-18 23:23:54,046 - INFO - File 1659: Filtered 45600063 hits and 7 records
2025-09-18 23:23:58,153 - INFO - Completed /viper/ptmp/arego/RC4K1_EN_100/13883.h5 in 150.94 seconds
2025-09-18 23:23:58,347 - INFO - Processing /viper/ptmp/arego/RC4K1/20781.h5
2025-09-18 23:24:19,129 - INFO - File 20781: Filtered 51128983 hits and 7 records
2025-09-18 23:24:27,669 - INFO - Completed /viper/ptmp/arego/RC4K1_EN_100/25670.h5 in 175.41 seconds
2025-09-18 23:24:57,748 - INFO - Completed /viper/ptmp/arego/RC4K1_EN_100/25834.h5 in 237.07 seconds
2025-09-18 23:25:49,772 - INFO - Completed /viper/ptmp/arego/RC4K1_EN_100/3476.h5 in 271.35 seconds
2025-09-18 23:26:24,530 - INFO - Completed /viper/ptmp/arego/RC4K1_EN_100/17889.h5 in 198.79 seconds
2025-09-18 23:26:25,575 - INFO - Completed /viper/ptmp/arego/RC4K1_EN_100/6144.h5 in 238.85 seconds
2025-09-18 23:26:57,399 - INFO - Completed /viper/ptmp/arego/RC4K1_EN_100/1659.h5 in 199.27 seconds
2025-09-18 23:27:49,490 - INFO - Completed /viper/ptmp/arego/RC4K1_EN_100/20781.h5 in 231.14 seconds
2025-09-18 23:27:56,591 - INFO - Completed /viper/ptmp/arego/RC4K1_EN_100/29076.h5 in 260.35 seconds
